******************************************************************************
                  TI ARM Linker PC v5.2.5                      
******************************************************************************
>> Linked Wed Oct 05 13:34:44 2016

OUTPUT FILE NAME:   <BeagleBone_Smart_Controler.out>
ENTRY POINT SYMBOL: "Entry"  address: 80000000


MEMORY CONFIGURATION

         name            origin    length      used     unused   attr    fill
----------------------  --------  ---------  --------  --------  ----  --------
  SRAM_MEM              402f0400   0000fbff  00000000  0000fbff  RWIX
  L3_SRAM_MEM           40300000   0000ffff  00000000  0000ffff  RWIX
  DDR_MEM               80000000   10000000  0017816a  0fe87e96  RWIX
  DDR_MEM_CACHE         90000000   10000000  00007534  0fff8acc  RWIX


SEGMENT ALLOCATION MAP

run origin  load origin   length   init length attrs members
----------  ----------- ---------- ----------- ----- -------
80000000    80000000    000000d0   000000d0    r-x
  80000000    80000000    000000d0   000000d0    r-x .text:Entry
80004000    80004000    00110409   00000000    rw-
  80004000    80004000    00110409   00000000    rw- .bss
8011440c    8011440c    0006377c   0006377c    r-x
  8011440c    8011440c    00042d10   00042d10    r-- .const
  8015711c    8015711c    00020a6c   00020a6c    r-x .text
80177b88    80177b88    00004515   00004515    rw-
  80177b88    80177b88    00004515   00004515    rw- .data
90000000    90000000    00007334   00007334    r-x
  90000000    90000000    00007334   00007334    r-x Cache_Code
9ffff000    9ffff000    00000200   00000000    rw-
  9ffff000    9ffff000    00000200   00000000    rw- .stack


SECTION ALLOCATION MAP

 output                                  attributes/
section   page    origin      length       input sections
--------  ----  ----------  ----------   ----------------
.text:Entry 
*          0    80000000    000000d0     
                  80000000    000000c8     init.obj (.text:Entry)
                  800000c8    00000008     rtsv7A8_A_le_v3_eabi.lib : autoinit.obj (.tramp.__TI_auto_init.1)

.bss       0    80004000    00110409     UNINITIALIZED
                  80004000    00100000     USB_MSC_HOST.obj (.bss:FileDataBuffer)
                  80104000    00004000     EMMC.obj (.bss:EMMC_Buffer)
                  80108000    00004000     SD.obj (.bss:SD_Buffer)
                  8010c000    00004000     MEMORY.obj (.bss:pageTable)
                  80110000    00000ad0     usbhostenum.obj (.bss:g_sUSBHCD)
                  80110ad0    00000830     usb_msc_structs.obj (.bss:g_sMSCInstance)
                  80111300    000007d0     UART.obj (.bss:UART_RX_buffer)
                  80111ad0    000007d0     UART.obj (.bss:UART_TX_buffer)
                  801122a0    00000018     (.common:I2C_0_Buffers)
                  801122b8    00000008     (.common:SCR)
                  801122c0    00000400     EMMC.obj (.bss:FileDataBuffer)
                  801126c0    00000400     SD.obj (.bss:FileDataBuffer)
                  80112ac0    000003e8     MISC.obj (.bss:MISC_Buffer)
                  80112ea8    00000010     (.common:CID)
                  80112eb8    00000008     (.common:Size)
                  80112ec0    00000248     EMMC.obj (.bss:fileWrite)
                  80113108    00000030     usbdata.obj (.bss:g_USBInstance)
                  80113138    00000008     (.common:Size)
                  80113140    00000248     SD.obj (.bss:fileWrite)
                  80113388    00000024     fat_mmcsd.obj (.bss:fat_devices)
                  801133ac    00000010     (.common:CID)
                  801133bc    00000004     (.common:BlockLength)
                  801133c0    00000248     USB_MSC_HOST.obj (.bss:fileWrite)
                  80113608    00000010     (.common:CSD)
                  80113618    00000010     (.common:CSD)
                  80113628    00000010     (.common:EEPROM_Contents)
                  80113638    00000008     (.common:g_ulAlloc)
                  80113640    00000240     EMMC.obj (.bss:g_EMMC_FatFs)
                  80113880    00000240     SD.obj (.bss:g_SD_FatFs)
                  80113ac0    00000240     USB_MSC_HOST.obj (.bss:g_USB_HOST_FatFs)
                  80113d00    00000200     EMMC.obj (.bss:EXT_CSD)
                  80113f00    00000200     interrupt.obj (.bss:fnRAMVectors)
                  80114100    000000a8     usbdenum.obj (.bss:g_psUSBDevice)
                  801141a8    00000080     USB_MSC_HOST.obj (.bss:g_pHCDPool)
                  80114228    00000040     POWER.obj (.bss:Voltage)
                  80114268    00000040     usbhmsc.obj (.bss:g_USBHMSCDevice)
                  801142a8    00000040     usbdmsc.obj (.bss:g_pucCommand)
                  801142e8    00000040     usbdenum.obj (.bss:g_pucDataBufferIn)
                  80114328    00000010     (.common:response)
                  80114338    00000008     (.common:g_ulConnectRetry)
                  80114340    00000014     (.common:g_sDirObject)
                  80114354    00000010     (.common:response)
                  80114364    0000000c     (.common:Command_String)
                  80114370    0000000c     (.common:FatFs)
                  8011437c    0000000c     (.common:g_pfTickHandlers)
                  80114388    0000000c     (.common:g_pvTickInstance)
                  80114394    0000000a     (.common:CurrentTimeDate)
                  8011439e    00000002     (.common:fsid)
                  801143a0    00000004     (.common:BlockLength)
                  801143a4    00000004     (.common:BusWidth)
                  801143a8    00000004     (.common:BusWidth)
                  801143ac    00000004     (.common:BytesWritten)
                  801143b0    00000004     (.common:BytesWritten)
                  801143b4    00000004     (.common:BytesWritten)
                  801143b8    00000004     (.common:HighCap)
                  801143bc    00000004     (.common:HighCap)
                  801143c0    00000004     (.common:NumberBlocks)
                  801143c4    00000004     (.common:NumberBlocks)
                  801143c8    00000004     (.common:OCR)
                  801143cc    00000004     (.common:OCR)
                  801143d0    00000004     (.common:RCA)
                  801143d4    00000004     (.common:RCA)
                  801143d8    00000004     (.common:SD_Version)
                  801143dc    00000004     (.common:TransSpeed)
                  801143e0    00000004     (.common:TransSpeed)
                  801143e4    00000004     (.common:dummy)
                  801143e8    00000004     (.common:g_sDriveInformation)
                  801143ec    00000004     (.common:g_ulFlags)
                  801143f0    00000004     (.common:g_ulIdleTimeout)
                  801143f4    00000004     (.common:p_CurrentScreen)
                  801143f8    00000004     (.common:p_CurrentWAVFile)
                  801143fc    00000004     (.common:p_PreviousScreen)
                  80114400    00000001     (.common:CurrentScreen)
                  80114401    00000001     (.common:PreviousPreviousScreen)
                  80114402    00000001     (.common:PreviousScreen)
                  80114403    00000001     (.common:Result)
                  80114404    00000001     (.common:Result)
                  80114405    00000001     (.common:Result)
                  80114406    00000001     (.common:g_eMSCState)
                  80114407    00000001     (.common:g_eState)
                  80114408    00000001     (.common:g_eUIState)

.TI.noinit 
*          0    80004000    00000000     UNINITIALIZED

.const     0    8011440c    00042d10     
                  8011440c    0003fc00     BITMAP_CHARLIE_BEACH.obj (.const:.string:BITMAP_CharlieBeach)
                  8015400c    00002bc0     BITMAP_TV_REMOTE.obj (.const:.string:BITMAP_TVRemote)
                  80156bcc    00000101     rtsv7A8_A_le_v3_eabi.lib : ctype.obj (.const:.string:_ctypes_)
                  80156ccd    000000cc     BITMAP_SD_CARD_SYMBOL.obj (.const:.string:BITMAP_SD_Card_Symbol)
                  80156d99    00000001     --HOLE-- [fill = 0]
                  80156d9a    00000078     usbdenum.obj (.const:g_sUSBDefaultFIFOConfig)
                  80156e12    00000002     --HOLE-- [fill = 0]
                  80156e14    00000070     MEMORY.obj (.const)
                  80156e84    00000058     BITMAP_USB_SYMBOL.obj (.const:.string:BITMAP_USB_Symbol)
                  80156edc    00000048     usb_msc_structs.obj (.const:g_sMSCDevice)
                  80156f24    00000038     startup.obj (.const:vecTbl)
                  80156f5c    00000034     usbdenum.obj (.const:g_psUSBDStdRequests)
                  80156f90    00000030     usb_msc_structs.obj (.const:.string:g_pConfigString)
                  80156fc0    00000029     usbdmsc.obj (.const:.string)
                  80156fe9    00000028     usb_msc_structs.obj (.const:.string:g_pDataInterfaceString)
                  80157011    00000028     usb_msc_structs.obj (.const:.string:g_pProductString)
                  80157039    00000024     usb_msc_structs.obj (.const:.string:g_pManufacturerString)
                  8015705d    00000003     --HOLE-- [fill = 0]
                  80157060    0000001d     usbdmsc.obj (.const)
                  8015707d    00000003     --HOLE-- [fill = 0]
                  80157080    00000018     USB_MSC_HOST.obj (.const)
                  80157098    00000018     usb_msc_structs.obj (.const)
                  801570b0    00000016     usb_msc_structs.obj (.const:.string)
                  801570c6    00000002     --HOLE-- [fill = 0]
                  801570c8    00000010     CMD.obj (.const)
                  801570d8    00000010     usbhmsc.obj (.const)
                  801570e8    0000000c     BITMAP_CHARLIE_BEACH.obj (.const)
                  801570f4    0000000c     BITMAP_SD_CARD_SYMBOL.obj (.const)
                  80157100    0000000c     BITMAP_TV_REMOTE.obj (.const)
                  8015710c    0000000c     BITMAP_USB_SYMBOL.obj (.const)
                  80157118    00000004     startup.obj (.const)

.text      0    8015711c    00020a6c     
                  8015711c    00004b00     usbhostenum.obj (.text)
                  8015bc1c    00003628     ff.obj (.text)
                  8015f244    00002a68     LCD.obj (.text)
                  80161cac    00001d10     uart_irda_cir.obj (.text)
                  801639bc    000018d0     rtsv7A8_A_le_v3_eabi.lib : _printfi.obj (.text)
                  8016528c    00001580     rtc.obj (.text)
                  8016680c    000013f4     SD.obj (.text)
                  80167c00    000012bc     EMMC.obj (.text)
                  80168ebc    000011d8     tsc_adc.obj (.text)
                  8016a094    00000e38     GUI.obj (.text)
                  8016aecc    00000be4     mcspi.obj (.text)
                  8016bab0    00000b50     gpio_v2.obj (.text)
                  8016c600    00000ad0     hsi2c.obj (.text)
                  8016d0d0    000009f0     hs_mmcsd.obj (.text)
                  8016dac0    000008c0     MISC.obj (.text)
                  8016e380    00000780     dmtimer_driver.obj (.text)
                  8016eb00    0000072c     usbhmsc.obj (.text)
                  8016f22c    000006c4     FRAM.obj (.text)
                  8016f8f0    0000069c     dmtimer.obj (.text)
                  8016ff8c    000005e8     usbhscsi.obj (.text)
                  80170574    000005e0     INTERRUPTS.obj (.text)
                  80170b54    00000510     SPI.obj (.text)
                  80171064    0000050c     USB_MSC_HOST.obj (.text)
                  80171570    00000504     AUDIO.obj (.text)
                  80171a74    000004a0     UART.obj (.text)
                  80171f14    00000498     GPIO.obj (.text)
                  801723ac    00000488     cp15.obj (.text)
                  80172834    0000046c     fat_mmcsd.obj (.text)
                  80172ca0    00000418     hsi2c.obj (.text)
                  801730b8    000003e4     interrupt.obj (.text)
                  8017349c    000003e0     mcspi.obj (.text)
                  8017387c    00000350     main.obj (.text)
                  80173bcc    0000033c     RTCC.obj (.text)
                  80173f08    000002e8     WAV.obj (.text)
                  801741f0    000002dc     tscAdc.obj (.text)
                  801744cc    000002d0     USB_MSC_DEVICE.obj (.text)
                  8017479c    000002c8     LEDS.obj (.text)
                  80174a64    000002b8     rtsv7A8_A_le_v3_eabi.lib : ull_div32.obj (.text)
                  80174d1c    0000029c     ADC.obj (.text)
                  80174fb8    00000290     I2C.obj (.text)
                  80175248    00000274     rtc.obj (.text)
                  801754bc    00000274     TIMERS.obj (.text)
                  80175730    00000220     cpld.obj (.text)
                  80175950    00000204     TEST.obj (.text)
                  80175b54    000001d8     CMD.obj (.text)
                  80175d2c    000001d4     EEPROM.obj (.text)
                  80175f00    000001d0     PMIC.obj (.text)
                  801760d0    000001a8     SYSTEM.obj (.text)
                  80176278    000001a8     rtsv7A8_A_le_v3_eabi.lib : xdscale.obj (.text)
                  80176420    000001a0     gpio.obj (.text)
                  801765c0    00000180     rtsv7A8_A_le_v3_eabi.lib : memcpy32.obj (.text)
                  80176740    00000160                              : xdnorm.obj (.text)
                  801768a0    00000144     usbtick.obj (.text)
                  801769e4    0000013c     POWER.obj (.text)
                  80176b20    00000114     rtsv7A8_A_le_v3_eabi.lib : i_div32.obj (.text)
                  80176c34    0000010c     exceptionhandler.obj (.text)
                  80176d40    000000f8     usbdhandler.obj (.text)
                  80176e38    000000f0     rtsv7A8_A_le_v3_eabi.lib : u_div32.obj (.text)
                  80176f28    000000f0     sysdelay.obj (.text)
                  80177018    000000d4     MEMORY.obj (.text)
                  801770ec    000000b8     rtsv7A8_A_le_v3_eabi.lib : xdunscal.obj (.text)
                  801771a4    000000b0                              : memset32.obj (.text)
                  80177254    000000a8                              : sprintf.obj (.text)
                  801772fc    000000a4                              : autoinit.obj (.text)
                  801773a0    000000a0     hs_mmcsd.obj (.text)
                  80177440    00000084     rtsv7A8_A_le_v3_eabi.lib : atoi.obj (.text)
                  801774c4    00000084                              : cpy_tbl.obj (.text)
                  80177548    00000084     startup.obj (.text)
                  801775cc    00000080     rtsv7A8_A_le_v3_eabi.lib : ltoa.obj (.text)
                  8017764c    00000068                              : ldexp.obj (.text)
                  801776b4    00000064                              : signal.obj (.text)
                  80177718    00000060     cpu.obj (.text)
                  80177778    00000058     rtsv7A8_A_le_v3_eabi.lib : feraiseexcept.obj (.text)
                  801777d0    0000004c     delay.obj (.text)
                  8017781c    0000004c     rtsv7A8_A_le_v3_eabi.lib : raise.obj (.text)
                  80177868    00000048                              : xdclass.obj (.text)
                  801778b0    00000044                              : xferaise.obj (.text)
                  801778f4    00000034                              : memcmp.obj (.text)
                  80177928    00000030                              : frexp.obj (.text)
                  80177958    0000002c                              : memccpy.obj (.text)
                  80177984    00000028                              : strchr.obj (.text)
                  801779ac    00000024                              : _lock.obj (.text)
                  801779d0    00000024                              : ll_lsr32.obj (.text)
                  801779f4    0000001c                              : strlen.obj (.text)
                  80177a10    0000000c     cpu.obj (.text:CPUIntStatus)
                  80177a1c    00000004     rtsv7A8_A_le_v3_eabi.lib : i_div0.obj (.text)
                  80177a20    00000008     usb_driver.obj (.tramp.USBFIFOConfigSet.1)
                  80177a28    00000008     usb_driver.obj (.tramp.USBHostAddrSet.1)
                  80177a30    00000008     usb_driver.obj (.tramp.USBHostEndpointConfig.1)
                  80177a38    00000008     usb_driver.obj (.tramp.USBEndpointDataPut.1)
                  80177a40    00000008     usb_driver.obj (.tramp.USBEndpointDataSend.1)
                  80177a48    00000008     usb_driver.obj (.tramp.USBEndpointStatus.1)
                  80177a50    00000008     usb_driver.obj (.tramp.USBHostRequestIN.1)
                  80177a58    00000008     usb_driver.obj (.tramp.USBEndpointDataGet.1)
                  80177a60    00000008     usb_driver.obj (.tramp.USBHostEndpointDataAck.1)
                  80177a68    00000008     usb_driver.obj (.tramp.USBEnableOtgIntr.1)
                  80177a70    00000008     usb_driver.obj (.tramp.USBIntEnableControl.1)
                  80177a78    00000008     usb_driver.obj (.tramp.USBIntEnableEndpoint.1)
                  80177a80    00000008     usb_driver.obj (.tramp.USBOTGSessionRequest.1)
                  80177a88    00000008     usb_driver.obj (.tramp.USBHostPwrConfig.1)
                  80177a90    00000008     usb_driver.obj (.tramp.USBHostPwrEnable.1)
                  80177a98    00000008     usb.obj (.tramp.USBModuleClkEnable.1)
                  80177aa0    00000008     usb_driver.obj (.tramp.USBReset.1)
                  80177aa8    00000008     usbphyGS70.obj (.tramp.UsbPhyOn.1)
                  80177ab0    00000008     usb_driver.obj (.tramp.USBHostPwrDisable.1)
                  80177ab8    00000008     usb_driver.obj (.tramp.USBIntDisableControl.1)
                  80177ac0    00000008     usb_driver.obj (.tramp.USBIntDisableEndpoint.1)
                  80177ac8    00000008     usb_driver.obj (.tramp.USBHostReset.1)
                  80177ad0    00000008     usb_driver.obj (.tramp.USBHostSuspend.1)
                  80177ad8    00000008     usb_driver.obj (.tramp.USBHostResume.1)
                  80177ae0    00000008     usb_driver.obj (.tramp.USBEndpointDataToggleClear.1)
                  80177ae8    00000008     usb_driver.obj (.tramp.USBIntStatusControl.1)
                  80177af0    00000008     usb_driver.obj (.tramp.USBHostEndpointStatusClear.1)
                  80177af8    00000008     usb_driver.obj (.tramp.USBFIFOFlush.1)
                  80177b00    00000008     usbdesc.obj (.tramp.USBDescGetInterface.1)
                  80177b08    00000008     usbphyGS70.obj (.tramp.UsbPhyOff.1)
                  80177b10    00000008     usb_driver.obj (.tramp.USBHostRequestStatus.1)
                  80177b18    00000008     usb_driver.obj (.tramp.USBDevEndpointDataAck.1)
                  80177b20    00000008     usb_driver.obj (.tramp.USBHostAutoReqClear.1)
                  80177b28    00000008     usb_driver.obj (.tramp.USBHostRequestINClear.1)
                  80177b30    00000008     usb_driver.obj (.tramp.USBHostAutoReqSet.1)
                  80177b38    00000008     usb_driver.obj (.tramp.USBHostSpeedGet.1)
                  80177b40    00000008     usbdesc.obj (.tramp.USBDescGetInterfaceEndpoint.1)
                  80177b48    00000008     usbdenum.obj (.tramp.USBDeviceIntHandlerInternal.1)
                  80177b50    00000008     usb.obj (.tramp.USB0ModuleClkConfig.1)
                  80177b58    00000008     cache.obj (.tramp.CacheEnable.1)
                  80177b60    00000008     cache.obj (.tramp.CacheDataCleanInvalidateAll.1)
                  80177b68    00000008     usbdmsc.obj (.tramp.USBDMSCInit.1)
                  80177b70    00000008     mmu.obj (.tramp.MMUInit.1)
                  80177b78    00000008     mmu.obj (.tramp.MMUMemRegionMap.1)
                  80177b80    00000008     mmu.obj (.tramp.MMUEnable.1)

.data      0    80177b88    00004515     
                  80177b88    00003cbc     WAV_POST_COMPLETE.obj (.data:WAV_PostComplete)
                  8017b844    00000500     GUI.obj (.data:Screens)
                  8017bd44    000000b0     rtsv7A8_A_le_v3_eabi.lib : signal.obj (.data:sigtable)
                  8017bdf4    00000004                              : errno.obj (.data)
                  8017bdf8    00000080                              : xvalues.obj (.data)
                  8017be78    00000062     WAV.obj (.data:WAV_Files)
                  8017beda    00000050     USB_MSC_HOST.obj (.data:g_cCwdBuf)
                  8017bf2a    00000002     CMD.obj (.data)
                  8017bf2c    00000048     usbdmsc.obj (.data:g_sMSCDeviceInfo)
                  8017bf74    00000030     usbhostenum.obj (.data:g_sUSBHEP0State)
                  8017bfa4    00000030     usbdmsc.obj (.data)
                  8017bfd4    00000023     LCD.obj (.data)
                  8017bff7    0000001f     FRAM.obj (.data)
                  8017c016    00000002     EMMC.obj (.data)
                  8017c018    00000010     AUDIO.obj (.data)
                  8017c028    00000010     TIMERS.obj (.data)
                  8017c038    0000000c     RTCC.obj (.data)
                  8017c044    0000000c     UART.obj (.data)
                  8017c050    0000000c     USB_MSC_DEVICE.obj (.data)
                  8017c05c    0000000c     usbtick.obj (.data)
                  8017c068    00000008     USB_MSC_HOST.obj (.data)
                  8017c070    00000008     rtsv7A8_A_le_v3_eabi.lib : _lock.obj (.data)
                  8017c078    00000008                              : feraiseexcept.obj (.data)
                  8017c080    00000008     usbdenum.obj (.data)
                  8017c088    00000008     usbhostenum.obj (.data)
                  8017c090    00000004     sysdelay.obj (.data)
                  8017c094    00000003     GUI.obj (.data)
                  8017c097    00000003     SD.obj (.data)
                  8017c09a    00000001     ADC.obj (.data)
                  8017c09b    00000001     I2C.obj (.data)
                  8017c09c    00000001     fat_mmcsd.obj (.data)

.TI.persistent 
*          0    80177b88    00000000     UNINITIALIZED

Cache_Code 
*          0    90000000    00007334     
                  90000000    00002234     usbdenum.obj (.text)
                  90002234    00001f90     usb_driver.obj (.text)
                  900041c4    000018e0     usbdmsc.obj (.text)
                  90005aa4    00000830     usbdconfig.obj (.text)
                  900062d4    00000544     usbdcdesc.obj (.text)
                  90006818    00000360     usbdesc.obj (.text)
                  90006b78    0000016c     mmu.obj (.text)
                  90006ce4    00000130     cache.obj (.text)
                  90006e14    0000025c     usbdmscglue.obj (.text)
                  90007070    000000c4     usb.obj (.text)
                  90007134    000000c8     usbphyGS70.obj (.text)
                  900071fc    00000008     delay.obj (.tramp.delay.1)
                  90007204    00000008     interrupt.obj (.tramp.IntSystemEnable.1)
                  9000720c    00000008     interrupt.obj (.tramp.IntSystemDisable.1)
                  90007214    00000008     rtsv7A8_A_le_v3_eabi.lib : u_div32.obj (.tramp.__aeabi_uidivmod.1)
                  9000721c    00000008                              : memcpy32.obj (.tramp.memcpy.1)
                  90007224    00000008     usbtick.obj (.tramp.InternalUSBStartOfFrameTick.1)
                  9000722c    00000008     interrupt.obj (.tramp.IntRegister.1)
                  90007234    00000008     interrupt.obj (.tramp.IntEnable.1)
                  9000723c    00000008     interrupt.obj (.tramp.IntDisable.1)
                  90007244    00000008     rtsv7A8_A_le_v3_eabi.lib : memset32.obj (.tramp.memset.1)
                  9000724c    00000008     cp15.obj (.tramp.CP15TlbInvalidate.1)
                  90007254    00000008     cp15.obj (.tramp.CP15DomainAccessClientSet.1)
                  9000725c    00000008     cp15.obj (.tramp.CP15ControlFeatureDisable.1)
                  90007264    00000008     cp15.obj (.tramp.CP15TtbCtlTtb0Config.1)
                  9000726c    00000008     cp15.obj (.tramp.CP15Ttb0Set.1)
                  90007274    00000008     cp15.obj (.tramp.CP15MMUEnable.1)
                  9000727c    00000008     cp15.obj (.tramp.CP15ICacheDisable.1)
                  90007284    00000008     cp15.obj (.tramp.CP15DCacheDisable.1)
                  9000728c    00000008     cp15.obj (.tramp.CP15MainIdPrimPartNumGet.1)
                  90007294    00000008     cp15.obj (.tramp.CP15AuxControlFeatureDisable.1)
                  9000729c    00000008     cp15.obj (.tramp.CP15ICacheFlush.1)
                  900072a4    00000008     cp15.obj (.tramp.CP15ICacheEnable.1)
                  900072ac    00000008     cp15.obj (.tramp.CP15AuxControlFeatureEnable.1)
                  900072b4    00000008     cp15.obj (.tramp.CP15DCacheFlush.1)
                  900072bc    00000008     cp15.obj (.tramp.CP15DCacheEnable.1)
                  900072c4    00000008     cp15.obj (.tramp.CP15ICacheFlushBuff.1)
                  900072cc    00000008     cp15.obj (.tramp.CP15DCacheCleanFlush.1)
                  900072d4    00000008     cp15.obj (.tramp.CP15DCacheClean.1)
                  900072dc    00000008     cp15.obj (.tramp.CP15DCacheCleanBuff.1)
                  900072e4    00000008     cp15.obj (.tramp.CP15DCacheFlushBuff.1)
                  900072ec    00000008     cp15.obj (.tramp.CP15DCacheCleanFlushBuff.1)
                  900072f4    00000008     USB_MSC_DEVICE.obj (.tramp.USB_GetMSCDevice_EMMC_or_SD.1)
                  900072fc    00000008     SD.obj (.tramp.SD_ReadBlocks.1)
                  90007304    00000008     EMMC.obj (.tramp.EMMC_ReadBlocks.1)
                  9000730c    00000008     usbhmsc.obj (.tramp.USBHMSCBlockRead.1)
                  90007314    00000008     SD.obj (.tramp.SD_WriteBlocks.1)
                  9000731c    00000008     EMMC.obj (.tramp.EMMC_WriteBlocks.1)
                  90007324    00000008     usbhmsc.obj (.tramp.USBHMSCBlockWrite.1)
                  9000732c    00000008     EMMC.obj (.tramp.EMMC_GetNumberBlocks.1)

.stack     0    9ffff000    00000200     UNINITIALIZED
                  9ffff000    00000200     --HOLE--


FAR CALL TRAMPOLINES

callee name               trampoline name
   callee addr  tramp addr   call addr  call info
--------------  -----------  ---------  ----------------
__TI_auto_init            $Tramp$AA$S$$__TI_auto_init
   801772fc     800000c8     800000a0   init.obj (.text:Entry)
delay                     $Tramp$AA$L$PI$$delay
   801777dc     900071fc     900002a8   usbdenum.obj (.text)
                             90003b70   usb_driver.obj (.text)
IntSystemEnable           $Tramp$AA$L$PI$$IntSystemEnable
   801731a8     90007204     900002d8   usbdenum.obj (.text)
IntSystemDisable          $Tramp$AA$L$PI$$IntSystemDisable
   801731dc     9000720c     90000330   usbdenum.obj (.text)
__aeabi_uidivmod          $Tramp$AA$L$PI$$__aeabi_uidivmod
   80176e38     90007214     90001344   usbdenum.obj (.text)
memcpy                    $Tramp$AA$L$PI$$memcpy
   801765c0     9000721c     90001bac   usbdenum.obj (.text)
InternalUSBStartOfFrameTick  $Tramp$AA$L$PI$$InternalUSBStartOfFrameTick
   8017694c     90007224     90002184   usbdenum.obj (.text)
IntRegister               $Tramp$AA$L$PI$$IntRegister
   801730bc     9000722c     90002890   usb_driver.obj (.text)
IntEnable                 $Tramp$AA$L$PI$$IntEnable
   80173440     90007234     90002898   usb_driver.obj (.text)
IntDisable                $Tramp$AA$L$PI$$IntDisable
   80173428     9000723c     900028a8   usb_driver.obj (.text)
memset                    $Tramp$AA$L$PI$$memset
   801771b4     90007244     9000469c   usbdmsc.obj (.text)
CP15TlbInvalidate         $Tramp$AA$L$PI$$CP15TlbInvalidate
   8017273c     9000724c     90006b80   mmu.obj (.text)
CP15DomainAccessClientSet  $Tramp$AA$L$PI$$CP15DomainAccessClientSet
   801727ac     90007254     90006b84   mmu.obj (.text)
CP15ControlFeatureDisable  $Tramp$AA$L$PI$$CP15ControlFeatureDisable
   801727bc     9000725c     90006b8c   mmu.obj (.text)
CP15TtbCtlTtb0Config      $Tramp$AA$L$PI$$CP15TtbCtlTtb0Config
   801727e4     90007264     90006b90   mmu.obj (.text)
CP15Ttb0Set               $Tramp$AA$L$PI$$CP15Ttb0Set
   80172730     9000726c     90006cd4   mmu.obj (.text)
CP15MMUEnable             $Tramp$AA$L$PI$$CP15MMUEnable
   80172760     90007274     90006cd8   mmu.obj (.text)
CP15ICacheDisable         $Tramp$AA$L$PI$$CP15ICacheDisable
   801723ac     9000727c     90006cf8   cache.obj (.text)
CP15DCacheDisable         $Tramp$AA$L$PI$$CP15DCacheDisable
   801723c8     90007284     90006d08   cache.obj (.text)
CP15MainIdPrimPartNumGet  $Tramp$AA$L$PI$$CP15MainIdPrimPartNumGet
   8017281c     9000728c     90006d0c   cache.obj (.text)
                             90006d50   cache.obj (.text)
CP15AuxControlFeatureDisable  $Tramp$AA$L$PI$$CP15AuxControlFeatureDisable
   80172808     90007294     90006d20   cache.obj (.text)
CP15ICacheFlush           $Tramp$AA$L$PI$$CP15ICacheFlush
   801725c0     9000729c     90006d3c   cache.obj (.text)
                             90006d78   cache.obj (.text)
CP15ICacheEnable          $Tramp$AA$L$PI$$CP15ICacheEnable
   801723e4     900072a4     90006d40   cache.obj (.text)
CP15AuxControlFeatureEnable  $Tramp$AA$L$PI$$CP15AuxControlFeatureEnable
   801727f4     900072ac     90006d64   cache.obj (.text)
CP15DCacheFlush           $Tramp$AA$L$PI$$CP15DCacheFlush
   80172404     900072b4     90006d68   cache.obj (.text)
                             90006db8   cache.obj (.text)
CP15DCacheEnable          $Tramp$AA$L$PI$$CP15DCacheEnable
   801723f4     900072bc     90006d6c   cache.obj (.text)
CP15ICacheFlushBuff       $Tramp$AA$L$PI$$CP15ICacheFlushBuff
   801726dc     900072c4     90006d94   cache.obj (.text)
CP15DCacheCleanFlush      $Tramp$AA$L$PI$$CP15DCacheCleanFlush
   8017252c     900072cc     90006da0   cache.obj (.text)
CP15DCacheClean           $Tramp$AA$L$PI$$CP15DCacheClean
   80172498     900072d4     90006dac   cache.obj (.text)
CP15DCacheCleanBuff       $Tramp$AA$L$PI$$CP15DCacheCleanBuff
   801725d0     900072dc     90006dd4   cache.obj (.text)
CP15DCacheFlushBuff       $Tramp$AA$L$PI$$CP15DCacheFlushBuff
   80172678     900072e4     90006df0   cache.obj (.text)
CP15DCacheCleanFlushBuff  $Tramp$AA$L$PI$$CP15DCacheCleanFlushBuff
   80172624     900072ec     90006e0c   cache.obj (.text)
USB_GetMSCDevice_EMMC_or_SD  $Tramp$AA$L$PI$$USB_GetMSCDevice_EMMC_or_SD
   801744f8     900072f4     90006e68   usbdmscglue.obj (.text)
                             90006e94   usbdmscglue.obj (.text)
                             90006ec0   usbdmscglue.obj (.text)
                             90006f20   usbdmscglue.obj (.text)
                             90006f4c   usbdmscglue.obj (.text)
                             90006f78   usbdmscglue.obj (.text)
                             90006fd0   usbdmscglue.obj (.text)
                             90006ffc   usbdmscglue.obj (.text)
                             90007014   usbdmscglue.obj (.text)
SD_ReadBlocks             $Tramp$AA$L$PI$$SD_ReadBlocks
   801679c8     900072fc     90006e80   usbdmscglue.obj (.text)
EMMC_ReadBlocks           $Tramp$AA$L$PI$$EMMC_ReadBlocks
   80168a04     90007304     90006eac   usbdmscglue.obj (.text)
USBHMSCBlockRead          $Tramp$AA$L$PI$$USBHMSCBlockRead
   8016f0d8     9000730c     90006ee4   usbdmscglue.obj (.text)
SD_WriteBlocks            $Tramp$AA$L$PI$$SD_WriteBlocks
   80167808     90007314     90006f38   usbdmscglue.obj (.text)
EMMC_WriteBlocks          $Tramp$AA$L$PI$$EMMC_WriteBlocks
   80168868     9000731c     90006f64   usbdmscglue.obj (.text)
USBHMSCBlockWrite         $Tramp$AA$L$PI$$USBHMSCBlockWrite
   8016f178     90007324     90006f9c   usbdmscglue.obj (.text)
EMMC_GetNumberBlocks      $Tramp$AA$L$PI$$EMMC_GetNumberBlocks
   80168ba0     9000732c     90007008   usbdmscglue.obj (.text)
USBFIFOConfigSet          $Tramp$AA$L$PI$$USBFIFOConfigSet
   90003358     80177a20     80157604   usbhostenum.obj (.text)
                             801577a8   usbhostenum.obj (.text)
USBHostAddrSet            $Tramp$AA$L$PI$$USBHostAddrSet
   90003dfc     80177a28     80157630   usbhostenum.obj (.text)
                             801577d4   usbhostenum.obj (.text)
                             8015b31c   usbhostenum.obj (.text)
USBHostEndpointConfig     $Tramp$AA$L$PI$$USBHostEndpointConfig
   90002dc0     80177a30     80157ce0   usbhostenum.obj (.text)
                             80158f08   usbhostenum.obj (.text)
USBEndpointDataPut        $Tramp$AA$L$PI$$USBEndpointDataPut
   900037d8     80177a38     80157e18   usbhostenum.obj (.text)
                             801582d0   usbhostenum.obj (.text)
                             8015b340   usbhostenum.obj (.text)
                             8015b9bc   usbhostenum.obj (.text)
USBEndpointDataSend       $Tramp$AA$L$PI$$USBEndpointDataSend
   90003888     80177a40     80157e38   usbhostenum.obj (.text)
                             801582f0   usbhostenum.obj (.text)
                             8015b3cc   usbhostenum.obj (.text)
                             8015b858   usbhostenum.obj (.text)
                             8015b9e8   usbhostenum.obj (.text)
                             8015ba0c   usbhostenum.obj (.text)
USBEndpointStatus         $Tramp$AA$L$PI$$USBEndpointStatus
   900028b0     80177a48     80157f24   usbhostenum.obj (.text)
                             801585ac   usbhostenum.obj (.text)
                             8015a190   usbhostenum.obj (.text)
                             8015a3a8   usbhostenum.obj (.text)
                             8015b574   usbhostenum.obj (.text)
USBHostRequestIN          $Tramp$AA$L$PI$$USBHostRequestIN
   900039c4     80177a50     8015833c   usbhostenum.obj (.text)
                             801584c0   usbhostenum.obj (.text)
                             8015b684   usbhostenum.obj (.text)
                             8015b878   usbhostenum.obj (.text)
USBEndpointDataGet        $Tramp$AA$L$PI$$USBEndpointDataGet
   90003604     80177a58     801583a0   usbhostenum.obj (.text)
                             8015874c   usbhostenum.obj (.text)
                             8015b768   usbhostenum.obj (.text)
USBHostEndpointDataAck    $Tramp$AA$L$PI$$USBHostEndpointDataAck
   9000377c     80177a60     801583bc   usbhostenum.obj (.text)
                             80158768   usbhostenum.obj (.text)
USBEnableOtgIntr          $Tramp$AA$L$PI$$USBEnableOtgIntr
   9000411c     80177a68     80158f20   usbhostenum.obj (.text)
USBIntEnableControl       $Tramp$AA$L$PI$$USBIntEnableControl
   900026c4     80177a70     80158f3c   usbhostenum.obj (.text)
USBIntEnableEndpoint      $Tramp$AA$L$PI$$USBIntEnableEndpoint
   900027fc     80177a78     80158f58   usbhostenum.obj (.text)
USBOTGSessionRequest      $Tramp$AA$L$PI$$USBOTGSessionRequest
   90004028     80177a80     80158fac   usbhostenum.obj (.text)
                             801594b4   usbhostenum.obj (.text)
                             80159fd8   usbhostenum.obj (.text)
USBHostPwrConfig          $Tramp$AA$L$PI$$USBHostPwrConfig
   90003f34     80177a88     801590dc   usbhostenum.obj (.text)
USBHostPwrEnable          $Tramp$AA$L$PI$$USBHostPwrEnable
   90003fc8     80177a90     80159110   usbhostenum.obj (.text)
                             80159fbc   usbhostenum.obj (.text)
                             8015a034   usbhostenum.obj (.text)
USBModuleClkEnable        $Tramp$AA$L$PI$$USBModuleClkEnable
   900070f8     80177a98     8015934c   usbhostenum.obj (.text)
USBReset                  $Tramp$AA$L$PI$$USBReset
   90004154     80177aa0     80159364   usbhostenum.obj (.text)
                             8015ae4c   usbhostenum.obj (.text)
                             8015b0dc   usbhostenum.obj (.text)
                             8015b190   usbhostenum.obj (.text)
UsbPhyOn                  $Tramp$AA$L$PI$$UsbPhyOn
   90007134     80177aa8     8015936c   usbhostenum.obj (.text)
USBHostPwrDisable         $Tramp$AA$L$PI$$USBHostPwrDisable
   90003fec     80177ab0     801594cc   usbhostenum.obj (.text)
USBIntDisableControl      $Tramp$AA$L$PI$$USBIntDisableControl
   90002658     80177ab8     80159500   usbhostenum.obj (.text)
USBIntDisableEndpoint     $Tramp$AA$L$PI$$USBIntDisableEndpoint
   900027b0     80177ac0     8015951c   usbhostenum.obj (.text)
USBHostReset              $Tramp$AA$L$PI$$USBHostReset
   9000233c     80177ac8     80159694   usbhostenum.obj (.text)
                             801596b8   usbhostenum.obj (.text)
USBHostSuspend            $Tramp$AA$L$PI$$USBHostSuspend
   90002318     80177ad0     801596e4   usbhostenum.obj (.text)
USBHostResume             $Tramp$AA$L$PI$$USBHostResume
   90002388     80177ad8     8015970c   usbhostenum.obj (.text)
                             80159730   usbhostenum.obj (.text)
USBEndpointDataToggleClear  $Tramp$AA$L$PI$$USBEndpointDataToggleClear
   90002b78     80177ae0     80159b14   usbhostenum.obj (.text)
                             80159b40   usbhostenum.obj (.text)
USBIntStatusControl       $Tramp$AA$L$PI$$USBIntStatusControl
   9000272c     80177ae8     80159f08   usbhostenum.obj (.text)
USBHostEndpointStatusClear  $Tramp$AA$L$PI$$USBHostEndpointStatusClear
   90002900     80177af0     8015a1c8   usbhostenum.obj (.text)
                             8015a258   usbhostenum.obj (.text)
                             8015a2e4   usbhostenum.obj (.text)
                             8015a3e0   usbhostenum.obj (.text)
                             8015a470   usbhostenum.obj (.text)
                             8015b5a4   usbhostenum.obj (.text)
                             8015b60c   usbhostenum.obj (.text)
                             8015b6e4   usbhostenum.obj (.text)
USBFIFOFlush              $Tramp$AA$L$PI$$USBFIFOFlush
   90003900     80177af8     8015a1f0   usbhostenum.obj (.text)
                             8015a408   usbhostenum.obj (.text)
                             8015b5c4   usbhostenum.obj (.text)
                             8015ba54   usbhostenum.obj (.text)
                             8015ba74   usbhostenum.obj (.text)
                             8015baec   usbhostenum.obj (.text)
                             8015bb0c   usbhostenum.obj (.text)
USBDescGetInterface       $Tramp$AA$L$PI$$USBDescGetInterface
   90006ae8     80177b00     8015a7d4   usbhostenum.obj (.text)
                             8016eb58   usbhmsc.obj (.text)
UsbPhyOff                 $Tramp$AA$L$PI$$UsbPhyOff
   9000719c     80177b08     8015b0c4   usbhostenum.obj (.text)
USBHostRequestStatus      $Tramp$AA$L$PI$$USBHostRequestStatus
   90003de0     80177b10     8015b640   usbhostenum.obj (.text)
USBDevEndpointDataAck     $Tramp$AA$L$PI$$USBDevEndpointDataAck
   90003710     80177b18     8015b7cc   usbhostenum.obj (.text)
USBHostAutoReqClear       $Tramp$AA$L$PI$$USBHostAutoReqClear
   90003ab8     80177b20     8015baa4   usbhostenum.obj (.text)
USBHostRequestINClear     $Tramp$AA$L$PI$$USBHostRequestINClear
   90003a10     80177b28     8015bacc   usbhostenum.obj (.text)
USBHostAutoReqSet         $Tramp$AA$L$PI$$USBHostAutoReqSet
   90003a64     80177b30     8015bb28   usbhostenum.obj (.text)
USBHostSpeedGet           $Tramp$AA$L$PI$$USBHostSpeedGet
   900023d4     80177b38     8015bbc0   usbhostenum.obj (.text)
USBDescGetInterfaceEndpoint  $Tramp$AA$L$PI$$USBDescGetInterfaceEndpoint
   90006b34     80177b40     8016eb84   usbhmsc.obj (.text)
USBDeviceIntHandlerInternal  $Tramp$AA$L$PI$$USBDeviceIntHandlerInternal
   90001fac     80177b48     80170ad8   INTERRUPTS.obj (.text)
                             80176da0   usbdhandler.obj (.text)
                             80176e18   usbdhandler.obj (.text)
USB0ModuleClkConfig       $Tramp$AA$L$PI$$USB0ModuleClkConfig
   90007078     80177b50     8017108c   USB_MSC_HOST.obj (.text)
CacheEnable               $Tramp$AA$L$PI$$CacheEnable
   90006d28     80177b58     80173888   main.obj (.text)
CacheDataCleanInvalidateAll  $Tramp$AA$L$PI$$CacheDataCleanInvalidateAll
   90006d9c     80177b60     801744e4   USB_MSC_DEVICE.obj (.text)
USBDMSCInit               $Tramp$AA$L$PI$$USBDMSCInit
   900047e0     80177b68     801744f0   USB_MSC_DEVICE.obj (.text)
MMUInit                   $Tramp$AA$L$PI$$MMUInit
   90006b78     80177b70     801770a4   MEMORY.obj (.text)
MMUMemRegionMap           $Tramp$AA$L$PI$$MMUMemRegionMap
   90006bd8     80177b78     801770ac   MEMORY.obj (.text)
                             801770b4   MEMORY.obj (.text)
                             801770bc   MEMORY.obj (.text)
                             801770c4   MEMORY.obj (.text)
MMUEnable                 $Tramp$AA$L$PI$$MMUEnable
   90006cc8     80177b80     801770cc   MEMORY.obj (.text)

[85 trampolines]
[148 trampoline calls]


GLOBAL SYMBOLS: SORTED ALPHABETICALLY BY Name 

address   name                                 
-------   ----                                 
801709f4  ADC_0_ISR                            
80174f88  ADC_ClearFinishedFlag                
80174ed0  ADC_ConfigureInterrupt               
80174f98  ADC_GetFinishedFlag                  
80174efc  ADC_ReadChannels                     
80174f78  ADC_SetFinishedFlag                  
80157118  AM335X_VECTOR_BASE                   
801719d0  AUD_AmpShutdown                      
8017c020  AUD_AudioTimeoutCount                
80171908  AUD_ClearPlaybackFinishedFlag        
80171678  AUD_ClearPlayingFlag                 
80171940  AUD_ClearTimoutFlag                  
80171924  AUD_GetPlaybackFinishedFlag          
80171688  AUD_GetPlayingFlag                   
80171950  AUD_GetTimoutFlag                    
8017195c  AUD_IsWAVPlaying                     
80171574  AUD_PlayWAV                          
801718f8  AUD_SetPlaybackFinishedFlag          
80171668  AUD_SetPlayingFlag                   
80171930  AUD_SetTimoutFlag                    
8017163c  AUD_StopWAV                          
80171974  AUD_TestAudio                        
80171694  AUD_TransferWAVToRAMG                
80176d28  AbortHandler                         
8017c01c  AudioBytesTransferred                
8011440c  BITMAP_CharlieBeach                  
80156ccd  BITMAP_SD_Card_Symbol                
8015400c  BITMAP_TVRemote                      
80156e84  BITMAP_USB_Symbol                    
8017bff6  BackLightSetting                     
80175b64  CMD_CheckMatch                       
80175cf0  CMD_ClearNewCommand                  
80175d00  CMD_GetNewCommand                    
80175cd0  CMD_Help                             
80175ce0  CMD_SetNewCommand                    
80172808  CP15AuxControlFeatureDisable         
801727f4  CP15AuxControlFeatureEnable          
8017279c  CP15BranchPredictionDisable          
8017278c  CP15BranchPredictionEnable           
80172780  CP15BranchPredictorInvalidate        
801727bc  CP15ControlFeatureDisable            
801727d0  CP15ControlFeatureEnable             
80172498  CP15DCacheClean                      
801725d0  CP15DCacheCleanBuff                  
8017252c  CP15DCacheCleanFlush                 
80172624  CP15DCacheCleanFlushBuff             
801723c8  CP15DCacheDisable                    
801723f4  CP15DCacheEnable                     
80172404  CP15DCacheFlush                      
80172678  CP15DCacheFlushBuff                  
801727ac  CP15DomainAccessClientSet            
801723ac  CP15ICacheDisable                    
801723e4  CP15ICacheEnable                     
801725c0  CP15ICacheFlush                      
801726dc  CP15ICacheFlushBuff                  
80172748  CP15MMUDisable                       
80172760  CP15MMUEnable                        
8017281c  CP15MainIdPrimPartNumGet             
8017273c  CP15TlbInvalidate                    
80172730  CP15Ttb0Set                          
801727e4  CP15TtbCtlTtb0Config                 
80172774  CP15VectorBaseAddrSet                
80175730  CPLDI2CRead                          
8017588c  CPLDI2CSetup                         
80177734  CPUAbortHandler                      
80177a10  CPUIntStatus                         
80177718  CPUSwitchToPrivilegedMode            
80177720  CPUSwitchToUserMode                  
80177758  CPUfiqd                              
80177768  CPUfiqe                              
80177738  CPUirqd                              
80177748  CPUirqe                              
90006da8  CacheDataCleanAll                    
90006dc0  CacheDataCleanBuff                   
90006d9c  CacheDataCleanInvalidateAll          
90006df8  CacheDataCleanInvalidateBuff         
90006db4  CacheDataInvalidateAll               
90006ddc  CacheDataInvalidateBuff              
90006ce4  CacheDisable                         
90006d28  CacheEnable                          
90006d74  CacheInstInvalidateAll               
90006d80  CacheInstInvalidateBuff              
80114364  Command_String                       
801570c8  Commands                             
80114400  CurrentScreen                        
8017bff7  CurrentSystemSettings                
80114394  CurrentTimeDate                      
8016ea24  DMTimer1msModuleClkConfig            
8016e50c  DMTimer2ModuleClkConfig              
8016e380  DMTimer3ModuleClkConfig              
8016e698  DMTimer4ModuleClkConfig              
8016e828  DMTimer6ModuleClkConfig              
8016e898  DMTimer7ModuleClkConfig              
8016fc30  DMTimerCompareGet                    
8016fbf4  DMTimerCompareSet                    
8016fe50  DMTimerContextRestore                
8016fdd0  DMTimerContextSave                   
8016faec  DMTimerCounterGet                    
8016fab0  DMTimerCounterSet                    
8016f930  DMTimerDisable                       
8016f8f0  DMTimerEnable                        
8016fb74  DMTimerGPOConfigure                  
8016fce4  DMTimerIntDisable                    
8016fcc0  DMTimerIntEnable                     
8016fd40  DMTimerIntEnableGet                  
8016fc6c  DMTimerIntRawStatusGet               
8016fc48  DMTimerIntRawStatusSet               
8016fc9c  DMTimerIntStatusClear                
8016fc84  DMTimerIntStatusGet                  
8016f970  DMTimerModeConfigure                 
8016ff30  DMTimerPostedModeConfig              
8016fa70  DMTimerPreScalerClkDisable           
8016f9f0  DMTimerPreScalerClkEnable            
8016fb5c  DMTimerReloadGet                     
8016fb20  DMTimerReloadSet                     
8016fd9c  DMTimerReset                         
8016fd58  DMTimerResetConfigure                
8016fd08  DMTimerTriggerSet                    
8016ff74  DMTimerWritePostedStatusGet          
8017c03a  DefaultTimeDate                      
801777d0  DelayTimerSetup                      
80113628  EEPROM_Contents                      
80175d44  EEPROM_ReadAddress                   
80175e08  EEPROM_ReadBuffer                    
80175da0  EEPROM_WriteAddress                  
80175e80  EEPROM_WriteBuffer                   
80104000  EMMC_Buffer                          
80167ef8  EMMC_CardInit                        
80168bbc  EMMC_ClearInitialized                
80168ba0  EMMC_GetNumberBlocks                 
80167d40  EMMC_HSMMCSDModuleClkConfig          
80167d68  EMMC_HardwareReset                   
80168bcc  EMMC_IsInitialized                   
80167ca4  EMMC_PinMuxSetup                     
80168a04  EMMC_ReadBlocks                      
801687d8  EMMC_ReceiveData                     
8016874c  EMMC_SendAppCommand                  
801684f0  EMMC_SendCommand                     
80168c1c  EMMC_SendCommandSwitch               
80168d30  EMMC_SendStatus                      
80168bac  EMMC_SetInitialized                  
80167da4  EMMC_SetUpController                 
80168da8  EMMC_TestWrite                       
80168808  EMMC_TransmitData                    
80168868  EMMC_WriteBlocks                     
801758f0  EVMProfileGet                        
80000000  Entry                                
80176d24  FIQHandler                           
8016f7b4  FRAM_CalculateCRC                    
8016f778  FRAM_Hold                            
8016f7cc  FRAM_LoadDefaultSettings             
8016f32c  FRAM_LoadSettings                    
8016f55c  FRAM_ReadMemory                      
8016f430  FRAM_ReadStatusRegister              
8016f348  FRAM_SaveSettings                    
8016f848  FRAM_Test                            
8016f3b0  FRAM_WriteDisable                    
8016f374  FRAM_WriteEnable                     
8016f470  FRAM_WriteMemory                     
8016f73c  FRAM_WriteProtect                    
8016f648  FRAM_WriteRead                       
8016f3ec  FRAM_WriteStatusRegister             
8017bff2  FT_DispCSpread                       
8017bff4  FT_DispDither                        
8017bfdc  FT_DispHCycle                        
8017bfde  FT_DispHOffset                       
8017bfe0  FT_DispHSync0                        
8017bfe2  FT_DispHSync1                        
8017bfda  FT_DispHeight                        
8017bfec  FT_DispPCLK                          
8017bff0  FT_DispPCLKPol                       
8017bfee  FT_DispSwizzle                       
8017bfe4  FT_DispVCycle                        
8017bfe6  FT_DispVOffset                       
8017bfe8  FT_DispVSync0                        
8017bfea  FT_DispVSync1                        
8017bfd8  FT_DispWidth                         
80176430  GPIO0ModuleClkConfig                 
801764e8  GPIO1ModuleClkConfig                 
80176420  GPIO1Pin23PinMuxSetup                
80176550  GPIO1PinMuxSetup                     
8016c420  GPIOAutoIdleModeControl              
8016c4ec  GPIODebounceFuncControl              
8016c53c  GPIODebounceTimeConfig               
8016bb8c  GPIODirModeGet                       
8016bb2c  GPIODirModeSet                       
8016c4a8  GPIOGatingRatioConfigure             
8016c464  GPIOIdleModeConfigure                
8016c0d8  GPIOIntTypeGet                       
8016bd38  GPIOIntTypeSet                       
8016bb08  GPIOModuleDisable                    
8016bae4  GPIOModuleEnable                     
8016bab0  GPIOModuleReset                      
8016bc74  GPIOMultiplePinsRead                 
8016bc44  GPIOMultiplePinsWrite                
8016c21c  GPIOPinIntClear                      
8016bce8  GPIOPinIntDisable                    
8016bc98  GPIOPinIntEnable                     
8016c1b8  GPIOPinIntStatus                     
8016c3c0  GPIOPinIntWakeUpDisable              
8016c360  GPIOPinIntWakeUpEnable               
8016bc1c  GPIOPinRead                          
8016bbcc  GPIOPinWrite                         
8016c26c  GPIORawIntStatus                     
8016c560  GPIORevisionInfoGet                  
8016c2c8  GPIOTriggerPinInt                    
8016c33c  GPIOWakeupGlobalDisable              
8016c318  GPIOWakeupGlobalEnable               
80170574  GPIO_3A_ISR                          
801721a4  GPIO_Module0ClkConfig                
8017220c  GPIO_Module1ClkConfig                
80172274  GPIO_Module2ClkConfig                
801722dc  GPIO_Module3ClkConfig                
8016ace8  GUI_Backlight                        
8016ad30  GUI_ClearBacklightTimeout            
8016ac1c  GUI_ClearTagTimoutFlag               
8016aad8  GUI_CreateTouchCalibration           
8016a280  GUI_DrawHomeScreen                   
8016a0dc  GUI_DrawInitialScreen                
8016a164  GUI_DrawInitialScreenProgress        
8016a8d4  GUI_DrawNextScreen                   
8016aa10  GUI_DrawPreviousScreen               
8016a6c4  GUI_DrawTVRemoteScreen               
8016ac4c  GUI_DrawTime                         
8016ad40  GUI_GetBacklightTimeout              
8016ad68  GUI_GetCurrentTag                    
8016ac2c  GUI_GetTagTimoutFlag                 
8016a750  GUI_LoadItemToRAMG                   
8016aa5c  GUI_LoadTouchCalibration             
8016ac38  GUI_ScreenRefresh                    
8016ad20  GUI_SetBacklightTimeout              
8016ad4c  GUI_SetCurrentTag                    
8016ac0c  GUI_SetTagTimoutFlag                 
8016abf0  GUI_StartNewScreenTagTimer           
8016a848  GUI_TouchConfig                      
80176570  GpioPinMuxSetup                      
801570e8  HEADER_CharlieBeach                  
801570f4  HEADER_SD_Card_Symbol                
80157100  HEADER_TVRemote                      
8015710c  HEADER_USB_Symbol                    
8016d808  HSMMCSDBlkLenSet                     
8016d4cc  HSMMCSDBusFreqSet                    
8016d2f0  HSMMCSDBusPower                      
8016d2b0  HSMMCSDBusVoltSet                    
8016d1f8  HSMMCSDBusWidthSet                   
8016d848  HSMMCSDCommandSend                   
8016d938  HSMMCSDDataGet                       
8016d48c  HSMMCSDDataTimeoutSet                
8016d608  HSMMCSDInitStreamSend                
8016d370  HSMMCSDIntClock                      
8016d6cc  HSMMCSDIntrEnable                    
8016d724  HSMMCSDIntrStatusClear               
8016d6a0  HSMMCSDIntrStatusDisable             
8016d674  HSMMCSDIntrStatusEnable              
8016d700  HSMMCSDIntrStatusGet                 
8016d98c  HSMMCSDIsCardInserted                
8016d9ac  HSMMCSDIsCardWriteProtected          
8016d744  HSMMCSDIsCmdComplete                 
8016d46c  HSMMCSDIsHSupported                  
8016d3c8  HSMMCSDIsIntClockStable              
8016d7a4  HSMMCSDIsXferComplete                
8016d138  HSMMCSDLinesReset                    
801773f8  HSMMCSDModuleClkConfig               
801773a0  HSMMCSDPinMuxSetup                   
8016d8dc  HSMMCSDResponseGet                   
8016d0d0  HSMMCSDSoftReset                     
8016d42c  HSMMCSDSupportedVoltSet              
8016d1b4  HSMMCSDSystemConfig                  
80172e64  I2C0ModuleClkConfig                  
80172cfc  I2C1ModuleClkConfig                  
8016cb38  I2CActiveOwnAddressGet               
8016cd48  I2CAutoIdleDisable                   
8016cd24  I2CAutoIdleEnable                    
8016cab4  I2CBufferStatus                      
8016cdf4  I2CClockActivitySelect               
8016cbbc  I2CClockBlockingControl              
8016cffc  I2CContextRestore                    
8016cfa8  I2CContextSave                       
8016ca84  I2CDMARxEventDisable                 
8016ca24  I2CDMARxEventEnable                  
8016ca54  I2CDMATxEventDisable                 
8016c9f4  I2CDMATxEventEnable                  
8016c910  I2CDataCountGet                      
8016c9a8  I2CFIFOClear                         
8016c928  I2CFIFOThresholdConfig               
8016cd90  I2CGlobalWakeUpDisable               
8016cd6c  I2CGlobalWakeUpEnable                
8016cdb4  I2CIdleModeSelect                    
8016c6c4  I2CMasterBusBusy                     
8016c6fc  I2CMasterBusy                        
8016c740  I2CMasterControl                     
8016cf88  I2CMasterDataGet                     
8016cf68  I2CMasterDataPut                     
8016c6a0  I2CMasterDisable                     
8016c67c  I2CMasterEnable                      
8016c718  I2CMasterErr                         
8016c600  I2CMasterInitExpClk                  
8016c870  I2CMasterIntClearEx                  
8016c7d8  I2CMasterIntDisableEx                
8016c7ac  I2CMasterIntEnableEx                 
8016c834  I2CMasterIntRawStatus                
8016c890  I2CMasterIntRawStatusClearEx         
8016c84c  I2CMasterIntRawStatusEx              
8016c7f8  I2CMasterIntStatus                   
8016c810  I2CMasterIntStatusEx                 
8016c8d0  I2CMasterSlaveAddrGet                
8016c8b0  I2CMasterSlaveAddrSet                
8016c764  I2CMasterStart                       
8016c788  I2CMasterStop                        
8016cc88  I2COwnAddressSet                     
80172ca0  I2CPinMuxSetup                       
8016c8f0  I2CSetDataCount                      
8016cd00  I2CSoftReset                         
8016cf4c  I2CSystemStatusGet                   
8016cec0  I2CWakeUpDisable                     
8016ce34  I2CWakeUpEnable                      
801122a0  I2C_0_Buffers                        
80170880  I2C_0_ISR                            
801751fc  I2C_ClearFailFlag0                   
8017520c  I2C_GetFailFlag0                     
80175000  I2C_InterruptConfigure0              
8017502c  I2C_SendReceiveData0                 
801751ec  I2C_SetFailFlag0                     
80176c78  IRQHandler                           
80175b54  InitCMD                              
80174d1c  Init_ADC                             
80171570  Init_Audio                           
80175d2c  Init_EEPROM                          
80167c00  Init_EMMC                            
8016f22c  Init_FRAM                            
80171f14  Init_GPIO                            
8016a094  Init_GUI                             
80174fb8  Init_I2C                             
80174fc4  Init_I2C_Module0                     
8015f244  Init_LCD                             
8017479c  Init_LED                             
801760d0  Init_Modules                         
80175f00  Init_PMIC                            
801769e4  Init_Power                           
80173bcc  Init_RTC                             
8016680c  Init_SD                              
80170b54  Init_SPI                             
80170d10  Init_SPI_Module0                     
80170b64  Init_SPI_Module1                     
80175950  Init_Test                            
801754d0  Init_Timer2                          
80175548  Init_Timer3                          
801754bc  Init_Timers                          
80171a74  Init_UART                            
801744dc  Init_USB0                            
801744cc  Init_USB_Device                      
80171064  Init_USB_Host                        
80173f08  Init_WAV                             
80173100  IntAINTCInit                         
80173238  IntActiveIrqNumGet                   
801732d0  IntCurrIrqPriorityGet                
80173428  IntDisable                           
80173440  IntEnable                            
801732bc  IntFuncClkAutoGateSet                
801732a8  IntFuncClkFreeRunSet                 
80173224  IntIfClkAutoGateSet                  
80173210  IntIfClkFreeRunSet                   
80173410  IntMasterFIQDisable                  
80173404  IntMasterFIQEnable                   
801733f8  IntMasterIRQDisable                  
801733ec  IntMasterIRQEnable                   
8017341c  IntMasterStatusGet                   
801733b0  IntPendingIrqMaskedStatusGet         
80173170  IntPrioritySet                       
801732e0  IntPriorityThresholdGet              
801732f0  IntPriorityThresholdSet              
8017326c  IntProtectionDisable                 
8017325c  IntProtectionEnable                  
80173310  IntRawStatusGet                      
801730bc  IntRegister                          
80173380  IntSoftwareIntClear                  
80173350  IntSoftwareIntSet                    
80173248  IntSpurIrqFlagGet                    
80173294  IntSyncClkAutoGateSet                
80173280  IntSyncClkFreeRunSet                 
801731dc  IntSystemDisable                     
801731a8  IntSystemEnable                      
801730e0  IntUnRegister                        
8015a8f8  InternalUSBHCDSendEvent              
80176914  InternalUSBRegisterTickHandler       
8017694c  InternalUSBStartOfFrameTick          
801768a0  InternalUSBTickInit                  
80177810  IsTimerElapsed                       
80161c88  LCD_ClearInterruptFlag               
80161c98  LCD_GetInterruptFlag                 
8015fe24  LCD_IncrementWriteOffset             
8015f5c8  LCD_Interrupt                        
8015f4d8  LCD_InterruptConfigure               
8015f558  LCD_InteruptDisable                  
8015f524  LCD_InteruptEnable                   
8015f58c  LCD_Reset                            
8015fea0  LCD_SendRAMAddress                   
80161c78  LCD_SetInterruptFlag                 
8015ff1c  LCD_WaitCoprocessorDone              
8015fe64  LCD_WriteCommandParameters           
8015fda0  LCD_cmd                              
80160ee8  LCD_cmd_append                       
801602c4  LCD_cmd_bgcolor                      
80160098  LCD_cmd_button                       
8016169c  LCD_cmd_calibrate                    
8016020c  LCD_cmd_clock                        
801615c8  LCD_cmd_coldstart                    
8016094c  LCD_cmd_dial                         
80160368  LCD_cmd_fgcolor                      
80160474  LCD_cmd_gauge                        
8016121c  LCD_cmd_getmatrix                    
80161330  LCD_cmd_getprops                     
801612d8  LCD_cmd_getptr                       
80160404  LCD_cmd_gradcolor                    
80160528  LCD_cmd_gradient                     
80160f54  LCD_cmd_inflate                      
801615d8  LCD_cmd_interrupt                    
801605cc  LCD_cmd_keys                         
80161064  LCD_cmd_loadidentity                 
80160ff8  LCD_cmd_loadimage                    
80161c34  LCD_cmd_logo                         
801613c0  LCD_cmd_mediafifo                    
80160e60  LCD_cmd_memcpy                       
80160c3c  LCD_cmd_memcrc                       
80160d28  LCD_cmd_memset                       
80160dac  LCD_cmd_memwrite                     
80160cbc  LCD_cmd_memzero                      
80160ba8  LCD_cmd_number                       
8016142c  LCD_cmd_playvideo                    
8016073c  LCD_cmd_progress                     
80161630  LCD_cmd_regread                      
801616f4  LCD_cmd_romfont                      
80161180  LCD_cmd_rotate                       
80161114  LCD_cmd_scale                        
80161a50  LCD_cmd_screensaver                  
801607e8  LCD_cmd_scrollbar                    
80160b50  LCD_cmd_setbase                      
801618fc  LCD_cmd_setbitmap                    
80161760  LCD_cmd_setfont                      
801617cc  LCD_cmd_setfont2                     
801611d8  LCD_cmd_setmatrix                    
801618a4  LCD_cmd_setrotate                    
8016184c  LCD_cmd_setscratch                   
80161a94  LCD_cmd_sketch                       
801608a0  LCD_cmd_slider                       
80161b38  LCD_cmd_snapshot                     
80161b90  LCD_cmd_snapshot2                    
80161988  LCD_cmd_spinner                      
80161a0c  LCD_cmd_stop                         
8015ff40  LCD_cmd_text                         
801609e0  LCD_cmd_toggle                       
80161534  LCD_cmd_track                        
801610a8  LCD_cmd_translate                    
801614c8  LCD_cmd_videoframe                   
80161484  LCD_cmd_videostart                   
8015f658  LCD_ft810memRead16                   
8015f6c8  LCD_ft810memRead32                   
8015f604  LCD_ft810memRead8                    
8015f7a8  LCD_ft810memWrite16                  
8015f814  LCD_ft810memWrite32                  
8015f768  LCD_ft810memWrite8                   
8015f8b8  LCD_ft810memWriteBuffer              
8015fdc8  LCD_host_command                     
8015fa88  LCD_rd16                             
8015faa0  LCD_rd32                             
8015fa74  LCD_rd8                              
8015fc64  LCD_rd_buffer                        
8015f9c8  LCD_wr16                             
8015f9e4  LCD_wr32                             
8015f9ac  LCD_wr8                              
8015fa00  LCD_wr8s                             
8015fab4  LCD_wr_buffer                        
801747a8  LED_Show                             
8017c024  LastWritePointerAddress              
80112ac0  MISC_Buffer                          
8016dfec  MISC_CRC_CRC16                       
8016e210  MISC_Calculate_CRC16                 
8016da40  MMCSDContextRestore                  
8016d9cc  MMCSDContextSave                     
90006cc8  MMUEnable                            
90006b78  MMUInit                              
90006bd8  MMUMemRegionMap                      
80177018  MMU_ConfigAndEnable                  
80171164  MSCCallback                          
8016dd10  MSC_BCDtoHEX                         
8016dac0  MSC_BufferCopy                       
8016dbf4  MSC_DelayNOP                         
8016db74  MSC_DelayUS                          
8016de34  MSC_EndianLong                       
8016dea0  MSC_EndianLongArray                  
8016ddb4  MSC_EndianShort                      
8016ddf0  MSC_EndianShortArray                 
8016dc5c  MSC_HEXtoBCD                         
8016db38  MSC_LowercaseChar                    
8016df30  MSC_ReverseByte                      
8016dc2c  MSC_Round                            
80173520  McSPI0CSPinMuxSetup                  
8017358c  McSPI0ModuleClkConfig                
801736e8  McSPI1ModuleClkConfig                
8016b230  McSPICSAssert                        
8016b268  McSPICSDeAssert                      
8016b138  McSPICSDisable                       
8016b114  McSPICSEnable                        
8016b15c  McSPICSPolarityConfig                
8016b1c4  McSPICSTimeControlSet                
8016b540  McSPIChannelDisable                  
8016b508  McSPIChannelEnable                   
8016b9fc  McSPIChannelStatusGet                
8016aecc  McSPIClkConfig                       
8016b870  McSPIDMADisable                      
8016b82c  McSPIDMAEnable                       
8016ba6c  McSPIFIFODatManagementConfig         
8016b6ec  McSPIFIFOTrigLvlSet                  
8016b90c  McSPIInitDelayConfig                 
8016b8e0  McSPIIntDisable                      
8016b8b4  McSPIIntEnable                       
8016b9c8  McSPIIntStatusClear                  
8016b9b0  McSPIIntStatusGet                    
8016b39c  McSPIMasterModeConfig                
8016b378  McSPIMasterModeEnable                
8016ba28  McSPIMultipleWordAccessConfig        
8017349c  McSPIPinMuxSetup                     
8016b984  McSPIReceiveData                     
8016b578  McSPIReset                           
8016b684  McSPIRxFIFOConfig                    
8016b340  McSPIStartBitDisable                 
8016b2a0  McSPIStartBitEnable                  
8016b2d8  McSPIStartBitPolarityConfig          
8016b950  McSPITransmitData                    
8016b5e4  McSPITurboModeDisable                
8016b5ac  McSPITurboModeEnable                 
8016b61c  McSPITxFIFOConfig                    
8016b7ec  McSPIWordCountSet                    
8016b0ac  McSPIWordLengthSet                   
8017bf2b  NumCommand                           
80176020  PMIC_ReadRegister                    
80176070  PMIC_WriteRegister                   
801769f0  PWR_ReadVoltages                     
80114401  PreviousPreviousScreen               
80114402  PreviousScreen                       
8017bfd6  RAM_CMD_Offset                       
8016646c  RTC32KClkClockControl                
80166408  RTC32KClkSourceSelect                
801667ac  RTCAlarm2CalendarSet                 
80166720  RTCAlarm2IntStatusClear              
80166704  RTCAlarm2IntStatusGet                
80166744  RTCAlarm2TimeSet                     
80166154  RTCAlarmCalendarGet                  
801660f4  RTCAlarmCalendarSet                  
80166038  RTCAlarmDayOfMonthGet                
80166004  RTCAlarmDayOfMonthSet                
80165e64  RTCAlarmHourGet                      
80165ec0  RTCAlarmHourMeridiemGet              
80165e80  RTCAlarmHourMeridiemSet              
80165e30  RTCAlarmHourSet                      
801654c8  RTCAlarmIntStatusClear               
801654ac  RTCAlarmIntStatusGet                 
80165e14  RTCAlarmMinuteGet                    
80165de0  RTCAlarmMinuteSet                    
80166088  RTCAlarmMonthGet                     
80166054  RTCAlarmMonthSet                     
80165dc4  RTCAlarmSecondGet                    
80165d90  RTCAlarmSecondSet                    
80165f44  RTCAlarmTimeGet                      
80165edc  RTCAlarmTimeSet                      
801660d8  RTCAlarmYearGet                      
801660a4  RTCAlarmYearSet                      
801655e4  RTCAutoCompDisable                   
801655a0  RTCAutoCompEnable                    
80165474  RTCBusyStatusGet                     
80165d18  RTCCalendarGet                       
80165ca8  RTCCalendarSet                       
801661f8  RTCCompensationGet                   
801661b4  RTCCompensationSet                   
801665dc  RTCConfigPmicExtWake                 
80166634  RTCConfigPmicExtWakeDebounce         
8016657c  RTCConfigPmicExtWakePolarity         
80166538  RTCConfigPmicPowerEnable             
80165a50  RTCDayOfMonthGet                     
80165a1c  RTCDayOfMonthSet                     
80165b40  RTCDayOfTheWeekGet                   
80165b0c  RTCDayOfTheWeekSet                   
801657c0  RTCDisable                           
80165804  RTCEnable                            
8016586c  RTCEnableStatus                      
801654ec  RTCEventUpdateGet                    
801664f4  RTCFeedbackResistanceSelect          
801659a4  RTCHourGet                           
801656bc  RTCHourModeGet                       
80165638  RTCHourModeSet                       
80165970  RTCHourSet                           
801662f0  RTCIdleModeConfigure                 
801666d0  RTCIntAlarm2Enable                   
801653b8  RTCIntAlarmDisable                   
80165384  RTCIntAlarmEnable                    
80165440  RTCIntTimerDisable                   
801653ec  RTCIntTimerEnable                    
80165a00  RTCMeridiemGet                       
801659c0  RTCMeridiemSet                       
8016554c  RTCMinRoundingDisable                
80165508  RTCMinRoundingEnable                 
80165954  RTCMinuteGet                         
80165920  RTCMinuteSet                         
80175250  RTCModuleClkConfig                   
80165aa0  RTCMonthGet                          
80165a6c  RTCMonthSet                          
801664b0  RTCOscillatorStateControl            
80166694  RTCPmicExtWakeStatusClear            
801662d8  RTCRevisionIDGet                     
8016528c  RTCRun                               
80165490  RTCRunStatusGet                      
8016627c  RTCScratchPadGet                     
8016623c  RTCScratchPadSet                     
80165904  RTCSecondGet                         
801658d0  RTCSecondSet                         
80165744  RTCSet32CounterDisable               
801656d8  RTCSet32CounterEnable                
801662b4  RTCSoftwareReset                     
801658ac  RTCSplitPwrDisable                   
80165888  RTCSplitPwrEnable                    
801652d0  RTCStop                              
801663c4  RTCTestModeControl                   
80165bf8  RTCTimeGet                           
80165b5c  RTCTimeSet                           
8016633c  RTCWakeUpAlarmEventControl           
80166380  RTCWakeUpTimerEventControl           
8016535c  RTCWriteProtectDisable               
80165334  RTCWriteProtectEnable                
80165af0  RTCYearGet                           
80165abc  RTCYearSet                           
80173c78  RTC_ClearFlag                        
80173c88  RTC_GetFlag                          
80173d78  RTC_GetTimeDate                      
8017086c  RTC_ISR                              
80173c3c  RTC_InterruptConfigure               
80173e54  RTC_ModuleClkConfig                  
80173c68  RTC_SetFlag                          
80173c94  RTC_SetTimeDate                      
80175248  RtcVersionGet                        
80108000  SD_Buffer                            
80166b44  SD_CardInit                          
80166a68  SD_ClearCardActionFlag               
80166abc  SD_ClearInitialized                  
80166a78  SD_GetCardActionFlag                 
80166aa0  SD_GetCardStatus                     
801669c4  SD_GetFatTime                        
80167b64  SD_GetNumberBlocks                   
801669a0  SD_IsCardInserted                    
80166acc  SD_IsInitialized                     
801679c8  SD_ReadBlocks                        
80167750  SD_ReceiveData                       
801676c4  SD_SendAppCommand                    
80167468  SD_SendCommand                       
80166a58  SD_SetCardActionFlag                 
80166a84  SD_SetCardStatus                     
80166aac  SD_SetInitialized                    
801668b8  SD_SetUpController                   
80167780  SD_TransmitData                      
80167808  SD_WriteBlocks                       
UNDEFED   SHT$$INIT_ARRAY$$Base                
UNDEFED   SHT$$INIT_ARRAY$$Limit               
80170a74  SPI_1_ISR                            
80170e20  SPI_INTCConfigure1                   
80170f04  SPI_ReadWriteByte0                   
80170f60  SPI_ReadWriteByte1                   
80170e4c  SPI_WriteByte0                       
80170ea8  SPI_WriteByte1                       
80170fbc  SPI_WriteByteNoRx0                   
80170ff0  SPI_WriteByteNoRx1                   
80176c50  SVC_Handler                          
8017b844  Screens                              
801777f0  StartTimer                           
80177804  StopTimer                            
80176f28  SysDelayTimerSetup                   
80176fdc  SysIsTimerElapsed                    
80176fa0  SysStartTimer                        
80176fcc  SysStopTimer                         
80176f40  Sysdelay                             
801759a0  TEST_Setpoint1                       
801759dc  TEST_Setpoint2                       
80175a18  TEST_Setpoint3                       
80175a54  TEST_Togglepoint1                    
80175aa4  TEST_Togglepoint2                    
80175af4  TEST_Togglepoint3                    
80170750  TMR_2_ISR                            
80170834  TMR_3_ISR                            
8017c030  TMR_AudioPlaybackTimer               
8017c034  TMR_BacklightTimer                   
801755b4  TMR_CalculateReload                  
801756e4  TMR_ClearMISCTimerFlag               
801756f4  TMR_GetMISCTimerFlag                 
80175660  TMR_GetNewScreenTagTimerEnabled      
80175608  TMR_InterruptConfigure2              
80175634  TMR_InterruptConfigure3              
8017c02c  TMR_NewScreenTagTimer                
801756b4  TMR_ResetAudioPlaybackTimer          
801756c4  TMR_ResetBacklightTimer              
801756a4  TMR_ResetNewScreenTagTimer           
801756d4  TMR_SetMISCTimerFlag                 
8017566c  TMR_SetNewScreenTagTimerEnabled      
80169228  TSCADCBiasConfig                     
8016996c  TSCADCChargeStepAnalogGroundConfig   
801698cc  TSCADCChargeStepAnalogSupplyConfig   
80169800  TSCADCChargeStepConfig               
801697b4  TSCADCChargeStepOperationModeControl 
801690cc  TSCADCConfigHWEventPrempt            
80169420  TSCADCConfigureAFEClock              
80169470  TSCADCConfigureMisc                  
801694e0  TSCADCConfigureStepEnable            
80169074  TSCADCDMAFIFODisable                 
80169044  TSCADCDMAFIFOEnable                  
80169004  TSCADCEventInterruptDisable          
80168fd8  TSCADCEventInterruptEnable           
80169fd0  TSCADCFIFOADCDataRead                
80169fa4  TSCADCFIFOChannelIDRead              
8016a05c  TSCADCFIFODMAThresholdLevelConfig    
8016a024  TSCADCFIFOIRQThresholdLevelConfig    
80169ff8  TSCADCFIFOWordCountRead              
80168ebc  TSCADCGetRevision                    
8016910c  TSCADCHWEventMapSet                  
80168ed4  TSCADCIdleModeSet                    
801696e8  TSCADCIdleStepAnalogGroundConfig     
80169648  TSCADCIdleStepAnalogSupplyConfig     
8016957c  TSCADCIdleStepConfig                 
80169530  TSCADCIdleStepOperationModeControl   
80168fc0  TSCADCIntStatus                      
80168f7c  TSCADCIntStatusClear                 
80168f9c  TSCADCIntStatusRead                  
801690a4  TSCADCIsDMAFIFOEnabled               
801741f0  TSCADCModuleClkConfig                
801692f0  TSCADCModuleStateSet                 
801693b0  TSCADCOutputRangeConfig              
801743f8  TSCADCPinMuxSetUp                    
80168f64  TSCADCRawIntStatus                   
80168f40  TSCADCRawIntStatusRead               
80168f14  TSCADCRawIntStatusSet                
80169394  TSCADCSequencerCurrentStepID         
80169374  TSCADCSequencerFSMBusyStatus         
80169330  TSCADCSequencerPenIrqStatusRead      
801691cc  TSCADCSetADCPowerDown                
80169204  TSCADCSetADCPowerUp                  
8016928c  TSCADCStepConfigProtectionDisable    
80169268  TSCADCStepConfigProtectionEnable     
801692b0  TSCADCStepIDTagConfig                
80169a38  TSCADCTSChargeStepOpenDelayConfig    
8016918c  TSCADCTSModeConfig                   
80169c94  TSCADCTSStepAnalogGroundConfig       
80169bc4  TSCADCTSStepAnalogSupplyConfig       
80169e54  TSCADCTSStepAverageConfig            
80169ab8  TSCADCTSStepConfig                   
80169e00  TSCADCTSStepFIFOSelConfig            
80169ea8  TSCADCTSStepModeConfig               
80169f50  TSCADCTSStepOpenDelayConfig          
80169a58  TSCADCTSStepOperationModeControl     
80169dd0  TSCADCTSStepOutOfRangeCheckDisable   
80169da0  TSCADCTSStepOutOfRangeCheckEnable    
80169efc  TSCADCTSStepSampleDelayConfig        
8016914c  TSCADCTSTransistorConfig             
80169024  TSCADCWakeUpPenEventConfig           
801632ec  UARTAutoIdleModeControl              
80163098  UARTAutoRTSAutoCTSControl            
801637d4  UARTAutobaudParityGet                
8016386c  UARTAutobaudSpeedGet                 
80163820  UARTAutobaudWordLenGet               
80162034  UARTBreakCtl                         
80162d74  UARTCharGet                          
80162d1c  UARTCharGetNonBlocking               
80162dcc  UARTCharGetTimeout                   
80162e5c  UARTCharPut                          
80162cb0  UARTCharPutNonBlocking               
80162c5c  UARTCharsAvail                       
80163744  UARTDMACounterResetControl           
80162570  UARTDMADisable                       
80162514  UARTDMAEnable                        
8016365c  UARTDSRInterruptControl              
80161f78  UARTDivisorLatchDisable              
80161f54  UARTDivisorLatchEnable               
80161dd0  UARTDivisorLatchWrite                
80161d0c  UARTDivisorValCompute                
80162694  UARTEnhanFuncBitValRestore           
80162634  UARTEnhanFuncEnable                  
80162ed0  UARTFIFOCharGet                      
80162eb0  UARTFIFOCharPut                      
80162150  UARTFIFOConfig                       
80163044  UARTFIFOEnableStatusGet              
801625a8  UARTFIFORegisterWrite                
801635f8  UARTFIFOTrigLvlGranControl           
80162eec  UARTFIFOWrite                        
80163330  UARTFlowCtrlTrigLvlConfig            
80163264  UARTIdleModeConfigure                
80162b40  UARTIntDisable                       
80162a5c  UARTIntEnable                        
80162fa4  UARTIntIdentityGet                   
80162ff0  UARTIntPendingStatusGet              
80162078  UARTLineCharacConfig                 
801634a4  UARTLoopbackModeControl              
80163518  UARTModemControlClear                
801634e8  UARTModemControlSet                  
80163564  UARTModemStatusChangeCheck           
80163548  UARTModemStatusGet                   
80163230  UARTModuleReset                      
80163918  UARTModuleVersionNumberGet           
80161cac  UARTOperatingModeSelect              
[...]
801726dc  CP15ICacheFlushBuff                  
80172730  CP15Ttb0Set                          
8017273c  CP15TlbInvalidate                    
80172748  CP15MMUDisable                       
80172760  CP15MMUEnable                        
80172774  CP15VectorBaseAddrSet                
80172780  CP15BranchPredictorInvalidate        
8017278c  CP15BranchPredictionEnable           
8017279c  CP15BranchPredictionDisable          
801727ac  CP15DomainAccessClientSet            
801727bc  CP15ControlFeatureDisable            
801727d0  CP15ControlFeatureEnable             
801727e4  CP15TtbCtlTtb0Config                 
801727f4  CP15AuxControlFeatureEnable          
80172808  CP15AuxControlFeatureDisable         
8017281c  CP15MainIdPrimPartNumGet             
80172834  disk_initialize                      
801729b8  disk_status                          
801729e4  disk_read                            
80172ab8  disk_write                           
80172bc4  disk_ioctl                           
80172ca0  I2CPinMuxSetup                       
80172cfc  I2C1ModuleClkConfig                  
80172e64  I2C0ModuleClkConfig                  
801730bc  IntRegister                          
801730e0  IntUnRegister                        
80173100  IntAINTCInit                         
80173170  IntPrioritySet                       
801731a8  IntSystemEnable                      
801731dc  IntSystemDisable                     
80173210  IntIfClkFreeRunSet                   
80173224  IntIfClkAutoGateSet                  
80173238  IntActiveIrqNumGet                   
80173248  IntSpurIrqFlagGet                    
8017325c  IntProtectionEnable                  
8017326c  IntProtectionDisable                 
80173280  IntSyncClkFreeRunSet                 
80173294  IntSyncClkAutoGateSet                
801732a8  IntFuncClkFreeRunSet                 
801732bc  IntFuncClkAutoGateSet                
801732d0  IntCurrIrqPriorityGet                
801732e0  IntPriorityThresholdGet              
801732f0  IntPriorityThresholdSet              
80173310  IntRawStatusGet                      
80173350  IntSoftwareIntSet                    
80173380  IntSoftwareIntClear                  
801733b0  IntPendingIrqMaskedStatusGet         
801733ec  IntMasterIRQEnable                   
801733f8  IntMasterIRQDisable                  
80173404  IntMasterFIQEnable                   
80173410  IntMasterFIQDisable                  
8017341c  IntMasterStatusGet                   
80173428  IntDisable                           
80173440  IntEnable                            
8017349c  McSPIPinMuxSetup                     
80173520  McSPI0CSPinMuxSetup                  
8017358c  McSPI0ModuleClkConfig                
801736e8  McSPI1ModuleClkConfig                
8017387c  main                                 
80173bcc  Init_RTC                             
80173c3c  RTC_InterruptConfigure               
80173c68  RTC_SetFlag                          
80173c78  RTC_ClearFlag                        
80173c88  RTC_GetFlag                          
80173c94  RTC_SetTimeDate                      
80173d78  RTC_GetTimeDate                      
80173e54  RTC_ModuleClkConfig                  
80173f08  Init_WAV                             
80173f60  WAV_CalculateHeader                  
801741f0  TSCADCModuleClkConfig                
801743f8  TSCADCPinMuxSetUp                    
801744cc  Init_USB_Device                      
801744dc  Init_USB0                            
801744f8  USB_GetMSCDevice_EMMC_or_SD          
80174504  USB_SetMSCDevice_EMMC_or_SD          
80174520  USB_InterruptConfigure0              
80174570  USB_InterruptEnable0                 
8017459c  USB_DMSCEventCallback0               
80174610  USB_SetMSCState0                     
8017462c  USB_GetMSCState0                     
80174638  USB_SetUSBStatus0                    
80174664  USB_GetUSBStatus0                    
80174670  USB_SetUSBStatusFlag0                
80174680  USB_ClearUSBStatusFlag0              
80174690  USB_GetUSBStatusFlag0                
8017469c  USB_SetUSBMSCFlag0                   
801746ac  USB_ClearUSBMSCFlag0                 
801746bc  USB_GetUSBMSCFlag0                   
801746c8  USBDMSCEventCallback                 
8017479c  Init_LED                             
801747a8  LED_Show                             
80174a64  __aeabi_uldivmod                     
80174d1c  Init_ADC                             
80174ed0  ADC_ConfigureInterrupt               
80174efc  ADC_ReadChannels                     
80174f78  ADC_SetFinishedFlag                  
80174f88  ADC_ClearFinishedFlag                
80174f98  ADC_GetFinishedFlag                  
80174fb8  Init_I2C                             
80174fc4  Init_I2C_Module0                     
80175000  I2C_InterruptConfigure0              
8017502c  I2C_SendReceiveData0                 
801751ec  I2C_SetFailFlag0                     
801751fc  I2C_ClearFailFlag0                   
8017520c  I2C_GetFailFlag0                     
80175248  RtcVersionGet                        
80175250  RTCModuleClkConfig                   
801754bc  Init_Timers                          
801754d0  Init_Timer2                          
80175548  Init_Timer3                          
801755b4  TMR_CalculateReload                  
80175608  TMR_InterruptConfigure2              
80175634  TMR_InterruptConfigure3              
80175660  TMR_GetNewScreenTagTimerEnabled      
8017566c  TMR_SetNewScreenTagTimerEnabled      
801756a4  TMR_ResetNewScreenTagTimer           
801756b4  TMR_ResetAudioPlaybackTimer          
801756c4  TMR_ResetBacklightTimer              
801756d4  TMR_SetMISCTimerFlag                 
801756e4  TMR_ClearMISCTimerFlag               
801756f4  TMR_GetMISCTimerFlag                 
80175730  CPLDI2CRead                          
8017588c  CPLDI2CSetup                         
801758f0  EVMProfileGet                        
80175950  Init_Test                            
801759a0  TEST_Setpoint1                       
801759dc  TEST_Setpoint2                       
80175a18  TEST_Setpoint3                       
80175a54  TEST_Togglepoint1                    
80175aa4  TEST_Togglepoint2                    
80175af4  TEST_Togglepoint3                    
80175b54  InitCMD                              
80175b64  CMD_CheckMatch                       
80175cd0  CMD_Help                             
80175ce0  CMD_SetNewCommand                    
80175cf0  CMD_ClearNewCommand                  
80175d00  CMD_GetNewCommand                    
80175d2c  Init_EEPROM                          
80175d44  EEPROM_ReadAddress                   
80175da0  EEPROM_WriteAddress                  
80175e08  EEPROM_ReadBuffer                    
80175e80  EEPROM_WriteBuffer                   
80175f00  Init_PMIC                            
80176020  PMIC_ReadRegister                    
80176070  PMIC_WriteRegister                   
801760d0  Init_Modules                         
80176278  _Dscale                              
80176420  GPIO1Pin23PinMuxSetup                
80176430  GPIO0ModuleClkConfig                 
801764e8  GPIO1ModuleClkConfig                 
80176550  GPIO1PinMuxSetup                     
80176570  GpioPinMuxSetup                      
801765c0  __aeabi_memcpy                       
801765c0  __aeabi_memcpy4                      
801765c0  __aeabi_memcpy8                      
801765c0  memcpy                               
80176740  _Dnorm                               
801768a0  InternalUSBTickInit                  
80176914  InternalUSBRegisterTickHandler       
8017694c  InternalUSBStartOfFrameTick          
801769e4  Init_Power                           
801769f0  PWR_ReadVoltages                     
80176b20  __aeabi_idiv                         
80176b20  __aeabi_idivmod                      
80176c50  SVC_Handler                          
80176c78  IRQHandler                           
80176d24  FIQHandler                           
80176d28  AbortHandler                         
80176d28  UndefInstHandler                     
80176d40  USB0DeviceIntHandler                 
80176db8  USB1DeviceIntHandler                 
80176e38  __aeabi_uidiv                        
80176e38  __aeabi_uidivmod                     
80176f28  SysDelayTimerSetup                   
80176f40  Sysdelay                             
80176fa0  SysStartTimer                        
80176fcc  SysStopTimer                         
80176fdc  SysIsTimerElapsed                    
80177018  MMU_ConfigAndEnable                  
801770ec  _Dunscale                            
801771a4  __aeabi_memclr                       
801771a4  __aeabi_memclr4                      
801771a4  __aeabi_memclr8                      
801771a8  __aeabi_memset                       
801771a8  __aeabi_memset4                      
801771a8  __aeabi_memset8                      
801771b4  memset                               
80177254  sprintf                              
801772fc  __TI_auto_init                       
801773a0  HSMMCSDPinMuxSetup                   
801773f8  HSMMCSDModuleClkConfig               
80177440  atoi                                 
801774c4  copy_in                              
80177548  start_boot                           
801775cc  ltoa                                 
8017764c  ldexp                                
801776b4  signal                               
80177718  CPUSwitchToPrivilegedMode            
80177720  CPUSwitchToUserMode                  
80177734  CPUAbortHandler                      
80177738  CPUirqd                              
80177748  CPUirqe                              
80177758  CPUfiqd                              
80177768  CPUfiqe                              
80177778  feraiseexcept                        
801777d0  DelayTimerSetup                      
801777dc  delay                                
801777f0  StartTimer                           
80177804  StopTimer                            
80177810  IsTimerElapsed                       
8017781c  raise                                
80177868  _Dclass                              
801778b0  _Feraise                             
801778f4  memcmp                               
80177928  frexp                                
80177958  memccpy                              
80177984  strchr                               
801779ac  _register_unlock                     
801779b8  _register_lock                       
801779c4  _nop                                 
801779d0  __aeabi_llsr                         
801779f4  strlen                               
80177a10  CPUIntStatus                         
80177a1c  __aeabi_idiv0                        
80177b88  WAV_PostComplete                     
8017b844  Screens                              
8017bdf4  _Errno                               
8017bdf8  _Denorm                              
8017be08  _Eps                                 
8017be18  _Hugeval                             
8017be28  _Inf                                 
8017be38  _Nan                                 
8017be48  _Snan                                
8017be58  _Rteps                               
8017be68  _Xbig                                
8017be70  _Zero                                
8017be78  WAV_Files                            
8017bf2b  NumCommand                           
8017bf2c  g_sMSCDeviceInfo                     
8017bfa4  intStatus                            
8017bfa8  g_bytesRead                          
8017bfac  g_bytesWritten                       
8017bfbe  gDMAflag                             
8017bfcc  g_psMSCSections                      
8017bfd6  RAM_CMD_Offset                       
8017bfd8  FT_DispWidth                         
8017bfda  FT_DispHeight                        
8017bfdc  FT_DispHCycle                        
8017bfde  FT_DispHOffset                       
8017bfe0  FT_DispHSync0                        
8017bfe2  FT_DispHSync1                        
8017bfe4  FT_DispVCycle                        
8017bfe6  FT_DispVOffset                       
8017bfe8  FT_DispVSync0                        
8017bfea  FT_DispVSync1                        
8017bfec  FT_DispPCLK                          
8017bfee  FT_DispSwizzle                       
8017bff0  FT_DispPCLKPol                       
8017bff2  FT_DispCSpread                       
8017bff4  FT_DispDither                        
8017bff6  BackLightSetting                     
8017bff7  CurrentSystemSettings                
8017c01c  AudioBytesTransferred                
8017c020  AUD_AudioTimeoutCount                
8017c024  LastWritePointerAddress              
8017c02c  TMR_NewScreenTagTimer                
8017c030  TMR_AudioPlaybackTimer               
8017c034  TMR_BacklightTimer                   
8017c03a  DefaultTimeDate                      
8017c044  UART_RX_place                        
8017c048  UART_TX_add                          
8017c04c  UART_TX_remove                       
8017c053  USBChangeStatusFlag0                 
8017c054  USBMSCFlag0                          
8017c058  g_bufferIndex                        
8017c05c  g_bUSBTimerInitialized               
8017c060  g_ulCurrentUSBTick                   
8017c064  g_ulUSBSOFCount                      
8017c068  g_ulMSCInstance                      
8017c070  _lock                                
8017c074  _unlock                              
8017c078  _Fenv                                
8017c07c  _Tls_setup__Fenv                     
90000000  USBDCDInit                           
900002e4  USBDCDTerm                           
90000400  USBDCDRequestDataEP0                 
90000478  USBDCDSendDataEP0                    
900004dc  USBDCDSetDefaultConfiguration        
90000508  USBDCDStallEP0                       
9000054c  USBDCDPowerStatusSet                 
900005b4  USBDCDRemoteWakeupRequest            
90000650  USBDeviceResumeTickHandler           
90000874  USBDeviceEnumHandler                 
90000aec  USBDeviceEnumResetHandler            
90001fac  USBDeviceIntHandlerInternal          
90002318  USBHostSuspend                       
9000233c  USBHostReset                         
90002388  USBHostResume                        
900023d4  USBHostSpeedGet                      
90002430  USBIntStatus                         
900024e0  USBIntDisable                        
9000259c  USBIntEnable                         
90002658  USBIntDisableControl                 
900026c4  USBIntEnableControl                  
9000272c  USBIntStatusControl                  
900027b0  USBIntDisableEndpoint                
900027fc  USBIntEnableEndpoint                 
90002848  USBIntStatusEndpoint                 
9000287c  USBIntRegister                       
900028a0  USBIntUnregister                     
900028b0  USBEndpointStatus                    
90002900  USBHostEndpointStatusClear           
9000298c  USBDevEndpointStatusClear            
90002a70  USBHostEndpointDataToggle            
90002b78  USBEndpointDataToggleClear           
90002be0  USBDevEndpointStall                  
90002c70  USBDevEndpointStallClear             
90002d40  USBDevConnect                        
90002d64  USBDevDisconnect                     
90002d88  USBDevAddrSet                        
90002da8  USBDevAddrGet                        
90002dc0  USBHostEndpointConfig                
90003028  USBDevEndpointConfigSet              
900031a8  USBDevEndpointConfigGet              
90003358  USBFIFOConfigSet                     
90003410  USBFIFOConfigGet                     
900034c8  USBEndpointDMAEnable                 
90003530  USBEndpointDMADisable                
90003598  USBEndpointDataAvail                 
90003604  USBEndpointDataGet                   
90003710  USBDevEndpointDataAck                
9000377c  USBHostEndpointDataAck               
900037d8  USBEndpointDataPut                   
90003888  USBEndpointDataSend                  
90003900  USBFIFOFlush                         
900039c4  USBHostRequestIN                     
90003a10  USBHostRequestINClear                
90003a64  USBHostAutoReqSet                    
90003ab8  USBHostAutoReqClear                  
90003b0c  USBRxChAbort                         
90003c0c  USBDmaTxChDisable                    
90003c64  USBDmaTxChTeardown                   
90003cfc  USBHostTxFifoFlush                   
90003de0  USBHostRequestStatus                 
90003dfc  USBHostAddrSet                       
90003e50  USBHostAddrGet                       
90003e98  USBHostHubAddrSet                    
90003eec  USBHostHubAddrGet                    
90003f34  USBHostPwrConfig                     
90003f80  USBHostPwrFaultEnable                
90003fa4  USBHostPwrFaultDisable               
90003fc8  USBHostPwrEnable                     
90003fec  USBHostPwrDisable                    
90004010  USBFrameNumberGet                    
90004028  USBOTGSessionRequest                 
90004074  USBFIFOAddrGet                       
90004098  USBModeGet                           
900040b4  USBEndpointDMAChannel                
9000411c  USBEnableOtgIntr                     
90004154  USBReset                             
90004198  USBClearOtgIntr                      
900041c4  USBDMSCMediaChange                   
900047e0  USBDMSCInit                          
90004814  USBDMSCCompositeInit                 
90004b24  USBDMSCTerm                          
900057c0  USBDSCSICommand                      
90005c70  USBDeviceConfig                      
90006110  USBDeviceConfigAlternate             
9000645c  USBDCDConfigDescGetSize              
900064c4  USBDCDConfigDescGetNum               
90006550  USBDCDConfigDescGet                  
90006650  USBDCDConfigGetNumAlternateInterfaces
900066ec  USBDCDConfigGetInterface             
90006744  USBDCDConfigGetInterfaceEndpoint     
90006818  USBDescGetNum                        
900068c4  USBDescGet                           
9000698c  USBDescGetNumAlternateInterfaces     
90006ae8  USBDescGetInterface                  
90006b34  USBDescGetInterfaceEndpoint          
90006b78  MMUInit                              
90006bd8  MMUMemRegionMap                      
90006cc8  MMUEnable                            
90006ce4  CacheDisable                         
90006d28  CacheEnable                          
90006d74  CacheInstInvalidateAll               
90006d80  CacheInstInvalidateBuff              
90006d9c  CacheDataCleanInvalidateAll          
90006da8  CacheDataCleanAll                    
90006db4  CacheDataInvalidateAll               
90006dc0  CacheDataCleanBuff                   
90006ddc  CacheDataInvalidateBuff              
90006df8  CacheDataCleanInvalidateBuff         
90006e14  USBDMSCStorageOpen                   
90006e34  USBDMSCStorageClose                  
90006e50  USBDMSCStorageRead                   
90006f08  USBDMSCStorageWrite                  
90006fc0  USBDMSCStorageNumBlocks              
90007070  USBVersionGet                        
90007078  USB0ModuleClkConfig                  
900070c0  USBEnableInt                         
900070e8  USBClearInt                          
900070f8  USBModuleClkEnable                   
9000710c  USBModuleClkDisable                  
90007134  UsbPhyOn                             
9000719c  UsbPhyOff                            
9ffff000  __stack                              
9ffff200  __STACK_END                          
ffffffff  __binit__                            
ffffffff  __c_args__                           
ffffffff  binit                                
UNDEFED   SHT$$INIT_ARRAY$$Base                
UNDEFED   SHT$$INIT_ARRAY$$Limit               
UNDEFED   __TI_CINIT_Base                      
UNDEFED   __TI_CINIT_Limit                     
UNDEFED   __TI_Handler_Table_Base              
UNDEFED   __TI_Handler_Table_Limit             

[1177 symbols]
