******************************************************************************
                  TI ARM Linker PC v5.2.5                      
******************************************************************************
>> Linked Tue Oct 04 13:27:09 2016

OUTPUT FILE NAME:   <BeagleBone_Smart_Controler.out>
ENTRY POINT SYMBOL: "Entry"  address: 80000000


MEMORY CONFIGURATION

         name            origin    length      used     unused   attr    fill
----------------------  --------  ---------  --------  --------  ----  --------
  SRAM_MEM              402f0400   0000fbff  00000000  0000fbff  RWIX
  L3_SRAM_MEM           40300000   0000ffff  00000000  0000ffff  RWIX
  DDR_MEM               80000000   10000000  000783d4  0ff87c2c  RWIX
  DDR_MEM_CACHE         90000000   10000000  00007420  0fff8be0  RWIX


SEGMENT ALLOCATION MAP

run origin  load origin   length   init length attrs members
----------  ----------- ---------- ----------- ----- -------
80000000    80000000    000636c0   000636c0    r-x
  80000000    80000000    000000d0   000000d0    r-x .text:Entry
  800000d0    800000d0    00042d10   00042d10    r-- .const
  80042de0    80042de0    000208e0   000208e0    r-x .text
80064000    80064000    00010803   00000000    rw-
  80064000    80064000    00010803   00000000    rw- .bss
80074808    80074808    00004511   00004511    rw-
  80074808    80074808    00004511   00004511    rw- .data
90000000    90000000    00007220   00007220    r-x
  90000000    90000000    00007220   00007220    r-x Cache_Code
9ffff000    9ffff000    00000200   00000000    rw-
  9ffff000    9ffff000    00000200   00000000    rw- .stack


SECTION ALLOCATION MAP

 output                                  attributes/
section   page    origin      length       input sections
--------  ----  ----------  ----------   ----------------
.text:Entry 
*          0    80000000    000000d0     
                  80000000    000000c8     init.obj (.text:Entry)
                  800000c8    00000008     rtsv7A8_A_le_v3_eabi.lib : autoinit.obj (.tramp.__TI_auto_init.1)

.const     0    800000d0    00042d10     
                  800000d0    0003fc00     BITMAP_CHARLIE_BEACH.obj (.const:.string:BITMAP_CharlieBeach)
                  8003fcd0    00002bc0     BITMAP_TV_REMOTE.obj (.const:.string:BITMAP_TVRemote)
                  80042890    00000101     rtsv7A8_A_le_v3_eabi.lib : ctype.obj (.const:.string:_ctypes_)
                  80042991    000000cc     BITMAP_SD_CARD_SYMBOL.obj (.const:.string:BITMAP_SD_Card_Symbol)
                  80042a5d    00000001     --HOLE-- [fill = 0]
                  80042a5e    00000078     usbdenum.obj (.const:g_sUSBDefaultFIFOConfig)
                  80042ad6    00000002     --HOLE-- [fill = 0]
                  80042ad8    00000070     MEMORY.obj (.const)
                  80042b48    00000058     BITMAP_USB_SYMBOL.obj (.const:.string:BITMAP_USB_Symbol)
                  80042ba0    00000048     usb_msc_structs.obj (.const:g_sMSCDevice)
                  80042be8    00000038     startup.obj (.const:vecTbl)
                  80042c20    00000034     usbdenum.obj (.const:g_psUSBDStdRequests)
                  80042c54    00000030     usb_msc_structs.obj (.const:.string:g_pConfigString)
                  80042c84    00000029     usbdmsc.obj (.const:.string)
                  80042cad    00000028     usb_msc_structs.obj (.const:.string:g_pDataInterfaceString)
                  80042cd5    00000028     usb_msc_structs.obj (.const:.string:g_pProductString)
                  80042cfd    00000024     usb_msc_structs.obj (.const:.string:g_pManufacturerString)
                  80042d21    00000003     --HOLE-- [fill = 0]
                  80042d24    0000001d     usbdmsc.obj (.const)
                  80042d41    00000003     --HOLE-- [fill = 0]
                  80042d44    00000018     USB_MSC_HOST.obj (.const)
                  80042d5c    00000018     usb_msc_structs.obj (.const)
                  80042d74    00000016     usb_msc_structs.obj (.const:.string)
                  80042d8a    00000002     --HOLE-- [fill = 0]
                  80042d8c    00000010     CMD.obj (.const)
                  80042d9c    00000010     usbhmsc.obj (.const)
                  80042dac    0000000c     BITMAP_CHARLIE_BEACH.obj (.const)
                  80042db8    0000000c     BITMAP_SD_CARD_SYMBOL.obj (.const)
                  80042dc4    0000000c     BITMAP_TV_REMOTE.obj (.const)
                  80042dd0    0000000c     BITMAP_USB_SYMBOL.obj (.const)
                  80042ddc    00000004     startup.obj (.const)

.text      0    80042de0    000208e0     
                  80042de0    00004b00     usbhostenum.obj (.text)
                  800478e0    00003638     ff.obj (.text)
                  8004af18    00002a68     LCD.obj (.text)
                  8004d980    00001d10     uart_irda_cir.obj (.text)
                  8004f690    000018d0     rtsv7A8_A_le_v3_eabi.lib : _printfi.obj (.text)
                  80050f60    00001580     rtc.obj (.text)
                  800524e0    000013e4     SD.obj (.text)
                  800538c4    000012ac     EMMC.obj (.text)
                  80054b70    000011d8     tsc_adc.obj (.text)
                  80055d48    00000e38     GUI.obj (.text)
                  80056b80    00000be4     mcspi.obj (.text)
                  80057764    00000b50     gpio_v2.obj (.text)
                  800582b4    00000ad0     hsi2c.obj (.text)
                  80058d84    000009f0     hs_mmcsd.obj (.text)
                  80059774    000008c0     MISC.obj (.text)
                  8005a034    00000780     dmtimer_driver.obj (.text)
                  8005a7b4    0000072c     usbhmsc.obj (.text)
                  8005aee0    000006c4     FRAM.obj (.text)
                  8005b5a4    0000069c     dmtimer.obj (.text)
                  8005bc40    000005e8     usbhscsi.obj (.text)
                  8005c228    000005e0     INTERRUPTS.obj (.text)
                  8005c808    00000510     SPI.obj (.text)
                  8005cd18    00000504     AUDIO.obj (.text)
                  8005d21c    000004a0     UART.obj (.text)
                  8005d6bc    00000498     GPIO.obj (.text)
                  8005db54    00000488     cp15.obj (.text)
                  8005dfdc    00000438     fat_mmcsd.obj (.text)
                  8005e414    00000418     hsi2c.obj (.text)
                  8005e82c    00000408     USB_MSC_HOST.obj (.text)
                  8005ec34    000003e4     interrupt.obj (.text)
                  8005f018    000003e0     mcspi.obj (.text)
                  8005f3f8    0000033c     RTCC.obj (.text)
                  8005f734    00000318     main.obj (.text)
                  8005fa4c    000002e8     WAV.obj (.text)
                  8005fd34    000002dc     tscAdc.obj (.text)
                  80060010    000002d8     USB_MSC_DEVICE.obj (.text)
                  800602e8    000002c8     LEDS.obj (.text)
                  800605b0    000002b8     rtsv7A8_A_le_v3_eabi.lib : ull_div32.obj (.text)
                  80060868    0000029c     ADC.obj (.text)
                  80060b04    00000290     I2C.obj (.text)
                  80060d94    00000274     rtc.obj (.text)
                  80061008    00000270     TIMERS.obj (.text)
                  80061278    00000220     cpld.obj (.text)
                  80061498    00000204     TEST.obj (.text)
                  8006169c    000001d8     CMD.obj (.text)
                  80061874    000001d4     EEPROM.obj (.text)
                  80061a48    000001d0     PMIC.obj (.text)
                  80061c18    000001a8     rtsv7A8_A_le_v3_eabi.lib : xdscale.obj (.text)
                  80061dc0    000001a0     gpio.obj (.text)
                  80061f60    00000198     SYSTEM.obj (.text)
                  800620f8    00000180     rtsv7A8_A_le_v3_eabi.lib : memcpy32.obj (.text)
                  80062278    00000160                              : xdnorm.obj (.text)
                  800623d8    00000144     usbtick.obj (.text)
                  8006251c    0000013c     POWER.obj (.text)
                  80062658    00000114     rtsv7A8_A_le_v3_eabi.lib : i_div32.obj (.text)
                  8006276c    0000010c     exceptionhandler.obj (.text)
                  80062878    000000f8     usbdhandler.obj (.text)
                  80062970    000000f0     rtsv7A8_A_le_v3_eabi.lib : u_div32.obj (.text)
                  80062a60    000000f0     sysdelay.obj (.text)
                  80062b50    000000d4     MEMORY.obj (.text)
                  80062c24    000000b8     rtsv7A8_A_le_v3_eabi.lib : xdunscal.obj (.text)
                  80062cdc    000000b0                              : memset32.obj (.text)
                  80062d8c    000000a8                              : sprintf.obj (.text)
                  80062e34    000000a4                              : autoinit.obj (.text)
                  80062ed8    000000a0     hs_mmcsd.obj (.text)
                  80062f78    00000084     rtsv7A8_A_le_v3_eabi.lib : atoi.obj (.text)
                  80062ffc    00000084                              : cpy_tbl.obj (.text)
                  80063080    00000084     startup.obj (.text)
                  80063104    00000080     rtsv7A8_A_le_v3_eabi.lib : ltoa.obj (.text)
                  80063184    00000068                              : ldexp.obj (.text)
                  800631ec    00000064                              : signal.obj (.text)
                  80063250    00000060     cpu.obj (.text)
                  800632b0    00000058     rtsv7A8_A_le_v3_eabi.lib : feraiseexcept.obj (.text)
                  80063308    0000004c     delay.obj (.text)
                  80063354    0000004c     rtsv7A8_A_le_v3_eabi.lib : raise.obj (.text)
                  800633a0    00000048                              : xdclass.obj (.text)
                  800633e8    00000044                              : xferaise.obj (.text)
                  8006342c    00000034                              : memcmp.obj (.text)
                  80063460    00000030                              : frexp.obj (.text)
                  80063490    0000002c                              : memccpy.obj (.text)
                  800634bc    00000028                              : strchr.obj (.text)
                  800634e4    00000024                              : _lock.obj (.text)
                  80063508    00000024                              : ll_lsr32.obj (.text)
                  8006352c    0000001c                              : strlen.obj (.text)
                  80063548    0000000c     cpu.obj (.text:CPUIntStatus)
                  80063554    00000004     rtsv7A8_A_le_v3_eabi.lib : i_div0.obj (.text)
                  80063558    00000008     usb_driver.obj (.tramp.USBFIFOConfigSet.1)
                  80063560    00000008     usb_driver.obj (.tramp.USBHostAddrSet.1)
                  80063568    00000008     usb_driver.obj (.tramp.USBHostEndpointConfig.1)
                  80063570    00000008     usb_driver.obj (.tramp.USBEndpointDataPut.1)
                  80063578    00000008     usb_driver.obj (.tramp.USBEndpointDataSend.1)
                  80063580    00000008     usb_driver.obj (.tramp.USBEndpointStatus.1)
                  80063588    00000008     usb_driver.obj (.tramp.USBHostRequestIN.1)
                  80063590    00000008     usb_driver.obj (.tramp.USBEndpointDataGet.1)
                  80063598    00000008     usb_driver.obj (.tramp.USBHostEndpointDataAck.1)
                  800635a0    00000008     usb_driver.obj (.tramp.USBEnableOtgIntr.1)
                  800635a8    00000008     usb_driver.obj (.tramp.USBIntEnableControl.1)
                  800635b0    00000008     usb_driver.obj (.tramp.USBIntEnableEndpoint.1)
                  800635b8    00000008     usb_driver.obj (.tramp.USBOTGSessionRequest.1)
                  800635c0    00000008     usb_driver.obj (.tramp.USBHostPwrConfig.1)
                  800635c8    00000008     usb_driver.obj (.tramp.USBHostPwrEnable.1)
                  800635d0    00000008     usb.obj (.tramp.USBModuleClkEnable.1)
                  800635d8    00000008     usb_driver.obj (.tramp.USBReset.1)
                  800635e0    00000008     usbphyGS70.obj (.tramp.UsbPhyOn.1)
                  800635e8    00000008     usb_driver.obj (.tramp.USBHostPwrDisable.1)
                  800635f0    00000008     usb_driver.obj (.tramp.USBIntDisableControl.1)
                  800635f8    00000008     usb_driver.obj (.tramp.USBIntDisableEndpoint.1)
                  80063600    00000008     usb_driver.obj (.tramp.USBHostReset.1)
                  80063608    00000008     usb_driver.obj (.tramp.USBHostSuspend.1)
                  80063610    00000008     usb_driver.obj (.tramp.USBHostResume.1)
                  80063618    00000008     usb_driver.obj (.tramp.USBEndpointDataToggleClear.1)
                  80063620    00000008     usb_driver.obj (.tramp.USBIntStatusControl.1)
                  80063628    00000008     usb_driver.obj (.tramp.USBHostEndpointStatusClear.1)
                  80063630    00000008     usb_driver.obj (.tramp.USBFIFOFlush.1)
                  80063638    00000008     usbdesc.obj (.tramp.USBDescGetInterface.1)
                  80063640    00000008     usbphyGS70.obj (.tramp.UsbPhyOff.1)
                  80063648    00000008     usb_driver.obj (.tramp.USBHostRequestStatus.1)
                  80063650    00000008     usb_driver.obj (.tramp.USBDevEndpointDataAck.1)
                  80063658    00000008     usb_driver.obj (.tramp.USBHostAutoReqClear.1)
                  80063660    00000008     usb_driver.obj (.tramp.USBHostRequestINClear.1)
                  80063668    00000008     usb_driver.obj (.tramp.USBHostAutoReqSet.1)
                  80063670    00000008     usb_driver.obj (.tramp.USBHostSpeedGet.1)
                  80063678    00000008     usbdesc.obj (.tramp.USBDescGetInterfaceEndpoint.1)
                  80063680    00000008     usbdenum.obj (.tramp.USBDeviceIntHandlerInternal.1)
                  80063688    00000008     cache.obj (.tramp.CacheEnable.1)
                  80063690    00000008     usb.obj (.tramp.USB0ModuleClkConfig.1)
                  80063698    00000008     cache.obj (.tramp.CacheDataCleanInvalidateAll.1)
                  800636a0    00000008     usbdmsc.obj (.tramp.USBDMSCInit.1)
                  800636a8    00000008     mmu.obj (.tramp.MMUInit.1)
                  800636b0    00000008     mmu.obj (.tramp.MMUMemRegionMap.1)
                  800636b8    00000008     mmu.obj (.tramp.MMUEnable.1)

.bss       0    80064000    00010803     UNINITIALIZED
                  80064000    00004000     EMMC.obj (.bss:EMMC_Buffer)
                  80068000    00004000     SD.obj (.bss:SD_Buffer)
                  8006c000    00004000     MEMORY.obj (.bss:pageTable)
                  80070000    00000ad0     usbhostenum.obj (.bss:g_sUSBHCD)
                  80070ad0    00000830     usb_msc_structs.obj (.bss:g_sMSCInstance)
                  80071300    000007d0     UART.obj (.bss:UART_RX_buffer)
                  80071ad0    000007d0     UART.obj (.bss:UART_TX_buffer)
                  800722a0    00000018     (.common:I2C_0_Buffers)
                  800722b8    00000008     (.common:SCR)
                  800722c0    00000400     EMMC.obj (.bss:FileDataBuffer)
                  800726c0    00000400     SD.obj (.bss:FileDataBuffer)
                  80072ac0    00000400     USB_MSC_HOST.obj (.bss:FileDataBuffer)
                  80072ec0    000003e8     MISC.obj (.bss:MISC_Buffer)
                  800732a8    00000014     (.common:g_sDirObject)
                  800732bc    00000004     (.common:BlockLength)
                  800732c0    00000248     EMMC.obj (.bss:fileWrite)
                  80073508    00000030     usbdata.obj (.bss:g_USBInstance)
                  80073538    00000008     (.common:Size)
                  80073540    00000248     SD.obj (.bss:fileWrite)
                  80073788    00000024     fat_mmcsd.obj (.bss:fat_devices)
                  800737ac    00000010     (.common:CID)
                  800737bc    00000004     (.common:BlockLength)
                  800737c0    00000248     USB_MSC_HOST.obj (.bss:fileWrite)
                  80073a08    00000010     (.common:CID)
                  80073a18    00000010     (.common:CSD)
                  80073a28    00000010     (.common:CSD)
                  80073a38    00000008     (.common:Size)
                  80073a40    00000240     EMMC.obj (.bss:g_EMMC_FatFs)
                  80073c80    00000240     SD.obj (.bss:g_SD_FatFs)
                  80073ec0    00000240     USB_MSC_HOST.obj (.bss:g_sFatFs)
                  80074100    00000200     EMMC.obj (.bss:EXT_CSD)
                  80074300    00000200     interrupt.obj (.bss:fnRAMVectors)
                  80074500    000000a8     usbdenum.obj (.bss:g_psUSBDevice)
                  800745a8    00000080     USB_MSC_HOST.obj (.bss:g_pHCDPool)
                  80074628    00000040     POWER.obj (.bss:Voltage)
                  80074668    00000040     usbhmsc.obj (.bss:g_USBHMSCDevice)
                  800746a8    00000040     usbdmsc.obj (.bss:g_pucCommand)
                  800746e8    00000040     usbdenum.obj (.bss:g_pucDataBufferIn)
                  80074728    00000010     (.common:EEPROM_Contents)
                  80074738    00000010     (.common:response)
                  80074748    00000010     (.common:response)
                  80074758    0000000c     (.common:Command_String)
                  80074764    0000000c     (.common:FatFs)
                  80074770    0000000c     (.common:g_pfTickHandlers)
                  8007477c    0000000c     (.common:g_pvTickInstance)
                  80074788    0000000a     (.common:CurrentTimeDate)
                  80074792    00000002     (.common:BytesWritten)
                  80074794    00000008     (.common:g_ulAlloc)
                  8007479c    00000008     (.common:g_ulConnectRetry)
                  800747a4    00000004     (.common:BusWidth)
                  800747a8    00000004     (.common:BusWidth)
                  800747ac    00000004     (.common:HighCap)
                  800747b0    00000004     (.common:HighCap)
                  800747b4    00000004     (.common:NumberBlocks)
                  800747b8    00000004     (.common:NumberBlocks)
                  800747bc    00000004     (.common:OCR)
                  800747c0    00000004     (.common:OCR)
                  800747c4    00000004     (.common:RCA)
                  800747c8    00000004     (.common:RCA)
                  800747cc    00000004     (.common:SD_Version)
                  800747d0    00000004     (.common:TransSpeed)
                  800747d4    00000004     (.common:TransSpeed)
                  800747d8    00000004     (.common:dummy)
                  800747dc    00000004     (.common:g_sDriveInformation)
                  800747e0    00000004     (.common:g_ulFlags)
                  800747e4    00000004     (.common:g_ulIdleTimeout)
                  800747e8    00000004     (.common:p_CurrentScreen)
                  800747ec    00000004     (.common:p_CurrentWAVFile)
                  800747f0    00000004     (.common:p_PreviousScreen)
                  800747f4    00000002     (.common:BytesWritten)
                  800747f6    00000002     (.common:BytesWritten)
                  800747f8    00000002     (.common:fsid)
                  800747fa    00000001     (.common:CurrentScreen)
                  800747fb    00000001     (.common:PreviousPreviousScreen)
                  800747fc    00000001     (.common:PreviousScreen)
                  800747fd    00000001     (.common:Result)
                  800747fe    00000001     (.common:Result)
                  800747ff    00000001     (.common:Result)
                  80074800    00000001     (.common:g_eMSCState)
                  80074801    00000001     (.common:g_eState)
                  80074802    00000001     (.common:g_eUIState)

.TI.noinit 
*          0    80064000    00000000     UNINITIALIZED

.data      0    80074808    00004511     
                  80074808    00003cbc     WAV_POST_COMPLETE.obj (.data:WAV_PostComplete)
                  800784c4    00000500     GUI.obj (.data:Screens)
                  800789c4    000000b0     rtsv7A8_A_le_v3_eabi.lib : signal.obj (.data:sigtable)
                  80078a74    00000004     USB_MSC_HOST.obj (.data)
                  80078a78    00000080     rtsv7A8_A_le_v3_eabi.lib : xvalues.obj (.data)
                  80078af8    00000062     WAV.obj (.data:WAV_Files)
                  80078b5a    00000050     USB_MSC_HOST.obj (.data:g_cCwdBuf)
                  80078baa    00000002     CMD.obj (.data)
                  80078bac    00000048     usbdmsc.obj (.data:g_sMSCDeviceInfo)
                  80078bf4    00000030     usbhostenum.obj (.data:g_sUSBHEP0State)
                  80078c24    00000030     usbdmsc.obj (.data)
                  80078c54    00000023     LCD.obj (.data)
                  80078c77    0000001f     FRAM.obj (.data)
                  80078c96    00000002     EMMC.obj (.data)
                  80078c98    00000010     AUDIO.obj (.data)
                  80078ca8    00000010     TIMERS.obj (.data)
                  80078cb8    0000000c     RTCC.obj (.data)
                  80078cc4    0000000c     UART.obj (.data)
                  80078cd0    0000000c     USB_MSC_DEVICE.obj (.data)
                  80078cdc    0000000c     usbtick.obj (.data)
                  80078ce8    00000008     rtsv7A8_A_le_v3_eabi.lib : _lock.obj (.data)
                  80078cf0    00000008                              : feraiseexcept.obj (.data)
                  80078cf8    00000008     usbdenum.obj (.data)
                  80078d00    00000008     usbhostenum.obj (.data)
                  80078d08    00000004     rtsv7A8_A_le_v3_eabi.lib : errno.obj (.data)
                  80078d0c    00000004     sysdelay.obj (.data)
                  80078d10    00000003     GUI.obj (.data)
                  80078d13    00000003     SD.obj (.data)
                  80078d16    00000001     ADC.obj (.data)
                  80078d17    00000001     I2C.obj (.data)
                  80078d18    00000001     fat_mmcsd.obj (.data)

.TI.persistent 
*          0    80074808    00000000     UNINITIALIZED

Cache_Code 
*          0    90000000    00007220     
                  90000000    00002234     usbdenum.obj (.text)
                  90002234    00001f90     usb_driver.obj (.text)
                  900041c4    000018e0     usbdmsc.obj (.text)
                  90005aa4    00000830     usbdconfig.obj (.text)
                  900062d4    00000544     usbdcdesc.obj (.text)
                  90006818    00000360     usbdesc.obj (.text)
                  90006b78    0000016c     mmu.obj (.text)
                  90006ce4    00000130     cache.obj (.text)
                  90006e14    00000158     usbdmscglue.obj (.text)
                  90006f6c    000000c4     usb.obj (.text)
                  90007030    000000c8     usbphyGS70.obj (.text)
                  900070f8    00000008     delay.obj (.tramp.delay.1)
                  90007100    00000008     interrupt.obj (.tramp.IntSystemEnable.1)
                  90007108    00000008     interrupt.obj (.tramp.IntSystemDisable.1)
                  90007110    00000008     rtsv7A8_A_le_v3_eabi.lib : u_div32.obj (.tramp.__aeabi_uidivmod.1)
                  90007118    00000008                              : memcpy32.obj (.tramp.memcpy.1)
                  90007120    00000008     usbtick.obj (.tramp.InternalUSBStartOfFrameTick.1)
                  90007128    00000008     interrupt.obj (.tramp.IntRegister.1)
                  90007130    00000008     interrupt.obj (.tramp.IntEnable.1)
                  90007138    00000008     interrupt.obj (.tramp.IntDisable.1)
                  90007140    00000008     rtsv7A8_A_le_v3_eabi.lib : memset32.obj (.tramp.memset.1)
                  90007148    00000008     cp15.obj (.tramp.CP15TlbInvalidate.1)
                  90007150    00000008     cp15.obj (.tramp.CP15DomainAccessClientSet.1)
                  90007158    00000008     cp15.obj (.tramp.CP15ControlFeatureDisable.1)
                  90007160    00000008     cp15.obj (.tramp.CP15TtbCtlTtb0Config.1)
                  90007168    00000008     cp15.obj (.tramp.CP15Ttb0Set.1)
                  90007170    00000008     cp15.obj (.tramp.CP15MMUEnable.1)
                  90007178    00000008     cp15.obj (.tramp.CP15ICacheDisable.1)
                  90007180    00000008     cp15.obj (.tramp.CP15DCacheDisable.1)
                  90007188    00000008     cp15.obj (.tramp.CP15MainIdPrimPartNumGet.1)
                  90007190    00000008     cp15.obj (.tramp.CP15AuxControlFeatureDisable.1)
                  90007198    00000008     cp15.obj (.tramp.CP15ICacheFlush.1)
                  900071a0    00000008     cp15.obj (.tramp.CP15ICacheEnable.1)
                  900071a8    00000008     cp15.obj (.tramp.CP15AuxControlFeatureEnable.1)
                  900071b0    00000008     cp15.obj (.tramp.CP15DCacheFlush.1)
                  900071b8    00000008     cp15.obj (.tramp.CP15DCacheEnable.1)
                  900071c0    00000008     cp15.obj (.tramp.CP15ICacheFlushBuff.1)
                  900071c8    00000008     cp15.obj (.tramp.CP15DCacheCleanFlush.1)
                  900071d0    00000008     cp15.obj (.tramp.CP15DCacheClean.1)
                  900071d8    00000008     cp15.obj (.tramp.CP15DCacheCleanBuff.1)
                  900071e0    00000008     cp15.obj (.tramp.CP15DCacheFlushBuff.1)
                  900071e8    00000008     cp15.obj (.tramp.CP15DCacheCleanFlushBuff.1)
                  900071f0    00000008     USB_MSC_DEVICE.obj (.tramp.USB_GetMSCDevice_EMMC_or_SD.1)
                  900071f8    00000008     SD.obj (.tramp.SD_ReadBlocks.1)
                  90007200    00000008     EMMC.obj (.tramp.EMMC_ReadBlocks.1)
                  90007208    00000008     SD.obj (.tramp.SD_WriteBlocks.1)
                  90007210    00000008     EMMC.obj (.tramp.EMMC_WriteBlocks.1)
                  90007218    00000008     EMMC.obj (.tramp.EMMC_GetNumberBlocks.1)

.stack     0    9ffff000    00000200     UNINITIALIZED
                  9ffff000    00000200     --HOLE--


FAR CALL TRAMPOLINES

callee name               trampoline name
   callee addr  tramp addr   call addr  call info
--------------  -----------  ---------  ----------------
__TI_auto_init            $Tramp$AA$S$$__TI_auto_init
   80062e34     800000c8     800000a0   init.obj (.text:Entry)
delay                     $Tramp$AA$L$PI$$delay
   80063314     900070f8     900002a8   usbdenum.obj (.text)
                             90003b70   usb_driver.obj (.text)
IntSystemEnable           $Tramp$AA$L$PI$$IntSystemEnable
   8005ed24     90007100     900002d8   usbdenum.obj (.text)
IntSystemDisable          $Tramp$AA$L$PI$$IntSystemDisable
   8005ed58     90007108     90000330   usbdenum.obj (.text)
__aeabi_uidivmod          $Tramp$AA$L$PI$$__aeabi_uidivmod
   80062970     90007110     90001344   usbdenum.obj (.text)
memcpy                    $Tramp$AA$L$PI$$memcpy
   800620f8     90007118     90001bac   usbdenum.obj (.text)
InternalUSBStartOfFrameTick  $Tramp$AA$L$PI$$InternalUSBStartOfFrameTick
   80062484     90007120     90002184   usbdenum.obj (.text)
IntRegister               $Tramp$AA$L$PI$$IntRegister
   8005ec38     90007128     90002890   usb_driver.obj (.text)
IntEnable                 $Tramp$AA$L$PI$$IntEnable
   8005efbc     90007130     90002898   usb_driver.obj (.text)
IntDisable                $Tramp$AA$L$PI$$IntDisable
   8005efa4     90007138     900028a8   usb_driver.obj (.text)
memset                    $Tramp$AA$L$PI$$memset
   80062cec     90007140     9000469c   usbdmsc.obj (.text)
CP15TlbInvalidate         $Tramp$AA$L$PI$$CP15TlbInvalidate
   8005dee4     90007148     90006b80   mmu.obj (.text)
CP15DomainAccessClientSet  $Tramp$AA$L$PI$$CP15DomainAccessClientSet
   8005df54     90007150     90006b84   mmu.obj (.text)
CP15ControlFeatureDisable  $Tramp$AA$L$PI$$CP15ControlFeatureDisable
   8005df64     90007158     90006b8c   mmu.obj (.text)
CP15TtbCtlTtb0Config      $Tramp$AA$L$PI$$CP15TtbCtlTtb0Config
   8005df8c     90007160     90006b90   mmu.obj (.text)
CP15Ttb0Set               $Tramp$AA$L$PI$$CP15Ttb0Set
   8005ded8     90007168     90006cd4   mmu.obj (.text)
CP15MMUEnable             $Tramp$AA$L$PI$$CP15MMUEnable
   8005df08     90007170     90006cd8   mmu.obj (.text)
CP15ICacheDisable         $Tramp$AA$L$PI$$CP15ICacheDisable
   8005db54     90007178     90006cf8   cache.obj (.text)
CP15DCacheDisable         $Tramp$AA$L$PI$$CP15DCacheDisable
   8005db70     90007180     90006d08   cache.obj (.text)
CP15MainIdPrimPartNumGet  $Tramp$AA$L$PI$$CP15MainIdPrimPartNumGet
   8005dfc4     90007188     90006d0c   cache.obj (.text)
                             90006d50   cache.obj (.text)
CP15AuxControlFeatureDisable  $Tramp$AA$L$PI$$CP15AuxControlFeatureDisable
   8005dfb0     90007190     90006d20   cache.obj (.text)
CP15ICacheFlush           $Tramp$AA$L$PI$$CP15ICacheFlush
   8005dd68     90007198     90006d3c   cache.obj (.text)
                             90006d78   cache.obj (.text)
CP15ICacheEnable          $Tramp$AA$L$PI$$CP15ICacheEnable
   8005db8c     900071a0     90006d40   cache.obj (.text)
CP15AuxControlFeatureEnable  $Tramp$AA$L$PI$$CP15AuxControlFeatureEnable
   8005df9c     900071a8     90006d64   cache.obj (.text)
CP15DCacheFlush           $Tramp$AA$L$PI$$CP15DCacheFlush
   8005dbac     900071b0     90006d68   cache.obj (.text)
                             90006db8   cache.obj (.text)
CP15DCacheEnable          $Tramp$AA$L$PI$$CP15DCacheEnable
   8005db9c     900071b8     90006d6c   cache.obj (.text)
CP15ICacheFlushBuff       $Tramp$AA$L$PI$$CP15ICacheFlushBuff
   8005de84     900071c0     90006d94   cache.obj (.text)
CP15DCacheCleanFlush      $Tramp$AA$L$PI$$CP15DCacheCleanFlush
   8005dcd4     900071c8     90006da0   cache.obj (.text)
CP15DCacheClean           $Tramp$AA$L$PI$$CP15DCacheClean
   8005dc40     900071d0     90006dac   cache.obj (.text)
CP15DCacheCleanBuff       $Tramp$AA$L$PI$$CP15DCacheCleanBuff
   8005dd78     900071d8     90006dd4   cache.obj (.text)
CP15DCacheFlushBuff       $Tramp$AA$L$PI$$CP15DCacheFlushBuff
   8005de20     900071e0     90006df0   cache.obj (.text)
CP15DCacheCleanFlushBuff  $Tramp$AA$L$PI$$CP15DCacheCleanFlushBuff
   8005ddcc     900071e8     90006e0c   cache.obj (.text)
USB_GetMSCDevice_EMMC_or_SD  $Tramp$AA$L$PI$$USB_GetMSCDevice_EMMC_or_SD
   80060044     900071f0     90006e68   usbdmscglue.obj (.text)
                             90006ed4   usbdmscglue.obj (.text)
                             90006f24   usbdmscglue.obj (.text)
SD_ReadBlocks             $Tramp$AA$L$PI$$SD_ReadBlocks
   8005368c     900071f8     90006e80   usbdmscglue.obj (.text)
EMMC_ReadBlocks           $Tramp$AA$L$PI$$EMMC_ReadBlocks
   800546bc     90007200     90006ea0   usbdmscglue.obj (.text)
SD_WriteBlocks            $Tramp$AA$L$PI$$SD_WriteBlocks
   800534cc     90007208     90006eec   usbdmscglue.obj (.text)
EMMC_WriteBlocks          $Tramp$AA$L$PI$$EMMC_WriteBlocks
   80054520     90007210     90006f00   usbdmscglue.obj (.text)
EMMC_GetNumberBlocks      $Tramp$AA$L$PI$$EMMC_GetNumberBlocks
   80054858     90007218     90006f50   usbdmscglue.obj (.text)
USBFIFOConfigSet          $Tramp$AA$L$PI$$USBFIFOConfigSet
   90003358     80063558     800432c8   usbhostenum.obj (.text)
                             8004346c   usbhostenum.obj (.text)
USBHostAddrSet            $Tramp$AA$L$PI$$USBHostAddrSet
   90003dfc     80063560     800432f4   usbhostenum.obj (.text)
                             80043498   usbhostenum.obj (.text)
                             80046fe0   usbhostenum.obj (.text)
USBHostEndpointConfig     $Tramp$AA$L$PI$$USBHostEndpointConfig
   90002dc0     80063568     800439a4   usbhostenum.obj (.text)
                             80044bcc   usbhostenum.obj (.text)
USBEndpointDataPut        $Tramp$AA$L$PI$$USBEndpointDataPut
   900037d8     80063570     80043adc   usbhostenum.obj (.text)
                             80043f94   usbhostenum.obj (.text)
                             80047004   usbhostenum.obj (.text)
                             80047680   usbhostenum.obj (.text)
USBEndpointDataSend       $Tramp$AA$L$PI$$USBEndpointDataSend
   90003888     80063578     80043afc   usbhostenum.obj (.text)
                             80043fb4   usbhostenum.obj (.text)
                             80047090   usbhostenum.obj (.text)
                             8004751c   usbhostenum.obj (.text)
                             800476ac   usbhostenum.obj (.text)
                             800476d0   usbhostenum.obj (.text)
USBEndpointStatus         $Tramp$AA$L$PI$$USBEndpointStatus
   900028b0     80063580     80043be8   usbhostenum.obj (.text)
                             80044270   usbhostenum.obj (.text)
                             80045e54   usbhostenum.obj (.text)
                             8004606c   usbhostenum.obj (.text)
                             80047238   usbhostenum.obj (.text)
USBHostRequestIN          $Tramp$AA$L$PI$$USBHostRequestIN
   900039c4     80063588     80044000   usbhostenum.obj (.text)
                             80044184   usbhostenum.obj (.text)
                             80047348   usbhostenum.obj (.text)
                             8004753c   usbhostenum.obj (.text)
USBEndpointDataGet        $Tramp$AA$L$PI$$USBEndpointDataGet
   90003604     80063590     80044064   usbhostenum.obj (.text)
                             80044410   usbhostenum.obj (.text)
                             8004742c   usbhostenum.obj (.text)
USBHostEndpointDataAck    $Tramp$AA$L$PI$$USBHostEndpointDataAck
   9000377c     80063598     80044080   usbhostenum.obj (.text)
                             8004442c   usbhostenum.obj (.text)
USBEnableOtgIntr          $Tramp$AA$L$PI$$USBEnableOtgIntr
   9000411c     800635a0     80044be4   usbhostenum.obj (.text)
USBIntEnableControl       $Tramp$AA$L$PI$$USBIntEnableControl
   900026c4     800635a8     80044c00   usbhostenum.obj (.text)
USBIntEnableEndpoint      $Tramp$AA$L$PI$$USBIntEnableEndpoint
   900027fc     800635b0     80044c1c   usbhostenum.obj (.text)
USBOTGSessionRequest      $Tramp$AA$L$PI$$USBOTGSessionRequest
   90004028     800635b8     80044c70   usbhostenum.obj (.text)
                             80045178   usbhostenum.obj (.text)
                             80045c9c   usbhostenum.obj (.text)
USBHostPwrConfig          $Tramp$AA$L$PI$$USBHostPwrConfig
   90003f34     800635c0     80044da0   usbhostenum.obj (.text)
USBHostPwrEnable          $Tramp$AA$L$PI$$USBHostPwrEnable
   90003fc8     800635c8     80044dd4   usbhostenum.obj (.text)
                             80045c80   usbhostenum.obj (.text)
                             80045cf8   usbhostenum.obj (.text)
USBModuleClkEnable        $Tramp$AA$L$PI$$USBModuleClkEnable
   90006ff4     800635d0     80045010   usbhostenum.obj (.text)
USBReset                  $Tramp$AA$L$PI$$USBReset
   90004154     800635d8     80045028   usbhostenum.obj (.text)
                             80046b10   usbhostenum.obj (.text)
                             80046da0   usbhostenum.obj (.text)
                             80046e54   usbhostenum.obj (.text)
UsbPhyOn                  $Tramp$AA$L$PI$$UsbPhyOn
   90007030     800635e0     80045030   usbhostenum.obj (.text)
USBHostPwrDisable         $Tramp$AA$L$PI$$USBHostPwrDisable
   90003fec     800635e8     80045190   usbhostenum.obj (.text)
USBIntDisableControl      $Tramp$AA$L$PI$$USBIntDisableControl
   90002658     800635f0     800451c4   usbhostenum.obj (.text)
USBIntDisableEndpoint     $Tramp$AA$L$PI$$USBIntDisableEndpoint
   900027b0     800635f8     800451e0   usbhostenum.obj (.text)
USBHostReset              $Tramp$AA$L$PI$$USBHostReset
   9000233c     80063600     80045358   usbhostenum.obj (.text)
                             8004537c   usbhostenum.obj (.text)
USBHostSuspend            $Tramp$AA$L$PI$$USBHostSuspend
   90002318     80063608     800453a8   usbhostenum.obj (.text)
USBHostResume             $Tramp$AA$L$PI$$USBHostResume
   90002388     80063610     800453d0   usbhostenum.obj (.text)
                             800453f4   usbhostenum.obj (.text)
USBEndpointDataToggleClear  $Tramp$AA$L$PI$$USBEndpointDataToggleClear
   90002b78     80063618     800457d8   usbhostenum.obj (.text)
                             80045804   usbhostenum.obj (.text)
USBIntStatusControl       $Tramp$AA$L$PI$$USBIntStatusControl
   9000272c     80063620     80045bcc   usbhostenum.obj (.text)
USBHostEndpointStatusClear  $Tramp$AA$L$PI$$USBHostEndpointStatusClear
   90002900     80063628     80045e8c   usbhostenum.obj (.text)
                             80045f1c   usbhostenum.obj (.text)
                             80045fa8   usbhostenum.obj (.text)
                             800460a4   usbhostenum.obj (.text)
                             80046134   usbhostenum.obj (.text)
                             80047268   usbhostenum.obj (.text)
                             800472d0   usbhostenum.obj (.text)
                             800473a8   usbhostenum.obj (.text)
USBFIFOFlush              $Tramp$AA$L$PI$$USBFIFOFlush
   90003900     80063630     80045eb4   usbhostenum.obj (.text)
                             800460cc   usbhostenum.obj (.text)
                             80047288   usbhostenum.obj (.text)
                             80047718   usbhostenum.obj (.text)
                             80047738   usbhostenum.obj (.text)
                             800477b0   usbhostenum.obj (.text)
                             800477d0   usbhostenum.obj (.text)
USBDescGetInterface       $Tramp$AA$L$PI$$USBDescGetInterface
   90006ae8     80063638     80046498   usbhostenum.obj (.text)
                             8005a80c   usbhmsc.obj (.text)
UsbPhyOff                 $Tramp$AA$L$PI$$UsbPhyOff
   90007098     80063640     80046d88   usbhostenum.obj (.text)
USBHostRequestStatus      $Tramp$AA$L$PI$$USBHostRequestStatus
   90003de0     80063648     80047304   usbhostenum.obj (.text)
USBDevEndpointDataAck     $Tramp$AA$L$PI$$USBDevEndpointDataAck
   90003710     80063650     80047490   usbhostenum.obj (.text)
USBHostAutoReqClear       $Tramp$AA$L$PI$$USBHostAutoReqClear
   90003ab8     80063658     80047768   usbhostenum.obj (.text)
USBHostRequestINClear     $Tramp$AA$L$PI$$USBHostRequestINClear
   90003a10     80063660     80047790   usbhostenum.obj (.text)
USBHostAutoReqSet         $Tramp$AA$L$PI$$USBHostAutoReqSet
   90003a64     80063668     800477ec   usbhostenum.obj (.text)
USBHostSpeedGet           $Tramp$AA$L$PI$$USBHostSpeedGet
   900023d4     80063670     80047884   usbhostenum.obj (.text)
USBDescGetInterfaceEndpoint  $Tramp$AA$L$PI$$USBDescGetInterfaceEndpoint
   90006b34     80063678     8005a838   usbhmsc.obj (.text)
USBDeviceIntHandlerInternal  $Tramp$AA$L$PI$$USBDeviceIntHandlerInternal
   90001fac     80063680     8005c78c   INTERRUPTS.obj (.text)
                             800628d8   usbdhandler.obj (.text)
                             80062950   usbdhandler.obj (.text)
CacheEnable               $Tramp$AA$L$PI$$CacheEnable
   90006d28     80063688     8005f740   main.obj (.text)
USB0ModuleClkConfig       $Tramp$AA$L$PI$$USB0ModuleClkConfig
   90006f74     80063690     80060024   USB_MSC_DEVICE.obj (.text)
CacheDataCleanInvalidateAll  $Tramp$AA$L$PI$$CacheDataCleanInvalidateAll
   90006d9c     80063698     80060030   USB_MSC_DEVICE.obj (.text)
USBDMSCInit               $Tramp$AA$L$PI$$USBDMSCInit
   900047e0     800636a0     8006003c   USB_MSC_DEVICE.obj (.text)
MMUInit                   $Tramp$AA$L$PI$$MMUInit
   90006b78     800636a8     80062bdc   MEMORY.obj (.text)
MMUMemRegionMap           $Tramp$AA$L$PI$$MMUMemRegionMap
   90006bd8     800636b0     80062be4   MEMORY.obj (.text)
                             80062bec   MEMORY.obj (.text)
                             80062bf4   MEMORY.obj (.text)
                             80062bfc   MEMORY.obj (.text)
MMUEnable                 $Tramp$AA$L$PI$$MMUEnable
   90006cc8     800636b8     80062c04   MEMORY.obj (.text)

[83 trampolines]
[140 trampoline calls]


GLOBAL SYMBOLS: SORTED ALPHABETICALLY BY Name 

address   name                                 
-------   ----                                 
8005c6a8  ADC_0_ISR                            
80060ad4  ADC_ClearFinishedFlag                
80060a1c  ADC_ConfigureInterrupt               
80060ae4  ADC_GetFinishedFlag                  
80060a48  ADC_ReadChannels                     
80060ac4  ADC_SetFinishedFlag                  
80042ddc  AM335X_VECTOR_BASE                   
8005d178  AUD_AmpShutdown                      
80078ca0  AUD_AudioTimeoutCount                
8005d0b0  AUD_ClearPlaybackFinishedFlag        
8005ce20  AUD_ClearPlayingFlag                 
8005d0e8  AUD_ClearTimoutFlag                  
8005d0cc  AUD_GetPlaybackFinishedFlag          
8005ce30  AUD_GetPlayingFlag                   
8005d0f8  AUD_GetTimoutFlag                    
8005d104  AUD_IsWAVPlaying                     
8005cd1c  AUD_PlayWAV                          
8005d0a0  AUD_SetPlaybackFinishedFlag          
8005ce10  AUD_SetPlayingFlag                   
8005d0d8  AUD_SetTimoutFlag                    
8005cde4  AUD_StopWAV                          
8005d11c  AUD_TestAudio                        
8005ce3c  AUD_TransferWAVToRAMG                
80062860  AbortHandler                         
80078c9c  AudioBytesTransferred                
800000d0  BITMAP_CharlieBeach                  
80042991  BITMAP_SD_Card_Symbol                
8003fcd0  BITMAP_TVRemote                      
80042b48  BITMAP_USB_Symbol                    
80078c76  BackLightSetting                     
800616ac  CMD_CheckMatch                       
80061838  CMD_ClearNewCommand                  
80061848  CMD_GetNewCommand                    
80061818  CMD_Help                             
80061828  CMD_SetNewCommand                    
8005dfb0  CP15AuxControlFeatureDisable         
8005df9c  CP15AuxControlFeatureEnable          
8005df44  CP15BranchPredictionDisable          
8005df34  CP15BranchPredictionEnable           
8005df28  CP15BranchPredictorInvalidate        
8005df64  CP15ControlFeatureDisable            
8005df78  CP15ControlFeatureEnable             
8005dc40  CP15DCacheClean                      
8005dd78  CP15DCacheCleanBuff                  
8005dcd4  CP15DCacheCleanFlush                 
8005ddcc  CP15DCacheCleanFlushBuff             
8005db70  CP15DCacheDisable                    
8005db9c  CP15DCacheEnable                     
8005dbac  CP15DCacheFlush                      
8005de20  CP15DCacheFlushBuff                  
8005df54  CP15DomainAccessClientSet            
8005db54  CP15ICacheDisable                    
8005db8c  CP15ICacheEnable                     
8005dd68  CP15ICacheFlush                      
8005de84  CP15ICacheFlushBuff                  
8005def0  CP15MMUDisable                       
8005df08  CP15MMUEnable                        
8005dfc4  CP15MainIdPrimPartNumGet             
8005dee4  CP15TlbInvalidate                    
8005ded8  CP15Ttb0Set                          
8005df8c  CP15TtbCtlTtb0Config                 
8005df1c  CP15VectorBaseAddrSet                
80061278  CPLDI2CRead                          
800613d4  CPLDI2CSetup                         
8006326c  CPUAbortHandler                      
80063548  CPUIntStatus                         
80063250  CPUSwitchToPrivilegedMode            
80063258  CPUSwitchToUserMode                  
80063290  CPUfiqd                              
800632a0  CPUfiqe                              
80063270  CPUirqd                              
80063280  CPUirqe                              
90006da8  CacheDataCleanAll                    
90006dc0  CacheDataCleanBuff                   
90006d9c  CacheDataCleanInvalidateAll          
90006df8  CacheDataCleanInvalidateBuff         
90006db4  CacheDataInvalidateAll               
90006ddc  CacheDataInvalidateBuff              
90006ce4  CacheDisable                         
90006d28  CacheEnable                          
90006d74  CacheInstInvalidateAll               
90006d80  CacheInstInvalidateBuff              
80074758  Command_String                       
80042d8c  Commands                             
800747fa  CurrentScreen                        
80078c77  CurrentSystemSettings                
80074788  CurrentTimeDate                      
8005a6d8  DMTimer1msModuleClkConfig            
8005a1c0  DMTimer2ModuleClkConfig              
8005a034  DMTimer3ModuleClkConfig              
8005a34c  DMTimer4ModuleClkConfig              
8005a4dc  DMTimer6ModuleClkConfig              
8005a54c  DMTimer7ModuleClkConfig              
8005b8e4  DMTimerCompareGet                    
8005b8a8  DMTimerCompareSet                    
8005bb04  DMTimerContextRestore                
8005ba84  DMTimerContextSave                   
8005b7a0  DMTimerCounterGet                    
8005b764  DMTimerCounterSet                    
8005b5e4  DMTimerDisable                       
8005b5a4  DMTimerEnable                        
8005b828  DMTimerGPOConfigure                  
8005b998  DMTimerIntDisable                    
8005b974  DMTimerIntEnable                     
8005b9f4  DMTimerIntEnableGet                  
8005b920  DMTimerIntRawStatusGet               
8005b8fc  DMTimerIntRawStatusSet               
8005b950  DMTimerIntStatusClear                
8005b938  DMTimerIntStatusGet                  
8005b624  DMTimerModeConfigure                 
8005bbe4  DMTimerPostedModeConfig              
8005b724  DMTimerPreScalerClkDisable           
8005b6a4  DMTimerPreScalerClkEnable            
8005b810  DMTimerReloadGet                     
8005b7d4  DMTimerReloadSet                     
8005ba50  DMTimerReset                         
8005ba0c  DMTimerResetConfigure                
8005b9bc  DMTimerTriggerSet                    
8005bc28  DMTimerWritePostedStatusGet          
80078cba  DefaultTimeDate                      
80063308  DelayTimerSetup                      
80074728  EEPROM_Contents                      
8006188c  EEPROM_ReadAddress                   
80061950  EEPROM_ReadBuffer                    
800618e8  EEPROM_WriteAddress                  
800619c8  EEPROM_WriteBuffer                   
80064000  EMMC_Buffer                          
80053bb0  EMMC_CardInit                        
80054874  EMMC_ClearInitialized                
80054858  EMMC_GetNumberBlocks                 
800539f8  EMMC_HSMMCSDModuleClkConfig          
80053a20  EMMC_HardwareReset                   
80054884  EMMC_IsInitialized                   
8005395c  EMMC_PinMuxSetup                     
800546bc  EMMC_ReadBlocks                      
80054490  EMMC_ReceiveData                     
80054404  EMMC_SendAppCommand                  
800541a8  EMMC_SendCommand                     
800548d0  EMMC_SendCommandSwitch               
800549e4  EMMC_SendStatus                      
80054864  EMMC_SetInitialized                  
80053a5c  EMMC_SetUpController                 
80054a54  EMMC_TestWrite                       
800544c0  EMMC_TransmitData                    
80054520  EMMC_WriteBlocks                     
80061438  EVMProfileGet                        
80000000  Entry                                
8006285c  FIQHandler                           
8005b468  FRAM_CalculateCRC                    
8005b42c  FRAM_Hold                            
8005b480  FRAM_LoadDefaultSettings             
8005afe0  FRAM_LoadSettings                    
8005b210  FRAM_ReadMemory                      
8005b0e4  FRAM_ReadStatusRegister              
8005affc  FRAM_SaveSettings                    
8005b4fc  FRAM_Test                            
8005b064  FRAM_WriteDisable                    
8005b028  FRAM_WriteEnable                     
8005b124  FRAM_WriteMemory                     
8005b3f0  FRAM_WriteProtect                    
8005b2fc  FRAM_WriteRead                       
8005b0a0  FRAM_WriteStatusRegister             
80078c72  FT_DispCSpread                       
80078c74  FT_DispDither                        
80078c5c  FT_DispHCycle                        
80078c5e  FT_DispHOffset                       
80078c60  FT_DispHSync0                        
80078c62  FT_DispHSync1                        
80078c5a  FT_DispHeight                        
80078c6c  FT_DispPCLK                          
80078c70  FT_DispPCLKPol                       
80078c6e  FT_DispSwizzle                       
80078c64  FT_DispVCycle                        
80078c66  FT_DispVOffset                       
80078c68  FT_DispVSync0                        
80078c6a  FT_DispVSync1                        
80078c58  FT_DispWidth                         
80061dd0  GPIO0ModuleClkConfig                 
80061e88  GPIO1ModuleClkConfig                 
80061dc0  GPIO1Pin23PinMuxSetup                
80061ef0  GPIO1PinMuxSetup                     
800580d4  GPIOAutoIdleModeControl              
800581a0  GPIODebounceFuncControl              
800581f0  GPIODebounceTimeConfig               
80057840  GPIODirModeGet                       
800577e0  GPIODirModeSet                       
8005815c  GPIOGatingRatioConfigure             
80058118  GPIOIdleModeConfigure                
80057d8c  GPIOIntTypeGet                       
800579ec  GPIOIntTypeSet                       
800577bc  GPIOModuleDisable                    
80057798  GPIOModuleEnable                     
80057764  GPIOModuleReset                      
80057928  GPIOMultiplePinsRead                 
800578f8  GPIOMultiplePinsWrite                
80057ed0  GPIOPinIntClear                      
8005799c  GPIOPinIntDisable                    
8005794c  GPIOPinIntEnable                     
80057e6c  GPIOPinIntStatus                     
80058074  GPIOPinIntWakeUpDisable              
80058014  GPIOPinIntWakeUpEnable               
800578d0  GPIOPinRead                          
80057880  GPIOPinWrite                         
80057f20  GPIORawIntStatus                     
80058214  GPIORevisionInfoGet                  
80057f7c  GPIOTriggerPinInt                    
80057ff0  GPIOWakeupGlobalDisable              
80057fcc  GPIOWakeupGlobalEnable               
8005c228  GPIO_3A_ISR                          
8005d94c  GPIO_Module0ClkConfig                
8005d9b4  GPIO_Module1ClkConfig                
8005da1c  GPIO_Module2ClkConfig                
8005da84  GPIO_Module3ClkConfig                
8005699c  GUI_Backlight                        
800569e4  GUI_ClearBacklightTimeout            
800568d0  GUI_ClearTagTimoutFlag               
8005678c  GUI_CreateTouchCalibration           
80055f34  GUI_DrawHomeScreen                   
80055d90  GUI_DrawInitialScreen                
80055e18  GUI_DrawInitialScreenProgress        
80056588  GUI_DrawNextScreen                   
800566c4  GUI_DrawPreviousScreen               
80056378  GUI_DrawTVRemoteScreen               
80056900  GUI_DrawTime                         
800569f4  GUI_GetBacklightTimeout              
80056a1c  GUI_GetCurrentTag                    
800568e0  GUI_GetTagTimoutFlag                 
80056404  GUI_LoadItemToRAMG                   
80056710  GUI_LoadTouchCalibration             
800568ec  GUI_ScreenRefresh                    
800569d4  GUI_SetBacklightTimeout              
80056a00  GUI_SetCurrentTag                    
800568c0  GUI_SetTagTimoutFlag                 
800568a4  GUI_StartNewScreenTagTimer           
800564fc  GUI_TouchConfig                      
80061f10  GpioPinMuxSetup                      
80042dac  HEADER_CharlieBeach                  
80042db8  HEADER_SD_Card_Symbol                
80042dc4  HEADER_TVRemote                      
80042dd0  HEADER_USB_Symbol                    
800594bc  HSMMCSDBlkLenSet                     
80059180  HSMMCSDBusFreqSet                    
80058fa4  HSMMCSDBusPower                      
80058f64  HSMMCSDBusVoltSet                    
80058eac  HSMMCSDBusWidthSet                   
800594fc  HSMMCSDCommandSend                   
800595ec  HSMMCSDDataGet                       
80059140  HSMMCSDDataTimeoutSet                
800592bc  HSMMCSDInitStreamSend                
80059024  HSMMCSDIntClock                      
80059380  HSMMCSDIntrEnable                    
800593d8  HSMMCSDIntrStatusClear               
80059354  HSMMCSDIntrStatusDisable             
80059328  HSMMCSDIntrStatusEnable              
800593b4  HSMMCSDIntrStatusGet                 
80059640  HSMMCSDIsCardInserted                
80059660  HSMMCSDIsCardWriteProtected          
800593f8  HSMMCSDIsCmdComplete                 
80059120  HSMMCSDIsHSupported                  
8005907c  HSMMCSDIsIntClockStable              
80059458  HSMMCSDIsXferComplete                
80058dec  HSMMCSDLinesReset                    
80062f30  HSMMCSDModuleClkConfig               
80062ed8  HSMMCSDPinMuxSetup                   
80059590  HSMMCSDResponseGet                   
80058d84  HSMMCSDSoftReset                     
800590e0  HSMMCSDSupportedVoltSet              
80058e68  HSMMCSDSystemConfig                  
8005e5d8  I2C0ModuleClkConfig                  
8005e470  I2C1ModuleClkConfig                  
800587ec  I2CActiveOwnAddressGet               
800589fc  I2CAutoIdleDisable                   
800589d8  I2CAutoIdleEnable                    
80058768  I2CBufferStatus                      
80058aa8  I2CClockActivitySelect               
80058870  I2CClockBlockingControl              
80058cb0  I2CContextRestore                    
80058c5c  I2CContextSave                       
80058738  I2CDMARxEventDisable                 
800586d8  I2CDMARxEventEnable                  
80058708  I2CDMATxEventDisable                 
800586a8  I2CDMATxEventEnable                  
800585c4  I2CDataCountGet                      
8005865c  I2CFIFOClear                         
800585dc  I2CFIFOThresholdConfig               
80058a44  I2CGlobalWakeUpDisable               
80058a20  I2CGlobalWakeUpEnable                
80058a68  I2CIdleModeSelect                    
80058378  I2CMasterBusBusy                     
800583b0  I2CMasterBusy                        
800583f4  I2CMasterControl                     
80058c3c  I2CMasterDataGet                     
80058c1c  I2CMasterDataPut                     
80058354  I2CMasterDisable                     
80058330  I2CMasterEnable                      
800583cc  I2CMasterErr                         
800582b4  I2CMasterInitExpClk                  
80058524  I2CMasterIntClearEx                  
8005848c  I2CMasterIntDisableEx                
80058460  I2CMasterIntEnableEx                 
800584e8  I2CMasterIntRawStatus                
80058544  I2CMasterIntRawStatusClearEx         
80058500  I2CMasterIntRawStatusEx              
800584ac  I2CMasterIntStatus                   
800584c4  I2CMasterIntStatusEx                 
80058584  I2CMasterSlaveAddrGet                
80058564  I2CMasterSlaveAddrSet                
80058418  I2CMasterStart                       
8005843c  I2CMasterStop                        
8005893c  I2COwnAddressSet                     
8005e414  I2CPinMuxSetup                       
800585a4  I2CSetDataCount                      
800589b4  I2CSoftReset                         
80058c00  I2CSystemStatusGet                   
80058b74  I2CWakeUpDisable                     
80058ae8  I2CWakeUpEnable                      
800722a0  I2C_0_Buffers                        
8005c534  I2C_0_ISR                            
80060d48  I2C_ClearFailFlag0                   
80060d58  I2C_GetFailFlag0                     
80060b4c  I2C_InterruptConfigure0              
80060b78  I2C_SendReceiveData0                 
80060d38  I2C_SetFailFlag0                     
800627b0  IRQHandler                           
8006169c  InitCMD                              
80060868  Init_ADC                             
8005cd18  Init_Audio                           
80061874  Init_EEPROM                          
800538c4  Init_EMMC                            
8005aee0  Init_FRAM                            
8005d6bc  Init_GPIO                            
80055d48  Init_GUI                             
80060b04  Init_I2C                             
80060b10  Init_I2C_Module0                     
8004af18  Init_LCD                             
800602e8  Init_LED                             
80061f60  Init_Modules                         
80061a48  Init_PMIC                            
8006251c  Init_Power                           
8005f3f8  Init_RTC                             
800524e0  Init_SD                              
8005c808  Init_SPI                             
8005c9c4  Init_SPI_Module0                     
8005c818  Init_SPI_Module1                     
80061498  Init_Test                            
80061018  Init_Timer2                          
80061090  Init_Timer3                          
80061008  Init_Timers                          
8005d21c  Init_UART                            
80060020  Init_USB0                            
80060010  Init_USB_Device                      
8005e82c  Init_USB_Host                        
8005fa4c  Init_WAV                             
8005ec7c  IntAINTCInit                         
8005edb4  IntActiveIrqNumGet                   
8005ee4c  IntCurrIrqPriorityGet                
8005efa4  IntDisable                           
8005efbc  IntEnable                            
8005ee38  IntFuncClkAutoGateSet                
8005ee24  IntFuncClkFreeRunSet                 
8005eda0  IntIfClkAutoGateSet                  
8005ed8c  IntIfClkFreeRunSet                   
8005ef8c  IntMasterFIQDisable                  
8005ef80  IntMasterFIQEnable                   
8005ef74  IntMasterIRQDisable                  
8005ef68  IntMasterIRQEnable                   
8005ef98  IntMasterStatusGet                   
8005ef2c  IntPendingIrqMaskedStatusGet         
8005ecec  IntPrioritySet                       
8005ee5c  IntPriorityThresholdGet              
8005ee6c  IntPriorityThresholdSet              
8005ede8  IntProtectionDisable                 
8005edd8  IntProtectionEnable                  
8005ee8c  IntRawStatusGet                      
8005ec38  IntRegister                          
8005eefc  IntSoftwareIntClear                  
8005eecc  IntSoftwareIntSet                    
8005edc4  IntSpurIrqFlagGet                    
8005ee10  IntSyncClkAutoGateSet                
8005edfc  IntSyncClkFreeRunSet                 
8005ed58  IntSystemDisable                     
8005ed24  IntSystemEnable                      
8005ec5c  IntUnRegister                        
800465bc  InternalUSBHCDSendEvent              
8006244c  InternalUSBRegisterTickHandler       
80062484  InternalUSBStartOfFrameTick          
800623d8  InternalUSBTickInit                  
80063348  IsTimerElapsed                       
8004d95c  LCD_ClearInterruptFlag               
8004d96c  LCD_GetInterruptFlag                 
8004baf8  LCD_IncrementWriteOffset             
8004b29c  LCD_Interrupt                        
8004b1ac  LCD_InterruptConfigure               
8004b22c  LCD_InteruptDisable                  
8004b1f8  LCD_InteruptEnable                   
8004b260  LCD_Reset                            
8004bb74  LCD_SendRAMAddress                   
8004d94c  LCD_SetInterruptFlag                 
8004bbf0  LCD_WaitCoprocessorDone              
8004bb38  LCD_WriteCommandParameters           
8004ba74  LCD_cmd                              
8004cbbc  LCD_cmd_append                       
8004bf98  LCD_cmd_bgcolor                      
8004bd6c  LCD_cmd_button                       
8004d370  LCD_cmd_calibrate                    
8004bee0  LCD_cmd_clock                        
8004d29c  LCD_cmd_coldstart                    
8004c620  LCD_cmd_dial                         
8004c03c  LCD_cmd_fgcolor                      
8004c148  LCD_cmd_gauge                        
8004cef0  LCD_cmd_getmatrix                    
8004d004  LCD_cmd_getprops                     
8004cfac  LCD_cmd_getptr                       
8004c0d8  LCD_cmd_gradcolor                    
8004c1fc  LCD_cmd_gradient                     
8004cc28  LCD_cmd_inflate                      
8004d2ac  LCD_cmd_interrupt                    
8004c2a0  LCD_cmd_keys                         
8004cd38  LCD_cmd_loadidentity                 
8004cccc  LCD_cmd_loadimage                    
8004d908  LCD_cmd_logo                         
8004d094  LCD_cmd_mediafifo                    
8004cb34  LCD_cmd_memcpy                       
8004c910  LCD_cmd_memcrc                       
8004c9fc  LCD_cmd_memset                       
8004ca80  LCD_cmd_memwrite                     
8004c990  LCD_cmd_memzero                      
8004c87c  LCD_cmd_number                       
8004d100  LCD_cmd_playvideo                    
8004c410  LCD_cmd_progress                     
8004d304  LCD_cmd_regread                      
8004d3c8  LCD_cmd_romfont                      
8004ce54  LCD_cmd_rotate                       
8004cde8  LCD_cmd_scale                        
8004d724  LCD_cmd_screensaver                  
8004c4bc  LCD_cmd_scrollbar                    
8004c824  LCD_cmd_setbase                      
8004d5d0  LCD_cmd_setbitmap                    
8004d434  LCD_cmd_setfont                      
8004d4a0  LCD_cmd_setfont2                     
8004ceac  LCD_cmd_setmatrix                    
8004d578  LCD_cmd_setrotate                    
8004d520  LCD_cmd_setscratch                   
8004d768  LCD_cmd_sketch                       
8004c574  LCD_cmd_slider                       
8004d80c  LCD_cmd_snapshot                     
8004d864  LCD_cmd_snapshot2                    
8004d65c  LCD_cmd_spinner                      
8004d6e0  LCD_cmd_stop                         
8004bc14  LCD_cmd_text                         
8004c6b4  LCD_cmd_toggle                       
8004d208  LCD_cmd_track                        
8004cd7c  LCD_cmd_translate                    
8004d19c  LCD_cmd_videoframe                   
8004d158  LCD_cmd_videostart                   
8004b32c  LCD_ft810memRead16                   
8004b39c  LCD_ft810memRead32                   
8004b2d8  LCD_ft810memRead8                    
8004b47c  LCD_ft810memWrite16                  
8004b4e8  LCD_ft810memWrite32                  
8004b43c  LCD_ft810memWrite8                   
8004b58c  LCD_ft810memWriteBuffer              
8004ba9c  LCD_host_command                     
8004b75c  LCD_rd16                             
8004b774  LCD_rd32                             
8004b748  LCD_rd8                              
8004b938  LCD_rd_buffer                        
8004b69c  LCD_wr16                             
8004b6b8  LCD_wr32                             
8004b680  LCD_wr8                              
8004b6d4  LCD_wr8s                             
8004b788  LCD_wr_buffer                        
800602f4  LED_Show                             
80078ca4  LastWritePointerAddress              
80072ec0  MISC_Buffer                          
80059ca0  MISC_CRC_CRC16                       
80059ec4  MISC_Calculate_CRC16                 
800596f4  MMCSDContextRestore                  
80059680  MMCSDContextSave                     
90006cc8  MMUEnable                            
90006b78  MMUInit                              
90006bd8  MMUMemRegionMap                      
80062b50  MMU_ConfigAndEnable                  
8005e8d4  MSCCallback                          
800599c4  MSC_BCDtoHEX                         
80059774  MSC_BufferCopy                       
800598a8  MSC_DelayNOP                         
80059828  MSC_DelayUS                          
80059ae8  MSC_EndianLong                       
80059b54  MSC_EndianLongArray                  
80059a68  MSC_EndianShort                      
80059aa4  MSC_EndianShortArray                 
80059910  MSC_HEXtoBCD                         
800597ec  MSC_LowercaseChar                    
80059be4  MSC_ReverseByte                      
800598e0  MSC_Round                            
8005f09c  McSPI0CSPinMuxSetup                  
8005f108  McSPI0ModuleClkConfig                
8005f264  McSPI1ModuleClkConfig                
80056ee4  McSPICSAssert                        
80056f1c  McSPICSDeAssert                      
80056dec  McSPICSDisable                       
80056dc8  McSPICSEnable                        
80056e10  McSPICSPolarityConfig                
80056e78  McSPICSTimeControlSet                
800571f4  McSPIChannelDisable                  
800571bc  McSPIChannelEnable                   
800576b0  McSPIChannelStatusGet                
80056b80  McSPIClkConfig                       
80057524  McSPIDMADisable                      
800574e0  McSPIDMAEnable                       
80057720  McSPIFIFODatManagementConfig         
800573a0  McSPIFIFOTrigLvlSet                  
800575c0  McSPIInitDelayConfig                 
80057594  McSPIIntDisable                      
80057568  McSPIIntEnable                       
8005767c  McSPIIntStatusClear                  
80057664  McSPIIntStatusGet                    
80057050  McSPIMasterModeConfig                
8005702c  McSPIMasterModeEnable                
800576dc  McSPIMultipleWordAccessConfig        
8005f018  McSPIPinMuxSetup                     
80057638  McSPIReceiveData                     
8005722c  McSPIReset                           
80057338  McSPIRxFIFOConfig                    
80056ff4  McSPIStartBitDisable                 
80056f54  McSPIStartBitEnable                  
80056f8c  McSPIStartBitPolarityConfig          
80057604  McSPITransmitData                    
80057298  McSPITurboModeDisable                
80057260  McSPITurboModeEnable                 
800572d0  McSPITxFIFOConfig                    
800574a0  McSPIWordCountSet                    
80056d60  McSPIWordLengthSet                   
80078bab  NumCommand                           
80061b68  PMIC_ReadRegister                    
80061bb8  PMIC_WriteRegister                   
80062528  PWR_ReadVoltages                     
800747fb  PreviousPreviousScreen               
800747fc  PreviousScreen                       
80078c56  RAM_CMD_Offset                       
80052140  RTC32KClkClockControl                
800520dc  RTC32KClkSourceSelect                
80052480  RTCAlarm2CalendarSet                 
800523f4  RTCAlarm2IntStatusClear              
800523d8  RTCAlarm2IntStatusGet                
80052418  RTCAlarm2TimeSet                     
80051e28  RTCAlarmCalendarGet                  
80051dc8  RTCAlarmCalendarSet                  
80051d0c  RTCAlarmDayOfMonthGet                
80051cd8  RTCAlarmDayOfMonthSet                
80051b38  RTCAlarmHourGet                      
80051b94  RTCAlarmHourMeridiemGet              
80051b54  RTCAlarmHourMeridiemSet              
80051b04  RTCAlarmHourSet                      
8005119c  RTCAlarmIntStatusClear               
80051180  RTCAlarmIntStatusGet                 
80051ae8  RTCAlarmMinuteGet                    
80051ab4  RTCAlarmMinuteSet                    
80051d5c  RTCAlarmMonthGet                     
80051d28  RTCAlarmMonthSet                     
80051a98  RTCAlarmSecondGet                    
80051a64  RTCAlarmSecondSet                    
80051c18  RTCAlarmTimeGet                      
80051bb0  RTCAlarmTimeSet                      
80051dac  RTCAlarmYearGet                      
80051d78  RTCAlarmYearSet                      
800512b8  RTCAutoCompDisable                   
80051274  RTCAutoCompEnable                    
80051148  RTCBusyStatusGet                     
800519ec  RTCCalendarGet                       
8005197c  RTCCalendarSet                       
80051ecc  RTCCompensationGet                   
80051e88  RTCCompensationSet                   
800522b0  RTCConfigPmicExtWake                 
80052308  RTCConfigPmicExtWakeDebounce         
80052250  RTCConfigPmicExtWakePolarity         
8005220c  RTCConfigPmicPowerEnable             
80051724  RTCDayOfMonthGet                     
800516f0  RTCDayOfMonthSet                     
80051814  RTCDayOfTheWeekGet                   
800517e0  RTCDayOfTheWeekSet                   
80051494  RTCDisable                           
800514d8  RTCEnable                            
80051540  RTCEnableStatus                      
800511c0  RTCEventUpdateGet                    
800521c8  RTCFeedbackResistanceSelect          
80051678  RTCHourGet                           
80051390  RTCHourModeGet                       
8005130c  RTCHourModeSet                       
80051644  RTCHourSet                           
80051fc4  RTCIdleModeConfigure                 
800523a4  RTCIntAlarm2Enable                   
8005108c  RTCIntAlarmDisable                   
80051058  RTCIntAlarmEnable                    
80051114  RTCIntTimerDisable                   
800510c0  RTCIntTimerEnable                    
800516d4  RTCMeridiemGet                       
80051694  RTCMeridiemSet                       
80051220  RTCMinRoundingDisable                
800511dc  RTCMinRoundingEnable                 
80051628  RTCMinuteGet                         
800515f4  RTCMinuteSet                         
80060d9c  RTCModuleClkConfig                   
80051774  RTCMonthGet                          
80051740  RTCMonthSet                          
80052184  RTCOscillatorStateControl            
80052368  RTCPmicExtWakeStatusClear            
80051fac  RTCRevisionIDGet                     
80050f60  RTCRun                               
80051164  RTCRunStatusGet                      
80051f50  RTCScratchPadGet                     
80051f10  RTCScratchPadSet                     
800515d8  RTCSecondGet                         
800515a4  RTCSecondSet                         
80051418  RTCSet32CounterDisable               
800513ac  RTCSet32CounterEnable                
80051f88  RTCSoftwareReset                     
80051580  RTCSplitPwrDisable                   
8005155c  RTCSplitPwrEnable                    
80050fa4  RTCStop                              
80052098  RTCTestModeControl                   
800518cc  RTCTimeGet                           
80051830  RTCTimeSet                           
80052010  RTCWakeUpAlarmEventControl           
80052054  RTCWakeUpTimerEventControl           
80051030  RTCWriteProtectDisable               
80051008  RTCWriteProtectEnable                
800517c4  RTCYearGet                           
80051790  RTCYearSet                           
8005f4a4  RTC_ClearFlag                        
8005f4b4  RTC_GetFlag                          
8005f5a4  RTC_GetTimeDate                      
8005c520  RTC_ISR                              
8005f468  RTC_InterruptConfigure               
8005f680  RTC_ModuleClkConfig                  
8005f494  RTC_SetFlag                          
8005f4c0  RTC_SetTimeDate                      
80060d94  RtcVersionGet                        
80068000  SD_Buffer                            
8005280c  SD_CardInit                          
80052730  SD_ClearCardActionFlag               
80052784  SD_ClearInitialized                  
80052740  SD_GetCardActionFlag                 
80052768  SD_GetCardStatus                     
8005268c  SD_GetFatTime                        
80053828  SD_GetNumberBlocks                   
80052668  SD_IsCardInserted                    
80052794  SD_IsInitialized                     
8005368c  SD_ReadBlocks                        
80053418  SD_ReceiveData                       
8005338c  SD_SendAppCommand                    
80053130  SD_SendCommand                       
80052720  SD_SetCardActionFlag                 
8005274c  SD_SetCardStatus                     
80052774  SD_SetInitialized                    
80052580  SD_SetUpController                   
80053448  SD_TransmitData                      
800534cc  SD_WriteBlocks                       
UNDEFED   SHT$$INIT_ARRAY$$Base                
UNDEFED   SHT$$INIT_ARRAY$$Limit               
8005c728  SPI_1_ISR                            
8005cad4  SPI_INTCConfigure1                   
8005cbb8  SPI_ReadWriteByte0                   
8005cc14  SPI_ReadWriteByte1                   
8005cb00  SPI_WriteByte0                       
8005cb5c  SPI_WriteByte1                       
8005cc70  SPI_WriteByteNoRx0                   
8005cca4  SPI_WriteByteNoRx1                   
80062788  SVC_Handler                          
800784c4  Screens                              
80063328  StartTimer                           
8006333c  StopTimer                            
80062a60  SysDelayTimerSetup                   
80062b14  SysIsTimerElapsed                    
80062ad8  SysStartTimer                        
80062b04  SysStopTimer                         
80062a78  Sysdelay                             
800614e8  TEST_Setpoint1                       
80061524  TEST_Setpoint2                       
80061560  TEST_Setpoint3                       
8006159c  TEST_Togglepoint1                    
800615ec  TEST_Togglepoint2                    
8006163c  TEST_Togglepoint3                    
8005c404  TMR_2_ISR                            
8005c4e8  TMR_3_ISR                            
80078cb0  TMR_AudioPlaybackTimer               
80078cb4  TMR_BacklightTimer                   
800610fc  TMR_CalculateReload                  
8006122c  TMR_ClearMISCTimerFlag               
8006123c  TMR_GetMISCTimerFlag                 
800611a8  TMR_GetNewScreenTagTimerEnabled      
80061150  TMR_InterruptConfigure2              
8006117c  TMR_InterruptConfigure3              
80078cac  TMR_NewScreenTagTimer                
800611fc  TMR_ResetAudioPlaybackTimer          
8006120c  TMR_ResetBacklightTimer              
800611ec  TMR_ResetNewScreenTagTimer           
8006121c  TMR_SetMISCTimerFlag                 
800611b4  TMR_SetNewScreenTagTimerEnabled      
80054edc  TSCADCBiasConfig                     
80055620  TSCADCChargeStepAnalogGroundConfig   
80055580  TSCADCChargeStepAnalogSupplyConfig   
800554b4  TSCADCChargeStepConfig               
80055468  TSCADCChargeStepOperationModeControl 
80054d80  TSCADCConfigHWEventPrempt            
800550d4  TSCADCConfigureAFEClock              
80055124  TSCADCConfigureMisc                  
80055194  TSCADCConfigureStepEnable            
80054d28  TSCADCDMAFIFODisable                 
80054cf8  TSCADCDMAFIFOEnable                  
80054cb8  TSCADCEventInterruptDisable          
80054c8c  TSCADCEventInterruptEnable           
80055c84  TSCADCFIFOADCDataRead                
80055c58  TSCADCFIFOChannelIDRead              
80055d10  TSCADCFIFODMAThresholdLevelConfig    
80055cd8  TSCADCFIFOIRQThresholdLevelConfig    
80055cac  TSCADCFIFOWordCountRead              
80054b70  TSCADCGetRevision                    
80054dc0  TSCADCHWEventMapSet                  
80054b88  TSCADCIdleModeSet                    
8005539c  TSCADCIdleStepAnalogGroundConfig     
800552fc  TSCADCIdleStepAnalogSupplyConfig     
80055230  TSCADCIdleStepConfig                 
800551e4  TSCADCIdleStepOperationModeControl   
80054c74  TSCADCIntStatus                      
80054c30  TSCADCIntStatusClear                 
80054c50  TSCADCIntStatusRead                  
80054d58  TSCADCIsDMAFIFOEnabled               
8005fd34  TSCADCModuleClkConfig                
80054fa4  TSCADCModuleStateSet                 
80055064  TSCADCOutputRangeConfig              
8005ff3c  TSCADCPinMuxSetUp                    
80054c18  TSCADCRawIntStatus                   
80054bf4  TSCADCRawIntStatusRead               
80054bc8  TSCADCRawIntStatusSet                
80055048  TSCADCSequencerCurrentStepID         
80055028  TSCADCSequencerFSMBusyStatus         
80054fe4  TSCADCSequencerPenIrqStatusRead      
80054e80  TSCADCSetADCPowerDown                
80054eb8  TSCADCSetADCPowerUp                  
80054f40  TSCADCStepConfigProtectionDisable    
80054f1c  TSCADCStepConfigProtectionEnable     
80054f64  TSCADCStepIDTagConfig                
800556ec  TSCADCTSChargeStepOpenDelayConfig    
80054e40  TSCADCTSModeConfig                   
80055948  TSCADCTSStepAnalogGroundConfig       
80055878  TSCADCTSStepAnalogSupplyConfig       
80055b08  TSCADCTSStepAverageConfig            
8005576c  TSCADCTSStepConfig                   
80055ab4  TSCADCTSStepFIFOSelConfig            
80055b5c  TSCADCTSStepModeConfig               
80055c04  TSCADCTSStepOpenDelayConfig          
8005570c  TSCADCTSStepOperationModeControl     
80055a84  TSCADCTSStepOutOfRangeCheckDisable   
80055a54  TSCADCTSStepOutOfRangeCheckEnable    
80055bb0  TSCADCTSStepSampleDelayConfig        
80054e00  TSCADCTSTransistorConfig             
80054cd8  TSCADCWakeUpPenEventConfig           
8004efc0  UARTAutoIdleModeControl              
8004ed6c  UARTAutoRTSAutoCTSControl            
8004f4a8  UARTAutobaudParityGet                
8004f540  UARTAutobaudSpeedGet                 
8004f4f4  UARTAutobaudWordLenGet               
8004dd08  UARTBreakCtl                         
8004ea48  UARTCharGet                          
8004e9f0  UARTCharGetNonBlocking               
8004eaa0  UARTCharGetTimeout                   
8004eb30  UARTCharPut                          
8004e984  UARTCharPutNonBlocking               
8004e930  UARTCharsAvail                       
8004f418  UARTDMACounterResetControl           
8004e244  UARTDMADisable                       
8004e1e8  UARTDMAEnable                        
8004f330  UARTDSRInterruptControl              
8004dc4c  UARTDivisorLatchDisable              
8004dc28  UARTDivisorLatchEnable               
8004daa4  UARTDivisorLatchWrite                
8004d9e0  UARTDivisorValCompute                
8004e368  UARTEnhanFuncBitValRestore           
8004e308  UARTEnhanFuncEnable                  
8004eba4  UARTFIFOCharGet                      
8004eb84  UARTFIFOCharPut                      
8004de24  UARTFIFOConfig                       
8004ed18  UARTFIFOEnableStatusGet              
8004e27c  UARTFIFORegisterWrite                
8004f2cc  UARTFIFOTrigLvlGranControl           
8004ebc0  UARTFIFOWrite                        
8004f004  UARTFlowCtrlTrigLvlConfig            
8004ef38  UARTIdleModeConfigure                
8004e814  UARTIntDisable                       
8004e730  UARTIntEnable                        
8004ec78  UARTIntIdentityGet                   
8004ecc4  UARTIntPendingStatusGet              
8004dd4c  UARTLineCharacConfig                 
8004f178  UARTLoopbackModeControl              
8004f1ec  UARTModemControlClear                
8004f1bc  UARTModemControlSet                  
8004f238  UARTModemStatusChangeCheck           
8004f21c  UARTModemStatusGet                   
8004ef04  UARTModuleReset                      
8004f5ec  UARTModuleVersionNumberGet           
8004d980  UARTOperatingModeSelect              
8004de08  UARTParityModeGet                    
8004ddc4  UARTParityModeSet                    
8004eec0  UARTPulseShapingControl              
8004f3fc  UARTRXCTSDSRTransitionStatusGet      
8004f3b8  UARTRXCTSDSRWakeUpConfigure          
8004dce8  UARTRegConfModeRestore               
8004dc70  UARTRegConfigModeEnable              
8004f254  UARTResumeOperation                  
8004ec2c  UARTRxErrorGet                       
8004f490  UARTRxFIFOLevelGet                   
8004f5d0  UARTScratchPadRegRead                
8004f58c  UARTScratchPadRegWrite               
8004ee5c  UARTSoftwareFlowCtrlOptSet           
8004e8dc  UARTSpaceAvail                       
8004edf8  UARTSpecialCharDetectControl         
8004e3cc  UARTSubConfigMSRSPRModeEn            
8004e4a4  UARTSubConfigTCRTLRModeEn            
8004e57c  UARTSubConfigXOFFModeEn              
[...]
8005ee10  IntSyncClkAutoGateSet                
8005ee24  IntFuncClkFreeRunSet                 
8005ee38  IntFuncClkAutoGateSet                
8005ee4c  IntCurrIrqPriorityGet                
8005ee5c  IntPriorityThresholdGet              
8005ee6c  IntPriorityThresholdSet              
8005ee8c  IntRawStatusGet                      
8005eecc  IntSoftwareIntSet                    
8005eefc  IntSoftwareIntClear                  
8005ef2c  IntPendingIrqMaskedStatusGet         
8005ef68  IntMasterIRQEnable                   
8005ef74  IntMasterIRQDisable                  
8005ef80  IntMasterFIQEnable                   
8005ef8c  IntMasterFIQDisable                  
8005ef98  IntMasterStatusGet                   
8005efa4  IntDisable                           
8005efbc  IntEnable                            
8005f018  McSPIPinMuxSetup                     
8005f09c  McSPI0CSPinMuxSetup                  
8005f108  McSPI0ModuleClkConfig                
8005f264  McSPI1ModuleClkConfig                
8005f3f8  Init_RTC                             
8005f468  RTC_InterruptConfigure               
8005f494  RTC_SetFlag                          
8005f4a4  RTC_ClearFlag                        
8005f4b4  RTC_GetFlag                          
8005f4c0  RTC_SetTimeDate                      
8005f5a4  RTC_GetTimeDate                      
8005f680  RTC_ModuleClkConfig                  
8005f734  main                                 
8005fa4c  Init_WAV                             
8005faa4  WAV_CalculateHeader                  
8005fd34  TSCADCModuleClkConfig                
8005ff3c  TSCADCPinMuxSetUp                    
80060010  Init_USB_Device                      
80060020  Init_USB0                            
80060044  USB_GetMSCDevice_EMMC_or_SD          
80060050  USB_SetMSCDevice_EMMC_or_SD          
8006006c  USB_InterruptConfigure0              
800600bc  USB_InterruptEnable0                 
800600e8  USB_DMSCEventCallback0               
8006015c  USB_SetMSCState0                     
80060178  USB_GetMSCState0                     
80060184  USB_SetUSBStatus0                    
800601b0  USB_GetUSBStatus0                    
800601bc  USB_SetUSBStatusFlag0                
800601cc  USB_ClearUSBStatusFlag0              
800601dc  USB_GetUSBStatusFlag0                
800601e8  USB_SetUSBMSCFlag0                   
800601f8  USB_ClearUSBMSCFlag0                 
80060208  USB_GetUSBMSCFlag0                   
80060214  USBDMSCEventCallback                 
800602e8  Init_LED                             
800602f4  LED_Show                             
800605b0  __aeabi_uldivmod                     
80060868  Init_ADC                             
80060a1c  ADC_ConfigureInterrupt               
80060a48  ADC_ReadChannels                     
80060ac4  ADC_SetFinishedFlag                  
80060ad4  ADC_ClearFinishedFlag                
80060ae4  ADC_GetFinishedFlag                  
80060b04  Init_I2C                             
80060b10  Init_I2C_Module0                     
80060b4c  I2C_InterruptConfigure0              
80060b78  I2C_SendReceiveData0                 
80060d38  I2C_SetFailFlag0                     
80060d48  I2C_ClearFailFlag0                   
80060d58  I2C_GetFailFlag0                     
80060d94  RtcVersionGet                        
80060d9c  RTCModuleClkConfig                   
80061008  Init_Timers                          
80061018  Init_Timer2                          
80061090  Init_Timer3                          
800610fc  TMR_CalculateReload                  
80061150  TMR_InterruptConfigure2              
8006117c  TMR_InterruptConfigure3              
800611a8  TMR_GetNewScreenTagTimerEnabled      
800611b4  TMR_SetNewScreenTagTimerEnabled      
800611ec  TMR_ResetNewScreenTagTimer           
800611fc  TMR_ResetAudioPlaybackTimer          
8006120c  TMR_ResetBacklightTimer              
8006121c  TMR_SetMISCTimerFlag                 
8006122c  TMR_ClearMISCTimerFlag               
8006123c  TMR_GetMISCTimerFlag                 
80061278  CPLDI2CRead                          
800613d4  CPLDI2CSetup                         
80061438  EVMProfileGet                        
80061498  Init_Test                            
800614e8  TEST_Setpoint1                       
80061524  TEST_Setpoint2                       
80061560  TEST_Setpoint3                       
8006159c  TEST_Togglepoint1                    
800615ec  TEST_Togglepoint2                    
8006163c  TEST_Togglepoint3                    
8006169c  InitCMD                              
800616ac  CMD_CheckMatch                       
80061818  CMD_Help                             
80061828  CMD_SetNewCommand                    
80061838  CMD_ClearNewCommand                  
80061848  CMD_GetNewCommand                    
80061874  Init_EEPROM                          
8006188c  EEPROM_ReadAddress                   
800618e8  EEPROM_WriteAddress                  
80061950  EEPROM_ReadBuffer                    
800619c8  EEPROM_WriteBuffer                   
80061a48  Init_PMIC                            
80061b68  PMIC_ReadRegister                    
80061bb8  PMIC_WriteRegister                   
80061c18  _Dscale                              
80061dc0  GPIO1Pin23PinMuxSetup                
80061dd0  GPIO0ModuleClkConfig                 
80061e88  GPIO1ModuleClkConfig                 
80061ef0  GPIO1PinMuxSetup                     
80061f10  GpioPinMuxSetup                      
80061f60  Init_Modules                         
800620f8  __aeabi_memcpy                       
800620f8  __aeabi_memcpy4                      
800620f8  __aeabi_memcpy8                      
800620f8  memcpy                               
80062278  _Dnorm                               
800623d8  InternalUSBTickInit                  
8006244c  InternalUSBRegisterTickHandler       
80062484  InternalUSBStartOfFrameTick          
8006251c  Init_Power                           
80062528  PWR_ReadVoltages                     
80062658  __aeabi_idiv                         
80062658  __aeabi_idivmod                      
80062788  SVC_Handler                          
800627b0  IRQHandler                           
8006285c  FIQHandler                           
80062860  AbortHandler                         
80062860  UndefInstHandler                     
80062878  USB0DeviceIntHandler                 
800628f0  USB1DeviceIntHandler                 
80062970  __aeabi_uidiv                        
80062970  __aeabi_uidivmod                     
80062a60  SysDelayTimerSetup                   
80062a78  Sysdelay                             
80062ad8  SysStartTimer                        
80062b04  SysStopTimer                         
80062b14  SysIsTimerElapsed                    
80062b50  MMU_ConfigAndEnable                  
80062c24  _Dunscale                            
80062cdc  __aeabi_memclr                       
80062cdc  __aeabi_memclr4                      
80062cdc  __aeabi_memclr8                      
80062ce0  __aeabi_memset                       
80062ce0  __aeabi_memset4                      
80062ce0  __aeabi_memset8                      
80062cec  memset                               
80062d8c  sprintf                              
80062e34  __TI_auto_init                       
80062ed8  HSMMCSDPinMuxSetup                   
80062f30  HSMMCSDModuleClkConfig               
80062f78  atoi                                 
80062ffc  copy_in                              
80063080  start_boot                           
80063104  ltoa                                 
80063184  ldexp                                
800631ec  signal                               
80063250  CPUSwitchToPrivilegedMode            
80063258  CPUSwitchToUserMode                  
8006326c  CPUAbortHandler                      
80063270  CPUirqd                              
80063280  CPUirqe                              
80063290  CPUfiqd                              
800632a0  CPUfiqe                              
800632b0  feraiseexcept                        
80063308  DelayTimerSetup                      
80063314  delay                                
80063328  StartTimer                           
8006333c  StopTimer                            
80063348  IsTimerElapsed                       
80063354  raise                                
800633a0  _Dclass                              
800633e8  _Feraise                             
8006342c  memcmp                               
80063460  frexp                                
80063490  memccpy                              
800634bc  strchr                               
800634e4  _register_unlock                     
800634f0  _register_lock                       
800634fc  _nop                                 
80063508  __aeabi_llsr                         
8006352c  strlen                               
80063548  CPUIntStatus                         
80063554  __aeabi_idiv0                        
80064000  EMMC_Buffer                          
80064000  bss_start                            
80068000  SD_Buffer                            
80070000  g_sUSBHCD                            
80070ad0  g_sMSCInstance                       
80071300  UART_RX_buffer                       
80071ad0  UART_TX_buffer                       
800722a0  I2C_0_Buffers                        
80072ec0  MISC_Buffer                          
80073508  g_USBInstance                        
80073788  fat_devices                          
80073a40  g_EMMC_FatFs                         
80073c80  g_SD_FatFs                           
80074300  fnRAMVectors                         
80074500  g_psUSBDevice                        
800745a8  g_pHCDPool                           
80074628  Voltage                              
80074668  g_USBHMSCDevice                      
800746a8  g_pucCommand                         
80074728  EEPROM_Contents                      
80074758  Command_String                       
80074770  g_pfTickHandlers                     
8007477c  g_pvTickInstance                     
80074788  CurrentTimeDate                      
8007479c  g_ulConnectRetry                     
800747d8  dummy                                
800747dc  g_sDriveInformation                  
800747e8  p_CurrentScreen                      
800747ec  p_CurrentWAVFile                     
800747f0  p_PreviousScreen                     
800747fa  CurrentScreen                        
800747fb  PreviousPreviousScreen               
800747fc  PreviousScreen                       
80074800  g_eMSCState                          
80074801  g_eState                             
80074802  g_eUIState                           
80074803  bss_end                              
80074808  WAV_PostComplete                     
800784c4  Screens                              
80078a74  g_ulMSCInstance                      
80078a78  _Denorm                              
80078a88  _Eps                                 
80078a98  _Hugeval                             
80078aa8  _Inf                                 
80078ab8  _Nan                                 
80078ac8  _Snan                                
80078ad8  _Rteps                               
80078ae8  _Xbig                                
80078af0  _Zero                                
80078af8  WAV_Files                            
80078bab  NumCommand                           
80078bac  g_sMSCDeviceInfo                     
80078c24  intStatus                            
80078c28  g_bytesRead                          
80078c2c  g_bytesWritten                       
80078c3e  gDMAflag                             
80078c4c  g_psMSCSections                      
80078c56  RAM_CMD_Offset                       
80078c58  FT_DispWidth                         
80078c5a  FT_DispHeight                        
80078c5c  FT_DispHCycle                        
80078c5e  FT_DispHOffset                       
80078c60  FT_DispHSync0                        
80078c62  FT_DispHSync1                        
80078c64  FT_DispVCycle                        
80078c66  FT_DispVOffset                       
80078c68  FT_DispVSync0                        
80078c6a  FT_DispVSync1                        
80078c6c  FT_DispPCLK                          
80078c6e  FT_DispSwizzle                       
80078c70  FT_DispPCLKPol                       
80078c72  FT_DispCSpread                       
80078c74  FT_DispDither                        
80078c76  BackLightSetting                     
80078c77  CurrentSystemSettings                
80078c9c  AudioBytesTransferred                
80078ca0  AUD_AudioTimeoutCount                
80078ca4  LastWritePointerAddress              
80078cac  TMR_NewScreenTagTimer                
80078cb0  TMR_AudioPlaybackTimer               
80078cb4  TMR_BacklightTimer                   
80078cba  DefaultTimeDate                      
80078cc4  UART_RX_place                        
80078cc8  UART_TX_add                          
80078ccc  UART_TX_remove                       
80078cd3  USBChangeStatusFlag0                 
80078cd4  USBMSCFlag0                          
80078cd8  g_bufferIndex                        
80078cdc  g_bUSBTimerInitialized               
80078ce0  g_ulCurrentUSBTick                   
80078ce4  g_ulUSBSOFCount                      
80078ce8  _lock                                
80078cec  _unlock                              
80078cf0  _Fenv                                
80078cf4  _Tls_setup__Fenv                     
80078d08  _Errno                               
90000000  USBDCDInit                           
900002e4  USBDCDTerm                           
90000400  USBDCDRequestDataEP0                 
90000478  USBDCDSendDataEP0                    
900004dc  USBDCDSetDefaultConfiguration        
90000508  USBDCDStallEP0                       
9000054c  USBDCDPowerStatusSet                 
900005b4  USBDCDRemoteWakeupRequest            
90000650  USBDeviceResumeTickHandler           
90000874  USBDeviceEnumHandler                 
90000aec  USBDeviceEnumResetHandler            
90001fac  USBDeviceIntHandlerInternal          
90002318  USBHostSuspend                       
9000233c  USBHostReset                         
90002388  USBHostResume                        
900023d4  USBHostSpeedGet                      
90002430  USBIntStatus                         
900024e0  USBIntDisable                        
9000259c  USBIntEnable                         
90002658  USBIntDisableControl                 
900026c4  USBIntEnableControl                  
9000272c  USBIntStatusControl                  
900027b0  USBIntDisableEndpoint                
900027fc  USBIntEnableEndpoint                 
90002848  USBIntStatusEndpoint                 
9000287c  USBIntRegister                       
900028a0  USBIntUnregister                     
900028b0  USBEndpointStatus                    
90002900  USBHostEndpointStatusClear           
9000298c  USBDevEndpointStatusClear            
90002a70  USBHostEndpointDataToggle            
90002b78  USBEndpointDataToggleClear           
90002be0  USBDevEndpointStall                  
90002c70  USBDevEndpointStallClear             
90002d40  USBDevConnect                        
90002d64  USBDevDisconnect                     
90002d88  USBDevAddrSet                        
90002da8  USBDevAddrGet                        
90002dc0  USBHostEndpointConfig                
90003028  USBDevEndpointConfigSet              
900031a8  USBDevEndpointConfigGet              
90003358  USBFIFOConfigSet                     
90003410  USBFIFOConfigGet                     
900034c8  USBEndpointDMAEnable                 
90003530  USBEndpointDMADisable                
90003598  USBEndpointDataAvail                 
90003604  USBEndpointDataGet                   
90003710  USBDevEndpointDataAck                
9000377c  USBHostEndpointDataAck               
900037d8  USBEndpointDataPut                   
90003888  USBEndpointDataSend                  
90003900  USBFIFOFlush                         
900039c4  USBHostRequestIN                     
90003a10  USBHostRequestINClear                
90003a64  USBHostAutoReqSet                    
90003ab8  USBHostAutoReqClear                  
90003b0c  USBRxChAbort                         
90003c0c  USBDmaTxChDisable                    
90003c64  USBDmaTxChTeardown                   
90003cfc  USBHostTxFifoFlush                   
90003de0  USBHostRequestStatus                 
90003dfc  USBHostAddrSet                       
90003e50  USBHostAddrGet                       
90003e98  USBHostHubAddrSet                    
90003eec  USBHostHubAddrGet                    
90003f34  USBHostPwrConfig                     
90003f80  USBHostPwrFaultEnable                
90003fa4  USBHostPwrFaultDisable               
90003fc8  USBHostPwrEnable                     
90003fec  USBHostPwrDisable                    
90004010  USBFrameNumberGet                    
90004028  USBOTGSessionRequest                 
90004074  USBFIFOAddrGet                       
90004098  USBModeGet                           
900040b4  USBEndpointDMAChannel                
9000411c  USBEnableOtgIntr                     
90004154  USBReset                             
90004198  USBClearOtgIntr                      
900041c4  USBDMSCMediaChange                   
900047e0  USBDMSCInit                          
90004814  USBDMSCCompositeInit                 
90004b24  USBDMSCTerm                          
900057c0  USBDSCSICommand                      
90005c70  USBDeviceConfig                      
90006110  USBDeviceConfigAlternate             
9000645c  USBDCDConfigDescGetSize              
900064c4  USBDCDConfigDescGetNum               
90006550  USBDCDConfigDescGet                  
90006650  USBDCDConfigGetNumAlternateInterfaces
900066ec  USBDCDConfigGetInterface             
90006744  USBDCDConfigGetInterfaceEndpoint     
90006818  USBDescGetNum                        
900068c4  USBDescGet                           
9000698c  USBDescGetNumAlternateInterfaces     
90006ae8  USBDescGetInterface                  
90006b34  USBDescGetInterfaceEndpoint          
90006b78  MMUInit                              
90006bd8  MMUMemRegionMap                      
90006cc8  MMUEnable                            
90006ce4  CacheDisable                         
90006d28  CacheEnable                          
90006d74  CacheInstInvalidateAll               
90006d80  CacheInstInvalidateBuff              
90006d9c  CacheDataCleanInvalidateAll          
90006da8  CacheDataCleanAll                    
90006db4  CacheDataInvalidateAll               
90006dc0  CacheDataCleanBuff                   
90006ddc  CacheDataInvalidateBuff              
90006df8  CacheDataCleanInvalidateBuff         
90006e14  USBDMSCStorageOpen                   
90006e34  USBDMSCStorageClose                  
90006e50  USBDMSCStorageRead                   
90006ebc  USBDMSCStorageWrite                  
90006f14  USBDMSCStorageNumBlocks              
90006f6c  USBVersionGet                        
90006f74  USB0ModuleClkConfig                  
90006fbc  USBEnableInt                         
90006fe4  USBClearInt                          
90006ff4  USBModuleClkEnable                   
90007008  USBModuleClkDisable                  
90007030  UsbPhyOn                             
90007098  UsbPhyOff                            
9ffff000  __stack                              
9ffff200  __STACK_END                          
ffffffff  __binit__                            
ffffffff  __c_args__                           
ffffffff  binit                                
UNDEFED   SHT$$INIT_ARRAY$$Base                
UNDEFED   SHT$$INIT_ARRAY$$Limit               
UNDEFED   __TI_CINIT_Base                      
UNDEFED   __TI_CINIT_Limit                     
UNDEFED   __TI_Handler_Table_Base              
UNDEFED   __TI_Handler_Table_Limit             

[1175 symbols]
