******************************************************************************
                  TI ARM Linker PC v5.2.5                      
******************************************************************************
>> Linked Wed Oct 05 12:07:24 2016

OUTPUT FILE NAME:   <BeagleBone_Smart_Controler.out>
ENTRY POINT SYMBOL: "Entry"  address: 80000000


MEMORY CONFIGURATION

         name            origin    length      used     unused   attr    fill
----------------------  --------  ---------  --------  --------  ----  --------
  SRAM_MEM              402f0400   0000fbff  00000000  0000fbff  RWIX
  L3_SRAM_MEM           40300000   0000ffff  00000000  0000ffff  RWIX
  DDR_MEM               80000000   10000000  000784c8  0ff87b38  RWIX
  DDR_MEM_CACHE         90000000   10000000  00007534  0fff8acc  RWIX


SEGMENT ALLOCATION MAP

run origin  load origin   length   init length attrs members
----------  ----------- ---------- ----------- ----- -------
80000000    80000000    000637b4   000637b4    r-x
  80000000    80000000    000000d0   000000d0    r-x .text:Entry
  800000d0    800000d0    00042d10   00042d10    r-- .const
  80042de0    80042de0    000209d4   000209d4    r-x .text
80064000    80064000    00010803   00000000    rw-
  80064000    80064000    00010803   00000000    rw- .bss
80074808    80074808    00004511   00004511    rw-
  80074808    80074808    00004511   00004511    rw- .data
90000000    90000000    00007334   00007334    r-x
  90000000    90000000    00007334   00007334    r-x Cache_Code
9ffff000    9ffff000    00000200   00000000    rw-
  9ffff000    9ffff000    00000200   00000000    rw- .stack


SECTION ALLOCATION MAP

 output                                  attributes/
section   page    origin      length       input sections
--------  ----  ----------  ----------   ----------------
.text:Entry 
*          0    80000000    000000d0     
                  80000000    000000c8     init.obj (.text:Entry)
                  800000c8    00000008     rtsv7A8_A_le_v3_eabi.lib : autoinit.obj (.tramp.__TI_auto_init.1)

.const     0    800000d0    00042d10     
                  800000d0    0003fc00     BITMAP_CHARLIE_BEACH.obj (.const:.string:BITMAP_CharlieBeach)
                  8003fcd0    00002bc0     BITMAP_TV_REMOTE.obj (.const:.string:BITMAP_TVRemote)
                  80042890    00000101     rtsv7A8_A_le_v3_eabi.lib : ctype.obj (.const:.string:_ctypes_)
                  80042991    000000cc     BITMAP_SD_CARD_SYMBOL.obj (.const:.string:BITMAP_SD_Card_Symbol)
                  80042a5d    00000001     --HOLE-- [fill = 0]
                  80042a5e    00000078     usbdenum.obj (.const:g_sUSBDefaultFIFOConfig)
                  80042ad6    00000002     --HOLE-- [fill = 0]
                  80042ad8    00000070     MEMORY.obj (.const)
                  80042b48    00000058     BITMAP_USB_SYMBOL.obj (.const:.string:BITMAP_USB_Symbol)
                  80042ba0    00000048     usb_msc_structs.obj (.const:g_sMSCDevice)
                  80042be8    00000038     startup.obj (.const:vecTbl)
                  80042c20    00000034     usbdenum.obj (.const:g_psUSBDStdRequests)
                  80042c54    00000030     usb_msc_structs.obj (.const:.string:g_pConfigString)
                  80042c84    00000029     usbdmsc.obj (.const:.string)
                  80042cad    00000028     usb_msc_structs.obj (.const:.string:g_pDataInterfaceString)
                  80042cd5    00000028     usb_msc_structs.obj (.const:.string:g_pProductString)
                  80042cfd    00000024     usb_msc_structs.obj (.const:.string:g_pManufacturerString)
                  80042d21    00000003     --HOLE-- [fill = 0]
                  80042d24    0000001d     usbdmsc.obj (.const)
                  80042d41    00000003     --HOLE-- [fill = 0]
                  80042d44    00000018     USB_MSC_HOST.obj (.const)
                  80042d5c    00000018     usb_msc_structs.obj (.const)
                  80042d74    00000016     usb_msc_structs.obj (.const:.string)
                  80042d8a    00000002     --HOLE-- [fill = 0]
                  80042d8c    00000010     CMD.obj (.const)
                  80042d9c    00000010     usbhmsc.obj (.const)
                  80042dac    0000000c     BITMAP_CHARLIE_BEACH.obj (.const)
                  80042db8    0000000c     BITMAP_SD_CARD_SYMBOL.obj (.const)
                  80042dc4    0000000c     BITMAP_TV_REMOTE.obj (.const)
                  80042dd0    0000000c     BITMAP_USB_SYMBOL.obj (.const)
                  80042ddc    00000004     startup.obj (.const)

.text      0    80042de0    000209d4     
                  80042de0    00004b00     usbhostenum.obj (.text)
                  800478e0    00003638     ff.obj (.text)
                  8004af18    00002a68     LCD.obj (.text)
                  8004d980    00001d10     uart_irda_cir.obj (.text)
                  8004f690    000018d0     rtsv7A8_A_le_v3_eabi.lib : _printfi.obj (.text)
                  80050f60    00001580     rtc.obj (.text)
                  800524e0    000013f4     SD.obj (.text)
                  800538d4    000012bc     EMMC.obj (.text)
                  80054b90    000011d8     tsc_adc.obj (.text)
                  80055d68    00000e38     GUI.obj (.text)
                  80056ba0    00000be4     mcspi.obj (.text)
                  80057784    00000b50     gpio_v2.obj (.text)
                  800582d4    00000ad0     hsi2c.obj (.text)
                  80058da4    000009f0     hs_mmcsd.obj (.text)
                  80059794    000008c0     MISC.obj (.text)
                  8005a054    00000780     dmtimer_driver.obj (.text)
                  8005a7d4    0000072c     usbhmsc.obj (.text)
                  8005af00    000006c4     FRAM.obj (.text)
                  8005b5c4    0000069c     dmtimer.obj (.text)
                  8005bc60    000005e8     usbhscsi.obj (.text)
                  8005c248    000005e0     INTERRUPTS.obj (.text)
                  8005c828    00000510     SPI.obj (.text)
                  8005cd38    00000504     AUDIO.obj (.text)
                  8005d23c    000004a0     UART.obj (.text)
                  8005d6dc    00000498     GPIO.obj (.text)
                  8005db74    00000488     cp15.obj (.text)
                  8005dffc    00000480     USB_MSC_HOST.obj (.text)
                  8005e47c    0000046c     fat_mmcsd.obj (.text)
                  8005e8e8    00000418     hsi2c.obj (.text)
                  8005ed00    000003e4     interrupt.obj (.text)
                  8005f0e4    000003e0     mcspi.obj (.text)
                  8005f4c4    0000033c     RTCC.obj (.text)
                  8005f800    00000334     main.obj (.text)
                  8005fb34    000002e8     WAV.obj (.text)
                  8005fe1c    000002dc     tscAdc.obj (.text)
                  800600f8    000002d0     USB_MSC_DEVICE.obj (.text)
                  800603c8    000002c8     LEDS.obj (.text)
                  80060690    000002b8     rtsv7A8_A_le_v3_eabi.lib : ull_div32.obj (.text)
                  80060948    0000029c     ADC.obj (.text)
                  80060be4    00000290     I2C.obj (.text)
                  80060e74    00000274     rtc.obj (.text)
                  800610e8    00000274     TIMERS.obj (.text)
                  8006135c    00000220     cpld.obj (.text)
                  8006157c    00000204     TEST.obj (.text)
                  80061780    000001d8     CMD.obj (.text)
                  80061958    000001d4     EEPROM.obj (.text)
                  80061b2c    000001d0     PMIC.obj (.text)
                  80061cfc    000001a8     SYSTEM.obj (.text)
                  80061ea4    000001a8     rtsv7A8_A_le_v3_eabi.lib : xdscale.obj (.text)
                  8006204c    000001a0     gpio.obj (.text)
                  800621ec    00000180     rtsv7A8_A_le_v3_eabi.lib : memcpy32.obj (.text)
                  8006236c    00000160                              : xdnorm.obj (.text)
                  800624cc    00000144     usbtick.obj (.text)
                  80062610    0000013c     POWER.obj (.text)
                  8006274c    00000114     rtsv7A8_A_le_v3_eabi.lib : i_div32.obj (.text)
                  80062860    0000010c     exceptionhandler.obj (.text)
                  8006296c    000000f8     usbdhandler.obj (.text)
                  80062a64    000000f0     rtsv7A8_A_le_v3_eabi.lib : u_div32.obj (.text)
                  80062b54    000000f0     sysdelay.obj (.text)
                  80062c44    000000d4     MEMORY.obj (.text)
                  80062d18    000000b8     rtsv7A8_A_le_v3_eabi.lib : xdunscal.obj (.text)
                  80062dd0    000000b0                              : memset32.obj (.text)
                  80062e80    000000a8                              : sprintf.obj (.text)
                  80062f28    000000a4                              : autoinit.obj (.text)
                  80062fcc    000000a0     hs_mmcsd.obj (.text)
                  8006306c    00000084     rtsv7A8_A_le_v3_eabi.lib : atoi.obj (.text)
                  800630f0    00000084                              : cpy_tbl.obj (.text)
                  80063174    00000084     startup.obj (.text)
                  800631f8    00000080     rtsv7A8_A_le_v3_eabi.lib : ltoa.obj (.text)
                  80063278    00000068                              : ldexp.obj (.text)
                  800632e0    00000064                              : signal.obj (.text)
                  80063344    00000060     cpu.obj (.text)
                  800633a4    00000058     rtsv7A8_A_le_v3_eabi.lib : feraiseexcept.obj (.text)
                  800633fc    0000004c     delay.obj (.text)
                  80063448    0000004c     rtsv7A8_A_le_v3_eabi.lib : raise.obj (.text)
                  80063494    00000048                              : xdclass.obj (.text)
                  800634dc    00000044                              : xferaise.obj (.text)
                  80063520    00000034                              : memcmp.obj (.text)
                  80063554    00000030                              : frexp.obj (.text)
                  80063584    0000002c                              : memccpy.obj (.text)
                  800635b0    00000028                              : strchr.obj (.text)
                  800635d8    00000024                              : _lock.obj (.text)
                  800635fc    00000024                              : ll_lsr32.obj (.text)
                  80063620    0000001c                              : strlen.obj (.text)
                  8006363c    0000000c     cpu.obj (.text:CPUIntStatus)
                  80063648    00000004     rtsv7A8_A_le_v3_eabi.lib : i_div0.obj (.text)
                  8006364c    00000008     usb_driver.obj (.tramp.USBFIFOConfigSet.1)
                  80063654    00000008     usb_driver.obj (.tramp.USBHostAddrSet.1)
                  8006365c    00000008     usb_driver.obj (.tramp.USBHostEndpointConfig.1)
                  80063664    00000008     usb_driver.obj (.tramp.USBEndpointDataPut.1)
                  8006366c    00000008     usb_driver.obj (.tramp.USBEndpointDataSend.1)
                  80063674    00000008     usb_driver.obj (.tramp.USBEndpointStatus.1)
                  8006367c    00000008     usb_driver.obj (.tramp.USBHostRequestIN.1)
                  80063684    00000008     usb_driver.obj (.tramp.USBEndpointDataGet.1)
                  8006368c    00000008     usb_driver.obj (.tramp.USBHostEndpointDataAck.1)
                  80063694    00000008     usb_driver.obj (.tramp.USBEnableOtgIntr.1)
                  8006369c    00000008     usb_driver.obj (.tramp.USBIntEnableControl.1)
                  800636a4    00000008     usb_driver.obj (.tramp.USBIntEnableEndpoint.1)
                  800636ac    00000008     usb_driver.obj (.tramp.USBOTGSessionRequest.1)
                  800636b4    00000008     usb_driver.obj (.tramp.USBHostPwrConfig.1)
                  800636bc    00000008     usb_driver.obj (.tramp.USBHostPwrEnable.1)
                  800636c4    00000008     usb.obj (.tramp.USBModuleClkEnable.1)
                  800636cc    00000008     usb_driver.obj (.tramp.USBReset.1)
                  800636d4    00000008     usbphyGS70.obj (.tramp.UsbPhyOn.1)
                  800636dc    00000008     usb_driver.obj (.tramp.USBHostPwrDisable.1)
                  800636e4    00000008     usb_driver.obj (.tramp.USBIntDisableControl.1)
                  800636ec    00000008     usb_driver.obj (.tramp.USBIntDisableEndpoint.1)
                  800636f4    00000008     usb_driver.obj (.tramp.USBHostReset.1)
                  800636fc    00000008     usb_driver.obj (.tramp.USBHostSuspend.1)
                  80063704    00000008     usb_driver.obj (.tramp.USBHostResume.1)
                  8006370c    00000008     usb_driver.obj (.tramp.USBEndpointDataToggleClear.1)
                  80063714    00000008     usb_driver.obj (.tramp.USBIntStatusControl.1)
                  8006371c    00000008     usb_driver.obj (.tramp.USBHostEndpointStatusClear.1)
                  80063724    00000008     usb_driver.obj (.tramp.USBFIFOFlush.1)
                  8006372c    00000008     usbdesc.obj (.tramp.USBDescGetInterface.1)
                  80063734    00000008     usbphyGS70.obj (.tramp.UsbPhyOff.1)
                  8006373c    00000008     usb_driver.obj (.tramp.USBHostRequestStatus.1)
                  80063744    00000008     usb_driver.obj (.tramp.USBDevEndpointDataAck.1)
                  8006374c    00000008     usb_driver.obj (.tramp.USBHostAutoReqClear.1)
                  80063754    00000008     usb_driver.obj (.tramp.USBHostRequestINClear.1)
                  8006375c    00000008     usb_driver.obj (.tramp.USBHostAutoReqSet.1)
                  80063764    00000008     usb_driver.obj (.tramp.USBHostSpeedGet.1)
                  8006376c    00000008     usbdesc.obj (.tramp.USBDescGetInterfaceEndpoint.1)
                  80063774    00000008     usbdenum.obj (.tramp.USBDeviceIntHandlerInternal.1)
                  8006377c    00000008     usb.obj (.tramp.USB0ModuleClkConfig.1)
                  80063784    00000008     cache.obj (.tramp.CacheEnable.1)
                  8006378c    00000008     cache.obj (.tramp.CacheDataCleanInvalidateAll.1)
                  80063794    00000008     usbdmsc.obj (.tramp.USBDMSCInit.1)
                  8006379c    00000008     mmu.obj (.tramp.MMUInit.1)
                  800637a4    00000008     mmu.obj (.tramp.MMUMemRegionMap.1)
                  800637ac    00000008     mmu.obj (.tramp.MMUEnable.1)

.bss       0    80064000    00010803     UNINITIALIZED
                  80064000    00004000     EMMC.obj (.bss:EMMC_Buffer)
                  80068000    00004000     SD.obj (.bss:SD_Buffer)
                  8006c000    00004000     MEMORY.obj (.bss:pageTable)
                  80070000    00000ad0     usbhostenum.obj (.bss:g_sUSBHCD)
                  80070ad0    00000830     usb_msc_structs.obj (.bss:g_sMSCInstance)
                  80071300    000007d0     UART.obj (.bss:UART_RX_buffer)
                  80071ad0    000007d0     UART.obj (.bss:UART_TX_buffer)
                  800722a0    00000018     (.common:I2C_0_Buffers)
                  800722b8    00000008     (.common:SCR)
                  800722c0    00000400     EMMC.obj (.bss:FileDataBuffer)
                  800726c0    00000400     SD.obj (.bss:FileDataBuffer)
                  80072ac0    00000400     USB_MSC_HOST.obj (.bss:FileDataBuffer)
                  80072ec0    000003e8     MISC.obj (.bss:MISC_Buffer)
                  800732a8    00000010     (.common:CID)
                  800732b8    00000008     (.common:Size)
                  800732c0    00000248     EMMC.obj (.bss:fileWrite)
                  80073508    00000030     usbdata.obj (.bss:g_USBInstance)
                  80073538    00000008     (.common:Size)
                  80073540    00000248     SD.obj (.bss:fileWrite)
                  80073788    00000024     fat_mmcsd.obj (.bss:fat_devices)
                  800737ac    00000010     (.common:CID)
                  800737bc    00000004     (.common:BlockLength)
                  800737c0    00000248     USB_MSC_HOST.obj (.bss:fileWrite)
                  80073a08    00000010     (.common:CSD)
                  80073a18    00000010     (.common:CSD)
                  80073a28    00000010     (.common:EEPROM_Contents)
                  80073a38    00000008     (.common:g_ulAlloc)
                  80073a40    00000240     EMMC.obj (.bss:g_EMMC_FatFs)
                  80073c80    00000240     SD.obj (.bss:g_SD_FatFs)
                  80073ec0    00000240     USB_MSC_HOST.obj (.bss:g_USB_HOST_FatFs)
                  80074100    00000200     EMMC.obj (.bss:EXT_CSD)
                  80074300    00000200     interrupt.obj (.bss:fnRAMVectors)
                  80074500    000000a8     usbdenum.obj (.bss:g_psUSBDevice)
                  800745a8    00000080     USB_MSC_HOST.obj (.bss:g_pHCDPool)
                  80074628    00000040     POWER.obj (.bss:Voltage)
                  80074668    00000040     usbhmsc.obj (.bss:g_USBHMSCDevice)
                  800746a8    00000040     usbdmsc.obj (.bss:g_pucCommand)
                  800746e8    00000040     usbdenum.obj (.bss:g_pucDataBufferIn)
                  80074728    00000010     (.common:response)
                  80074738    00000008     (.common:g_ulConnectRetry)
                  80074740    00000014     (.common:g_sDirObject)
                  80074754    00000010     (.common:response)
                  80074764    0000000c     (.common:Command_String)
                  80074770    0000000c     (.common:FatFs)
                  8007477c    0000000c     (.common:g_pfTickHandlers)
                  80074788    0000000c     (.common:g_pvTickInstance)
                  80074794    0000000a     (.common:CurrentTimeDate)
                  8007479e    00000002     (.common:BytesWritten)
                  800747a0    00000004     (.common:BlockLength)
                  800747a4    00000004     (.common:BusWidth)
                  800747a8    00000004     (.common:BusWidth)
                  800747ac    00000004     (.common:HighCap)
                  800747b0    00000004     (.common:HighCap)
                  800747b4    00000004     (.common:NumberBlocks)
                  800747b8    00000004     (.common:NumberBlocks)
                  800747bc    00000004     (.common:OCR)
                  800747c0    00000004     (.common:OCR)
                  800747c4    00000004     (.common:RCA)
                  800747c8    00000004     (.common:RCA)
                  800747cc    00000004     (.common:SD_Version)
                  800747d0    00000004     (.common:TransSpeed)
                  800747d4    00000004     (.common:TransSpeed)
                  800747d8    00000004     (.common:dummy)
                  800747dc    00000004     (.common:g_sDriveInformation)
                  800747e0    00000004     (.common:g_ulFlags)
                  800747e4    00000004     (.common:g_ulIdleTimeout)
                  800747e8    00000004     (.common:p_CurrentScreen)
                  800747ec    00000004     (.common:p_CurrentWAVFile)
                  800747f0    00000004     (.common:p_PreviousScreen)
                  800747f4    00000002     (.common:BytesWritten)
                  800747f6    00000002     (.common:BytesWritten)
                  800747f8    00000002     (.common:fsid)
                  800747fa    00000001     (.common:CurrentScreen)
                  800747fb    00000001     (.common:PreviousPreviousScreen)
                  800747fc    00000001     (.common:PreviousScreen)
                  800747fd    00000001     (.common:Result)
                  800747fe    00000001     (.common:Result)
                  800747ff    00000001     (.common:Result)
                  80074800    00000001     (.common:g_eMSCState)
                  80074801    00000001     (.common:g_eState)
                  80074802    00000001     (.common:g_eUIState)

.TI.noinit 
*          0    80064000    00000000     UNINITIALIZED

.data      0    80074808    00004511     
                  80074808    00003cbc     WAV_POST_COMPLETE.obj (.data:WAV_PostComplete)
                  800784c4    00000500     GUI.obj (.data:Screens)
                  800789c4    000000b0     rtsv7A8_A_le_v3_eabi.lib : signal.obj (.data:sigtable)
                  80078a74    00000004     USB_MSC_HOST.obj (.data)
                  80078a78    00000080     rtsv7A8_A_le_v3_eabi.lib : xvalues.obj (.data)
                  80078af8    00000062     WAV.obj (.data:WAV_Files)
                  80078b5a    00000050     USB_MSC_HOST.obj (.data:g_cCwdBuf)
                  80078baa    00000002     CMD.obj (.data)
                  80078bac    00000048     usbdmsc.obj (.data:g_sMSCDeviceInfo)
                  80078bf4    00000030     usbhostenum.obj (.data:g_sUSBHEP0State)
                  80078c24    00000030     usbdmsc.obj (.data)
                  80078c54    00000023     LCD.obj (.data)
                  80078c77    0000001f     FRAM.obj (.data)
                  80078c96    00000002     EMMC.obj (.data)
                  80078c98    00000010     AUDIO.obj (.data)
                  80078ca8    00000010     TIMERS.obj (.data)
                  80078cb8    0000000c     RTCC.obj (.data)
                  80078cc4    0000000c     UART.obj (.data)
                  80078cd0    0000000c     USB_MSC_DEVICE.obj (.data)
                  80078cdc    0000000c     usbtick.obj (.data)
                  80078ce8    00000008     rtsv7A8_A_le_v3_eabi.lib : _lock.obj (.data)
                  80078cf0    00000008                              : feraiseexcept.obj (.data)
                  80078cf8    00000008     usbdenum.obj (.data)
                  80078d00    00000008     usbhostenum.obj (.data)
                  80078d08    00000004     rtsv7A8_A_le_v3_eabi.lib : errno.obj (.data)
                  80078d0c    00000004     sysdelay.obj (.data)
                  80078d10    00000003     GUI.obj (.data)
                  80078d13    00000003     SD.obj (.data)
                  80078d16    00000001     ADC.obj (.data)
                  80078d17    00000001     I2C.obj (.data)
                  80078d18    00000001     fat_mmcsd.obj (.data)

.TI.persistent 
*          0    80074808    00000000     UNINITIALIZED

Cache_Code 
*          0    90000000    00007334     
                  90000000    00002234     usbdenum.obj (.text)
                  90002234    00001f90     usb_driver.obj (.text)
                  900041c4    000018e0     usbdmsc.obj (.text)
                  90005aa4    00000830     usbdconfig.obj (.text)
                  900062d4    00000544     usbdcdesc.obj (.text)
                  90006818    00000360     usbdesc.obj (.text)
                  90006b78    0000016c     mmu.obj (.text)
                  90006ce4    00000130     cache.obj (.text)
                  90006e14    0000025c     usbdmscglue.obj (.text)
                  90007070    000000c4     usb.obj (.text)
                  90007134    000000c8     usbphyGS70.obj (.text)
                  900071fc    00000008     delay.obj (.tramp.delay.1)
                  90007204    00000008     interrupt.obj (.tramp.IntSystemEnable.1)
                  9000720c    00000008     interrupt.obj (.tramp.IntSystemDisable.1)
                  90007214    00000008     rtsv7A8_A_le_v3_eabi.lib : u_div32.obj (.tramp.__aeabi_uidivmod.1)
                  9000721c    00000008                              : memcpy32.obj (.tramp.memcpy.1)
                  90007224    00000008     usbtick.obj (.tramp.InternalUSBStartOfFrameTick.1)
                  9000722c    00000008     interrupt.obj (.tramp.IntRegister.1)
                  90007234    00000008     interrupt.obj (.tramp.IntEnable.1)
                  9000723c    00000008     interrupt.obj (.tramp.IntDisable.1)
                  90007244    00000008     rtsv7A8_A_le_v3_eabi.lib : memset32.obj (.tramp.memset.1)
                  9000724c    00000008     cp15.obj (.tramp.CP15TlbInvalidate.1)
                  90007254    00000008     cp15.obj (.tramp.CP15DomainAccessClientSet.1)
                  9000725c    00000008     cp15.obj (.tramp.CP15ControlFeatureDisable.1)
                  90007264    00000008     cp15.obj (.tramp.CP15TtbCtlTtb0Config.1)
                  9000726c    00000008     cp15.obj (.tramp.CP15Ttb0Set.1)
                  90007274    00000008     cp15.obj (.tramp.CP15MMUEnable.1)
                  9000727c    00000008     cp15.obj (.tramp.CP15ICacheDisable.1)
                  90007284    00000008     cp15.obj (.tramp.CP15DCacheDisable.1)
                  9000728c    00000008     cp15.obj (.tramp.CP15MainIdPrimPartNumGet.1)
                  90007294    00000008     cp15.obj (.tramp.CP15AuxControlFeatureDisable.1)
                  9000729c    00000008     cp15.obj (.tramp.CP15ICacheFlush.1)
                  900072a4    00000008     cp15.obj (.tramp.CP15ICacheEnable.1)
                  900072ac    00000008     cp15.obj (.tramp.CP15AuxControlFeatureEnable.1)
                  900072b4    00000008     cp15.obj (.tramp.CP15DCacheFlush.1)
                  900072bc    00000008     cp15.obj (.tramp.CP15DCacheEnable.1)
                  900072c4    00000008     cp15.obj (.tramp.CP15ICacheFlushBuff.1)
                  900072cc    00000008     cp15.obj (.tramp.CP15DCacheCleanFlush.1)
                  900072d4    00000008     cp15.obj (.tramp.CP15DCacheClean.1)
                  900072dc    00000008     cp15.obj (.tramp.CP15DCacheCleanBuff.1)
                  900072e4    00000008     cp15.obj (.tramp.CP15DCacheFlushBuff.1)
                  900072ec    00000008     cp15.obj (.tramp.CP15DCacheCleanFlushBuff.1)
                  900072f4    00000008     USB_MSC_DEVICE.obj (.tramp.USB_GetMSCDevice_EMMC_or_SD.1)
                  900072fc    00000008     SD.obj (.tramp.SD_ReadBlocks.1)
                  90007304    00000008     EMMC.obj (.tramp.EMMC_ReadBlocks.1)
                  9000730c    00000008     usbhmsc.obj (.tramp.USBHMSCBlockRead.1)
                  90007314    00000008     SD.obj (.tramp.SD_WriteBlocks.1)
                  9000731c    00000008     EMMC.obj (.tramp.EMMC_WriteBlocks.1)
                  90007324    00000008     usbhmsc.obj (.tramp.USBHMSCBlockWrite.1)
                  9000732c    00000008     EMMC.obj (.tramp.EMMC_GetNumberBlocks.1)

.stack     0    9ffff000    00000200     UNINITIALIZED
                  9ffff000    00000200     --HOLE--


FAR CALL TRAMPOLINES

callee name               trampoline name
   callee addr  tramp addr   call addr  call info
--------------  -----------  ---------  ----------------
__TI_auto_init            $Tramp$AA$S$$__TI_auto_init
   80062f28     800000c8     800000a0   init.obj (.text:Entry)
delay                     $Tramp$AA$L$PI$$delay
   80063408     900071fc     900002a8   usbdenum.obj (.text)
                             90003b70   usb_driver.obj (.text)
IntSystemEnable           $Tramp$AA$L$PI$$IntSystemEnable
   8005edf0     90007204     900002d8   usbdenum.obj (.text)
IntSystemDisable          $Tramp$AA$L$PI$$IntSystemDisable
   8005ee24     9000720c     90000330   usbdenum.obj (.text)
__aeabi_uidivmod          $Tramp$AA$L$PI$$__aeabi_uidivmod
   80062a64     90007214     90001344   usbdenum.obj (.text)
memcpy                    $Tramp$AA$L$PI$$memcpy
   800621ec     9000721c     90001bac   usbdenum.obj (.text)
InternalUSBStartOfFrameTick  $Tramp$AA$L$PI$$InternalUSBStartOfFrameTick
   80062578     90007224     90002184   usbdenum.obj (.text)
IntRegister               $Tramp$AA$L$PI$$IntRegister
   8005ed04     9000722c     90002890   usb_driver.obj (.text)
IntEnable                 $Tramp$AA$L$PI$$IntEnable
   8005f088     90007234     90002898   usb_driver.obj (.text)
IntDisable                $Tramp$AA$L$PI$$IntDisable
   8005f070     9000723c     900028a8   usb_driver.obj (.text)
memset                    $Tramp$AA$L$PI$$memset
   80062de0     90007244     9000469c   usbdmsc.obj (.text)
CP15TlbInvalidate         $Tramp$AA$L$PI$$CP15TlbInvalidate
   8005df04     9000724c     90006b80   mmu.obj (.text)
CP15DomainAccessClientSet  $Tramp$AA$L$PI$$CP15DomainAccessClientSet
   8005df74     90007254     90006b84   mmu.obj (.text)
CP15ControlFeatureDisable  $Tramp$AA$L$PI$$CP15ControlFeatureDisable
   8005df84     9000725c     90006b8c   mmu.obj (.text)
CP15TtbCtlTtb0Config      $Tramp$AA$L$PI$$CP15TtbCtlTtb0Config
   8005dfac     90007264     90006b90   mmu.obj (.text)
CP15Ttb0Set               $Tramp$AA$L$PI$$CP15Ttb0Set
   8005def8     9000726c     90006cd4   mmu.obj (.text)
CP15MMUEnable             $Tramp$AA$L$PI$$CP15MMUEnable
   8005df28     90007274     90006cd8   mmu.obj (.text)
CP15ICacheDisable         $Tramp$AA$L$PI$$CP15ICacheDisable
   8005db74     9000727c     90006cf8   cache.obj (.text)
CP15DCacheDisable         $Tramp$AA$L$PI$$CP15DCacheDisable
   8005db90     90007284     90006d08   cache.obj (.text)
CP15MainIdPrimPartNumGet  $Tramp$AA$L$PI$$CP15MainIdPrimPartNumGet
   8005dfe4     9000728c     90006d0c   cache.obj (.text)
                             90006d50   cache.obj (.text)
CP15AuxControlFeatureDisable  $Tramp$AA$L$PI$$CP15AuxControlFeatureDisable
   8005dfd0     90007294     90006d20   cache.obj (.text)
CP15ICacheFlush           $Tramp$AA$L$PI$$CP15ICacheFlush
   8005dd88     9000729c     90006d3c   cache.obj (.text)
                             90006d78   cache.obj (.text)
CP15ICacheEnable          $Tramp$AA$L$PI$$CP15ICacheEnable
   8005dbac     900072a4     90006d40   cache.obj (.text)
CP15AuxControlFeatureEnable  $Tramp$AA$L$PI$$CP15AuxControlFeatureEnable
   8005dfbc     900072ac     90006d64   cache.obj (.text)
CP15DCacheFlush           $Tramp$AA$L$PI$$CP15DCacheFlush
   8005dbcc     900072b4     90006d68   cache.obj (.text)
                             90006db8   cache.obj (.text)
CP15DCacheEnable          $Tramp$AA$L$PI$$CP15DCacheEnable
   8005dbbc     900072bc     90006d6c   cache.obj (.text)
CP15ICacheFlushBuff       $Tramp$AA$L$PI$$CP15ICacheFlushBuff
   8005dea4     900072c4     90006d94   cache.obj (.text)
CP15DCacheCleanFlush      $Tramp$AA$L$PI$$CP15DCacheCleanFlush
   8005dcf4     900072cc     90006da0   cache.obj (.text)
CP15DCacheClean           $Tramp$AA$L$PI$$CP15DCacheClean
   8005dc60     900072d4     90006dac   cache.obj (.text)
CP15DCacheCleanBuff       $Tramp$AA$L$PI$$CP15DCacheCleanBuff
   8005dd98     900072dc     90006dd4   cache.obj (.text)
CP15DCacheFlushBuff       $Tramp$AA$L$PI$$CP15DCacheFlushBuff
   8005de40     900072e4     90006df0   cache.obj (.text)
CP15DCacheCleanFlushBuff  $Tramp$AA$L$PI$$CP15DCacheCleanFlushBuff
   8005ddec     900072ec     90006e0c   cache.obj (.text)
USB_GetMSCDevice_EMMC_or_SD  $Tramp$AA$L$PI$$USB_GetMSCDevice_EMMC_or_SD
   80060124     900072f4     90006e68   usbdmscglue.obj (.text)
                             90006e94   usbdmscglue.obj (.text)
                             90006ec0   usbdmscglue.obj (.text)
                             90006f20   usbdmscglue.obj (.text)
                             90006f4c   usbdmscglue.obj (.text)
                             90006f78   usbdmscglue.obj (.text)
                             90006fd0   usbdmscglue.obj (.text)
                             90006ffc   usbdmscglue.obj (.text)
                             90007014   usbdmscglue.obj (.text)
SD_ReadBlocks             $Tramp$AA$L$PI$$SD_ReadBlocks
   8005369c     900072fc     90006e80   usbdmscglue.obj (.text)
EMMC_ReadBlocks           $Tramp$AA$L$PI$$EMMC_ReadBlocks
   800546d8     90007304     90006eac   usbdmscglue.obj (.text)
USBHMSCBlockRead          $Tramp$AA$L$PI$$USBHMSCBlockRead
   8005adac     9000730c     90006ee4   usbdmscglue.obj (.text)
SD_WriteBlocks            $Tramp$AA$L$PI$$SD_WriteBlocks
   800534dc     90007314     90006f38   usbdmscglue.obj (.text)
EMMC_WriteBlocks          $Tramp$AA$L$PI$$EMMC_WriteBlocks
   8005453c     9000731c     90006f64   usbdmscglue.obj (.text)
USBHMSCBlockWrite         $Tramp$AA$L$PI$$USBHMSCBlockWrite
   8005ae4c     90007324     90006f9c   usbdmscglue.obj (.text)
EMMC_GetNumberBlocks      $Tramp$AA$L$PI$$EMMC_GetNumberBlocks
   80054874     9000732c     90007008   usbdmscglue.obj (.text)
USBFIFOConfigSet          $Tramp$AA$L$PI$$USBFIFOConfigSet
   90003358     8006364c     800432c8   usbhostenum.obj (.text)
                             8004346c   usbhostenum.obj (.text)
USBHostAddrSet            $Tramp$AA$L$PI$$USBHostAddrSet
   90003dfc     80063654     800432f4   usbhostenum.obj (.text)
                             80043498   usbhostenum.obj (.text)
                             80046fe0   usbhostenum.obj (.text)
USBHostEndpointConfig     $Tramp$AA$L$PI$$USBHostEndpointConfig
   90002dc0     8006365c     800439a4   usbhostenum.obj (.text)
                             80044bcc   usbhostenum.obj (.text)
USBEndpointDataPut        $Tramp$AA$L$PI$$USBEndpointDataPut
   900037d8     80063664     80043adc   usbhostenum.obj (.text)
                             80043f94   usbhostenum.obj (.text)
                             80047004   usbhostenum.obj (.text)
                             80047680   usbhostenum.obj (.text)
USBEndpointDataSend       $Tramp$AA$L$PI$$USBEndpointDataSend
   90003888     8006366c     80043afc   usbhostenum.obj (.text)
                             80043fb4   usbhostenum.obj (.text)
                             80047090   usbhostenum.obj (.text)
                             8004751c   usbhostenum.obj (.text)
                             800476ac   usbhostenum.obj (.text)
                             800476d0   usbhostenum.obj (.text)
USBEndpointStatus         $Tramp$AA$L$PI$$USBEndpointStatus
   900028b0     80063674     80043be8   usbhostenum.obj (.text)
                             80044270   usbhostenum.obj (.text)
                             80045e54   usbhostenum.obj (.text)
                             8004606c   usbhostenum.obj (.text)
                             80047238   usbhostenum.obj (.text)
USBHostRequestIN          $Tramp$AA$L$PI$$USBHostRequestIN
   900039c4     8006367c     80044000   usbhostenum.obj (.text)
                             80044184   usbhostenum.obj (.text)
                             80047348   usbhostenum.obj (.text)
                             8004753c   usbhostenum.obj (.text)
USBEndpointDataGet        $Tramp$AA$L$PI$$USBEndpointDataGet
   90003604     80063684     80044064   usbhostenum.obj (.text)
                             80044410   usbhostenum.obj (.text)
                             8004742c   usbhostenum.obj (.text)
USBHostEndpointDataAck    $Tramp$AA$L$PI$$USBHostEndpointDataAck
   9000377c     8006368c     80044080   usbhostenum.obj (.text)
                             8004442c   usbhostenum.obj (.text)
USBEnableOtgIntr          $Tramp$AA$L$PI$$USBEnableOtgIntr
   9000411c     80063694     80044be4   usbhostenum.obj (.text)
USBIntEnableControl       $Tramp$AA$L$PI$$USBIntEnableControl
   900026c4     8006369c     80044c00   usbhostenum.obj (.text)
USBIntEnableEndpoint      $Tramp$AA$L$PI$$USBIntEnableEndpoint
   900027fc     800636a4     80044c1c   usbhostenum.obj (.text)
USBOTGSessionRequest      $Tramp$AA$L$PI$$USBOTGSessionRequest
   90004028     800636ac     80044c70   usbhostenum.obj (.text)
                             80045178   usbhostenum.obj (.text)
                             80045c9c   usbhostenum.obj (.text)
USBHostPwrConfig          $Tramp$AA$L$PI$$USBHostPwrConfig
   90003f34     800636b4     80044da0   usbhostenum.obj (.text)
USBHostPwrEnable          $Tramp$AA$L$PI$$USBHostPwrEnable
   90003fc8     800636bc     80044dd4   usbhostenum.obj (.text)
                             80045c80   usbhostenum.obj (.text)
                             80045cf8   usbhostenum.obj (.text)
USBModuleClkEnable        $Tramp$AA$L$PI$$USBModuleClkEnable
   900070f8     800636c4     80045010   usbhostenum.obj (.text)
USBReset                  $Tramp$AA$L$PI$$USBReset
   90004154     800636cc     80045028   usbhostenum.obj (.text)
                             80046b10   usbhostenum.obj (.text)
                             80046da0   usbhostenum.obj (.text)
                             80046e54   usbhostenum.obj (.text)
UsbPhyOn                  $Tramp$AA$L$PI$$UsbPhyOn
   90007134     800636d4     80045030   usbhostenum.obj (.text)
USBHostPwrDisable         $Tramp$AA$L$PI$$USBHostPwrDisable
   90003fec     800636dc     80045190   usbhostenum.obj (.text)
USBIntDisableControl      $Tramp$AA$L$PI$$USBIntDisableControl
   90002658     800636e4     800451c4   usbhostenum.obj (.text)
USBIntDisableEndpoint     $Tramp$AA$L$PI$$USBIntDisableEndpoint
   900027b0     800636ec     800451e0   usbhostenum.obj (.text)
USBHostReset              $Tramp$AA$L$PI$$USBHostReset
   9000233c     800636f4     80045358   usbhostenum.obj (.text)
                             8004537c   usbhostenum.obj (.text)
USBHostSuspend            $Tramp$AA$L$PI$$USBHostSuspend
   90002318     800636fc     800453a8   usbhostenum.obj (.text)
USBHostResume             $Tramp$AA$L$PI$$USBHostResume
   90002388     80063704     800453d0   usbhostenum.obj (.text)
                             800453f4   usbhostenum.obj (.text)
USBEndpointDataToggleClear  $Tramp$AA$L$PI$$USBEndpointDataToggleClear
   90002b78     8006370c     800457d8   usbhostenum.obj (.text)
                             80045804   usbhostenum.obj (.text)
USBIntStatusControl       $Tramp$AA$L$PI$$USBIntStatusControl
   9000272c     80063714     80045bcc   usbhostenum.obj (.text)
USBHostEndpointStatusClear  $Tramp$AA$L$PI$$USBHostEndpointStatusClear
   90002900     8006371c     80045e8c   usbhostenum.obj (.text)
                             80045f1c   usbhostenum.obj (.text)
                             80045fa8   usbhostenum.obj (.text)
                             800460a4   usbhostenum.obj (.text)
                             80046134   usbhostenum.obj (.text)
                             80047268   usbhostenum.obj (.text)
                             800472d0   usbhostenum.obj (.text)
                             800473a8   usbhostenum.obj (.text)
USBFIFOFlush              $Tramp$AA$L$PI$$USBFIFOFlush
   90003900     80063724     80045eb4   usbhostenum.obj (.text)
                             800460cc   usbhostenum.obj (.text)
                             80047288   usbhostenum.obj (.text)
                             80047718   usbhostenum.obj (.text)
                             80047738   usbhostenum.obj (.text)
                             800477b0   usbhostenum.obj (.text)
                             800477d0   usbhostenum.obj (.text)
USBDescGetInterface       $Tramp$AA$L$PI$$USBDescGetInterface
   90006ae8     8006372c     80046498   usbhostenum.obj (.text)
                             8005a82c   usbhmsc.obj (.text)
UsbPhyOff                 $Tramp$AA$L$PI$$UsbPhyOff
   9000719c     80063734     80046d88   usbhostenum.obj (.text)
USBHostRequestStatus      $Tramp$AA$L$PI$$USBHostRequestStatus
   90003de0     8006373c     80047304   usbhostenum.obj (.text)
USBDevEndpointDataAck     $Tramp$AA$L$PI$$USBDevEndpointDataAck
   90003710     80063744     80047490   usbhostenum.obj (.text)
USBHostAutoReqClear       $Tramp$AA$L$PI$$USBHostAutoReqClear
   90003ab8     8006374c     80047768   usbhostenum.obj (.text)
USBHostRequestINClear     $Tramp$AA$L$PI$$USBHostRequestINClear
   90003a10     80063754     80047790   usbhostenum.obj (.text)
USBHostAutoReqSet         $Tramp$AA$L$PI$$USBHostAutoReqSet
   90003a64     8006375c     800477ec   usbhostenum.obj (.text)
USBHostSpeedGet           $Tramp$AA$L$PI$$USBHostSpeedGet
   900023d4     80063764     80047884   usbhostenum.obj (.text)
USBDescGetInterfaceEndpoint  $Tramp$AA$L$PI$$USBDescGetInterfaceEndpoint
   90006b34     8006376c     8005a858   usbhmsc.obj (.text)
USBDeviceIntHandlerInternal  $Tramp$AA$L$PI$$USBDeviceIntHandlerInternal
   90001fac     80063774     8005c7ac   INTERRUPTS.obj (.text)
                             800629cc   usbdhandler.obj (.text)
                             80062a44   usbdhandler.obj (.text)
USB0ModuleClkConfig       $Tramp$AA$L$PI$$USB0ModuleClkConfig
   90007078     8006377c     8005e024   USB_MSC_HOST.obj (.text)
CacheEnable               $Tramp$AA$L$PI$$CacheEnable
   90006d28     80063784     8005f80c   main.obj (.text)
CacheDataCleanInvalidateAll  $Tramp$AA$L$PI$$CacheDataCleanInvalidateAll
   90006d9c     8006378c     80060110   USB_MSC_DEVICE.obj (.text)
USBDMSCInit               $Tramp$AA$L$PI$$USBDMSCInit
   900047e0     80063794     8006011c   USB_MSC_DEVICE.obj (.text)
MMUInit                   $Tramp$AA$L$PI$$MMUInit
   90006b78     8006379c     80062cd0   MEMORY.obj (.text)
MMUMemRegionMap           $Tramp$AA$L$PI$$MMUMemRegionMap
   90006bd8     800637a4     80062cd8   MEMORY.obj (.text)
                             80062ce0   MEMORY.obj (.text)
                             80062ce8   MEMORY.obj (.text)
                             80062cf0   MEMORY.obj (.text)
MMUEnable                 $Tramp$AA$L$PI$$MMUEnable
   90006cc8     800637ac     80062cf8   MEMORY.obj (.text)

[85 trampolines]
[148 trampoline calls]


GLOBAL SYMBOLS: SORTED ALPHABETICALLY BY Name 

address   name                                 
-------   ----                                 
8005c6c8  ADC_0_ISR                            
80060bb4  ADC_ClearFinishedFlag                
80060afc  ADC_ConfigureInterrupt               
80060bc4  ADC_GetFinishedFlag                  
80060b28  ADC_ReadChannels                     
80060ba4  ADC_SetFinishedFlag                  
80042ddc  AM335X_VECTOR_BASE                   
8005d198  AUD_AmpShutdown                      
80078ca0  AUD_AudioTimeoutCount                
8005d0d0  AUD_ClearPlaybackFinishedFlag        
8005ce40  AUD_ClearPlayingFlag                 
8005d108  AUD_ClearTimoutFlag                  
8005d0ec  AUD_GetPlaybackFinishedFlag          
8005ce50  AUD_GetPlayingFlag                   
8005d118  AUD_GetTimoutFlag                    
8005d124  AUD_IsWAVPlaying                     
8005cd3c  AUD_PlayWAV                          
8005d0c0  AUD_SetPlaybackFinishedFlag          
8005ce30  AUD_SetPlayingFlag                   
8005d0f8  AUD_SetTimoutFlag                    
8005ce04  AUD_StopWAV                          
8005d13c  AUD_TestAudio                        
8005ce5c  AUD_TransferWAVToRAMG                
80062954  AbortHandler                         
80078c9c  AudioBytesTransferred                
800000d0  BITMAP_CharlieBeach                  
80042991  BITMAP_SD_Card_Symbol                
8003fcd0  BITMAP_TVRemote                      
80042b48  BITMAP_USB_Symbol                    
80078c76  BackLightSetting                     
80061790  CMD_CheckMatch                       
8006191c  CMD_ClearNewCommand                  
8006192c  CMD_GetNewCommand                    
800618fc  CMD_Help                             
8006190c  CMD_SetNewCommand                    
8005dfd0  CP15AuxControlFeatureDisable         
8005dfbc  CP15AuxControlFeatureEnable          
8005df64  CP15BranchPredictionDisable          
8005df54  CP15BranchPredictionEnable           
8005df48  CP15BranchPredictorInvalidate        
8005df84  CP15ControlFeatureDisable            
8005df98  CP15ControlFeatureEnable             
8005dc60  CP15DCacheClean                      
8005dd98  CP15DCacheCleanBuff                  
8005dcf4  CP15DCacheCleanFlush                 
8005ddec  CP15DCacheCleanFlushBuff             
8005db90  CP15DCacheDisable                    
8005dbbc  CP15DCacheEnable                     
8005dbcc  CP15DCacheFlush                      
8005de40  CP15DCacheFlushBuff                  
8005df74  CP15DomainAccessClientSet            
8005db74  CP15ICacheDisable                    
8005dbac  CP15ICacheEnable                     
8005dd88  CP15ICacheFlush                      
8005dea4  CP15ICacheFlushBuff                  
8005df10  CP15MMUDisable                       
8005df28  CP15MMUEnable                        
8005dfe4  CP15MainIdPrimPartNumGet             
8005df04  CP15TlbInvalidate                    
8005def8  CP15Ttb0Set                          
8005dfac  CP15TtbCtlTtb0Config                 
8005df3c  CP15VectorBaseAddrSet                
8006135c  CPLDI2CRead                          
800614b8  CPLDI2CSetup                         
80063360  CPUAbortHandler                      
8006363c  CPUIntStatus                         
80063344  CPUSwitchToPrivilegedMode            
8006334c  CPUSwitchToUserMode                  
80063384  CPUfiqd                              
80063394  CPUfiqe                              
80063364  CPUirqd                              
80063374  CPUirqe                              
90006da8  CacheDataCleanAll                    
90006dc0  CacheDataCleanBuff                   
90006d9c  CacheDataCleanInvalidateAll          
90006df8  CacheDataCleanInvalidateBuff         
90006db4  CacheDataInvalidateAll               
90006ddc  CacheDataInvalidateBuff              
90006ce4  CacheDisable                         
90006d28  CacheEnable                          
90006d74  CacheInstInvalidateAll               
90006d80  CacheInstInvalidateBuff              
80074764  Command_String                       
80042d8c  Commands                             
800747fa  CurrentScreen                        
80078c77  CurrentSystemSettings                
80074794  CurrentTimeDate                      
8005a6f8  DMTimer1msModuleClkConfig            
8005a1e0  DMTimer2ModuleClkConfig              
8005a054  DMTimer3ModuleClkConfig              
8005a36c  DMTimer4ModuleClkConfig              
8005a4fc  DMTimer6ModuleClkConfig              
8005a56c  DMTimer7ModuleClkConfig              
8005b904  DMTimerCompareGet                    
8005b8c8  DMTimerCompareSet                    
8005bb24  DMTimerContextRestore                
8005baa4  DMTimerContextSave                   
8005b7c0  DMTimerCounterGet                    
8005b784  DMTimerCounterSet                    
8005b604  DMTimerDisable                       
8005b5c4  DMTimerEnable                        
8005b848  DMTimerGPOConfigure                  
8005b9b8  DMTimerIntDisable                    
8005b994  DMTimerIntEnable                     
8005ba14  DMTimerIntEnableGet                  
8005b940  DMTimerIntRawStatusGet               
8005b91c  DMTimerIntRawStatusSet               
8005b970  DMTimerIntStatusClear                
8005b958  DMTimerIntStatusGet                  
8005b644  DMTimerModeConfigure                 
8005bc04  DMTimerPostedModeConfig              
8005b744  DMTimerPreScalerClkDisable           
8005b6c4  DMTimerPreScalerClkEnable            
8005b830  DMTimerReloadGet                     
8005b7f4  DMTimerReloadSet                     
8005ba70  DMTimerReset                         
8005ba2c  DMTimerResetConfigure                
8005b9dc  DMTimerTriggerSet                    
8005bc48  DMTimerWritePostedStatusGet          
80078cba  DefaultTimeDate                      
800633fc  DelayTimerSetup                      
80073a28  EEPROM_Contents                      
80061970  EEPROM_ReadAddress                   
80061a34  EEPROM_ReadBuffer                    
800619cc  EEPROM_WriteAddress                  
80061aac  EEPROM_WriteBuffer                   
80064000  EMMC_Buffer                          
80053bcc  EMMC_CardInit                        
80054890  EMMC_ClearInitialized                
80054874  EMMC_GetNumberBlocks                 
80053a14  EMMC_HSMMCSDModuleClkConfig          
80053a3c  EMMC_HardwareReset                   
800548a0  EMMC_IsInitialized                   
80053978  EMMC_PinMuxSetup                     
800546d8  EMMC_ReadBlocks                      
800544ac  EMMC_ReceiveData                     
80054420  EMMC_SendAppCommand                  
800541c4  EMMC_SendCommand                     
800548f0  EMMC_SendCommandSwitch               
80054a04  EMMC_SendStatus                      
80054880  EMMC_SetInitialized                  
80053a78  EMMC_SetUpController                 
80054a7c  EMMC_TestWrite                       
800544dc  EMMC_TransmitData                    
8005453c  EMMC_WriteBlocks                     
8006151c  EVMProfileGet                        
80000000  Entry                                
80062950  FIQHandler                           
8005b488  FRAM_CalculateCRC                    
8005b44c  FRAM_Hold                            
8005b4a0  FRAM_LoadDefaultSettings             
8005b000  FRAM_LoadSettings                    
8005b230  FRAM_ReadMemory                      
8005b104  FRAM_ReadStatusRegister              
8005b01c  FRAM_SaveSettings                    
8005b51c  FRAM_Test                            
8005b084  FRAM_WriteDisable                    
8005b048  FRAM_WriteEnable                     
8005b144  FRAM_WriteMemory                     
8005b410  FRAM_WriteProtect                    
8005b31c  FRAM_WriteRead                       
8005b0c0  FRAM_WriteStatusRegister             
80078c72  FT_DispCSpread                       
80078c74  FT_DispDither                        
80078c5c  FT_DispHCycle                        
80078c5e  FT_DispHOffset                       
80078c60  FT_DispHSync0                        
80078c62  FT_DispHSync1                        
80078c5a  FT_DispHeight                        
80078c6c  FT_DispPCLK                          
80078c70  FT_DispPCLKPol                       
80078c6e  FT_DispSwizzle                       
80078c64  FT_DispVCycle                        
80078c66  FT_DispVOffset                       
80078c68  FT_DispVSync0                        
80078c6a  FT_DispVSync1                        
80078c58  FT_DispWidth                         
8006205c  GPIO0ModuleClkConfig                 
80062114  GPIO1ModuleClkConfig                 
8006204c  GPIO1Pin23PinMuxSetup                
8006217c  GPIO1PinMuxSetup                     
800580f4  GPIOAutoIdleModeControl              
800581c0  GPIODebounceFuncControl              
80058210  GPIODebounceTimeConfig               
80057860  GPIODirModeGet                       
80057800  GPIODirModeSet                       
8005817c  GPIOGatingRatioConfigure             
80058138  GPIOIdleModeConfigure                
80057dac  GPIOIntTypeGet                       
80057a0c  GPIOIntTypeSet                       
800577dc  GPIOModuleDisable                    
800577b8  GPIOModuleEnable                     
80057784  GPIOModuleReset                      
80057948  GPIOMultiplePinsRead                 
80057918  GPIOMultiplePinsWrite                
80057ef0  GPIOPinIntClear                      
800579bc  GPIOPinIntDisable                    
8005796c  GPIOPinIntEnable                     
80057e8c  GPIOPinIntStatus                     
80058094  GPIOPinIntWakeUpDisable              
80058034  GPIOPinIntWakeUpEnable               
800578f0  GPIOPinRead                          
800578a0  GPIOPinWrite                         
80057f40  GPIORawIntStatus                     
80058234  GPIORevisionInfoGet                  
80057f9c  GPIOTriggerPinInt                    
80058010  GPIOWakeupGlobalDisable              
80057fec  GPIOWakeupGlobalEnable               
8005c248  GPIO_3A_ISR                          
8005d96c  GPIO_Module0ClkConfig                
8005d9d4  GPIO_Module1ClkConfig                
8005da3c  GPIO_Module2ClkConfig                
8005daa4  GPIO_Module3ClkConfig                
800569bc  GUI_Backlight                        
80056a04  GUI_ClearBacklightTimeout            
800568f0  GUI_ClearTagTimoutFlag               
800567ac  GUI_CreateTouchCalibration           
80055f54  GUI_DrawHomeScreen                   
80055db0  GUI_DrawInitialScreen                
80055e38  GUI_DrawInitialScreenProgress        
800565a8  GUI_DrawNextScreen                   
800566e4  GUI_DrawPreviousScreen               
80056398  GUI_DrawTVRemoteScreen               
80056920  GUI_DrawTime                         
80056a14  GUI_GetBacklightTimeout              
80056a3c  GUI_GetCurrentTag                    
80056900  GUI_GetTagTimoutFlag                 
80056424  GUI_LoadItemToRAMG                   
80056730  GUI_LoadTouchCalibration             
8005690c  GUI_ScreenRefresh                    
800569f4  GUI_SetBacklightTimeout              
80056a20  GUI_SetCurrentTag                    
800568e0  GUI_SetTagTimoutFlag                 
800568c4  GUI_StartNewScreenTagTimer           
8005651c  GUI_TouchConfig                      
8006219c  GpioPinMuxSetup                      
80042dac  HEADER_CharlieBeach                  
80042db8  HEADER_SD_Card_Symbol                
80042dc4  HEADER_TVRemote                      
80042dd0  HEADER_USB_Symbol                    
800594dc  HSMMCSDBlkLenSet                     
800591a0  HSMMCSDBusFreqSet                    
80058fc4  HSMMCSDBusPower                      
80058f84  HSMMCSDBusVoltSet                    
80058ecc  HSMMCSDBusWidthSet                   
8005951c  HSMMCSDCommandSend                   
8005960c  HSMMCSDDataGet                       
80059160  HSMMCSDDataTimeoutSet                
800592dc  HSMMCSDInitStreamSend                
80059044  HSMMCSDIntClock                      
800593a0  HSMMCSDIntrEnable                    
800593f8  HSMMCSDIntrStatusClear               
80059374  HSMMCSDIntrStatusDisable             
80059348  HSMMCSDIntrStatusEnable              
800593d4  HSMMCSDIntrStatusGet                 
80059660  HSMMCSDIsCardInserted                
80059680  HSMMCSDIsCardWriteProtected          
80059418  HSMMCSDIsCmdComplete                 
80059140  HSMMCSDIsHSupported                  
8005909c  HSMMCSDIsIntClockStable              
80059478  HSMMCSDIsXferComplete                
80058e0c  HSMMCSDLinesReset                    
80063024  HSMMCSDModuleClkConfig               
80062fcc  HSMMCSDPinMuxSetup                   
800595b0  HSMMCSDResponseGet                   
80058da4  HSMMCSDSoftReset                     
80059100  HSMMCSDSupportedVoltSet              
80058e88  HSMMCSDSystemConfig                  
8005eaac  I2C0ModuleClkConfig                  
8005e944  I2C1ModuleClkConfig                  
8005880c  I2CActiveOwnAddressGet               
80058a1c  I2CAutoIdleDisable                   
800589f8  I2CAutoIdleEnable                    
80058788  I2CBufferStatus                      
80058ac8  I2CClockActivitySelect               
80058890  I2CClockBlockingControl              
80058cd0  I2CContextRestore                    
80058c7c  I2CContextSave                       
80058758  I2CDMARxEventDisable                 
800586f8  I2CDMARxEventEnable                  
80058728  I2CDMATxEventDisable                 
800586c8  I2CDMATxEventEnable                  
800585e4  I2CDataCountGet                      
8005867c  I2CFIFOClear                         
800585fc  I2CFIFOThresholdConfig               
80058a64  I2CGlobalWakeUpDisable               
80058a40  I2CGlobalWakeUpEnable                
80058a88  I2CIdleModeSelect                    
80058398  I2CMasterBusBusy                     
800583d0  I2CMasterBusy                        
80058414  I2CMasterControl                     
80058c5c  I2CMasterDataGet                     
80058c3c  I2CMasterDataPut                     
80058374  I2CMasterDisable                     
80058350  I2CMasterEnable                      
800583ec  I2CMasterErr                         
800582d4  I2CMasterInitExpClk                  
80058544  I2CMasterIntClearEx                  
800584ac  I2CMasterIntDisableEx                
80058480  I2CMasterIntEnableEx                 
80058508  I2CMasterIntRawStatus                
80058564  I2CMasterIntRawStatusClearEx         
80058520  I2CMasterIntRawStatusEx              
800584cc  I2CMasterIntStatus                   
800584e4  I2CMasterIntStatusEx                 
800585a4  I2CMasterSlaveAddrGet                
80058584  I2CMasterSlaveAddrSet                
80058438  I2CMasterStart                       
8005845c  I2CMasterStop                        
8005895c  I2COwnAddressSet                     
8005e8e8  I2CPinMuxSetup                       
800585c4  I2CSetDataCount                      
800589d4  I2CSoftReset                         
80058c20  I2CSystemStatusGet                   
80058b94  I2CWakeUpDisable                     
80058b08  I2CWakeUpEnable                      
800722a0  I2C_0_Buffers                        
8005c554  I2C_0_ISR                            
80060e28  I2C_ClearFailFlag0                   
80060e38  I2C_GetFailFlag0                     
80060c2c  I2C_InterruptConfigure0              
80060c58  I2C_SendReceiveData0                 
80060e18  I2C_SetFailFlag0                     
800628a4  IRQHandler                           
80061780  InitCMD                              
80060948  Init_ADC                             
8005cd38  Init_Audio                           
80061958  Init_EEPROM                          
800538d4  Init_EMMC                            
8005af00  Init_FRAM                            
8005d6dc  Init_GPIO                            
80055d68  Init_GUI                             
80060be4  Init_I2C                             
80060bf0  Init_I2C_Module0                     
8004af18  Init_LCD                             
800603c8  Init_LED                             
80061cfc  Init_Modules                         
80061b2c  Init_PMIC                            
80062610  Init_Power                           
8005f4c4  Init_RTC                             
800524e0  Init_SD                              
8005c828  Init_SPI                             
8005c9e4  Init_SPI_Module0                     
8005c838  Init_SPI_Module1                     
8006157c  Init_Test                            
800610fc  Init_Timer2                          
80061174  Init_Timer3                          
800610e8  Init_Timers                          
8005d23c  Init_UART                            
80060108  Init_USB0                            
800600f8  Init_USB_Device                      
8005dffc  Init_USB_Host                        
8005fb34  Init_WAV                             
8005ed48  IntAINTCInit                         
8005ee80  IntActiveIrqNumGet                   
8005ef18  IntCurrIrqPriorityGet                
8005f070  IntDisable                           
8005f088  IntEnable                            
8005ef04  IntFuncClkAutoGateSet                
8005eef0  IntFuncClkFreeRunSet                 
8005ee6c  IntIfClkAutoGateSet                  
8005ee58  IntIfClkFreeRunSet                   
8005f058  IntMasterFIQDisable                  
8005f04c  IntMasterFIQEnable                   
8005f040  IntMasterIRQDisable                  
8005f034  IntMasterIRQEnable                   
8005f064  IntMasterStatusGet                   
8005eff8  IntPendingIrqMaskedStatusGet         
8005edb8  IntPrioritySet                       
8005ef28  IntPriorityThresholdGet              
8005ef38  IntPriorityThresholdSet              
8005eeb4  IntProtectionDisable                 
8005eea4  IntProtectionEnable                  
8005ef58  IntRawStatusGet                      
8005ed04  IntRegister                          
8005efc8  IntSoftwareIntClear                  
8005ef98  IntSoftwareIntSet                    
8005ee90  IntSpurIrqFlagGet                    
8005eedc  IntSyncClkAutoGateSet                
8005eec8  IntSyncClkFreeRunSet                 
8005ee24  IntSystemDisable                     
8005edf0  IntSystemEnable                      
8005ed28  IntUnRegister                        
800465bc  InternalUSBHCDSendEvent              
80062540  InternalUSBRegisterTickHandler       
80062578  InternalUSBStartOfFrameTick          
800624cc  InternalUSBTickInit                  
8006343c  IsTimerElapsed                       
8004d95c  LCD_ClearInterruptFlag               
8004d96c  LCD_GetInterruptFlag                 
8004baf8  LCD_IncrementWriteOffset             
8004b29c  LCD_Interrupt                        
8004b1ac  LCD_InterruptConfigure               
8004b22c  LCD_InteruptDisable                  
8004b1f8  LCD_InteruptEnable                   
8004b260  LCD_Reset                            
8004bb74  LCD_SendRAMAddress                   
8004d94c  LCD_SetInterruptFlag                 
8004bbf0  LCD_WaitCoprocessorDone              
8004bb38  LCD_WriteCommandParameters           
8004ba74  LCD_cmd                              
8004cbbc  LCD_cmd_append                       
8004bf98  LCD_cmd_bgcolor                      
8004bd6c  LCD_cmd_button                       
8004d370  LCD_cmd_calibrate                    
8004bee0  LCD_cmd_clock                        
8004d29c  LCD_cmd_coldstart                    
8004c620  LCD_cmd_dial                         
8004c03c  LCD_cmd_fgcolor                      
8004c148  LCD_cmd_gauge                        
8004cef0  LCD_cmd_getmatrix                    
8004d004  LCD_cmd_getprops                     
8004cfac  LCD_cmd_getptr                       
8004c0d8  LCD_cmd_gradcolor                    
8004c1fc  LCD_cmd_gradient                     
8004cc28  LCD_cmd_inflate                      
8004d2ac  LCD_cmd_interrupt                    
8004c2a0  LCD_cmd_keys                         
8004cd38  LCD_cmd_loadidentity                 
8004cccc  LCD_cmd_loadimage                    
8004d908  LCD_cmd_logo                         
8004d094  LCD_cmd_mediafifo                    
8004cb34  LCD_cmd_memcpy                       
8004c910  LCD_cmd_memcrc                       
8004c9fc  LCD_cmd_memset                       
8004ca80  LCD_cmd_memwrite                     
8004c990  LCD_cmd_memzero                      
8004c87c  LCD_cmd_number                       
8004d100  LCD_cmd_playvideo                    
8004c410  LCD_cmd_progress                     
8004d304  LCD_cmd_regread                      
8004d3c8  LCD_cmd_romfont                      
8004ce54  LCD_cmd_rotate                       
8004cde8  LCD_cmd_scale                        
8004d724  LCD_cmd_screensaver                  
8004c4bc  LCD_cmd_scrollbar                    
8004c824  LCD_cmd_setbase                      
8004d5d0  LCD_cmd_setbitmap                    
8004d434  LCD_cmd_setfont                      
8004d4a0  LCD_cmd_setfont2                     
8004ceac  LCD_cmd_setmatrix                    
8004d578  LCD_cmd_setrotate                    
8004d520  LCD_cmd_setscratch                   
8004d768  LCD_cmd_sketch                       
8004c574  LCD_cmd_slider                       
8004d80c  LCD_cmd_snapshot                     
8004d864  LCD_cmd_snapshot2                    
8004d65c  LCD_cmd_spinner                      
8004d6e0  LCD_cmd_stop                         
8004bc14  LCD_cmd_text                         
8004c6b4  LCD_cmd_toggle                       
8004d208  LCD_cmd_track                        
8004cd7c  LCD_cmd_translate                    
8004d19c  LCD_cmd_videoframe                   
8004d158  LCD_cmd_videostart                   
8004b32c  LCD_ft810memRead16                   
8004b39c  LCD_ft810memRead32                   
8004b2d8  LCD_ft810memRead8                    
8004b47c  LCD_ft810memWrite16                  
8004b4e8  LCD_ft810memWrite32                  
8004b43c  LCD_ft810memWrite8                   
8004b58c  LCD_ft810memWriteBuffer              
8004ba9c  LCD_host_command                     
8004b75c  LCD_rd16                             
8004b774  LCD_rd32                             
8004b748  LCD_rd8                              
8004b938  LCD_rd_buffer                        
8004b69c  LCD_wr16                             
8004b6b8  LCD_wr32                             
8004b680  LCD_wr8                              
8004b6d4  LCD_wr8s                             
8004b788  LCD_wr_buffer                        
800603d4  LED_Show                             
80078ca4  LastWritePointerAddress              
80072ec0  MISC_Buffer                          
80059cc0  MISC_CRC_CRC16                       
80059ee4  MISC_Calculate_CRC16                 
80059714  MMCSDContextRestore                  
800596a0  MMCSDContextSave                     
90006cc8  MMUEnable                            
90006b78  MMUInit                              
90006bd8  MMUMemRegionMap                      
80062c44  MMU_ConfigAndEnable                  
8005e0fc  MSCCallback                          
800599e4  MSC_BCDtoHEX                         
80059794  MSC_BufferCopy                       
800598c8  MSC_DelayNOP                         
80059848  MSC_DelayUS                          
80059b08  MSC_EndianLong                       
80059b74  MSC_EndianLongArray                  
80059a88  MSC_EndianShort                      
80059ac4  MSC_EndianShortArray                 
80059930  MSC_HEXtoBCD                         
8005980c  MSC_LowercaseChar                    
80059c04  MSC_ReverseByte                      
80059900  MSC_Round                            
8005f168  McSPI0CSPinMuxSetup                  
8005f1d4  McSPI0ModuleClkConfig                
8005f330  McSPI1ModuleClkConfig                
80056f04  McSPICSAssert                        
80056f3c  McSPICSDeAssert                      
80056e0c  McSPICSDisable                       
80056de8  McSPICSEnable                        
80056e30  McSPICSPolarityConfig                
80056e98  McSPICSTimeControlSet                
80057214  McSPIChannelDisable                  
800571dc  McSPIChannelEnable                   
800576d0  McSPIChannelStatusGet                
80056ba0  McSPIClkConfig                       
80057544  McSPIDMADisable                      
80057500  McSPIDMAEnable                       
80057740  McSPIFIFODatManagementConfig         
800573c0  McSPIFIFOTrigLvlSet                  
800575e0  McSPIInitDelayConfig                 
800575b4  McSPIIntDisable                      
80057588  McSPIIntEnable                       
8005769c  McSPIIntStatusClear                  
80057684  McSPIIntStatusGet                    
80057070  McSPIMasterModeConfig                
8005704c  McSPIMasterModeEnable                
800576fc  McSPIMultipleWordAccessConfig        
8005f0e4  McSPIPinMuxSetup                     
80057658  McSPIReceiveData                     
8005724c  McSPIReset                           
80057358  McSPIRxFIFOConfig                    
80057014  McSPIStartBitDisable                 
80056f74  McSPIStartBitEnable                  
80056fac  McSPIStartBitPolarityConfig          
80057624  McSPITransmitData                    
800572b8  McSPITurboModeDisable                
80057280  McSPITurboModeEnable                 
800572f0  McSPITxFIFOConfig                    
800574c0  McSPIWordCountSet                    
80056d80  McSPIWordLengthSet                   
80078bab  NumCommand                           
80061c4c  PMIC_ReadRegister                    
80061c9c  PMIC_WriteRegister                   
8006261c  PWR_ReadVoltages                     
800747fb  PreviousPreviousScreen               
800747fc  PreviousScreen                       
80078c56  RAM_CMD_Offset                       
80052140  RTC32KClkClockControl                
800520dc  RTC32KClkSourceSelect                
80052480  RTCAlarm2CalendarSet                 
800523f4  RTCAlarm2IntStatusClear              
800523d8  RTCAlarm2IntStatusGet                
80052418  RTCAlarm2TimeSet                     
80051e28  RTCAlarmCalendarGet                  
80051dc8  RTCAlarmCalendarSet                  
80051d0c  RTCAlarmDayOfMonthGet                
80051cd8  RTCAlarmDayOfMonthSet                
80051b38  RTCAlarmHourGet                      
80051b94  RTCAlarmHourMeridiemGet              
80051b54  RTCAlarmHourMeridiemSet              
80051b04  RTCAlarmHourSet                      
8005119c  RTCAlarmIntStatusClear               
80051180  RTCAlarmIntStatusGet                 
80051ae8  RTCAlarmMinuteGet                    
80051ab4  RTCAlarmMinuteSet                    
80051d5c  RTCAlarmMonthGet                     
80051d28  RTCAlarmMonthSet                     
80051a98  RTCAlarmSecondGet                    
80051a64  RTCAlarmSecondSet                    
80051c18  RTCAlarmTimeGet                      
80051bb0  RTCAlarmTimeSet                      
80051dac  RTCAlarmYearGet                      
80051d78  RTCAlarmYearSet                      
800512b8  RTCAutoCompDisable                   
80051274  RTCAutoCompEnable                    
80051148  RTCBusyStatusGet                     
800519ec  RTCCalendarGet                       
8005197c  RTCCalendarSet                       
80051ecc  RTCCompensationGet                   
80051e88  RTCCompensationSet                   
800522b0  RTCConfigPmicExtWake                 
80052308  RTCConfigPmicExtWakeDebounce         
80052250  RTCConfigPmicExtWakePolarity         
8005220c  RTCConfigPmicPowerEnable             
80051724  RTCDayOfMonthGet                     
800516f0  RTCDayOfMonthSet                     
80051814  RTCDayOfTheWeekGet                   
800517e0  RTCDayOfTheWeekSet                   
80051494  RTCDisable                           
800514d8  RTCEnable                            
80051540  RTCEnableStatus                      
800511c0  RTCEventUpdateGet                    
800521c8  RTCFeedbackResistanceSelect          
80051678  RTCHourGet                           
80051390  RTCHourModeGet                       
8005130c  RTCHourModeSet                       
80051644  RTCHourSet                           
80051fc4  RTCIdleModeConfigure                 
800523a4  RTCIntAlarm2Enable                   
8005108c  RTCIntAlarmDisable                   
80051058  RTCIntAlarmEnable                    
80051114  RTCIntTimerDisable                   
800510c0  RTCIntTimerEnable                    
800516d4  RTCMeridiemGet                       
80051694  RTCMeridiemSet                       
80051220  RTCMinRoundingDisable                
800511dc  RTCMinRoundingEnable                 
80051628  RTCMinuteGet                         
800515f4  RTCMinuteSet                         
80060e7c  RTCModuleClkConfig                   
80051774  RTCMonthGet                          
80051740  RTCMonthSet                          
80052184  RTCOscillatorStateControl            
80052368  RTCPmicExtWakeStatusClear            
80051fac  RTCRevisionIDGet                     
80050f60  RTCRun                               
80051164  RTCRunStatusGet                      
80051f50  RTCScratchPadGet                     
80051f10  RTCScratchPadSet                     
800515d8  RTCSecondGet                         
800515a4  RTCSecondSet                         
80051418  RTCSet32CounterDisable               
800513ac  RTCSet32CounterEnable                
80051f88  RTCSoftwareReset                     
80051580  RTCSplitPwrDisable                   
8005155c  RTCSplitPwrEnable                    
80050fa4  RTCStop                              
80052098  RTCTestModeControl                   
800518cc  RTCTimeGet                           
80051830  RTCTimeSet                           
80052010  RTCWakeUpAlarmEventControl           
80052054  RTCWakeUpTimerEventControl           
80051030  RTCWriteProtectDisable               
80051008  RTCWriteProtectEnable                
800517c4  RTCYearGet                           
80051790  RTCYearSet                           
8005f570  RTC_ClearFlag                        
8005f580  RTC_GetFlag                          
8005f670  RTC_GetTimeDate                      
8005c540  RTC_ISR                              
8005f534  RTC_InterruptConfigure               
8005f74c  RTC_ModuleClkConfig                  
8005f560  RTC_SetFlag                          
8005f58c  RTC_SetTimeDate                      
80060e74  RtcVersionGet                        
80068000  SD_Buffer                            
80052818  SD_CardInit                          
8005273c  SD_ClearCardActionFlag               
80052790  SD_ClearInitialized                  
8005274c  SD_GetCardActionFlag                 
80052774  SD_GetCardStatus                     
80052698  SD_GetFatTime                        
80053838  SD_GetNumberBlocks                   
80052674  SD_IsCardInserted                    
800527a0  SD_IsInitialized                     
8005369c  SD_ReadBlocks                        
80053424  SD_ReceiveData                       
80053398  SD_SendAppCommand                    
8005313c  SD_SendCommand                       
8005272c  SD_SetCardActionFlag                 
80052758  SD_SetCardStatus                     
80052780  SD_SetInitialized                    
8005258c  SD_SetUpController                   
80053454  SD_TransmitData                      
800534dc  SD_WriteBlocks                       
UNDEFED   SHT$$INIT_ARRAY$$Base                
UNDEFED   SHT$$INIT_ARRAY$$Limit               
8005c748  SPI_1_ISR                            
8005caf4  SPI_INTCConfigure1                   
8005cbd8  SPI_ReadWriteByte0                   
8005cc34  SPI_ReadWriteByte1                   
8005cb20  SPI_WriteByte0                       
8005cb7c  SPI_WriteByte1                       
8005cc90  SPI_WriteByteNoRx0                   
8005ccc4  SPI_WriteByteNoRx1                   
8006287c  SVC_Handler                          
800784c4  Screens                              
8006341c  StartTimer                           
80063430  StopTimer                            
80062b54  SysDelayTimerSetup                   
80062c08  SysIsTimerElapsed                    
80062bcc  SysStartTimer                        
80062bf8  SysStopTimer                         
80062b6c  Sysdelay                             
800615cc  TEST_Setpoint1                       
80061608  TEST_Setpoint2                       
80061644  TEST_Setpoint3                       
80061680  TEST_Togglepoint1                    
800616d0  TEST_Togglepoint2                    
80061720  TEST_Togglepoint3                    
8005c424  TMR_2_ISR                            
8005c508  TMR_3_ISR                            
80078cb0  TMR_AudioPlaybackTimer               
80078cb4  TMR_BacklightTimer                   
800611e0  TMR_CalculateReload                  
80061310  TMR_ClearMISCTimerFlag               
80061320  TMR_GetMISCTimerFlag                 
8006128c  TMR_GetNewScreenTagTimerEnabled      
80061234  TMR_InterruptConfigure2              
80061260  TMR_InterruptConfigure3              
80078cac  TMR_NewScreenTagTimer                
800612e0  TMR_ResetAudioPlaybackTimer          
800612f0  TMR_ResetBacklightTimer              
800612d0  TMR_ResetNewScreenTagTimer           
80061300  TMR_SetMISCTimerFlag                 
80061298  TMR_SetNewScreenTagTimerEnabled      
80054efc  TSCADCBiasConfig                     
80055640  TSCADCChargeStepAnalogGroundConfig   
800555a0  TSCADCChargeStepAnalogSupplyConfig   
800554d4  TSCADCChargeStepConfig               
80055488  TSCADCChargeStepOperationModeControl 
80054da0  TSCADCConfigHWEventPrempt            
800550f4  TSCADCConfigureAFEClock              
80055144  TSCADCConfigureMisc                  
800551b4  TSCADCConfigureStepEnable            
80054d48  TSCADCDMAFIFODisable                 
80054d18  TSCADCDMAFIFOEnable                  
80054cd8  TSCADCEventInterruptDisable          
80054cac  TSCADCEventInterruptEnable           
80055ca4  TSCADCFIFOADCDataRead                
80055c78  TSCADCFIFOChannelIDRead              
80055d30  TSCADCFIFODMAThresholdLevelConfig    
80055cf8  TSCADCFIFOIRQThresholdLevelConfig    
80055ccc  TSCADCFIFOWordCountRead              
80054b90  TSCADCGetRevision                    
80054de0  TSCADCHWEventMapSet                  
80054ba8  TSCADCIdleModeSet                    
800553bc  TSCADCIdleStepAnalogGroundConfig     
8005531c  TSCADCIdleStepAnalogSupplyConfig     
80055250  TSCADCIdleStepConfig                 
80055204  TSCADCIdleStepOperationModeControl   
80054c94  TSCADCIntStatus                      
80054c50  TSCADCIntStatusClear                 
80054c70  TSCADCIntStatusRead                  
80054d78  TSCADCIsDMAFIFOEnabled               
8005fe1c  TSCADCModuleClkConfig                
80054fc4  TSCADCModuleStateSet                 
80055084  TSCADCOutputRangeConfig              
80060024  TSCADCPinMuxSetUp                    
80054c38  TSCADCRawIntStatus                   
80054c14  TSCADCRawIntStatusRead               
80054be8  TSCADCRawIntStatusSet                
80055068  TSCADCSequencerCurrentStepID         
80055048  TSCADCSequencerFSMBusyStatus         
80055004  TSCADCSequencerPenIrqStatusRead      
80054ea0  TSCADCSetADCPowerDown                
80054ed8  TSCADCSetADCPowerUp                  
80054f60  TSCADCStepConfigProtectionDisable    
80054f3c  TSCADCStepConfigProtectionEnable     
80054f84  TSCADCStepIDTagConfig                
8005570c  TSCADCTSChargeStepOpenDelayConfig    
80054e60  TSCADCTSModeConfig                   
80055968  TSCADCTSStepAnalogGroundConfig       
80055898  TSCADCTSStepAnalogSupplyConfig       
80055b28  TSCADCTSStepAverageConfig            
8005578c  TSCADCTSStepConfig                   
80055ad4  TSCADCTSStepFIFOSelConfig            
80055b7c  TSCADCTSStepModeConfig               
80055c24  TSCADCTSStepOpenDelayConfig          
8005572c  TSCADCTSStepOperationModeControl     
80055aa4  TSCADCTSStepOutOfRangeCheckDisable   
80055a74  TSCADCTSStepOutOfRangeCheckEnable    
80055bd0  TSCADCTSStepSampleDelayConfig        
80054e20  TSCADCTSTransistorConfig             
80054cf8  TSCADCWakeUpPenEventConfig           
8004efc0  UARTAutoIdleModeControl              
8004ed6c  UARTAutoRTSAutoCTSControl            
8004f4a8  UARTAutobaudParityGet                
8004f540  UARTAutobaudSpeedGet                 
8004f4f4  UARTAutobaudWordLenGet               
8004dd08  UARTBreakCtl                         
8004ea48  UARTCharGet                          
8004e9f0  UARTCharGetNonBlocking               
8004eaa0  UARTCharGetTimeout                   
8004eb30  UARTCharPut                          
8004e984  UARTCharPutNonBlocking               
8004e930  UARTCharsAvail                       
8004f418  UARTDMACounterResetControl           
8004e244  UARTDMADisable                       
8004e1e8  UARTDMAEnable                        
8004f330  UARTDSRInterruptControl              
8004dc4c  UARTDivisorLatchDisable              
8004dc28  UARTDivisorLatchEnable               
8004daa4  UARTDivisorLatchWrite                
8004d9e0  UARTDivisorValCompute                
8004e368  UARTEnhanFuncBitValRestore           
8004e308  UARTEnhanFuncEnable                  
8004eba4  UARTFIFOCharGet                      
8004eb84  UARTFIFOCharPut                      
8004de24  UARTFIFOConfig                       
8004ed18  UARTFIFOEnableStatusGet              
8004e27c  UARTFIFORegisterWrite                
8004f2cc  UARTFIFOTrigLvlGranControl           
8004ebc0  UARTFIFOWrite                        
8004f004  UARTFlowCtrlTrigLvlConfig            
8004ef38  UARTIdleModeConfigure                
8004e814  UARTIntDisable                       
8004e730  UARTIntEnable                        
8004ec78  UARTIntIdentityGet                   
8004ecc4  UARTIntPendingStatusGet              
8004dd4c  UARTLineCharacConfig                 
8004f178  UARTLoopbackModeControl              
8004f1ec  UARTModemControlClear                
8004f1bc  UARTModemControlSet                  
8004f238  UARTModemStatusChangeCheck           
8004f21c  UARTModemStatusGet                   
8004ef04  UARTModuleReset                      
8004f5ec  UARTModuleVersionNumberGet           
8004d980  UARTOperatingModeSelect              
8004de08  UARTParityModeGet                    
[...]
8005eef0  IntFuncClkFreeRunSet                 
8005ef04  IntFuncClkAutoGateSet                
8005ef18  IntCurrIrqPriorityGet                
8005ef28  IntPriorityThresholdGet              
8005ef38  IntPriorityThresholdSet              
8005ef58  IntRawStatusGet                      
8005ef98  IntSoftwareIntSet                    
8005efc8  IntSoftwareIntClear                  
8005eff8  IntPendingIrqMaskedStatusGet         
8005f034  IntMasterIRQEnable                   
8005f040  IntMasterIRQDisable                  
8005f04c  IntMasterFIQEnable                   
8005f058  IntMasterFIQDisable                  
8005f064  IntMasterStatusGet                   
8005f070  IntDisable                           
8005f088  IntEnable                            
8005f0e4  McSPIPinMuxSetup                     
8005f168  McSPI0CSPinMuxSetup                  
8005f1d4  McSPI0ModuleClkConfig                
8005f330  McSPI1ModuleClkConfig                
8005f4c4  Init_RTC                             
8005f534  RTC_InterruptConfigure               
8005f560  RTC_SetFlag                          
8005f570  RTC_ClearFlag                        
8005f580  RTC_GetFlag                          
8005f58c  RTC_SetTimeDate                      
8005f670  RTC_GetTimeDate                      
8005f74c  RTC_ModuleClkConfig                  
8005f800  main                                 
8005fb34  Init_WAV                             
8005fb8c  WAV_CalculateHeader                  
8005fe1c  TSCADCModuleClkConfig                
80060024  TSCADCPinMuxSetUp                    
800600f8  Init_USB_Device                      
80060108  Init_USB0                            
80060124  USB_GetMSCDevice_EMMC_or_SD          
80060130  USB_SetMSCDevice_EMMC_or_SD          
8006014c  USB_InterruptConfigure0              
8006019c  USB_InterruptEnable0                 
800601c8  USB_DMSCEventCallback0               
8006023c  USB_SetMSCState0                     
80060258  USB_GetMSCState0                     
80060264  USB_SetUSBStatus0                    
80060290  USB_GetUSBStatus0                    
8006029c  USB_SetUSBStatusFlag0                
800602ac  USB_ClearUSBStatusFlag0              
800602bc  USB_GetUSBStatusFlag0                
800602c8  USB_SetUSBMSCFlag0                   
800602d8  USB_ClearUSBMSCFlag0                 
800602e8  USB_GetUSBMSCFlag0                   
800602f4  USBDMSCEventCallback                 
800603c8  Init_LED                             
800603d4  LED_Show                             
80060690  __aeabi_uldivmod                     
80060948  Init_ADC                             
80060afc  ADC_ConfigureInterrupt               
80060b28  ADC_ReadChannels                     
80060ba4  ADC_SetFinishedFlag                  
80060bb4  ADC_ClearFinishedFlag                
80060bc4  ADC_GetFinishedFlag                  
80060be4  Init_I2C                             
80060bf0  Init_I2C_Module0                     
80060c2c  I2C_InterruptConfigure0              
80060c58  I2C_SendReceiveData0                 
80060e18  I2C_SetFailFlag0                     
80060e28  I2C_ClearFailFlag0                   
80060e38  I2C_GetFailFlag0                     
80060e74  RtcVersionGet                        
80060e7c  RTCModuleClkConfig                   
800610e8  Init_Timers                          
800610fc  Init_Timer2                          
80061174  Init_Timer3                          
800611e0  TMR_CalculateReload                  
80061234  TMR_InterruptConfigure2              
80061260  TMR_InterruptConfigure3              
8006128c  TMR_GetNewScreenTagTimerEnabled      
80061298  TMR_SetNewScreenTagTimerEnabled      
800612d0  TMR_ResetNewScreenTagTimer           
800612e0  TMR_ResetAudioPlaybackTimer          
800612f0  TMR_ResetBacklightTimer              
80061300  TMR_SetMISCTimerFlag                 
80061310  TMR_ClearMISCTimerFlag               
80061320  TMR_GetMISCTimerFlag                 
8006135c  CPLDI2CRead                          
800614b8  CPLDI2CSetup                         
8006151c  EVMProfileGet                        
8006157c  Init_Test                            
800615cc  TEST_Setpoint1                       
80061608  TEST_Setpoint2                       
80061644  TEST_Setpoint3                       
80061680  TEST_Togglepoint1                    
800616d0  TEST_Togglepoint2                    
80061720  TEST_Togglepoint3                    
80061780  InitCMD                              
80061790  CMD_CheckMatch                       
800618fc  CMD_Help                             
8006190c  CMD_SetNewCommand                    
8006191c  CMD_ClearNewCommand                  
8006192c  CMD_GetNewCommand                    
80061958  Init_EEPROM                          
80061970  EEPROM_ReadAddress                   
800619cc  EEPROM_WriteAddress                  
80061a34  EEPROM_ReadBuffer                    
80061aac  EEPROM_WriteBuffer                   
80061b2c  Init_PMIC                            
80061c4c  PMIC_ReadRegister                    
80061c9c  PMIC_WriteRegister                   
80061cfc  Init_Modules                         
80061ea4  _Dscale                              
8006204c  GPIO1Pin23PinMuxSetup                
8006205c  GPIO0ModuleClkConfig                 
80062114  GPIO1ModuleClkConfig                 
8006217c  GPIO1PinMuxSetup                     
8006219c  GpioPinMuxSetup                      
800621ec  __aeabi_memcpy                       
800621ec  __aeabi_memcpy4                      
800621ec  __aeabi_memcpy8                      
800621ec  memcpy                               
8006236c  _Dnorm                               
800624cc  InternalUSBTickInit                  
80062540  InternalUSBRegisterTickHandler       
80062578  InternalUSBStartOfFrameTick          
80062610  Init_Power                           
8006261c  PWR_ReadVoltages                     
8006274c  __aeabi_idiv                         
8006274c  __aeabi_idivmod                      
8006287c  SVC_Handler                          
800628a4  IRQHandler                           
80062950  FIQHandler                           
80062954  AbortHandler                         
80062954  UndefInstHandler                     
8006296c  USB0DeviceIntHandler                 
800629e4  USB1DeviceIntHandler                 
80062a64  __aeabi_uidiv                        
80062a64  __aeabi_uidivmod                     
80062b54  SysDelayTimerSetup                   
80062b6c  Sysdelay                             
80062bcc  SysStartTimer                        
80062bf8  SysStopTimer                         
80062c08  SysIsTimerElapsed                    
80062c44  MMU_ConfigAndEnable                  
80062d18  _Dunscale                            
80062dd0  __aeabi_memclr                       
80062dd0  __aeabi_memclr4                      
80062dd0  __aeabi_memclr8                      
80062dd4  __aeabi_memset                       
80062dd4  __aeabi_memset4                      
80062dd4  __aeabi_memset8                      
80062de0  memset                               
80062e80  sprintf                              
80062f28  __TI_auto_init                       
80062fcc  HSMMCSDPinMuxSetup                   
80063024  HSMMCSDModuleClkConfig               
8006306c  atoi                                 
800630f0  copy_in                              
80063174  start_boot                           
800631f8  ltoa                                 
80063278  ldexp                                
800632e0  signal                               
80063344  CPUSwitchToPrivilegedMode            
8006334c  CPUSwitchToUserMode                  
80063360  CPUAbortHandler                      
80063364  CPUirqd                              
80063374  CPUirqe                              
80063384  CPUfiqd                              
80063394  CPUfiqe                              
800633a4  feraiseexcept                        
800633fc  DelayTimerSetup                      
80063408  delay                                
8006341c  StartTimer                           
80063430  StopTimer                            
8006343c  IsTimerElapsed                       
80063448  raise                                
80063494  _Dclass                              
800634dc  _Feraise                             
80063520  memcmp                               
80063554  frexp                                
80063584  memccpy                              
800635b0  strchr                               
800635d8  _register_unlock                     
800635e4  _register_lock                       
800635f0  _nop                                 
800635fc  __aeabi_llsr                         
80063620  strlen                               
8006363c  CPUIntStatus                         
80063648  __aeabi_idiv0                        
80064000  EMMC_Buffer                          
80064000  bss_start                            
80068000  SD_Buffer                            
80070000  g_sUSBHCD                            
80070ad0  g_sMSCInstance                       
80071300  UART_RX_buffer                       
80071ad0  UART_TX_buffer                       
800722a0  I2C_0_Buffers                        
80072ec0  MISC_Buffer                          
80073508  g_USBInstance                        
80073788  fat_devices                          
80073a28  EEPROM_Contents                      
80073a40  g_EMMC_FatFs                         
80073c80  g_SD_FatFs                           
80073ec0  g_USB_HOST_FatFs                     
80074300  fnRAMVectors                         
80074500  g_psUSBDevice                        
800745a8  g_pHCDPool                           
80074628  Voltage                              
80074668  g_USBHMSCDevice                      
800746a8  g_pucCommand                         
80074738  g_ulConnectRetry                     
80074764  Command_String                       
8007477c  g_pfTickHandlers                     
80074788  g_pvTickInstance                     
80074794  CurrentTimeDate                      
800747d8  dummy                                
800747dc  g_sDriveInformation                  
800747e8  p_CurrentScreen                      
800747ec  p_CurrentWAVFile                     
800747f0  p_PreviousScreen                     
800747fa  CurrentScreen                        
800747fb  PreviousPreviousScreen               
800747fc  PreviousScreen                       
80074800  g_eMSCState                          
80074801  g_eState                             
80074802  g_eUIState                           
80074803  bss_end                              
80074808  WAV_PostComplete                     
800784c4  Screens                              
80078a74  g_ulMSCInstance                      
80078a78  _Denorm                              
80078a88  _Eps                                 
80078a98  _Hugeval                             
80078aa8  _Inf                                 
80078ab8  _Nan                                 
80078ac8  _Snan                                
80078ad8  _Rteps                               
80078ae8  _Xbig                                
80078af0  _Zero                                
80078af8  WAV_Files                            
80078bab  NumCommand                           
80078bac  g_sMSCDeviceInfo                     
80078c24  intStatus                            
80078c28  g_bytesRead                          
80078c2c  g_bytesWritten                       
80078c3e  gDMAflag                             
80078c4c  g_psMSCSections                      
80078c56  RAM_CMD_Offset                       
80078c58  FT_DispWidth                         
80078c5a  FT_DispHeight                        
80078c5c  FT_DispHCycle                        
80078c5e  FT_DispHOffset                       
80078c60  FT_DispHSync0                        
80078c62  FT_DispHSync1                        
80078c64  FT_DispVCycle                        
80078c66  FT_DispVOffset                       
80078c68  FT_DispVSync0                        
80078c6a  FT_DispVSync1                        
80078c6c  FT_DispPCLK                          
80078c6e  FT_DispSwizzle                       
80078c70  FT_DispPCLKPol                       
80078c72  FT_DispCSpread                       
80078c74  FT_DispDither                        
80078c76  BackLightSetting                     
80078c77  CurrentSystemSettings                
80078c9c  AudioBytesTransferred                
80078ca0  AUD_AudioTimeoutCount                
80078ca4  LastWritePointerAddress              
80078cac  TMR_NewScreenTagTimer                
80078cb0  TMR_AudioPlaybackTimer               
80078cb4  TMR_BacklightTimer                   
80078cba  DefaultTimeDate                      
80078cc4  UART_RX_place                        
80078cc8  UART_TX_add                          
80078ccc  UART_TX_remove                       
80078cd3  USBChangeStatusFlag0                 
80078cd4  USBMSCFlag0                          
80078cd8  g_bufferIndex                        
80078cdc  g_bUSBTimerInitialized               
80078ce0  g_ulCurrentUSBTick                   
80078ce4  g_ulUSBSOFCount                      
80078ce8  _lock                                
80078cec  _unlock                              
80078cf0  _Fenv                                
80078cf4  _Tls_setup__Fenv                     
80078d08  _Errno                               
90000000  USBDCDInit                           
900002e4  USBDCDTerm                           
90000400  USBDCDRequestDataEP0                 
90000478  USBDCDSendDataEP0                    
900004dc  USBDCDSetDefaultConfiguration        
90000508  USBDCDStallEP0                       
9000054c  USBDCDPowerStatusSet                 
900005b4  USBDCDRemoteWakeupRequest            
90000650  USBDeviceResumeTickHandler           
90000874  USBDeviceEnumHandler                 
90000aec  USBDeviceEnumResetHandler            
90001fac  USBDeviceIntHandlerInternal          
90002318  USBHostSuspend                       
9000233c  USBHostReset                         
90002388  USBHostResume                        
900023d4  USBHostSpeedGet                      
90002430  USBIntStatus                         
900024e0  USBIntDisable                        
9000259c  USBIntEnable                         
90002658  USBIntDisableControl                 
900026c4  USBIntEnableControl                  
9000272c  USBIntStatusControl                  
900027b0  USBIntDisableEndpoint                
900027fc  USBIntEnableEndpoint                 
90002848  USBIntStatusEndpoint                 
9000287c  USBIntRegister                       
900028a0  USBIntUnregister                     
900028b0  USBEndpointStatus                    
90002900  USBHostEndpointStatusClear           
9000298c  USBDevEndpointStatusClear            
90002a70  USBHostEndpointDataToggle            
90002b78  USBEndpointDataToggleClear           
90002be0  USBDevEndpointStall                  
90002c70  USBDevEndpointStallClear             
90002d40  USBDevConnect                        
90002d64  USBDevDisconnect                     
90002d88  USBDevAddrSet                        
90002da8  USBDevAddrGet                        
90002dc0  USBHostEndpointConfig                
90003028  USBDevEndpointConfigSet              
900031a8  USBDevEndpointConfigGet              
90003358  USBFIFOConfigSet                     
90003410  USBFIFOConfigGet                     
900034c8  USBEndpointDMAEnable                 
90003530  USBEndpointDMADisable                
90003598  USBEndpointDataAvail                 
90003604  USBEndpointDataGet                   
90003710  USBDevEndpointDataAck                
9000377c  USBHostEndpointDataAck               
900037d8  USBEndpointDataPut                   
90003888  USBEndpointDataSend                  
90003900  USBFIFOFlush                         
900039c4  USBHostRequestIN                     
90003a10  USBHostRequestINClear                
90003a64  USBHostAutoReqSet                    
90003ab8  USBHostAutoReqClear                  
90003b0c  USBRxChAbort                         
90003c0c  USBDmaTxChDisable                    
90003c64  USBDmaTxChTeardown                   
90003cfc  USBHostTxFifoFlush                   
90003de0  USBHostRequestStatus                 
90003dfc  USBHostAddrSet                       
90003e50  USBHostAddrGet                       
90003e98  USBHostHubAddrSet                    
90003eec  USBHostHubAddrGet                    
90003f34  USBHostPwrConfig                     
90003f80  USBHostPwrFaultEnable                
90003fa4  USBHostPwrFaultDisable               
90003fc8  USBHostPwrEnable                     
90003fec  USBHostPwrDisable                    
90004010  USBFrameNumberGet                    
90004028  USBOTGSessionRequest                 
90004074  USBFIFOAddrGet                       
90004098  USBModeGet                           
900040b4  USBEndpointDMAChannel                
9000411c  USBEnableOtgIntr                     
90004154  USBReset                             
90004198  USBClearOtgIntr                      
900041c4  USBDMSCMediaChange                   
900047e0  USBDMSCInit                          
90004814  USBDMSCCompositeInit                 
90004b24  USBDMSCTerm                          
900057c0  USBDSCSICommand                      
90005c70  USBDeviceConfig                      
90006110  USBDeviceConfigAlternate             
9000645c  USBDCDConfigDescGetSize              
900064c4  USBDCDConfigDescGetNum               
90006550  USBDCDConfigDescGet                  
90006650  USBDCDConfigGetNumAlternateInterfaces
900066ec  USBDCDConfigGetInterface             
90006744  USBDCDConfigGetInterfaceEndpoint     
90006818  USBDescGetNum                        
900068c4  USBDescGet                           
9000698c  USBDescGetNumAlternateInterfaces     
90006ae8  USBDescGetInterface                  
90006b34  USBDescGetInterfaceEndpoint          
90006b78  MMUInit                              
90006bd8  MMUMemRegionMap                      
90006cc8  MMUEnable                            
90006ce4  CacheDisable                         
90006d28  CacheEnable                          
90006d74  CacheInstInvalidateAll               
90006d80  CacheInstInvalidateBuff              
90006d9c  CacheDataCleanInvalidateAll          
90006da8  CacheDataCleanAll                    
90006db4  CacheDataInvalidateAll               
90006dc0  CacheDataCleanBuff                   
90006ddc  CacheDataInvalidateBuff              
90006df8  CacheDataCleanInvalidateBuff         
90006e14  USBDMSCStorageOpen                   
90006e34  USBDMSCStorageClose                  
90006e50  USBDMSCStorageRead                   
90006f08  USBDMSCStorageWrite                  
90006fc0  USBDMSCStorageNumBlocks              
90007070  USBVersionGet                        
90007078  USB0ModuleClkConfig                  
900070c0  USBEnableInt                         
900070e8  USBClearInt                          
900070f8  USBModuleClkEnable                   
9000710c  USBModuleClkDisable                  
90007134  UsbPhyOn                             
9000719c  UsbPhyOff                            
9ffff000  __stack                              
9ffff200  __STACK_END                          
ffffffff  __binit__                            
ffffffff  __c_args__                           
ffffffff  binit                                
UNDEFED   SHT$$INIT_ARRAY$$Base                
UNDEFED   SHT$$INIT_ARRAY$$Limit               
UNDEFED   __TI_CINIT_Base                      
UNDEFED   __TI_CINIT_Limit                     
UNDEFED   __TI_Handler_Table_Base              
UNDEFED   __TI_Handler_Table_Limit             

[1176 symbols]
