******************************************************************************
                  TI ARM Linker PC v5.2.5                      
******************************************************************************
>> Linked Fri Nov 18 09:55:16 2016

OUTPUT FILE NAME:   <BeagleBone_Smart_Controler.out>
ENTRY POINT SYMBOL: "Entry"  address: 80000000


MEMORY CONFIGURATION

         name            origin    length      used     unused   attr    fill
----------------------  --------  ---------  --------  --------  ----  --------
  SRAM_MEM              402f0400   0000fbff  00000000  0000fbff  RWIX
  L3_SRAM_MEM           40300000   0000ffff  00000000  0000ffff  RWIX
  DDR_MEM               80000000   00200000  0017835e  00087ca2  RWIX
  DDR_MEM_CACHE         80200000   1fdfffff  000071fc  1fdf8e03  RWIX


SEGMENT ALLOCATION MAP

run origin  load origin   length   init length attrs members
----------  ----------- ---------- ----------- ----- -------
80000000    80000000    000000c8   000000c8    r-x
  80000000    80000000    000000c8   000000c8    r-x .text:Entry
800000c8    800000c8    00000200   00000000    rw-
  800000c8    800000c8    00000200   00000000    rw- .stack
80004000    80004000    00110405   00000000    rw-
  80004000    80004000    00110405   00000000    rw- .bss
80114408    80114408    0006377c   0006377c    r-x
  80114408    80114408    00042d10   00042d10    r-- .const
  80157118    80157118    00020a6c   00020a6c    r-x .text
80177b88    80177b88    00004515   00004515    rw-
  80177b88    80177b88    00004515   00004515    rw- .data
80200000    80200000    000071fc   000071fc    r-x
  80200000    80200000    000071fc   000071fc    r-x Cache_Code


SECTION ALLOCATION MAP

 output                                  attributes/
section   page    origin      length       input sections
--------  ----  ----------  ----------   ----------------
.text:Entry 
*          0    80000000    000000c8     
                  80000000    000000c8     init.obj (.text:Entry)

.stack     0    800000c8    00000200     UNINITIALIZED
                  800000c8    00000200     --HOLE--

.bss       0    80004000    00110405     UNINITIALIZED
                  80004000    00100000     USB_MSC_HOST.obj (.bss:FileDataBuffer)
                  80104000    00004000     EMMC.obj (.bss:EMMC_Buffer)
                  80108000    00004000     SD.obj (.bss:SD_Buffer)
                  8010c000    00004000     MEMORY.obj (.bss:pageTable)
                  80110000    00000ad0     usbhostenum.obj (.bss:g_sUSBHCD)
                  80110ad0    00000830     usb_msc_structs.obj (.bss:g_sMSCInstance)
                  80111300    000007d0     UART.obj (.bss:UART_RX_buffer)
                  80111ad0    000007d0     UART.obj (.bss:UART_TX_buffer)
                  801122a0    00000018     (.common:I2C_0_Buffers)
                  801122b8    00000008     (.common:SCR)
                  801122c0    00000400     EMMC.obj (.bss:FileDataBuffer)
                  801126c0    00000400     SD.obj (.bss:FileDataBuffer)
                  80112ac0    000003e8     MISC.obj (.bss:MISC_Buffer)
                  80112ea8    00000010     (.common:CID)
                  80112eb8    00000008     (.common:Size)
                  80112ec0    00000248     EMMC.obj (.bss:fileWrite)
                  80113108    00000030     usbdata.obj (.bss:g_USBInstance)
                  80113138    00000008     (.common:Size)
                  80113140    00000248     SD.obj (.bss:fileWrite)
                  80113388    00000024     fat_mmcsd.obj (.bss:fat_devices)
                  801133ac    00000010     (.common:CID)
                  801133bc    00000004     (.common:BlockLength)
                  801133c0    00000248     USB_MSC_HOST.obj (.bss:fileWrite)
                  80113608    00000010     (.common:CSD)
                  80113618    00000010     (.common:CSD)
                  80113628    00000010     (.common:EEPROM_Contents)
                  80113638    00000008     (.common:g_ulAlloc)
                  80113640    00000240     EMMC.obj (.bss:g_EMMC_FatFs)
                  80113880    00000240     SD.obj (.bss:g_SD_FatFs)
                  80113ac0    00000240     USB_MSC_HOST.obj (.bss:g_USB_HOST_FatFs)
                  80113d00    00000200     EMMC.obj (.bss:EXT_CSD)
                  80113f00    00000200     interrupt.obj (.bss:fnRAMVectors)
                  80114100    000000a8     usbdenum.obj (.bss:g_psUSBDevice)
                  801141a8    00000080     USB_MSC_HOST.obj (.bss:g_pHCDPool)
                  80114228    00000040     POWER.obj (.bss:Voltage)
                  80114268    00000040     usbhmsc.obj (.bss:g_USBHMSCDevice)
                  801142a8    00000040     usbdmsc.obj (.bss:g_pucCommand)
                  801142e8    00000040     usbdenum.obj (.bss:g_pucDataBufferIn)
                  80114328    00000010     (.common:response)
                  80114338    00000008     (.common:g_ulConnectRetry)
                  80114340    00000014     (.common:g_sDirObject)
                  80114354    00000010     (.common:response)
                  80114364    0000000c     (.common:Command_String)
                  80114370    0000000c     (.common:FatFs)
                  8011437c    0000000c     (.common:g_pfTickHandlers)
                  80114388    0000000c     (.common:g_pvTickInstance)
                  80114394    0000000a     (.common:CurrentTimeDate)
                  8011439e    00000002     (.common:fsid)
                  801143a0    00000004     (.common:BlockLength)
                  801143a4    00000004     (.common:BusWidth)
                  801143a8    00000004     (.common:BusWidth)
                  801143ac    00000004     (.common:BytesWritten)
                  801143b0    00000004     (.common:BytesWritten)
                  801143b4    00000004     (.common:BytesWritten)
                  801143b8    00000004     (.common:HighCap)
                  801143bc    00000004     (.common:HighCap)
                  801143c0    00000004     (.common:NumberBlocks)
                  801143c4    00000004     (.common:NumberBlocks)
                  801143c8    00000004     (.common:OCR)
                  801143cc    00000004     (.common:OCR)
                  801143d0    00000004     (.common:RCA)
                  801143d4    00000004     (.common:RCA)
                  801143d8    00000004     (.common:SD_Version)
                  801143dc    00000004     (.common:TransSpeed)
                  801143e0    00000004     (.common:TransSpeed)
                  801143e4    00000004     (.common:dummy)
                  801143e8    00000004     (.common:g_sDriveInformation)
                  801143ec    00000004     (.common:g_ulFlags)
                  801143f0    00000004     (.common:p_CurrentScreen)
                  801143f4    00000004     (.common:p_CurrentWAVFile)
                  801143f8    00000004     (.common:p_PreviousScreen)
                  801143fc    00000001     (.common:CurrentScreen)
                  801143fd    00000001     (.common:PreviousPreviousScreen)
                  801143fe    00000001     (.common:PreviousScreen)
                  801143ff    00000001     (.common:Result)
                  80114400    00000001     (.common:Result)
                  80114401    00000001     (.common:Result)
                  80114402    00000001     (.common:g_eMSCState)
                  80114403    00000001     (.common:g_eState)
                  80114404    00000001     (.common:g_eUIState)

.TI.noinit 
*          0    80004000    00000000     UNINITIALIZED

.const     0    80114408    00042d10     
                  80114408    0003fc00     BITMAP_CHARLIE_BEACH.obj (.const:.string:BITMAP_CharlieBeach)
                  80154008    00002bc0     BITMAP_TV_REMOTE.obj (.const:.string:BITMAP_TVRemote)
                  80156bc8    00000101     rtsv7A8_A_le_v3_eabi.lib : ctype.obj (.const:.string:_ctypes_)
                  80156cc9    000000cc     BITMAP_SD_CARD_SYMBOL.obj (.const:.string:BITMAP_SD_Card_Symbol)
                  80156d95    00000001     --HOLE-- [fill = 0]
                  80156d96    00000078     usbdenum.obj (.const:g_sUSBDefaultFIFOConfig)
                  80156e0e    00000002     --HOLE-- [fill = 0]
                  80156e10    00000070     MEMORY.obj (.const)
                  80156e80    00000058     BITMAP_USB_SYMBOL.obj (.const:.string:BITMAP_USB_Symbol)
                  80156ed8    00000048     usb_msc_structs.obj (.const:g_sMSCDevice)
                  80156f20    00000038     startup.obj (.const:vecTbl)
                  80156f58    00000034     usbdenum.obj (.const:g_psUSBDStdRequests)
                  80156f8c    00000030     usb_msc_structs.obj (.const:.string:g_pConfigString)
                  80156fbc    00000029     usbdmsc.obj (.const:.string)
                  80156fe5    00000028     usb_msc_structs.obj (.const:.string:g_pDataInterfaceString)
                  8015700d    00000028     usb_msc_structs.obj (.const:.string:g_pProductString)
                  80157035    00000024     usb_msc_structs.obj (.const:.string:g_pManufacturerString)
                  80157059    00000003     --HOLE-- [fill = 0]
                  8015705c    0000001d     usbdmsc.obj (.const)
                  80157079    00000003     --HOLE-- [fill = 0]
                  8015707c    00000018     USB_MSC_HOST.obj (.const)
                  80157094    00000018     usb_msc_structs.obj (.const)
                  801570ac    00000016     usb_msc_structs.obj (.const:.string)
                  801570c2    00000002     --HOLE-- [fill = 0]
                  801570c4    00000010     CMD.obj (.const)
                  801570d4    00000010     usbhmsc.obj (.const)
                  801570e4    0000000c     BITMAP_CHARLIE_BEACH.obj (.const)
                  801570f0    0000000c     BITMAP_SD_CARD_SYMBOL.obj (.const)
                  801570fc    0000000c     BITMAP_TV_REMOTE.obj (.const)
                  80157108    0000000c     BITMAP_USB_SYMBOL.obj (.const)
                  80157114    00000004     startup.obj (.const)

.text      0    80157118    00020a6c     
                  80157118    00004b00     usbhostenum.obj (.text)
                  8015bc18    00003628     ff.obj (.text)
                  8015f240    00002a68     LCD.obj (.text)
                  80161ca8    00001d10     uart_irda_cir.obj (.text)
                  801639b8    000018d0     rtsv7A8_A_le_v3_eabi.lib : _printfi.obj (.text)
                  80165288    00001580     rtc.obj (.text)
                  80166808    000013f4     SD.obj (.text)
                  80167bfc    000012bc     EMMC.obj (.text)
                  80168eb8    000011d8     tsc_adc.obj (.text)
                  8016a090    00000e38     GUI.obj (.text)
                  8016aec8    00000be4     mcspi.obj (.text)
                  8016baac    00000b50     gpio_v2.obj (.text)
                  8016c5fc    00000ad0     hsi2c.obj (.text)
                  8016d0cc    000009f0     hs_mmcsd.obj (.text)
                  8016dabc    000008c0     MISC.obj (.text)
                  8016e37c    00000780     dmtimer_driver.obj (.text)
                  8016eafc    0000072c     usbhmsc.obj (.text)
                  8016f228    000006c4     FRAM.obj (.text)
                  8016f8ec    0000069c     dmtimer.obj (.text)
                  8016ff88    000005e8     usbhscsi.obj (.text)
                  80170570    000005e0     INTERRUPTS.obj (.text)
                  80170b50    0000051c     USB_MSC_HOST.obj (.text)
                  8017106c    00000510     SPI.obj (.text)
                  8017157c    00000504     AUDIO.obj (.text)
                  80171a80    000004a0     UART.obj (.text)
                  80171f20    00000498     GPIO.obj (.text)
                  801723b8    00000488     cp15.obj (.text)
                  80172840    0000046c     fat_mmcsd.obj (.text)
                  80172cac    00000418     hsi2c.obj (.text)
                  801730c4    000003e4     interrupt.obj (.text)
                  801734a8    000003e0     mcspi.obj (.text)
                  80173888    00000350     main.obj (.text)
                  80173bd8    0000033c     RTCC.obj (.text)
                  80173f14    000002e8     WAV.obj (.text)
                  801741fc    000002dc     tscAdc.obj (.text)
                  801744d8    000002c8     LEDS.obj (.text)
                  801747a0    000002c0     USB_MSC_DEVICE.obj (.text)
                  80174a60    000002b8     rtsv7A8_A_le_v3_eabi.lib : ull_div32.obj (.text)
                  80174d18    0000029c     ADC.obj (.text)
                  80174fb4    00000290     I2C.obj (.text)
                  80175244    00000274     rtc.obj (.text)
                  801754b8    00000274     TIMERS.obj (.text)
                  8017572c    00000220     cpld.obj (.text)
                  8017594c    00000204     TEST.obj (.text)
                  80175b50    000001d8     CMD.obj (.text)
                  80175d28    000001d4     EEPROM.obj (.text)
                  80175efc    000001d0     PMIC.obj (.text)
                  801760cc    000001a8     SYSTEM.obj (.text)
                  80176274    000001a8     rtsv7A8_A_le_v3_eabi.lib : xdscale.obj (.text)
                  8017641c    000001a0     gpio.obj (.text)
                  801765bc    00000180     rtsv7A8_A_le_v3_eabi.lib : memcpy32.obj (.text)
                  8017673c    00000160                              : xdnorm.obj (.text)
                  8017689c    00000144     usbtick.obj (.text)
                  801769e0    0000013c     POWER.obj (.text)
                  80176b1c    00000114     rtsv7A8_A_le_v3_eabi.lib : i_div32.obj (.text)
                  80176c30    0000010c     exceptionhandler.obj (.text)
                  80176d3c    000000f8     usbdhandler.obj (.text)
                  80176e34    000000f0     rtsv7A8_A_le_v3_eabi.lib : u_div32.obj (.text)
                  80176f24    000000f0     sysdelay.obj (.text)
                  80177014    000000d4     MEMORY.obj (.text)
                  801770e8    000000b8     rtsv7A8_A_le_v3_eabi.lib : xdunscal.obj (.text)
                  801771a0    000000b0                              : memset32.obj (.text)
                  80177250    000000a8                              : sprintf.obj (.text)
                  801772f8    000000a4                              : autoinit.obj (.text)
                  8017739c    000000a0     hs_mmcsd.obj (.text)
                  8017743c    00000084     rtsv7A8_A_le_v3_eabi.lib : atoi.obj (.text)
                  801774c0    00000084                              : cpy_tbl.obj (.text)
                  80177544    00000084     startup.obj (.text)
                  801775c8    00000080     rtsv7A8_A_le_v3_eabi.lib : ltoa.obj (.text)
                  80177648    00000068                              : ldexp.obj (.text)
                  801776b0    00000064                              : signal.obj (.text)
                  80177714    00000060     cpu.obj (.text)
                  80177774    00000058     rtsv7A8_A_le_v3_eabi.lib : feraiseexcept.obj (.text)
                  801777cc    0000004c     delay.obj (.text)
                  80177818    0000004c     rtsv7A8_A_le_v3_eabi.lib : raise.obj (.text)
                  80177864    00000048                              : xdclass.obj (.text)
                  801778ac    00000044                              : xferaise.obj (.text)
                  801778f0    00000034                              : memcmp.obj (.text)
                  80177924    00000030                              : frexp.obj (.text)
                  80177954    0000002c                              : memccpy.obj (.text)
                  80177980    00000028                              : strchr.obj (.text)
                  801779a8    00000024                              : _lock.obj (.text)
                  801779cc    00000024                              : ll_lsr32.obj (.text)
                  801779f0    0000001c                              : strlen.obj (.text)
                  80177a0c    0000000c     cpu.obj (.text:CPUIntStatus)
                  80177a18    00000004     rtsv7A8_A_le_v3_eabi.lib : i_div0.obj (.text)
                  80177a1c    00000008     mmu.obj (.tramp.MMUEnable.1)
                  80177a24    00000008     mmu.obj (.tramp.MMUMemRegionMap.1)
                  80177a2c    00000008     mmu.obj (.tramp.MMUInit.1)
                  80177a34    00000008     usbdmsc.obj (.tramp.USBDMSCInit.1)
                  80177a3c    00000008     cache.obj (.tramp.CacheDataCleanInvalidateAll.1)
                  80177a44    00000008     cache.obj (.tramp.CacheEnable.1)
                  80177a4c    00000008     usb.obj (.tramp.USB0ModuleClkConfig.1)
                  80177a54    00000008     usbdenum.obj (.tramp.USBDeviceIntHandlerInternal.1)
                  80177a5c    00000008     usbdesc.obj (.tramp.USBDescGetInterfaceEndpoint.1)
                  80177a64    00000008     usb_driver.obj (.tramp.USBHostSpeedGet.1)
                  80177a6c    00000008     usb_driver.obj (.tramp.USBHostAutoReqSet.1)
                  80177a74    00000008     usb_driver.obj (.tramp.USBHostRequestINClear.1)
                  80177a7c    00000008     usb_driver.obj (.tramp.USBHostAutoReqClear.1)
                  80177a84    00000008     usb_driver.obj (.tramp.USBDevEndpointDataAck.1)
                  80177a8c    00000008     usb_driver.obj (.tramp.USBHostRequestStatus.1)
                  80177a94    00000008     usbphyGS70.obj (.tramp.UsbPhyOff.1)
                  80177a9c    00000008     usbdesc.obj (.tramp.USBDescGetInterface.1)
                  80177aa4    00000008     usb_driver.obj (.tramp.USBFIFOFlush.1)
                  80177aac    00000008     usb_driver.obj (.tramp.USBHostEndpointStatusClear.1)
                  80177ab4    00000008     usb_driver.obj (.tramp.USBIntStatusControl.1)
                  80177abc    00000008     usb_driver.obj (.tramp.USBEndpointDataToggleClear.1)
                  80177ac4    00000008     usb_driver.obj (.tramp.USBHostResume.1)
                  80177acc    00000008     usb_driver.obj (.tramp.USBHostSuspend.1)
                  80177ad4    00000008     usb_driver.obj (.tramp.USBHostReset.1)
                  80177adc    00000008     usb_driver.obj (.tramp.USBIntDisableEndpoint.1)
                  80177ae4    00000008     usb_driver.obj (.tramp.USBIntDisableControl.1)
                  80177aec    00000008     usb_driver.obj (.tramp.USBHostPwrDisable.1)
                  80177af4    00000008     usbphyGS70.obj (.tramp.UsbPhyOn.1)
                  80177afc    00000008     usb_driver.obj (.tramp.USBReset.1)
                  80177b04    00000008     usb.obj (.tramp.USBModuleClkEnable.1)
                  80177b0c    00000008     usb_driver.obj (.tramp.USBHostPwrEnable.1)
                  80177b14    00000008     usb_driver.obj (.tramp.USBHostPwrConfig.1)
                  80177b1c    00000008     usb_driver.obj (.tramp.USBOTGSessionRequest.1)
                  80177b24    00000008     usb_driver.obj (.tramp.USBIntEnableEndpoint.1)
                  80177b2c    00000008     usb_driver.obj (.tramp.USBIntEnableControl.1)
                  80177b34    00000008     usb_driver.obj (.tramp.USBEnableOtgIntr.1)
                  80177b3c    00000008     usb_driver.obj (.tramp.USBHostEndpointDataAck.1)
                  80177b44    00000008     usb_driver.obj (.tramp.USBEndpointDataGet.1)
                  80177b4c    00000008     usb_driver.obj (.tramp.USBHostRequestIN.1)
                  80177b54    00000008     usb_driver.obj (.tramp.USBEndpointStatus.1)
                  80177b5c    00000008     usb_driver.obj (.tramp.USBEndpointDataSend.1)
                  80177b64    00000008     usb_driver.obj (.tramp.USBEndpointDataPut.1)
                  80177b6c    00000008     usb_driver.obj (.tramp.USBHostEndpointConfig.1)
                  80177b74    00000008     usb_driver.obj (.tramp.USBHostAddrSet.1)
                  80177b7c    00000008     usb_driver.obj (.tramp.USBFIFOConfigSet.1)

.data      0    80177b88    00004515     
                  80177b88    00003cbc     WAV_POST_COMPLETE.obj (.data:WAV_PostComplete)
                  8017b844    00000500     GUI.obj (.data:Screens)
                  8017bd44    000000b0     rtsv7A8_A_le_v3_eabi.lib : signal.obj (.data:sigtable)
                  8017bdf4    00000004                              : errno.obj (.data)
                  8017bdf8    00000080                              : xvalues.obj (.data)
                  8017be78    00000062     WAV.obj (.data:WAV_Files)
                  8017beda    00000050     USB_MSC_HOST.obj (.data:g_cCwdBuf)
                  8017bf2a    00000002     CMD.obj (.data)
                  8017bf2c    00000048     usbdmsc.obj (.data:g_sMSCDeviceInfo)
                  8017bf74    00000030     usbhostenum.obj (.data:g_sUSBHEP0State)
                  8017bfa4    00000030     usbdmsc.obj (.data)
                  8017bfd4    00000023     LCD.obj (.data)
                  8017bff7    0000001f     FRAM.obj (.data)
                  8017c016    00000002     EMMC.obj (.data)
                  8017c018    00000010     AUDIO.obj (.data)
                  8017c028    00000010     TIMERS.obj (.data)
                  8017c038    0000000c     RTCC.obj (.data)
                  8017c044    0000000c     UART.obj (.data)
                  8017c050    0000000c     USB_MSC_DEVICE.obj (.data)
                  8017c05c    0000000c     usbtick.obj (.data)
                  8017c068    00000008     USB_MSC_HOST.obj (.data)
                  8017c070    00000008     rtsv7A8_A_le_v3_eabi.lib : _lock.obj (.data)
                  8017c078    00000008                              : feraiseexcept.obj (.data)
                  8017c080    00000008     usbdenum.obj (.data)
                  8017c088    00000008     usbhostenum.obj (.data)
                  8017c090    00000004     sysdelay.obj (.data)
                  8017c094    00000003     GUI.obj (.data)
                  8017c097    00000003     SD.obj (.data)
                  8017c09a    00000001     ADC.obj (.data)
                  8017c09b    00000001     I2C.obj (.data)
                  8017c09c    00000001     fat_mmcsd.obj (.data)

.TI.persistent 
*          0    80177b88    00000000     UNINITIALIZED

Cache_Code 
*          0    80200000    000071fc     
                  80200000    00002234     usbdenum.obj (.text)
                  80202234    00001f90     usb_driver.obj (.text)
                  802041c4    000018e0     usbdmsc.obj (.text)
                  80205aa4    00000830     usbdconfig.obj (.text)
                  802062d4    00000544     usbdcdesc.obj (.text)
                  80206818    00000360     usbdesc.obj (.text)
                  80206b78    0000016c     mmu.obj (.text)
                  80206ce4    00000130     cache.obj (.text)
                  80206e14    0000025c     usbdmscglue.obj (.text)
                  80207070    000000c4     usb.obj (.text)
                  80207134    000000c8     usbphyGS70.obj (.text)


FAR CALL TRAMPOLINES

callee name               trampoline name
   callee addr  tramp addr   call addr  call info
--------------  -----------  ---------  ----------------
MMUEnable                 $Tramp$AA$S$$MMUEnable
   80206cc8     80177a1c     801770c8   MEMORY.obj (.text)
MMUMemRegionMap           $Tramp$AA$S$$MMUMemRegionMap
   80206bd8     80177a24     801770a8   MEMORY.obj (.text)
                             801770b0   MEMORY.obj (.text)
                             801770b8   MEMORY.obj (.text)
                             801770c0   MEMORY.obj (.text)
MMUInit                   $Tramp$AA$S$$MMUInit
   80206b78     80177a2c     801770a0   MEMORY.obj (.text)
USBDMSCInit               $Tramp$AA$S$$USBDMSCInit
   802047e0     80177a34     801747c4   USB_MSC_DEVICE.obj (.text)
CacheDataCleanInvalidateAll  $Tramp$AA$S$$CacheDataCleanInvalidateAll
   80206d9c     80177a3c     801747b8   USB_MSC_DEVICE.obj (.text)
CacheEnable               $Tramp$AA$S$$CacheEnable
   80206d28     80177a44     80173894   main.obj (.text)
USB0ModuleClkConfig       $Tramp$AA$S$$USB0ModuleClkConfig
   80207078     80177a4c     80170b78   USB_MSC_HOST.obj (.text)
USBDeviceIntHandlerInternal  $Tramp$AA$S$$USBDeviceIntHandlerInternal
   80201fac     80177a54     80170ad4   INTERRUPTS.obj (.text)
                             80176d9c   usbdhandler.obj (.text)
                             80176e14   usbdhandler.obj (.text)
USBDescGetInterfaceEndpoint  $Tramp$AA$S$$USBDescGetInterfaceEndpoint
   80206b34     80177a5c     8016eb80   usbhmsc.obj (.text)
USBHostSpeedGet           $Tramp$AA$S$$USBHostSpeedGet
   802023d4     80177a64     8015bbbc   usbhostenum.obj (.text)
USBHostAutoReqSet         $Tramp$AA$S$$USBHostAutoReqSet
   80203a64     80177a6c     8015bb24   usbhostenum.obj (.text)
USBHostRequestINClear     $Tramp$AA$S$$USBHostRequestINClear
   80203a10     80177a74     8015bac8   usbhostenum.obj (.text)
USBHostAutoReqClear       $Tramp$AA$S$$USBHostAutoReqClear
   80203ab8     80177a7c     8015baa0   usbhostenum.obj (.text)
USBDevEndpointDataAck     $Tramp$AA$S$$USBDevEndpointDataAck
   80203710     80177a84     8015b7c8   usbhostenum.obj (.text)
USBHostRequestStatus      $Tramp$AA$S$$USBHostRequestStatus
   80203de0     80177a8c     8015b63c   usbhostenum.obj (.text)
UsbPhyOff                 $Tramp$AA$S$$UsbPhyOff
   8020719c     80177a94     8015b0c0   usbhostenum.obj (.text)
USBDescGetInterface       $Tramp$AA$S$$USBDescGetInterface
   80206ae8     80177a9c     8015a7d0   usbhostenum.obj (.text)
                             8016eb54   usbhmsc.obj (.text)
USBFIFOFlush              $Tramp$AA$S$$USBFIFOFlush
   80203900     80177aa4     8015a1ec   usbhostenum.obj (.text)
                             8015a404   usbhostenum.obj (.text)
                             8015b5c0   usbhostenum.obj (.text)
                             8015ba50   usbhostenum.obj (.text)
                             8015ba70   usbhostenum.obj (.text)
                             8015bae8   usbhostenum.obj (.text)
                             8015bb08   usbhostenum.obj (.text)
USBHostEndpointStatusClear  $Tramp$AA$S$$USBHostEndpointStatusClear
   80202900     80177aac     8015a1c4   usbhostenum.obj (.text)
                             8015a254   usbhostenum.obj (.text)
                             8015a2e0   usbhostenum.obj (.text)
                             8015a3dc   usbhostenum.obj (.text)
                             8015a46c   usbhostenum.obj (.text)
                             8015b5a0   usbhostenum.obj (.text)
                             8015b608   usbhostenum.obj (.text)
                             8015b6e0   usbhostenum.obj (.text)
USBIntStatusControl       $Tramp$AA$S$$USBIntStatusControl
   8020272c     80177ab4     80159f04   usbhostenum.obj (.text)
USBEndpointDataToggleClear  $Tramp$AA$S$$USBEndpointDataToggleClear
   80202b78     80177abc     80159b10   usbhostenum.obj (.text)
                             80159b3c   usbhostenum.obj (.text)
USBHostResume             $Tramp$AA$S$$USBHostResume
   80202388     80177ac4     80159708   usbhostenum.obj (.text)
                             8015972c   usbhostenum.obj (.text)
USBHostSuspend            $Tramp$AA$S$$USBHostSuspend
   80202318     80177acc     801596e0   usbhostenum.obj (.text)
USBHostReset              $Tramp$AA$S$$USBHostReset
   8020233c     80177ad4     80159690   usbhostenum.obj (.text)
                             801596b4   usbhostenum.obj (.text)
USBIntDisableEndpoint     $Tramp$AA$S$$USBIntDisableEndpoint
   802027b0     80177adc     80159518   usbhostenum.obj (.text)
USBIntDisableControl      $Tramp$AA$S$$USBIntDisableControl
   80202658     80177ae4     801594fc   usbhostenum.obj (.text)
USBHostPwrDisable         $Tramp$AA$S$$USBHostPwrDisable
   80203fec     80177aec     801594c8   usbhostenum.obj (.text)
UsbPhyOn                  $Tramp$AA$S$$UsbPhyOn
   80207134     80177af4     80159368   usbhostenum.obj (.text)
USBReset                  $Tramp$AA$S$$USBReset
   80204154     80177afc     80159360   usbhostenum.obj (.text)
                             8015ae48   usbhostenum.obj (.text)
                             8015b0d8   usbhostenum.obj (.text)
                             8015b18c   usbhostenum.obj (.text)
USBModuleClkEnable        $Tramp$AA$S$$USBModuleClkEnable
   802070f8     80177b04     80159348   usbhostenum.obj (.text)
USBHostPwrEnable          $Tramp$AA$S$$USBHostPwrEnable
   80203fc8     80177b0c     8015910c   usbhostenum.obj (.text)
                             80159fb8   usbhostenum.obj (.text)
                             8015a030   usbhostenum.obj (.text)
USBHostPwrConfig          $Tramp$AA$S$$USBHostPwrConfig
   80203f34     80177b14     801590d8   usbhostenum.obj (.text)
USBOTGSessionRequest      $Tramp$AA$S$$USBOTGSessionRequest
   80204028     80177b1c     80158fa8   usbhostenum.obj (.text)
                             801594b0   usbhostenum.obj (.text)
                             80159fd4   usbhostenum.obj (.text)
USBIntEnableEndpoint      $Tramp$AA$S$$USBIntEnableEndpoint
   802027fc     80177b24     80158f54   usbhostenum.obj (.text)
USBIntEnableControl       $Tramp$AA$S$$USBIntEnableControl
   802026c4     80177b2c     80158f38   usbhostenum.obj (.text)
USBEnableOtgIntr          $Tramp$AA$S$$USBEnableOtgIntr
   8020411c     80177b34     80158f1c   usbhostenum.obj (.text)
USBHostEndpointDataAck    $Tramp$AA$S$$USBHostEndpointDataAck
   8020377c     80177b3c     801583b8   usbhostenum.obj (.text)
                             80158764   usbhostenum.obj (.text)
USBEndpointDataGet        $Tramp$AA$S$$USBEndpointDataGet
   80203604     80177b44     8015839c   usbhostenum.obj (.text)
                             80158748   usbhostenum.obj (.text)
                             8015b764   usbhostenum.obj (.text)
USBHostRequestIN          $Tramp$AA$S$$USBHostRequestIN
   802039c4     80177b4c     80158338   usbhostenum.obj (.text)
                             801584bc   usbhostenum.obj (.text)
                             8015b680   usbhostenum.obj (.text)
                             8015b874   usbhostenum.obj (.text)
USBEndpointStatus         $Tramp$AA$S$$USBEndpointStatus
   802028b0     80177b54     80157f20   usbhostenum.obj (.text)
                             801585a8   usbhostenum.obj (.text)
                             8015a18c   usbhostenum.obj (.text)
                             8015a3a4   usbhostenum.obj (.text)
                             8015b570   usbhostenum.obj (.text)
USBEndpointDataSend       $Tramp$AA$S$$USBEndpointDataSend
   80203888     80177b5c     80157e34   usbhostenum.obj (.text)
                             801582ec   usbhostenum.obj (.text)
                             8015b3c8   usbhostenum.obj (.text)
                             8015b854   usbhostenum.obj (.text)
                             8015b9e4   usbhostenum.obj (.text)
                             8015ba08   usbhostenum.obj (.text)
USBEndpointDataPut        $Tramp$AA$S$$USBEndpointDataPut
   802037d8     80177b64     80157e14   usbhostenum.obj (.text)
                             801582cc   usbhostenum.obj (.text)
                             8015b33c   usbhostenum.obj (.text)
                             8015b9b8   usbhostenum.obj (.text)
USBHostEndpointConfig     $Tramp$AA$S$$USBHostEndpointConfig
   80202dc0     80177b6c     80157cdc   usbhostenum.obj (.text)
                             80158f04   usbhostenum.obj (.text)
USBHostAddrSet            $Tramp$AA$S$$USBHostAddrSet
   80203dfc     80177b74     8015762c   usbhostenum.obj (.text)
                             801577d0   usbhostenum.obj (.text)
                             8015b318   usbhostenum.obj (.text)
USBFIFOConfigSet          $Tramp$AA$S$$USBFIFOConfigSet
   80203358     80177b7c     80157600   usbhostenum.obj (.text)
                             801577a4   usbhostenum.obj (.text)

[45 trampolines]
[96 trampoline calls]


GLOBAL SYMBOLS: SORTED ALPHABETICALLY BY Name 

address   name                                 
-------   ----                                 
801709f0  ADC_0_ISR                            
80174f84  ADC_ClearFinishedFlag                
80174ecc  ADC_ConfigureInterrupt               
80174f94  ADC_GetFinishedFlag                  
80174ef8  ADC_ReadChannels                     
80174f74  ADC_SetFinishedFlag                  
80157114  AM335X_VECTOR_BASE                   
801719dc  AUD_AmpShutdown                      
8017c020  AUD_AudioTimeoutCount                
80171914  AUD_ClearPlaybackFinishedFlag        
80171684  AUD_ClearPlayingFlag                 
8017194c  AUD_ClearTimoutFlag                  
80171930  AUD_GetPlaybackFinishedFlag          
80171694  AUD_GetPlayingFlag                   
8017195c  AUD_GetTimoutFlag                    
80171968  AUD_IsWAVPlaying                     
80171580  AUD_PlayWAV                          
80171904  AUD_SetPlaybackFinishedFlag          
80171674  AUD_SetPlayingFlag                   
8017193c  AUD_SetTimoutFlag                    
80171648  AUD_StopWAV                          
80171980  AUD_TestAudio                        
801716a0  AUD_TransferWAVToRAMG                
80176d24  AbortHandler                         
8017c01c  AudioBytesTransferred                
80114408  BITMAP_CharlieBeach                  
80156cc9  BITMAP_SD_Card_Symbol                
80154008  BITMAP_TVRemote                      
80156e80  BITMAP_USB_Symbol                    
8017bff6  BackLightSetting                     
80175b60  CMD_CheckMatch                       
80175cec  CMD_ClearNewCommand                  
80175cfc  CMD_GetNewCommand                    
80175ccc  CMD_Help                             
80175cdc  CMD_SetNewCommand                    
80172814  CP15AuxControlFeatureDisable         
80172800  CP15AuxControlFeatureEnable          
801727a8  CP15BranchPredictionDisable          
80172798  CP15BranchPredictionEnable           
8017278c  CP15BranchPredictorInvalidate        
801727c8  CP15ControlFeatureDisable            
801727dc  CP15ControlFeatureEnable             
801724a4  CP15DCacheClean                      
801725dc  CP15DCacheCleanBuff                  
80172538  CP15DCacheCleanFlush                 
80172630  CP15DCacheCleanFlushBuff             
801723d4  CP15DCacheDisable                    
80172400  CP15DCacheEnable                     
80172410  CP15DCacheFlush                      
80172684  CP15DCacheFlushBuff                  
801727b8  CP15DomainAccessClientSet            
801723b8  CP15ICacheDisable                    
801723f0  CP15ICacheEnable                     
801725cc  CP15ICacheFlush                      
801726e8  CP15ICacheFlushBuff                  
80172754  CP15MMUDisable                       
8017276c  CP15MMUEnable                        
80172828  CP15MainIdPrimPartNumGet             
80172748  CP15TlbInvalidate                    
8017273c  CP15Ttb0Set                          
801727f0  CP15TtbCtlTtb0Config                 
80172780  CP15VectorBaseAddrSet                
8017572c  CPLDI2CRead                          
80175888  CPLDI2CSetup                         
80177730  CPUAbortHandler                      
80177a0c  CPUIntStatus                         
80177714  CPUSwitchToPrivilegedMode            
8017771c  CPUSwitchToUserMode                  
80177754  CPUfiqd                              
80177764  CPUfiqe                              
80177734  CPUirqd                              
80177744  CPUirqe                              
80206da8  CacheDataCleanAll                    
80206dc0  CacheDataCleanBuff                   
80206d9c  CacheDataCleanInvalidateAll          
80206df8  CacheDataCleanInvalidateBuff         
80206db4  CacheDataInvalidateAll               
80206ddc  CacheDataInvalidateBuff              
80206ce4  CacheDisable                         
80206d28  CacheEnable                          
80206d74  CacheInstInvalidateAll               
80206d80  CacheInstInvalidateBuff              
80114364  Command_String                       
801570c4  Commands                             
801143fc  CurrentScreen                        
8017bff7  CurrentSystemSettings                
80114394  CurrentTimeDate                      
8016ea20  DMTimer1msModuleClkConfig            
8016e508  DMTimer2ModuleClkConfig              
8016e37c  DMTimer3ModuleClkConfig              
8016e694  DMTimer4ModuleClkConfig              
8016e824  DMTimer6ModuleClkConfig              
8016e894  DMTimer7ModuleClkConfig              
8016fc2c  DMTimerCompareGet                    
8016fbf0  DMTimerCompareSet                    
8016fe4c  DMTimerContextRestore                
8016fdcc  DMTimerContextSave                   
8016fae8  DMTimerCounterGet                    
8016faac  DMTimerCounterSet                    
8016f92c  DMTimerDisable                       
8016f8ec  DMTimerEnable                        
8016fb70  DMTimerGPOConfigure                  
8016fce0  DMTimerIntDisable                    
8016fcbc  DMTimerIntEnable                     
8016fd3c  DMTimerIntEnableGet                  
8016fc68  DMTimerIntRawStatusGet               
8016fc44  DMTimerIntRawStatusSet               
8016fc98  DMTimerIntStatusClear                
8016fc80  DMTimerIntStatusGet                  
8016f96c  DMTimerModeConfigure                 
8016ff2c  DMTimerPostedModeConfig              
8016fa6c  DMTimerPreScalerClkDisable           
8016f9ec  DMTimerPreScalerClkEnable            
8016fb58  DMTimerReloadGet                     
8016fb1c  DMTimerReloadSet                     
8016fd98  DMTimerReset                         
8016fd54  DMTimerResetConfigure                
8016fd04  DMTimerTriggerSet                    
8016ff70  DMTimerWritePostedStatusGet          
8017c03a  DefaultTimeDate                      
801777cc  DelayTimerSetup                      
80113628  EEPROM_Contents                      
80175d40  EEPROM_ReadAddress                   
80175e04  EEPROM_ReadBuffer                    
80175d9c  EEPROM_WriteAddress                  
80175e7c  EEPROM_WriteBuffer                   
80104000  EMMC_Buffer                          
80167ef4  EMMC_CardInit                        
80168bb8  EMMC_ClearInitialized                
80168b9c  EMMC_GetNumberBlocks                 
80167d3c  EMMC_HSMMCSDModuleClkConfig          
80167d64  EMMC_HardwareReset                   
80168bc8  EMMC_IsInitialized                   
80167ca0  EMMC_PinMuxSetup                     
80168a00  EMMC_ReadBlocks                      
801687d4  EMMC_ReceiveData                     
80168748  EMMC_SendAppCommand                  
801684ec  EMMC_SendCommand                     
80168c18  EMMC_SendCommandSwitch               
80168d2c  EMMC_SendStatus                      
80168ba8  EMMC_SetInitialized                  
80167da0  EMMC_SetUpController                 
80168da4  EMMC_TestWrite                       
80168804  EMMC_TransmitData                    
80168864  EMMC_WriteBlocks                     
801758ec  EVMProfileGet                        
80000000  Entry                                
80176d20  FIQHandler                           
8016f7b0  FRAM_CalculateCRC                    
8016f774  FRAM_Hold                            
8016f7c8  FRAM_LoadDefaultSettings             
8016f328  FRAM_LoadSettings                    
8016f558  FRAM_ReadMemory                      
8016f42c  FRAM_ReadStatusRegister              
8016f344  FRAM_SaveSettings                    
8016f844  FRAM_Test                            
8016f3ac  FRAM_WriteDisable                    
8016f370  FRAM_WriteEnable                     
8016f46c  FRAM_WriteMemory                     
8016f738  FRAM_WriteProtect                    
8016f644  FRAM_WriteRead                       
8016f3e8  FRAM_WriteStatusRegister             
8017bff2  FT_DispCSpread                       
8017bff4  FT_DispDither                        
8017bfdc  FT_DispHCycle                        
8017bfde  FT_DispHOffset                       
8017bfe0  FT_DispHSync0                        
8017bfe2  FT_DispHSync1                        
8017bfda  FT_DispHeight                        
8017bfec  FT_DispPCLK                          
8017bff0  FT_DispPCLKPol                       
8017bfee  FT_DispSwizzle                       
8017bfe4  FT_DispVCycle                        
8017bfe6  FT_DispVOffset                       
8017bfe8  FT_DispVSync0                        
8017bfea  FT_DispVSync1                        
8017bfd8  FT_DispWidth                         
8017642c  GPIO0ModuleClkConfig                 
801764e4  GPIO1ModuleClkConfig                 
8017641c  GPIO1Pin23PinMuxSetup                
8017654c  GPIO1PinMuxSetup                     
8016c41c  GPIOAutoIdleModeControl              
8016c4e8  GPIODebounceFuncControl              
8016c538  GPIODebounceTimeConfig               
8016bb88  GPIODirModeGet                       
8016bb28  GPIODirModeSet                       
8016c4a4  GPIOGatingRatioConfigure             
8016c460  GPIOIdleModeConfigure                
8016c0d4  GPIOIntTypeGet                       
8016bd34  GPIOIntTypeSet                       
8016bb04  GPIOModuleDisable                    
8016bae0  GPIOModuleEnable                     
8016baac  GPIOModuleReset                      
8016bc70  GPIOMultiplePinsRead                 
8016bc40  GPIOMultiplePinsWrite                
8016c218  GPIOPinIntClear                      
8016bce4  GPIOPinIntDisable                    
8016bc94  GPIOPinIntEnable                     
8016c1b4  GPIOPinIntStatus                     
8016c3bc  GPIOPinIntWakeUpDisable              
8016c35c  GPIOPinIntWakeUpEnable               
8016bc18  GPIOPinRead                          
8016bbc8  GPIOPinWrite                         
8016c268  GPIORawIntStatus                     
8016c55c  GPIORevisionInfoGet                  
8016c2c4  GPIOTriggerPinInt                    
8016c338  GPIOWakeupGlobalDisable              
8016c314  GPIOWakeupGlobalEnable               
80170570  GPIO_3A_ISR                          
801721b0  GPIO_Module0ClkConfig                
80172218  GPIO_Module1ClkConfig                
80172280  GPIO_Module2ClkConfig                
801722e8  GPIO_Module3ClkConfig                
8016ace4  GUI_Backlight                        
8016ad2c  GUI_ClearBacklightTimeout            
8016ac18  GUI_ClearTagTimoutFlag               
8016aad4  GUI_CreateTouchCalibration           
8016a27c  GUI_DrawHomeScreen                   
8016a0d8  GUI_DrawInitialScreen                
8016a160  GUI_DrawInitialScreenProgress        
8016a8d0  GUI_DrawNextScreen                   
8016aa0c  GUI_DrawPreviousScreen               
8016a6c0  GUI_DrawTVRemoteScreen               
8016ac48  GUI_DrawTime                         
8016ad3c  GUI_GetBacklightTimeout              
8016ad64  GUI_GetCurrentTag                    
8016ac28  GUI_GetTagTimoutFlag                 
8016a74c  GUI_LoadItemToRAMG                   
8016aa58  GUI_LoadTouchCalibration             
8016ac34  GUI_ScreenRefresh                    
8016ad1c  GUI_SetBacklightTimeout              
8016ad48  GUI_SetCurrentTag                    
8016ac08  GUI_SetTagTimoutFlag                 
8016abec  GUI_StartNewScreenTagTimer           
8016a844  GUI_TouchConfig                      
8017656c  GpioPinMuxSetup                      
801570e4  HEADER_CharlieBeach                  
801570f0  HEADER_SD_Card_Symbol                
801570fc  HEADER_TVRemote                      
80157108  HEADER_USB_Symbol                    
8016d804  HSMMCSDBlkLenSet                     
8016d4c8  HSMMCSDBusFreqSet                    
8016d2ec  HSMMCSDBusPower                      
8016d2ac  HSMMCSDBusVoltSet                    
8016d1f4  HSMMCSDBusWidthSet                   
8016d844  HSMMCSDCommandSend                   
8016d934  HSMMCSDDataGet                       
8016d488  HSMMCSDDataTimeoutSet                
8016d604  HSMMCSDInitStreamSend                
8016d36c  HSMMCSDIntClock                      
8016d6c8  HSMMCSDIntrEnable                    
8016d720  HSMMCSDIntrStatusClear               
8016d69c  HSMMCSDIntrStatusDisable             
8016d670  HSMMCSDIntrStatusEnable              
8016d6fc  HSMMCSDIntrStatusGet                 
8016d988  HSMMCSDIsCardInserted                
8016d9a8  HSMMCSDIsCardWriteProtected          
8016d740  HSMMCSDIsCmdComplete                 
8016d468  HSMMCSDIsHSupported                  
8016d3c4  HSMMCSDIsIntClockStable              
8016d7a0  HSMMCSDIsXferComplete                
8016d134  HSMMCSDLinesReset                    
801773f4  HSMMCSDModuleClkConfig               
8017739c  HSMMCSDPinMuxSetup                   
8016d8d8  HSMMCSDResponseGet                   
8016d0cc  HSMMCSDSoftReset                     
8016d428  HSMMCSDSupportedVoltSet              
8016d1b0  HSMMCSDSystemConfig                  
80172e70  I2C0ModuleClkConfig                  
80172d08  I2C1ModuleClkConfig                  
8016cb34  I2CActiveOwnAddressGet               
8016cd44  I2CAutoIdleDisable                   
8016cd20  I2CAutoIdleEnable                    
8016cab0  I2CBufferStatus                      
8016cdf0  I2CClockActivitySelect               
8016cbb8  I2CClockBlockingControl              
8016cff8  I2CContextRestore                    
8016cfa4  I2CContextSave                       
8016ca80  I2CDMARxEventDisable                 
8016ca20  I2CDMARxEventEnable                  
8016ca50  I2CDMATxEventDisable                 
8016c9f0  I2CDMATxEventEnable                  
8016c90c  I2CDataCountGet                      
8016c9a4  I2CFIFOClear                         
8016c924  I2CFIFOThresholdConfig               
8016cd8c  I2CGlobalWakeUpDisable               
8016cd68  I2CGlobalWakeUpEnable                
8016cdb0  I2CIdleModeSelect                    
8016c6c0  I2CMasterBusBusy                     
8016c6f8  I2CMasterBusy                        
8016c73c  I2CMasterControl                     
8016cf84  I2CMasterDataGet                     
8016cf64  I2CMasterDataPut                     
8016c69c  I2CMasterDisable                     
8016c678  I2CMasterEnable                      
8016c714  I2CMasterErr                         
8016c5fc  I2CMasterInitExpClk                  
8016c86c  I2CMasterIntClearEx                  
8016c7d4  I2CMasterIntDisableEx                
8016c7a8  I2CMasterIntEnableEx                 
8016c830  I2CMasterIntRawStatus                
8016c88c  I2CMasterIntRawStatusClearEx         
8016c848  I2CMasterIntRawStatusEx              
8016c7f4  I2CMasterIntStatus                   
8016c80c  I2CMasterIntStatusEx                 
8016c8cc  I2CMasterSlaveAddrGet                
8016c8ac  I2CMasterSlaveAddrSet                
8016c760  I2CMasterStart                       
8016c784  I2CMasterStop                        
8016cc84  I2COwnAddressSet                     
80172cac  I2CPinMuxSetup                       
8016c8ec  I2CSetDataCount                      
8016ccfc  I2CSoftReset                         
8016cf48  I2CSystemStatusGet                   
8016cebc  I2CWakeUpDisable                     
8016ce30  I2CWakeUpEnable                      
801122a0  I2C_0_Buffers                        
8017087c  I2C_0_ISR                            
801751f8  I2C_ClearFailFlag0                   
80175208  I2C_GetFailFlag0                     
80174ffc  I2C_InterruptConfigure0              
80175028  I2C_SendReceiveData0                 
801751e8  I2C_SetFailFlag0                     
80176c74  IRQHandler                           
80175b50  InitCMD                              
80174d18  Init_ADC                             
8017157c  Init_Audio                           
80175d28  Init_EEPROM                          
80167bfc  Init_EMMC                            
8016f228  Init_FRAM                            
80171f20  Init_GPIO                            
8016a090  Init_GUI                             
80174fb4  Init_I2C                             
80174fc0  Init_I2C_Module0                     
8015f240  Init_LCD                             
801744d8  Init_LED                             
801760cc  Init_Modules                         
80175efc  Init_PMIC                            
801769e0  Init_Power                           
80173bd8  Init_RTC                             
80166808  Init_SD                              
8017106c  Init_SPI                             
80171228  Init_SPI_Module0                     
8017107c  Init_SPI_Module1                     
8017594c  Init_Test                            
801754cc  Init_Timer2                          
80175544  Init_Timer3                          
801754b8  Init_Timers                          
80171a80  Init_UART                            
801747b0  Init_USB0                            
801747a0  Init_USB_Device                      
80170b50  Init_USB_Host                        
80173f14  Init_WAV                             
8017310c  IntAINTCInit                         
80173244  IntActiveIrqNumGet                   
801732dc  IntCurrIrqPriorityGet                
80173434  IntDisable                           
8017344c  IntEnable                            
801732c8  IntFuncClkAutoGateSet                
801732b4  IntFuncClkFreeRunSet                 
80173230  IntIfClkAutoGateSet                  
8017321c  IntIfClkFreeRunSet                   
8017341c  IntMasterFIQDisable                  
80173410  IntMasterFIQEnable                   
80173404  IntMasterIRQDisable                  
801733f8  IntMasterIRQEnable                   
80173428  IntMasterStatusGet                   
801733bc  IntPendingIrqMaskedStatusGet         
8017317c  IntPrioritySet                       
801732ec  IntPriorityThresholdGet              
801732fc  IntPriorityThresholdSet              
80173278  IntProtectionDisable                 
80173268  IntProtectionEnable                  
8017331c  IntRawStatusGet                      
801730c8  IntRegister                          
8017338c  IntSoftwareIntClear                  
8017335c  IntSoftwareIntSet                    
80173254  IntSpurIrqFlagGet                    
801732a0  IntSyncClkAutoGateSet                
8017328c  IntSyncClkFreeRunSet                 
801731e8  IntSystemDisable                     
801731b4  IntSystemEnable                      
801730ec  IntUnRegister                        
8015a8f4  InternalUSBHCDSendEvent              
80176910  InternalUSBRegisterTickHandler       
80176948  InternalUSBStartOfFrameTick          
8017689c  InternalUSBTickInit                  
8017780c  IsTimerElapsed                       
80161c84  LCD_ClearInterruptFlag               
80161c94  LCD_GetInterruptFlag                 
8015fe20  LCD_IncrementWriteOffset             
8015f5c4  LCD_Interrupt                        
8015f4d4  LCD_InterruptConfigure               
8015f554  LCD_InteruptDisable                  
8015f520  LCD_InteruptEnable                   
8015f588  LCD_Reset                            
8015fe9c  LCD_SendRAMAddress                   
80161c74  LCD_SetInterruptFlag                 
8015ff18  LCD_WaitCoprocessorDone              
8015fe60  LCD_WriteCommandParameters           
8015fd9c  LCD_cmd                              
80160ee4  LCD_cmd_append                       
801602c0  LCD_cmd_bgcolor                      
80160094  LCD_cmd_button                       
80161698  LCD_cmd_calibrate                    
80160208  LCD_cmd_clock                        
801615c4  LCD_cmd_coldstart                    
80160948  LCD_cmd_dial                         
80160364  LCD_cmd_fgcolor                      
80160470  LCD_cmd_gauge                        
80161218  LCD_cmd_getmatrix                    
8016132c  LCD_cmd_getprops                     
801612d4  LCD_cmd_getptr                       
80160400  LCD_cmd_gradcolor                    
80160524  LCD_cmd_gradient                     
80160f50  LCD_cmd_inflate                      
801615d4  LCD_cmd_interrupt                    
801605c8  LCD_cmd_keys                         
80161060  LCD_cmd_loadidentity                 
80160ff4  LCD_cmd_loadimage                    
80161c30  LCD_cmd_logo                         
801613bc  LCD_cmd_mediafifo                    
80160e5c  LCD_cmd_memcpy                       
80160c38  LCD_cmd_memcrc                       
80160d24  LCD_cmd_memset                       
80160da8  LCD_cmd_memwrite                     
80160cb8  LCD_cmd_memzero                      
80160ba4  LCD_cmd_number                       
80161428  LCD_cmd_playvideo                    
80160738  LCD_cmd_progress                     
8016162c  LCD_cmd_regread                      
801616f0  LCD_cmd_romfont                      
8016117c  LCD_cmd_rotate                       
80161110  LCD_cmd_scale                        
80161a4c  LCD_cmd_screensaver                  
801607e4  LCD_cmd_scrollbar                    
80160b4c  LCD_cmd_setbase                      
801618f8  LCD_cmd_setbitmap                    
8016175c  LCD_cmd_setfont                      
801617c8  LCD_cmd_setfont2                     
801611d4  LCD_cmd_setmatrix                    
801618a0  LCD_cmd_setrotate                    
80161848  LCD_cmd_setscratch                   
80161a90  LCD_cmd_sketch                       
8016089c  LCD_cmd_slider                       
80161b34  LCD_cmd_snapshot                     
80161b8c  LCD_cmd_snapshot2                    
80161984  LCD_cmd_spinner                      
80161a08  LCD_cmd_stop                         
8015ff3c  LCD_cmd_text                         
801609dc  LCD_cmd_toggle                       
80161530  LCD_cmd_track                        
801610a4  LCD_cmd_translate                    
801614c4  LCD_cmd_videoframe                   
80161480  LCD_cmd_videostart                   
8015f654  LCD_ft810memRead16                   
8015f6c4  LCD_ft810memRead32                   
8015f600  LCD_ft810memRead8                    
8015f7a4  LCD_ft810memWrite16                  
8015f810  LCD_ft810memWrite32                  
8015f764  LCD_ft810memWrite8                   
8015f8b4  LCD_ft810memWriteBuffer              
8015fdc4  LCD_host_command                     
8015fa84  LCD_rd16                             
8015fa9c  LCD_rd32                             
8015fa70  LCD_rd8                              
8015fc60  LCD_rd_buffer                        
8015f9c4  LCD_wr16                             
8015f9e0  LCD_wr32                             
8015f9a8  LCD_wr8                              
8015f9fc  LCD_wr8s                             
8015fab0  LCD_wr_buffer                        
801744e4  LED_Show                             
8017c024  LastWritePointerAddress              
80112ac0  MISC_Buffer                          
8016dfe8  MISC_CRC_CRC16                       
8016e20c  MISC_Calculate_CRC16                 
8016da3c  MMCSDContextRestore                  
8016d9c8  MMCSDContextSave                     
80206cc8  MMUEnable                            
80206b78  MMUInit                              
80206bd8  MMUMemRegionMap                      
80177014  MMU_ConfigAndEnable                  
80170c60  MSCCallback                          
8016dd0c  MSC_BCDtoHEX                         
8016dabc  MSC_BufferCopy                       
8016dbf0  MSC_DelayNOP                         
8016db70  MSC_DelayUS                          
8016de30  MSC_EndianLong                       
8016de9c  MSC_EndianLongArray                  
8016ddb0  MSC_EndianShort                      
8016ddec  MSC_EndianShortArray                 
8016dc58  MSC_HEXtoBCD                         
8016db34  MSC_LowercaseChar                    
8016df2c  MSC_ReverseByte                      
8016dc28  MSC_Round                            
8017352c  McSPI0CSPinMuxSetup                  
80173598  McSPI0ModuleClkConfig                
801736f4  McSPI1ModuleClkConfig                
8016b22c  McSPICSAssert                        
8016b264  McSPICSDeAssert                      
8016b134  McSPICSDisable                       
8016b110  McSPICSEnable                        
8016b158  McSPICSPolarityConfig                
8016b1c0  McSPICSTimeControlSet                
8016b53c  McSPIChannelDisable                  
8016b504  McSPIChannelEnable                   
8016b9f8  McSPIChannelStatusGet                
8016aec8  McSPIClkConfig                       
8016b86c  McSPIDMADisable                      
8016b828  McSPIDMAEnable                       
8016ba68  McSPIFIFODatManagementConfig         
8016b6e8  McSPIFIFOTrigLvlSet                  
8016b908  McSPIInitDelayConfig                 
8016b8dc  McSPIIntDisable                      
8016b8b0  McSPIIntEnable                       
8016b9c4  McSPIIntStatusClear                  
8016b9ac  McSPIIntStatusGet                    
8016b398  McSPIMasterModeConfig                
8016b374  McSPIMasterModeEnable                
8016ba24  McSPIMultipleWordAccessConfig        
801734a8  McSPIPinMuxSetup                     
8016b980  McSPIReceiveData                     
8016b574  McSPIReset                           
8016b680  McSPIRxFIFOConfig                    
8016b33c  McSPIStartBitDisable                 
8016b29c  McSPIStartBitEnable                  
8016b2d4  McSPIStartBitPolarityConfig          
8016b94c  McSPITransmitData                    
8016b5e0  McSPITurboModeDisable                
8016b5a8  McSPITurboModeEnable                 
8016b618  McSPITxFIFOConfig                    
8016b7e8  McSPIWordCountSet                    
8016b0a8  McSPIWordLengthSet                   
8017bf2b  NumCommand                           
8017601c  PMIC_ReadRegister                    
8017606c  PMIC_WriteRegister                   
801769ec  PWR_ReadVoltages                     
801143fd  PreviousPreviousScreen               
801143fe  PreviousScreen                       
8017bfd6  RAM_CMD_Offset                       
80166468  RTC32KClkClockControl                
80166404  RTC32KClkSourceSelect                
801667a8  RTCAlarm2CalendarSet                 
8016671c  RTCAlarm2IntStatusClear              
80166700  RTCAlarm2IntStatusGet                
80166740  RTCAlarm2TimeSet                     
80166150  RTCAlarmCalendarGet                  
801660f0  RTCAlarmCalendarSet                  
80166034  RTCAlarmDayOfMonthGet                
80166000  RTCAlarmDayOfMonthSet                
80165e60  RTCAlarmHourGet                      
80165ebc  RTCAlarmHourMeridiemGet              
80165e7c  RTCAlarmHourMeridiemSet              
80165e2c  RTCAlarmHourSet                      
801654c4  RTCAlarmIntStatusClear               
801654a8  RTCAlarmIntStatusGet                 
80165e10  RTCAlarmMinuteGet                    
80165ddc  RTCAlarmMinuteSet                    
80166084  RTCAlarmMonthGet                     
80166050  RTCAlarmMonthSet                     
80165dc0  RTCAlarmSecondGet                    
80165d8c  RTCAlarmSecondSet                    
80165f40  RTCAlarmTimeGet                      
80165ed8  RTCAlarmTimeSet                      
801660d4  RTCAlarmYearGet                      
801660a0  RTCAlarmYearSet                      
801655e0  RTCAutoCompDisable                   
8016559c  RTCAutoCompEnable                    
80165470  RTCBusyStatusGet                     
80165d14  RTCCalendarGet                       
80165ca4  RTCCalendarSet                       
801661f4  RTCCompensationGet                   
801661b0  RTCCompensationSet                   
801665d8  RTCConfigPmicExtWake                 
80166630  RTCConfigPmicExtWakeDebounce         
80166578  RTCConfigPmicExtWakePolarity         
80166534  RTCConfigPmicPowerEnable             
80165a4c  RTCDayOfMonthGet                     
80165a18  RTCDayOfMonthSet                     
80165b3c  RTCDayOfTheWeekGet                   
80165b08  RTCDayOfTheWeekSet                   
801657bc  RTCDisable                           
80165800  RTCEnable                            
80165868  RTCEnableStatus                      
801654e8  RTCEventUpdateGet                    
801664f0  RTCFeedbackResistanceSelect          
801659a0  RTCHourGet                           
801656b8  RTCHourModeGet                       
80165634  RTCHourModeSet                       
8016596c  RTCHourSet                           
801662ec  RTCIdleModeConfigure                 
801666cc  RTCIntAlarm2Enable                   
801653b4  RTCIntAlarmDisable                   
80165380  RTCIntAlarmEnable                    
8016543c  RTCIntTimerDisable                   
801653e8  RTCIntTimerEnable                    
801659fc  RTCMeridiemGet                       
801659bc  RTCMeridiemSet                       
80165548  RTCMinRoundingDisable                
80165504  RTCMinRoundingEnable                 
80165950  RTCMinuteGet                         
8016591c  RTCMinuteSet                         
8017524c  RTCModuleClkConfig                   
80165a9c  RTCMonthGet                          
80165a68  RTCMonthSet                          
801664ac  RTCOscillatorStateControl            
80166690  RTCPmicExtWakeStatusClear            
801662d4  RTCRevisionIDGet                     
80165288  RTCRun                               
8016548c  RTCRunStatusGet                      
80166278  RTCScratchPadGet                     
80166238  RTCScratchPadSet                     
80165900  RTCSecondGet                         
801658cc  RTCSecondSet                         
80165740  RTCSet32CounterDisable               
801656d4  RTCSet32CounterEnable                
801662b0  RTCSoftwareReset                     
801658a8  RTCSplitPwrDisable                   
80165884  RTCSplitPwrEnable                    
801652cc  RTCStop                              
801663c0  RTCTestModeControl                   
80165bf4  RTCTimeGet                           
80165b58  RTCTimeSet                           
80166338  RTCWakeUpAlarmEventControl           
8016637c  RTCWakeUpTimerEventControl           
80165358  RTCWriteProtectDisable               
80165330  RTCWriteProtectEnable                
80165aec  RTCYearGet                           
80165ab8  RTCYearSet                           
80173c84  RTC_ClearFlag                        
80173c94  RTC_GetFlag                          
80173d84  RTC_GetTimeDate                      
80170868  RTC_ISR                              
80173c48  RTC_InterruptConfigure               
80173e60  RTC_ModuleClkConfig                  
80173c74  RTC_SetFlag                          
80173ca0  RTC_SetTimeDate                      
80175244  RtcVersionGet                        
80108000  SD_Buffer                            
80166b40  SD_CardInit                          
80166a64  SD_ClearCardActionFlag               
80166ab8  SD_ClearInitialized                  
80166a74  SD_GetCardActionFlag                 
80166a9c  SD_GetCardStatus                     
801669c0  SD_GetFatTime                        
80167b60  SD_GetNumberBlocks                   
8016699c  SD_IsCardInserted                    
80166ac8  SD_IsInitialized                     
801679c4  SD_ReadBlocks                        
8016774c  SD_ReceiveData                       
801676c0  SD_SendAppCommand                    
80167464  SD_SendCommand                       
80166a54  SD_SetCardActionFlag                 
80166a80  SD_SetCardStatus                     
80166aa8  SD_SetInitialized                    
801668b4  SD_SetUpController                   
8016777c  SD_TransmitData                      
80167804  SD_WriteBlocks                       
UNDEFED   SHT$$INIT_ARRAY$$Base                
UNDEFED   SHT$$INIT_ARRAY$$Limit               
80170a70  SPI_1_ISR                            
80171338  SPI_INTCConfigure1                   
8017141c  SPI_ReadWriteByte0                   
80171478  SPI_ReadWriteByte1                   
80171364  SPI_WriteByte0                       
801713c0  SPI_WriteByte1                       
801714d4  SPI_WriteByteNoRx0                   
80171508  SPI_WriteByteNoRx1                   
80176c4c  SVC_Handler                          
8017b844  Screens                              
801777ec  StartTimer                           
80177800  StopTimer                            
80176f24  SysDelayTimerSetup                   
80176fd8  SysIsTimerElapsed                    
80176f9c  SysStartTimer                        
80176fc8  SysStopTimer                         
80176f3c  Sysdelay                             
8017599c  TEST_Setpoint1                       
801759d8  TEST_Setpoint2                       
80175a14  TEST_Setpoint3                       
80175a50  TEST_Togglepoint1                    
80175aa0  TEST_Togglepoint2                    
80175af0  TEST_Togglepoint3                    
8017074c  TMR_2_ISR                            
80170830  TMR_3_ISR                            
8017c030  TMR_AudioPlaybackTimer               
8017c034  TMR_BacklightTimer                   
801755b0  TMR_CalculateReload                  
801756e0  TMR_ClearMISCTimerFlag               
801756f0  TMR_GetMISCTimerFlag                 
8017565c  TMR_GetNewScreenTagTimerEnabled      
80175604  TMR_InterruptConfigure2              
80175630  TMR_InterruptConfigure3              
8017c02c  TMR_NewScreenTagTimer                
801756b0  TMR_ResetAudioPlaybackTimer          
801756c0  TMR_ResetBacklightTimer              
801756a0  TMR_ResetNewScreenTagTimer           
801756d0  TMR_SetMISCTimerFlag                 
80175668  TMR_SetNewScreenTagTimerEnabled      
80169224  TSCADCBiasConfig                     
80169968  TSCADCChargeStepAnalogGroundConfig   
801698c8  TSCADCChargeStepAnalogSupplyConfig   
801697fc  TSCADCChargeStepConfig               
801697b0  TSCADCChargeStepOperationModeControl 
801690c8  TSCADCConfigHWEventPrempt            
8016941c  TSCADCConfigureAFEClock              
8016946c  TSCADCConfigureMisc                  
801694dc  TSCADCConfigureStepEnable            
80169070  TSCADCDMAFIFODisable                 
80169040  TSCADCDMAFIFOEnable                  
80169000  TSCADCEventInterruptDisable          
80168fd4  TSCADCEventInterruptEnable           
80169fcc  TSCADCFIFOADCDataRead                
80169fa0  TSCADCFIFOChannelIDRead              
8016a058  TSCADCFIFODMAThresholdLevelConfig    
8016a020  TSCADCFIFOIRQThresholdLevelConfig    
80169ff4  TSCADCFIFOWordCountRead              
80168eb8  TSCADCGetRevision                    
80169108  TSCADCHWEventMapSet                  
80168ed0  TSCADCIdleModeSet                    
801696e4  TSCADCIdleStepAnalogGroundConfig     
80169644  TSCADCIdleStepAnalogSupplyConfig     
80169578  TSCADCIdleStepConfig                 
8016952c  TSCADCIdleStepOperationModeControl   
80168fbc  TSCADCIntStatus                      
80168f78  TSCADCIntStatusClear                 
80168f98  TSCADCIntStatusRead                  
801690a0  TSCADCIsDMAFIFOEnabled               
801741fc  TSCADCModuleClkConfig                
801692ec  TSCADCModuleStateSet                 
801693ac  TSCADCOutputRangeConfig              
80174404  TSCADCPinMuxSetUp                    
80168f60  TSCADCRawIntStatus                   
80168f3c  TSCADCRawIntStatusRead               
80168f10  TSCADCRawIntStatusSet                
80169390  TSCADCSequencerCurrentStepID         
80169370  TSCADCSequencerFSMBusyStatus         
8016932c  TSCADCSequencerPenIrqStatusRead      
801691c8  TSCADCSetADCPowerDown                
80169200  TSCADCSetADCPowerUp                  
80169288  TSCADCStepConfigProtectionDisable    
80169264  TSCADCStepConfigProtectionEnable     
801692ac  TSCADCStepIDTagConfig                
80169a34  TSCADCTSChargeStepOpenDelayConfig    
80169188  TSCADCTSModeConfig                   
80169c90  TSCADCTSStepAnalogGroundConfig       
80169bc0  TSCADCTSStepAnalogSupplyConfig       
80169e50  TSCADCTSStepAverageConfig            
80169ab4  TSCADCTSStepConfig                   
80169dfc  TSCADCTSStepFIFOSelConfig            
80169ea4  TSCADCTSStepModeConfig               
80169f4c  TSCADCTSStepOpenDelayConfig          
80169a54  TSCADCTSStepOperationModeControl     
80169dcc  TSCADCTSStepOutOfRangeCheckDisable   
80169d9c  TSCADCTSStepOutOfRangeCheckEnable    
80169ef8  TSCADCTSStepSampleDelayConfig        
80169148  TSCADCTSTransistorConfig             
80169020  TSCADCWakeUpPenEventConfig           
801632e8  UARTAutoIdleModeControl              
80163094  UARTAutoRTSAutoCTSControl            
801637d0  UARTAutobaudParityGet                
80163868  UARTAutobaudSpeedGet                 
8016381c  UARTAutobaudWordLenGet               
80162030  UARTBreakCtl                         
80162d70  UARTCharGet                          
80162d18  UARTCharGetNonBlocking               
80162dc8  UARTCharGetTimeout                   
80162e58  UARTCharPut                          
80162cac  UARTCharPutNonBlocking               
80162c58  UARTCharsAvail                       
80163740  UARTDMACounterResetControl           
8016256c  UARTDMADisable                       
80162510  UARTDMAEnable                        
80163658  UARTDSRInterruptControl              
80161f74  UARTDivisorLatchDisable              
80161f50  UARTDivisorLatchEnable               
80161dcc  UARTDivisorLatchWrite                
80161d08  UARTDivisorValCompute                
80162690  UARTEnhanFuncBitValRestore           
80162630  UARTEnhanFuncEnable                  
80162ecc  UARTFIFOCharGet                      
80162eac  UARTFIFOCharPut                      
8016214c  UARTFIFOConfig                       
80163040  UARTFIFOEnableStatusGet              
801625a4  UARTFIFORegisterWrite                
801635f4  UARTFIFOTrigLvlGranControl           
80162ee8  UARTFIFOWrite                        
8016332c  UARTFlowCtrlTrigLvlConfig            
80163260  UARTIdleModeConfigure                
80162b3c  UARTIntDisable                       
80162a58  UARTIntEnable                        
80162fa0  UARTIntIdentityGet                   
80162fec  UARTIntPendingStatusGet              
80162074  UARTLineCharacConfig                 
801634a0  UARTLoopbackModeControl              
80163514  UARTModemControlClear                
801634e4  UARTModemControlSet                  
80163560  UARTModemStatusChangeCheck           
80163544  UARTModemStatusGet                   
8016322c  UARTModuleReset                      
80163914  UARTModuleVersionNumberGet           
80161ca8  UARTOperatingModeSelect              
80162130  UARTParityModeGet                    
801620ec  UARTParityModeSet                    
801631e8  UARTPulseShapingControl              
80163724  UARTRXCTSDSRTransitionStatusGet      
801636e0  UARTRXCTSDSRWakeUpConfigure          
80162010  UARTRegConfModeRestore               
80161f98  UARTRegConfigModeEnable              
8016357c  UARTResumeOperation                  
80162f54  UARTRxErrorGet                       
801637b8  UARTRxFIFOLevelGet                   
801638f8  UARTScratchPadRegRead                
801638b4  UARTScratchPadRegWrite               
80163184  UARTSoftwareFlowCtrlOptSet           
80162c04  UARTSpaceAvail                       
80163120  UARTSpecialCharDetectControl         
801626f4  UARTSubConfigMSRSPRModeEn            
801627cc  UARTSubConfigTCRTLRModeEn            
801628a4  UARTSubConfigXOFFModeEn              
8016297c  UARTTCRTLRBitValRestore              
80163930  UARTTxDMAThresholdControl            
80163974  UARTTxDMAThresholdValConfig          
8016369c  UARTTxEmptyIntControl                
80163784  UARTTxFIFOFullStatusGet              
801637a0  UARTTxFIFOLevelGet                   
801632a4  UARTWakeUpControl                    
801635c4  UARTWakeUpEventsDisable              
80163594  UARTWakeUpEventsEnable               
8016337c  UARTXON1XOFF1ValProgram              
801633ac  UARTXON2XOFF2ValProgram              
801633dc  UARTXONAnyFeatureControl             
801705ac  UART_0_ISR                           
80171cc8  UART_AddToRXBuffer                   
80171df8  UART_AddToTXBuffer                   
80171bd4  UART_BaudRateSet                     
80171c50  UART_Configure                       
80171bb0  UART_FIFOConfigure                   
80171ea4  UART_GetTXInterruptStatus            
80171c9c  UART_InterruptConfigure0             
80171c0c  UART_LineCharacSet                   
80171ad0  UART_Module0ClkConfig                
80171b2c  UART_PrintBuffer                     
80171b18  UART_PrintChar                       
80171b78  UART_PrintString                     
80111300  UART_RX_buffer                       
8017c044  UART_RX_place                        
8017c048  UART_TX_add                          
80111ad0  UART_TX_buffer                       
8017c04c  UART_TX_remove                       
80176d3c  USB0DeviceIntHandler                 
8015a618  USB0HostIntHandler                   
80207078  USB0ModuleClkConfig                  
80176db4  USB1DeviceIntHandler                 
8015a6d4  USB1HostIntHandler                   
8017c053  USBChangeStatusFlag0                 
802070e8  USBClearInt                          
80204198  USBClearOtgIntr                      
80206550  USBDCDConfigDescGet                  
802064c4  USBDCDConfigDescGetNum               
8020645c  USBDCDConfigDescGetSize              
802066ec  USBDCDConfigGetInterface             
80206744  USBDCDConfigGetInterfaceEndpoint     
80206650  USBDCDConfigGetNumAlternateInterfaces
80200000  USBDCDInit                           
8020054c  USBDCDPowerStatusSet                 
802005b4  USBDCDRemoteWakeupRequest            
80200400  USBDCDRequestDataEP0                 
80200478  USBDCDSendDataEP0                    
802004dc  USBDCDSetDefaultConfiguration        
80200508  USBDCDStallEP0                       
802002e4  USBDCDTerm                           
80204814  USBDMSCCompositeInit                 
8017499c  USBDMSCEventCallback                 
802047e0  USBDMSCInit                          
802041c4  USBDMSCMediaChange                   
80206e34  USBDMSCStorageClose                  
80206fc0  USBDMSCStorageNumBlocks              
80206e14  USBDMSCStorageOpen                   
80206e50  USBDMSCStorageRead                   
80206f08  USBDMSCStorageWrite                  
80204b24  USBDMSCTerm                          
802057c0  USBDSCSICommand                      
802068c4  USBDescGet                           
80206ae8  USBDescGetInterface                  
80206b34  USBDescGetInterfaceEndpoint          
80206818  USBDescGetNum                        
8020698c  USBDescGetNumAlternateInterfaces     
80202da8  USBDevAddrGet                        
80202d88  USBDevAddrSet                        
80202d40  USBDevConnect                        
80202d64  USBDevDisconnect                     
802031a8  USBDevEndpointConfigGet              
80203028  USBDevEndpointConfigSet              
80203710  USBDevEndpointDataAck                
80202be0  USBDevEndpointStall                  
80202c70  USBDevEndpointStallClear             
8020298c  USBDevEndpointStatusClear            
80205c70  USBDeviceConfig                      
80206110  USBDeviceConfigAlternate             
80200874  USBDeviceEnumHandler                 
80200aec  USBDeviceEnumResetHandler            
80201fac  USBDeviceIntHandlerInternal          
80200650  USBDeviceResumeTickHandler           
80203c0c  USBDmaTxChDisable                    
80203c64  USBDmaTxChTeardown                   
802070c0  USBEnableInt                         
8020411c  USBEnableOtgIntr                     
802040b4  USBEndpointDMAChannel                
80203530  USBEndpointDMADisable                
802034c8  USBEndpointDMAEnable                 
80203598  USBEndpointDataAvail                 
80203604  USBEndpointDataGet                   
802037d8  USBEndpointDataPut                   
80203888  USBEndpointDataSend                  
80202b78  USBEndpointDataToggleClear           
802028b0  USBEndpointStatus                    
80204074  USBFIFOAddrGet                       
80203410  USBFIFOConfigGet                     
80203358  USBFIFOConfigSet                     
80203900  USBFIFOFlush                         
80204010  USBFrameNumberGet                    
8015b248  USBHCDControlTransfer                
80170cc0  USBHCDEvents                         
8015bba0  USBHCDGetSpeed                       
80159154  USBHCDInit                           
8015abc4  USBHCDMain                           
80157840  USBHCDPipeAlloc                      
8015743c  USBHCDPipeAllocSize                  
8015787c  USBHCDPipeConfig                     
8015896c  USBHCDPipeFree                       
80158400  USBHCDPipeRead                       
80158350  USBHCDPipeReadNonBlocking            
80158248  USBHCDPipeSchedule                   
80157cec  USBHCDPipeStatus                     
80157d14  USBHCDPipeWrite                      
80159118  USBHCDPowerAutomatic                 
80158fe0  USBHCDPowerConfigGet                 
80158fb4  USBHCDPowerConfigInit                
80159008  USBHCDPowerConfigSet                 
8015942c  USBHCDRegisterDrivers                
80159670  USBHCDReset                          
801596e8  USBHCDResume                         
801599a4  USBHCDSetAddress                     
80159b50  USBHCDSetConfig                      
80159bc4  USBHCDSetInterface                   
801596c4  USBHCDSuspend                        
80159490  USBHCDTerm                           
8015bb70  USBHCDTimeOutHook                    
8016f0d4  USBHMSCBlockRead                     
8016f174  USBHMSCBlockWrite                    
8016f0ac  USBHMSCDriveClose                    
8016f04c  USBHMSCDriveOpen                     
8016edd8  USBHMSCDriveReady                    
801700f0  USBHSCSIInquiry                      
80170274  USBHSCSIModeSense6                   
801703ec  USBHSCSIRead10                       
80170200  USBHSCSIReadCapacities               
80170180  USBHSCSIReadCapacity                 
80170370  USBHSCSIRequestSense                 
801702f8  USBHSCSITestUnitReady                
801704a8  USBHSCSIWrite10                      
80203e50  USBHostAddrGet                       
80203dfc  USBHostAddrSet                       
80203ab8  USBHostAutoReqClear                  
80203a64  USBHostAutoReqSet                    
80159c48  USBHostCheckPipes                    
80202dc0  USBHostEndpointConfig                
8020377c  USBHostEndpointDataAck               
80202a70  USBHostEndpointDataToggle            
80202900  USBHostEndpointStatusClear           
80203eec  USBHostHubAddrGet                    
80203e98  USBHostHubAddrSet                    
80159ea0  USBHostIntHandlerInternal            
80203f34  USBHostPwrConfig                     
80203fec  USBHostPwrDisable                    
80203fc8  USBHostPwrEnable                     
80203fa4  USBHostPwrFaultDisable               
80203f80  USBHostPwrFaultEnable                
802039c4  USBHostRequestIN                     
80203a10  USBHostRequestINClear                
80203de0  USBHostRequestStatus                 
8020233c  USBHostReset                         
80202388  USBHostResume                        
802023d4  USBHostSpeedGet                      
80202318  USBHostSuspend                       
80203cfc  USBHostTxFifoFlush                   
802024e0  USBIntDisable                        
80202658  USBIntDisableControl                 
802027b0  USBIntDisableEndpoint                
8020259c  USBIntEnable                         
802026c4  USBIntEnableControl                  
802027fc  USBIntEnableEndpoint                 
[...]
80172630  CP15DCacheCleanFlushBuff             
80172684  CP15DCacheFlushBuff                  
801726e8  CP15ICacheFlushBuff                  
8017273c  CP15Ttb0Set                          
80172748  CP15TlbInvalidate                    
80172754  CP15MMUDisable                       
8017276c  CP15MMUEnable                        
80172780  CP15VectorBaseAddrSet                
8017278c  CP15BranchPredictorInvalidate        
80172798  CP15BranchPredictionEnable           
801727a8  CP15BranchPredictionDisable          
801727b8  CP15DomainAccessClientSet            
801727c8  CP15ControlFeatureDisable            
801727dc  CP15ControlFeatureEnable             
801727f0  CP15TtbCtlTtb0Config                 
80172800  CP15AuxControlFeatureEnable          
80172814  CP15AuxControlFeatureDisable         
80172828  CP15MainIdPrimPartNumGet             
80172840  disk_initialize                      
801729c4  disk_status                          
801729f0  disk_read                            
80172ac4  disk_write                           
80172bd0  disk_ioctl                           
80172cac  I2CPinMuxSetup                       
80172d08  I2C1ModuleClkConfig                  
80172e70  I2C0ModuleClkConfig                  
801730c8  IntRegister                          
801730ec  IntUnRegister                        
8017310c  IntAINTCInit                         
8017317c  IntPrioritySet                       
801731b4  IntSystemEnable                      
801731e8  IntSystemDisable                     
8017321c  IntIfClkFreeRunSet                   
80173230  IntIfClkAutoGateSet                  
80173244  IntActiveIrqNumGet                   
80173254  IntSpurIrqFlagGet                    
80173268  IntProtectionEnable                  
80173278  IntProtectionDisable                 
8017328c  IntSyncClkFreeRunSet                 
801732a0  IntSyncClkAutoGateSet                
801732b4  IntFuncClkFreeRunSet                 
801732c8  IntFuncClkAutoGateSet                
801732dc  IntCurrIrqPriorityGet                
801732ec  IntPriorityThresholdGet              
801732fc  IntPriorityThresholdSet              
8017331c  IntRawStatusGet                      
8017335c  IntSoftwareIntSet                    
8017338c  IntSoftwareIntClear                  
801733bc  IntPendingIrqMaskedStatusGet         
801733f8  IntMasterIRQEnable                   
80173404  IntMasterIRQDisable                  
80173410  IntMasterFIQEnable                   
8017341c  IntMasterFIQDisable                  
80173428  IntMasterStatusGet                   
80173434  IntDisable                           
8017344c  IntEnable                            
801734a8  McSPIPinMuxSetup                     
8017352c  McSPI0CSPinMuxSetup                  
80173598  McSPI0ModuleClkConfig                
801736f4  McSPI1ModuleClkConfig                
80173888  main                                 
80173bd8  Init_RTC                             
80173c48  RTC_InterruptConfigure               
80173c74  RTC_SetFlag                          
80173c84  RTC_ClearFlag                        
80173c94  RTC_GetFlag                          
80173ca0  RTC_SetTimeDate                      
80173d84  RTC_GetTimeDate                      
80173e60  RTC_ModuleClkConfig                  
80173f14  Init_WAV                             
80173f6c  WAV_CalculateHeader                  
801741fc  TSCADCModuleClkConfig                
80174404  TSCADCPinMuxSetUp                    
801744d8  Init_LED                             
801744e4  LED_Show                             
801747a0  Init_USB_Device                      
801747b0  Init_USB0                            
801747cc  USB_GetMSCDevice_EMMC_or_SD          
801747d8  USB_SetMSCDevice_EMMC_or_SD          
801747f4  USB_InterruptConfigure0              
80174844  USB_InterruptEnable0                 
80174870  USB_DMSCEventCallback0               
801748e4  USB_SetMSCState0                     
80174900  USB_GetMSCState0                     
8017490c  USB_SetUSBStatus0                    
80174938  USB_GetUSBStatus0                    
80174944  USB_SetUSBStatusFlag0                
80174954  USB_ClearUSBStatusFlag0              
80174964  USB_GetUSBStatusFlag0                
80174970  USB_SetUSBMSCFlag0                   
80174980  USB_ClearUSBMSCFlag0                 
80174990  USB_GetUSBMSCFlag0                   
8017499c  USBDMSCEventCallback                 
80174a60  __aeabi_uldivmod                     
80174d18  Init_ADC                             
80174ecc  ADC_ConfigureInterrupt               
80174ef8  ADC_ReadChannels                     
80174f74  ADC_SetFinishedFlag                  
80174f84  ADC_ClearFinishedFlag                
80174f94  ADC_GetFinishedFlag                  
80174fb4  Init_I2C                             
80174fc0  Init_I2C_Module0                     
80174ffc  I2C_InterruptConfigure0              
80175028  I2C_SendReceiveData0                 
801751e8  I2C_SetFailFlag0                     
801751f8  I2C_ClearFailFlag0                   
80175208  I2C_GetFailFlag0                     
80175244  RtcVersionGet                        
8017524c  RTCModuleClkConfig                   
801754b8  Init_Timers                          
801754cc  Init_Timer2                          
80175544  Init_Timer3                          
801755b0  TMR_CalculateReload                  
80175604  TMR_InterruptConfigure2              
80175630  TMR_InterruptConfigure3              
8017565c  TMR_GetNewScreenTagTimerEnabled      
80175668  TMR_SetNewScreenTagTimerEnabled      
801756a0  TMR_ResetNewScreenTagTimer           
801756b0  TMR_ResetAudioPlaybackTimer          
801756c0  TMR_ResetBacklightTimer              
801756d0  TMR_SetMISCTimerFlag                 
801756e0  TMR_ClearMISCTimerFlag               
801756f0  TMR_GetMISCTimerFlag                 
8017572c  CPLDI2CRead                          
80175888  CPLDI2CSetup                         
801758ec  EVMProfileGet                        
8017594c  Init_Test                            
8017599c  TEST_Setpoint1                       
801759d8  TEST_Setpoint2                       
80175a14  TEST_Setpoint3                       
80175a50  TEST_Togglepoint1                    
80175aa0  TEST_Togglepoint2                    
80175af0  TEST_Togglepoint3                    
80175b50  InitCMD                              
80175b60  CMD_CheckMatch                       
80175ccc  CMD_Help                             
80175cdc  CMD_SetNewCommand                    
80175cec  CMD_ClearNewCommand                  
80175cfc  CMD_GetNewCommand                    
80175d28  Init_EEPROM                          
80175d40  EEPROM_ReadAddress                   
80175d9c  EEPROM_WriteAddress                  
80175e04  EEPROM_ReadBuffer                    
80175e7c  EEPROM_WriteBuffer                   
80175efc  Init_PMIC                            
8017601c  PMIC_ReadRegister                    
8017606c  PMIC_WriteRegister                   
801760cc  Init_Modules                         
80176274  _Dscale                              
8017641c  GPIO1Pin23PinMuxSetup                
8017642c  GPIO0ModuleClkConfig                 
801764e4  GPIO1ModuleClkConfig                 
8017654c  GPIO1PinMuxSetup                     
8017656c  GpioPinMuxSetup                      
801765bc  __aeabi_memcpy                       
801765bc  __aeabi_memcpy4                      
801765bc  __aeabi_memcpy8                      
801765bc  memcpy                               
8017673c  _Dnorm                               
8017689c  InternalUSBTickInit                  
80176910  InternalUSBRegisterTickHandler       
80176948  InternalUSBStartOfFrameTick          
801769e0  Init_Power                           
801769ec  PWR_ReadVoltages                     
80176b1c  __aeabi_idiv                         
80176b1c  __aeabi_idivmod                      
80176c4c  SVC_Handler                          
80176c74  IRQHandler                           
80176d20  FIQHandler                           
80176d24  AbortHandler                         
80176d24  UndefInstHandler                     
80176d3c  USB0DeviceIntHandler                 
80176db4  USB1DeviceIntHandler                 
80176e34  __aeabi_uidiv                        
80176e34  __aeabi_uidivmod                     
80176f24  SysDelayTimerSetup                   
80176f3c  Sysdelay                             
80176f9c  SysStartTimer                        
80176fc8  SysStopTimer                         
80176fd8  SysIsTimerElapsed                    
80177014  MMU_ConfigAndEnable                  
801770e8  _Dunscale                            
801771a0  __aeabi_memclr                       
801771a0  __aeabi_memclr4                      
801771a0  __aeabi_memclr8                      
801771a4  __aeabi_memset                       
801771a4  __aeabi_memset4                      
801771a4  __aeabi_memset8                      
801771b0  memset                               
80177250  sprintf                              
801772f8  __TI_auto_init                       
8017739c  HSMMCSDPinMuxSetup                   
801773f4  HSMMCSDModuleClkConfig               
8017743c  atoi                                 
801774c0  copy_in                              
80177544  start_boot                           
801775c8  ltoa                                 
80177648  ldexp                                
801776b0  signal                               
80177714  CPUSwitchToPrivilegedMode            
8017771c  CPUSwitchToUserMode                  
80177730  CPUAbortHandler                      
80177734  CPUirqd                              
80177744  CPUirqe                              
80177754  CPUfiqd                              
80177764  CPUfiqe                              
80177774  feraiseexcept                        
801777cc  DelayTimerSetup                      
801777d8  delay                                
801777ec  StartTimer                           
80177800  StopTimer                            
8017780c  IsTimerElapsed                       
80177818  raise                                
80177864  _Dclass                              
801778ac  _Feraise                             
801778f0  memcmp                               
80177924  frexp                                
80177954  memccpy                              
80177980  strchr                               
801779a8  _register_unlock                     
801779b4  _register_lock                       
801779c0  _nop                                 
801779cc  __aeabi_llsr                         
801779f0  strlen                               
80177a0c  CPUIntStatus                         
80177a18  __aeabi_idiv0                        
80177b88  WAV_PostComplete                     
8017b844  Screens                              
8017bdf4  _Errno                               
8017bdf8  _Denorm                              
8017be08  _Eps                                 
8017be18  _Hugeval                             
8017be28  _Inf                                 
8017be38  _Nan                                 
8017be48  _Snan                                
8017be58  _Rteps                               
8017be68  _Xbig                                
8017be70  _Zero                                
8017be78  WAV_Files                            
8017bf2b  NumCommand                           
8017bf2c  g_sMSCDeviceInfo                     
8017bfa4  intStatus                            
8017bfa8  g_bytesRead                          
8017bfac  g_bytesWritten                       
8017bfbe  gDMAflag                             
8017bfcc  g_psMSCSections                      
8017bfd6  RAM_CMD_Offset                       
8017bfd8  FT_DispWidth                         
8017bfda  FT_DispHeight                        
8017bfdc  FT_DispHCycle                        
8017bfde  FT_DispHOffset                       
8017bfe0  FT_DispHSync0                        
8017bfe2  FT_DispHSync1                        
8017bfe4  FT_DispVCycle                        
8017bfe6  FT_DispVOffset                       
8017bfe8  FT_DispVSync0                        
8017bfea  FT_DispVSync1                        
8017bfec  FT_DispPCLK                          
8017bfee  FT_DispSwizzle                       
8017bff0  FT_DispPCLKPol                       
8017bff2  FT_DispCSpread                       
8017bff4  FT_DispDither                        
8017bff6  BackLightSetting                     
8017bff7  CurrentSystemSettings                
8017c01c  AudioBytesTransferred                
8017c020  AUD_AudioTimeoutCount                
8017c024  LastWritePointerAddress              
8017c02c  TMR_NewScreenTagTimer                
8017c030  TMR_AudioPlaybackTimer               
8017c034  TMR_BacklightTimer                   
8017c03a  DefaultTimeDate                      
8017c044  UART_RX_place                        
8017c048  UART_TX_add                          
8017c04c  UART_TX_remove                       
8017c053  USBChangeStatusFlag0                 
8017c054  USBMSCFlag0                          
8017c058  g_bufferIndex                        
8017c05c  g_bUSBTimerInitialized               
8017c060  g_ulCurrentUSBTick                   
8017c064  g_ulUSBSOFCount                      
8017c068  g_ulMSCInstance                      
8017c070  _lock                                
8017c074  _unlock                              
8017c078  _Fenv                                
8017c07c  _Tls_setup__Fenv                     
80200000  USBDCDInit                           
802002e4  USBDCDTerm                           
80200400  USBDCDRequestDataEP0                 
80200478  USBDCDSendDataEP0                    
802004dc  USBDCDSetDefaultConfiguration        
80200508  USBDCDStallEP0                       
8020054c  USBDCDPowerStatusSet                 
802005b4  USBDCDRemoteWakeupRequest            
80200650  USBDeviceResumeTickHandler           
80200874  USBDeviceEnumHandler                 
80200aec  USBDeviceEnumResetHandler            
80201fac  USBDeviceIntHandlerInternal          
80202318  USBHostSuspend                       
8020233c  USBHostReset                         
80202388  USBHostResume                        
802023d4  USBHostSpeedGet                      
80202430  USBIntStatus                         
802024e0  USBIntDisable                        
8020259c  USBIntEnable                         
80202658  USBIntDisableControl                 
802026c4  USBIntEnableControl                  
8020272c  USBIntStatusControl                  
802027b0  USBIntDisableEndpoint                
802027fc  USBIntEnableEndpoint                 
80202848  USBIntStatusEndpoint                 
8020287c  USBIntRegister                       
802028a0  USBIntUnregister                     
802028b0  USBEndpointStatus                    
80202900  USBHostEndpointStatusClear           
8020298c  USBDevEndpointStatusClear            
80202a70  USBHostEndpointDataToggle            
80202b78  USBEndpointDataToggleClear           
80202be0  USBDevEndpointStall                  
80202c70  USBDevEndpointStallClear             
80202d40  USBDevConnect                        
80202d64  USBDevDisconnect                     
80202d88  USBDevAddrSet                        
80202da8  USBDevAddrGet                        
80202dc0  USBHostEndpointConfig                
80203028  USBDevEndpointConfigSet              
802031a8  USBDevEndpointConfigGet              
80203358  USBFIFOConfigSet                     
80203410  USBFIFOConfigGet                     
802034c8  USBEndpointDMAEnable                 
80203530  USBEndpointDMADisable                
80203598  USBEndpointDataAvail                 
80203604  USBEndpointDataGet                   
80203710  USBDevEndpointDataAck                
8020377c  USBHostEndpointDataAck               
802037d8  USBEndpointDataPut                   
80203888  USBEndpointDataSend                  
80203900  USBFIFOFlush                         
802039c4  USBHostRequestIN                     
80203a10  USBHostRequestINClear                
80203a64  USBHostAutoReqSet                    
80203ab8  USBHostAutoReqClear                  
80203b0c  USBRxChAbort                         
80203c0c  USBDmaTxChDisable                    
80203c64  USBDmaTxChTeardown                   
80203cfc  USBHostTxFifoFlush                   
80203de0  USBHostRequestStatus                 
80203dfc  USBHostAddrSet                       
80203e50  USBHostAddrGet                       
80203e98  USBHostHubAddrSet                    
80203eec  USBHostHubAddrGet                    
80203f34  USBHostPwrConfig                     
80203f80  USBHostPwrFaultEnable                
80203fa4  USBHostPwrFaultDisable               
80203fc8  USBHostPwrEnable                     
80203fec  USBHostPwrDisable                    
80204010  USBFrameNumberGet                    
80204028  USBOTGSessionRequest                 
80204074  USBFIFOAddrGet                       
80204098  USBModeGet                           
802040b4  USBEndpointDMAChannel                
8020411c  USBEnableOtgIntr                     
80204154  USBReset                             
80204198  USBClearOtgIntr                      
802041c4  USBDMSCMediaChange                   
802047e0  USBDMSCInit                          
80204814  USBDMSCCompositeInit                 
80204b24  USBDMSCTerm                          
802057c0  USBDSCSICommand                      
80205c70  USBDeviceConfig                      
80206110  USBDeviceConfigAlternate             
8020645c  USBDCDConfigDescGetSize              
802064c4  USBDCDConfigDescGetNum               
80206550  USBDCDConfigDescGet                  
80206650  USBDCDConfigGetNumAlternateInterfaces
802066ec  USBDCDConfigGetInterface             
80206744  USBDCDConfigGetInterfaceEndpoint     
80206818  USBDescGetNum                        
802068c4  USBDescGet                           
8020698c  USBDescGetNumAlternateInterfaces     
80206ae8  USBDescGetInterface                  
80206b34  USBDescGetInterfaceEndpoint          
80206b78  MMUInit                              
80206bd8  MMUMemRegionMap                      
80206cc8  MMUEnable                            
80206ce4  CacheDisable                         
80206d28  CacheEnable                          
80206d74  CacheInstInvalidateAll               
80206d80  CacheInstInvalidateBuff              
80206d9c  CacheDataCleanInvalidateAll          
80206da8  CacheDataCleanAll                    
80206db4  CacheDataInvalidateAll               
80206dc0  CacheDataCleanBuff                   
80206ddc  CacheDataInvalidateBuff              
80206df8  CacheDataCleanInvalidateBuff         
80206e14  USBDMSCStorageOpen                   
80206e34  USBDMSCStorageClose                  
80206e50  USBDMSCStorageRead                   
80206f08  USBDMSCStorageWrite                  
80206fc0  USBDMSCStorageNumBlocks              
80207070  USBVersionGet                        
80207078  USB0ModuleClkConfig                  
802070c0  USBEnableInt                         
802070e8  USBClearInt                          
802070f8  USBModuleClkEnable                   
8020710c  USBModuleClkDisable                  
80207134  UsbPhyOn                             
8020719c  UsbPhyOff                            
ffffffff  __binit__                            
ffffffff  __c_args__                           
ffffffff  binit                                
UNDEFED   SHT$$INIT_ARRAY$$Base                
UNDEFED   SHT$$INIT_ARRAY$$Limit               
UNDEFED   __TI_CINIT_Base                      
UNDEFED   __TI_CINIT_Limit                     
UNDEFED   __TI_Handler_Table_Base              
UNDEFED   __TI_Handler_Table_Limit             

[1177 symbols]
