******************************************************************************
                  TI ARM Linker PC v5.2.5                      
******************************************************************************
>> Linked Tue Dec 06 14:54:49 2016

OUTPUT FILE NAME:   <BeagleBone_Smart_Controler.out>
ENTRY POINT SYMBOL: "Entry"  address: 80000000


MEMORY CONFIGURATION

         name            origin    length      used     unused   attr    fill
----------------------  --------  ---------  --------  --------  ----  --------
  SRAM_MEM              402f0400   0000fbff  00000000  0000fbff  RWIX
  L3_SRAM_MEM           40300000   0000ffff  00000000  0000ffff  RWIX
  DDR_MEM               80000000   00200000  0017867e  00087982  RWIX
  DDR_MEM_CACHE         80200000   1fdfffff  000078b0  1fdf874f  RWIX


SEGMENT ALLOCATION MAP

run origin  load origin   length   init length attrs members
----------  ----------- ---------- ----------- ----- -------
80000000    80000000    000000c8   000000c8    r-x
  80000000    80000000    000000c8   000000c8    r-x .text:Entry
80004000    80004000    00110405   00000000    rw-
  80004000    80004000    00110405   00000000    rw- .bss
80114408    80114408    00063c9c   00063c9c    r-x
  80114408    80114408    00042d10   00042d10    r-- .const
  80157118    80157118    00020f8c   00020f8c    r-x .text
801780a8    801780a8    00004515   00004515    rw-
  801780a8    801780a8    00004515   00004515    rw- .data
80200000    80200000    000076b0   000076b0    r-x
  80200000    80200000    000076b0   000076b0    r-x Cache_Code
9ffff000    9ffff000    00000200   00000000    rw-
  9ffff000    9ffff000    00000200   00000000    rw- .stack


SECTION ALLOCATION MAP

 output                                  attributes/
section   page    origin      length       input sections
--------  ----  ----------  ----------   ----------------
.text:Entry 
*          0    80000000    000000c8     
                  80000000    000000c8     init.obj (.text:Entry)

.bss       0    80004000    00110405     UNINITIALIZED
                  80004000    00100000     USB_MSC_HOST.obj (.bss:FileDataBuffer)
                  80104000    00004000     EMMC.obj (.bss:EMMC_Buffer)
                  80108000    00004000     SD.obj (.bss:SD_Buffer)
                  8010c000    00004000     MEMORY.obj (.bss:pageTable)
                  80110000    00000ad0     usbhostenum.obj (.bss:g_sUSBHCD)
                  80110ad0    00000830     usb_msc_structs.obj (.bss:g_sMSCInstance)
                  80111300    000007d0     UART.obj (.bss:UART_RX_buffer)
                  80111ad0    000007d0     UART.obj (.bss:UART_TX_buffer)
                  801122a0    00000018     (.common:I2C_0_Buffers)
                  801122b8    00000008     (.common:SCR)
                  801122c0    00000400     EMMC.obj (.bss:FileDataBuffer)
                  801126c0    00000400     SD.obj (.bss:FileDataBuffer)
                  80112ac0    000003e8     MISC.obj (.bss:MISC_Buffer)
                  80112ea8    00000010     (.common:CID)
                  80112eb8    00000008     (.common:Size)
                  80112ec0    00000248     EMMC.obj (.bss:fileWrite)
                  80113108    00000030     usbdata.obj (.bss:g_USBInstance)
                  80113138    00000008     (.common:Size)
                  80113140    00000248     SD.obj (.bss:fileWrite)
                  80113388    00000024     fat_mmcsd.obj (.bss:fat_devices)
                  801133ac    00000010     (.common:CID)
                  801133bc    00000004     (.common:BlockLength)
                  801133c0    00000248     USB_MSC_HOST.obj (.bss:fileWrite)
                  80113608    00000010     (.common:CSD)
                  80113618    00000010     (.common:CSD)
                  80113628    00000010     (.common:EEPROM_Contents)
                  80113638    00000008     (.common:g_ulAlloc)
                  80113640    00000240     EMMC.obj (.bss:g_EMMC_FatFs)
                  80113880    00000240     SD.obj (.bss:g_SD_FatFs)
                  80113ac0    00000240     USB_MSC_HOST.obj (.bss:g_USB_HOST_FatFs)
                  80113d00    00000200     EMMC.obj (.bss:EXT_CSD)
                  80113f00    00000200     interrupt.obj (.bss:fnRAMVectors)
                  80114100    000000a8     usbdenum.obj (.bss:g_psUSBDevice)
                  801141a8    00000080     USB_MSC_HOST.obj (.bss:g_pHCDPool)
                  80114228    00000040     POWER.obj (.bss:Voltage)
                  80114268    00000040     usbhmsc.obj (.bss:g_USBHMSCDevice)
                  801142a8    00000040     usbdmsc.obj (.bss:g_pucCommand)
                  801142e8    00000040     usbdenum.obj (.bss:g_pucDataBufferIn)
                  80114328    00000010     (.common:response)
                  80114338    00000008     (.common:g_ulConnectRetry)
                  80114340    00000014     (.common:g_sDirObject)
                  80114354    00000010     (.common:response)
                  80114364    0000000c     (.common:Command_String)
                  80114370    0000000c     (.common:FatFs)
                  8011437c    0000000c     (.common:g_pfTickHandlers)
                  80114388    0000000c     (.common:g_pvTickInstance)
                  80114394    0000000a     (.common:CurrentTimeDate)
                  8011439e    00000002     (.common:fsid)
                  801143a0    00000004     (.common:BlockLength)
                  801143a4    00000004     (.common:BusWidth)
                  801143a8    00000004     (.common:BusWidth)
                  801143ac    00000004     (.common:BytesWritten)
                  801143b0    00000004     (.common:BytesWritten)
                  801143b4    00000004     (.common:BytesWritten)
                  801143b8    00000004     (.common:HighCap)
                  801143bc    00000004     (.common:HighCap)
                  801143c0    00000004     (.common:NumberBlocks)
                  801143c4    00000004     (.common:NumberBlocks)
                  801143c8    00000004     (.common:OCR)
                  801143cc    00000004     (.common:OCR)
                  801143d0    00000004     (.common:RCA)
                  801143d4    00000004     (.common:RCA)
                  801143d8    00000004     (.common:SD_Version)
                  801143dc    00000004     (.common:TransSpeed)
                  801143e0    00000004     (.common:TransSpeed)
                  801143e4    00000004     (.common:dummy)
                  801143e8    00000004     (.common:g_sDriveInformation)
                  801143ec    00000004     (.common:g_ulFlags)
                  801143f0    00000004     (.common:p_CurrentScreen)
                  801143f4    00000004     (.common:p_CurrentWAVFile)
                  801143f8    00000004     (.common:p_PreviousScreen)
                  801143fc    00000001     (.common:CurrentScreen)
                  801143fd    00000001     (.common:PreviousPreviousScreen)
                  801143fe    00000001     (.common:PreviousScreen)
                  801143ff    00000001     (.common:Result)
                  80114400    00000001     (.common:Result)
                  80114401    00000001     (.common:Result)
                  80114402    00000001     (.common:g_eMSCState)
                  80114403    00000001     (.common:g_eState)
                  80114404    00000001     (.common:g_eUIState)

.TI.noinit 
*          0    80004000    00000000     UNINITIALIZED

.const     0    80114408    00042d10     
                  80114408    0003fc00     BITMAP_CHARLIE_BEACH.obj (.const:.string:BITMAP_CharlieBeach)
                  80154008    00002bc0     BITMAP_TV_REMOTE.obj (.const:.string:BITMAP_TVRemote)
                  80156bc8    00000101     rtsv7A8_A_le_v3_eabi.lib : ctype.obj (.const:.string:_ctypes_)
                  80156cc9    000000cc     BITMAP_SD_CARD_SYMBOL.obj (.const:.string:BITMAP_SD_Card_Symbol)
                  80156d95    00000001     --HOLE-- [fill = 0]
                  80156d96    00000078     usbdenum.obj (.const:g_sUSBDefaultFIFOConfig)
                  80156e0e    00000002     --HOLE-- [fill = 0]
                  80156e10    00000070     MEMORY.obj (.const)
                  80156e80    00000058     BITMAP_USB_SYMBOL.obj (.const:.string:BITMAP_USB_Symbol)
                  80156ed8    00000048     usb_msc_structs.obj (.const:g_sMSCDevice)
                  80156f20    00000038     startup.obj (.const:vecTbl)
                  80156f58    00000034     usbdenum.obj (.const:g_psUSBDStdRequests)
                  80156f8c    00000030     usb_msc_structs.obj (.const:.string:g_pConfigString)
                  80156fbc    00000029     usbdmsc.obj (.const:.string)
                  80156fe5    00000028     usb_msc_structs.obj (.const:.string:g_pDataInterfaceString)
                  8015700d    00000028     usb_msc_structs.obj (.const:.string:g_pProductString)
                  80157035    00000024     usb_msc_structs.obj (.const:.string:g_pManufacturerString)
                  80157059    00000003     --HOLE-- [fill = 0]
                  8015705c    0000001d     usbdmsc.obj (.const)
                  80157079    00000003     --HOLE-- [fill = 0]
                  8015707c    00000018     USB_MSC_HOST.obj (.const)
                  80157094    00000018     usb_msc_structs.obj (.const)
                  801570ac    00000016     usb_msc_structs.obj (.const:.string)
                  801570c2    00000002     --HOLE-- [fill = 0]
                  801570c4    00000010     CMD.obj (.const)
                  801570d4    00000010     usbhmsc.obj (.const)
                  801570e4    0000000c     BITMAP_CHARLIE_BEACH.obj (.const)
                  801570f0    0000000c     BITMAP_SD_CARD_SYMBOL.obj (.const)
                  801570fc    0000000c     BITMAP_TV_REMOTE.obj (.const)
                  80157108    0000000c     BITMAP_USB_SYMBOL.obj (.const)
                  80157114    00000004     startup.obj (.const)

.text      0    80157118    00020f8c     
                  80157118    00004bd8     usbhostenum.obj (.text)
                  8015bcf0    00003628     ff.obj (.text)
                  8015f318    00002a68     LCD.obj (.text)
                  80161d80    00001d10     uart_irda_cir.obj (.text)
                  80163a90    000018d0     rtsv7A8_A_le_v3_eabi.lib : _printfi.obj (.text)
                  80165360    00001580     rtc.obj (.text)
                  801668e0    000013f4     SD.obj (.text)
                  80167cd4    000012bc     EMMC.obj (.text)
                  80168f90    000011d8     tsc_adc.obj (.text)
                  8016a168    00000e38     GUI.obj (.text)
                  8016afa0    00000be4     mcspi.obj (.text)
                  8016bb84    00000b50     gpio_v2.obj (.text)
                  8016c6d4    00000ad0     hsi2c.obj (.text)
                  8016d1a4    000009f0     hs_mmcsd.obj (.text)
                  8016db94    000008c0     MISC.obj (.text)
                  8016e454    00000798     FRAM.obj (.text)
                  8016ebec    00000784     usbhmsc.obj (.text)
                  8016f370    00000780     dmtimer_driver.obj (.text)
                  8016faf0    000006b0     usbhscsi.obj (.text)
                  801701a0    0000069c     dmtimer.obj (.text)
                  8017083c    00000634     AUDIO.obj (.text)
                  80170e70    000005e0     INTERRUPTS.obj (.text)
                  80171450    0000051c     USB_MSC_HOST.obj (.text)
                  8017196c    00000510     SPI.obj (.text)
                  80171e7c    000004a0     UART.obj (.text)
                  8017231c    00000498     GPIO.obj (.text)
                  801727b4    00000488     cp15.obj (.text)
                  80172c3c    0000046c     fat_mmcsd.obj (.text)
                  801730a8    00000418     hsi2c.obj (.text)
                  801734c0    00000418     WAV.obj (.text)
                  801738d8    000003e4     interrupt.obj (.text)
                  80173cbc    000003e0     mcspi.obj (.text)
                  8017409c    00000350     main.obj (.text)
                  801743ec    0000033c     RTCC.obj (.text)
                  80174728    000002dc     tscAdc.obj (.text)
                  80174a04    000002c8     LEDS.obj (.text)
                  80174ccc    000002bc     USB_MSC_DEVICE.obj (.text)
                  80174f88    000002b8     rtsv7A8_A_le_v3_eabi.lib : ull_div32.obj (.text)
                  80175240    0000029c     ADC.obj (.text)
                  801754dc    00000290     I2C.obj (.text)
                  8017576c    00000274     rtc.obj (.text)
                  801759e0    00000274     TIMERS.obj (.text)
                  80175c54    00000220     cpld.obj (.text)
                  80175e74    00000204     TEST.obj (.text)
                  80176078    000001d8     CMD.obj (.text)
                  80176250    000001d4     EEPROM.obj (.text)
                  80176424    000001d0     PMIC.obj (.text)
                  801765f4    000001a8     SYSTEM.obj (.text)
                  8017679c    000001a8     rtsv7A8_A_le_v3_eabi.lib : xdscale.obj (.text)
                  80176944    000001a0     gpio.obj (.text)
                  80176ae4    00000180     rtsv7A8_A_le_v3_eabi.lib : memcpy32.obj (.text)
                  80176c64    00000160                              : xdnorm.obj (.text)
                  80176dc4    00000144     usbtick.obj (.text)
                  80176f08    0000013c     POWER.obj (.text)
                  80177044    00000114     rtsv7A8_A_le_v3_eabi.lib : i_div32.obj (.text)
                  80177158    0000010c     exceptionhandler.obj (.text)
                  80177264    000000f8     usbdhandler.obj (.text)
                  8017735c    000000f0     rtsv7A8_A_le_v3_eabi.lib : u_div32.obj (.text)
                  8017744c    000000f0     sysdelay.obj (.text)
                  8017753c    000000d4     MEMORY.obj (.text)
                  80177610    000000b8     rtsv7A8_A_le_v3_eabi.lib : xdunscal.obj (.text)
                  801776c8    000000b0                              : memset32.obj (.text)
                  80177778    000000a8                              : sprintf.obj (.text)
                  80177820    000000a4                              : autoinit.obj (.text)
                  801778c4    000000a0     hs_mmcsd.obj (.text)
                  80177964    00000084     rtsv7A8_A_le_v3_eabi.lib : atoi.obj (.text)
                  801779e8    00000084                              : cpy_tbl.obj (.text)
                  80177a6c    00000084     startup.obj (.text)
                  80177af0    00000080     rtsv7A8_A_le_v3_eabi.lib : ltoa.obj (.text)
                  80177b70    00000068                              : ldexp.obj (.text)
                  80177bd8    00000064                              : signal.obj (.text)
                  80177c3c    00000060     cpu.obj (.text)
                  80177c9c    00000058     rtsv7A8_A_le_v3_eabi.lib : feraiseexcept.obj (.text)
                  80177cf4    0000004c     delay.obj (.text)
                  80177d40    0000004c     rtsv7A8_A_le_v3_eabi.lib : raise.obj (.text)
                  80177d8c    00000048                              : xdclass.obj (.text)
                  80177dd4    00000044                              : xferaise.obj (.text)
                  80177e18    00000034                              : memcmp.obj (.text)
                  80177e4c    00000030                              : frexp.obj (.text)
                  80177e7c    0000002c                              : memccpy.obj (.text)
                  80177ea8    00000028                              : strchr.obj (.text)
                  80177ed0    00000024                              : _lock.obj (.text)
                  80177ef4    00000024                              : ll_lsr32.obj (.text)
                  80177f18    0000001c                              : strlen.obj (.text)
                  80177f34    0000000c     cpu.obj (.text:CPUIntStatus)
                  80177f40    00000004     rtsv7A8_A_le_v3_eabi.lib : i_div0.obj (.text)
                  80177f44    00000008     mmu.obj (.tramp.MMUEnable.1)
                  80177f4c    00000008     mmu.obj (.tramp.MMUMemRegionMap.1)
                  80177f54    00000008     mmu.obj (.tramp.MMUInit.1)
                  80177f5c    00000008     usbdmsc.obj (.tramp.USBDMSCInit.1)
                  80177f64    00000008     cache.obj (.tramp.CacheEnable.1)
                  80177f6c    00000008     usb.obj (.tramp.USB0ModuleClkConfig.1)
                  80177f74    00000008     usbdenum.obj (.tramp.USBDeviceIntHandlerInternal.1)
                  80177f7c    00000008     usbdesc.obj (.tramp.USBDescGetInterfaceEndpoint.1)
                  80177f84    00000008     usb_driver.obj (.tramp.USBHostSpeedGet.1)
                  80177f8c    00000008     usb_driver.obj (.tramp.USBHostAutoReqSet.1)
                  80177f94    00000008     usb_driver.obj (.tramp.USBHostRequestINClear.1)
                  80177f9c    00000008     usb_driver.obj (.tramp.USBHostAutoReqClear.1)
                  80177fa4    00000008     usb_driver.obj (.tramp.USBDevEndpointDataAck.1)
                  80177fac    00000008     usb_driver.obj (.tramp.USBHostRequestStatus.1)
                  80177fb4    00000008     usbphyGS70.obj (.tramp.UsbPhyOff.1)
                  80177fbc    00000008     usbdesc.obj (.tramp.USBDescGetInterface.1)
                  80177fc4    00000008     usb_driver.obj (.tramp.USBFIFOFlush.1)
                  80177fcc    00000008     usb_driver.obj (.tramp.USBHostEndpointStatusClear.1)
                  80177fd4    00000008     usb_driver.obj (.tramp.USBIntStatusControl.1)
                  80177fdc    00000008     usb_driver.obj (.tramp.USBEndpointDataToggleClear.1)
                  80177fe4    00000008     usb_driver.obj (.tramp.USBHostResume.1)
                  80177fec    00000008     usb_driver.obj (.tramp.USBHostSuspend.1)
                  80177ff4    00000008     usb_driver.obj (.tramp.USBHostReset.1)
                  80177ffc    00000008     usb_driver.obj (.tramp.USBIntDisableEndpoint.1)
                  80178004    00000008     usb_driver.obj (.tramp.USBIntDisableControl.1)
                  8017800c    00000008     usb_driver.obj (.tramp.USBHostPwrDisable.1)
                  80178014    00000008     usbphyGS70.obj (.tramp.UsbPhyOn.1)
                  8017801c    00000008     usb_driver.obj (.tramp.USBReset.1)
                  80178024    00000008     usb.obj (.tramp.USBModuleClkEnable.1)
                  8017802c    00000008     usb_driver.obj (.tramp.USBHostPwrEnable.1)
                  80178034    00000008     usb_driver.obj (.tramp.USBHostPwrConfig.1)
                  8017803c    00000008     usb_driver.obj (.tramp.USBOTGSessionRequest.1)
                  80178044    00000008     usb_driver.obj (.tramp.USBIntEnableEndpoint.1)
                  8017804c    00000008     usb_driver.obj (.tramp.USBIntEnableControl.1)
                  80178054    00000008     usb_driver.obj (.tramp.USBEnableOtgIntr.1)
                  8017805c    00000008     usb_driver.obj (.tramp.USBHostEndpointDataAck.1)
                  80178064    00000008     usb_driver.obj (.tramp.USBEndpointDataGet.1)
                  8017806c    00000008     usb_driver.obj (.tramp.USBHostRequestIN.1)
                  80178074    00000008     usb_driver.obj (.tramp.USBEndpointStatus.1)
                  8017807c    00000008     usb_driver.obj (.tramp.USBEndpointDataSend.1)
                  80178084    00000008     usb_driver.obj (.tramp.USBEndpointDataPut.1)
                  8017808c    00000008     usb_driver.obj (.tramp.USBHostEndpointConfig.1)
                  80178094    00000008     usb_driver.obj (.tramp.USBHostAddrSet.1)
                  8017809c    00000008     usb_driver.obj (.tramp.USBFIFOConfigSet.1)

.data      0    801780a8    00004515     
                  801780a8    00003cbc     WAV_POST_COMPLETE.obj (.data:WAV_PostComplete)
                  8017bd64    00000500     GUI.obj (.data:Screens)
                  8017c264    000000b0     rtsv7A8_A_le_v3_eabi.lib : signal.obj (.data:sigtable)
                  8017c314    00000004                              : errno.obj (.data)
                  8017c318    00000080                              : xvalues.obj (.data)
                  8017c398    00000062     WAV.obj (.data:WAV_Files)
                  8017c3fa    00000050     USB_MSC_HOST.obj (.data:g_cCwdBuf)
                  8017c44a    00000002     CMD.obj (.data)
                  8017c44c    00000048     usbdmsc.obj (.data:g_sMSCDeviceInfo)
                  8017c494    00000030     usbhostenum.obj (.data:g_sUSBHEP0State)
                  8017c4c4    00000030     usbdmsc.obj (.data)
                  8017c4f4    00000023     LCD.obj (.data)
                  8017c517    0000001f     FRAM.obj (.data)
                  8017c536    00000002     EMMC.obj (.data)
                  8017c538    00000010     AUDIO.obj (.data)
                  8017c548    00000010     TIMERS.obj (.data)
                  8017c558    0000000c     RTCC.obj (.data)
                  8017c564    0000000c     UART.obj (.data)
                  8017c570    0000000c     USB_MSC_DEVICE.obj (.data)
                  8017c57c    0000000c     usbtick.obj (.data)
                  8017c588    00000008     USB_MSC_HOST.obj (.data)
                  8017c590    00000008     rtsv7A8_A_le_v3_eabi.lib : _lock.obj (.data)
                  8017c598    00000008                              : feraiseexcept.obj (.data)
                  8017c5a0    00000008     usbdenum.obj (.data)
                  8017c5a8    00000008     usbhostenum.obj (.data)
                  8017c5b0    00000004     sysdelay.obj (.data)
                  8017c5b4    00000003     GUI.obj (.data)
                  8017c5b7    00000003     SD.obj (.data)
                  8017c5ba    00000001     ADC.obj (.data)
                  8017c5bb    00000001     I2C.obj (.data)
                  8017c5bc    00000001     fat_mmcsd.obj (.data)

.TI.persistent 
*          0    801780a8    00000000     UNINITIALIZED

Cache_Code 
*          0    80200000    000076b0     
                  80200000    00002404     usbdenum.obj (.text)
                  80202404    00001f90     usb_driver.obj (.text)
                  80204394    00001b64     usbdmsc.obj (.text)
                  80205ef8    00000860     usbdconfig.obj (.text)
                  80206758    00000544     usbdcdesc.obj (.text)
                  80206c9c    00000390     usbdesc.obj (.text)
                  8020702c    0000016c     mmu.obj (.text)
                  80207198    00000130     cache.obj (.text)
                  802072c8    0000025c     usbdmscglue.obj (.text)
                  80207524    000000c4     usb.obj (.text)
                  802075e8    000000c8     usbphyGS70.obj (.text)

.stack     0    9ffff000    00000200     UNINITIALIZED
                  9ffff000    00000200     --HOLE--


FAR CALL TRAMPOLINES

callee name               trampoline name
   callee addr  tramp addr   call addr  call info
--------------  -----------  ---------  ----------------
MMUEnable                 $Tramp$AA$S$$MMUEnable
   8020717c     80177f44     801775f0   MEMORY.obj (.text)
MMUMemRegionMap           $Tramp$AA$S$$MMUMemRegionMap
   8020708c     80177f4c     801775d0   MEMORY.obj (.text)
                             801775d8   MEMORY.obj (.text)
                             801775e0   MEMORY.obj (.text)
                             801775e8   MEMORY.obj (.text)
MMUInit                   $Tramp$AA$S$$MMUInit
   8020702c     80177f54     801775c8   MEMORY.obj (.text)
USBDMSCInit               $Tramp$AA$S$$USBDMSCInit
   80204a5c     80177f5c     80174ce8   USB_MSC_DEVICE.obj (.text)
CacheEnable               $Tramp$AA$S$$CacheEnable
   802071dc     80177f64     801740a8   main.obj (.text)
USB0ModuleClkConfig       $Tramp$AA$S$$USB0ModuleClkConfig
   8020752c     80177f6c     80171478   USB_MSC_HOST.obj (.text)
USBDeviceIntHandlerInternal  $Tramp$AA$S$$USBDeviceIntHandlerInternal
   80202178     80177f74     801713d4   INTERRUPTS.obj (.text)
                             801772c4   usbdhandler.obj (.text)
                             8017733c   usbdhandler.obj (.text)
USBDescGetInterfaceEndpoint  $Tramp$AA$S$$USBDescGetInterfaceEndpoint
   80206fe8     80177f7c     8016ec70   usbhmsc.obj (.text)
USBHostSpeedGet           $Tramp$AA$S$$USBHostSpeedGet
   802025a4     80177f84     8015bc94   usbhostenum.obj (.text)
USBHostAutoReqSet         $Tramp$AA$S$$USBHostAutoReqSet
   80203c34     80177f8c     8015bbfc   usbhostenum.obj (.text)
USBHostRequestINClear     $Tramp$AA$S$$USBHostRequestINClear
   80203be0     80177f94     8015bba0   usbhostenum.obj (.text)
USBHostAutoReqClear       $Tramp$AA$S$$USBHostAutoReqClear
   80203c88     80177f9c     8015bb78   usbhostenum.obj (.text)
USBDevEndpointDataAck     $Tramp$AA$S$$USBDevEndpointDataAck
   802038e0     80177fa4     8015b8a0   usbhostenum.obj (.text)
USBHostRequestStatus      $Tramp$AA$S$$USBHostRequestStatus
   80203fb0     80177fac     8015b714   usbhostenum.obj (.text)
UsbPhyOff                 $Tramp$AA$S$$UsbPhyOff
   80207650     80177fb4     8015b198   usbhostenum.obj (.text)
USBDescGetInterface       $Tramp$AA$S$$USBDescGetInterface
   80206f8c     80177fbc     8015a8a8   usbhostenum.obj (.text)
                             8016ec44   usbhmsc.obj (.text)
USBFIFOFlush              $Tramp$AA$S$$USBFIFOFlush
   80203ad0     80177fc4     8015a2c4   usbhostenum.obj (.text)
                             8015a4dc   usbhostenum.obj (.text)
                             8015b698   usbhostenum.obj (.text)
                             8015bb28   usbhostenum.obj (.text)
                             8015bb48   usbhostenum.obj (.text)
                             8015bbc0   usbhostenum.obj (.text)
                             8015bbe0   usbhostenum.obj (.text)
USBHostEndpointStatusClear  $Tramp$AA$S$$USBHostEndpointStatusClear
   80202ad0     80177fcc     8015a29c   usbhostenum.obj (.text)
                             8015a32c   usbhostenum.obj (.text)
                             8015a3b8   usbhostenum.obj (.text)
                             8015a4b4   usbhostenum.obj (.text)
                             8015a544   usbhostenum.obj (.text)
                             8015b678   usbhostenum.obj (.text)
                             8015b6e0   usbhostenum.obj (.text)
                             8015b7b8   usbhostenum.obj (.text)
USBIntStatusControl       $Tramp$AA$S$$USBIntStatusControl
   802028fc     80177fd4     80159fdc   usbhostenum.obj (.text)
USBEndpointDataToggleClear  $Tramp$AA$S$$USBEndpointDataToggleClear
   80202d48     80177fdc     80159bb8   usbhostenum.obj (.text)
                             80159be4   usbhostenum.obj (.text)
USBHostResume             $Tramp$AA$S$$USBHostResume
   80202558     80177fe4     80159708   usbhostenum.obj (.text)
                             8015972c   usbhostenum.obj (.text)
USBHostSuspend            $Tramp$AA$S$$USBHostSuspend
   802024e8     80177fec     801596e0   usbhostenum.obj (.text)
USBHostReset              $Tramp$AA$S$$USBHostReset
   8020250c     80177ff4     80159690   usbhostenum.obj (.text)
                             801596b4   usbhostenum.obj (.text)
USBIntDisableEndpoint     $Tramp$AA$S$$USBIntDisableEndpoint
   80202980     80177ffc     80159518   usbhostenum.obj (.text)
USBIntDisableControl      $Tramp$AA$S$$USBIntDisableControl
   80202828     80178004     801594fc   usbhostenum.obj (.text)
USBHostPwrDisable         $Tramp$AA$S$$USBHostPwrDisable
   802041bc     8017800c     801594c8   usbhostenum.obj (.text)
UsbPhyOn                  $Tramp$AA$S$$UsbPhyOn
   802075e8     80178014     80159368   usbhostenum.obj (.text)
USBReset                  $Tramp$AA$S$$USBReset
   80204324     8017801c     80159360   usbhostenum.obj (.text)
                             8015af20   usbhostenum.obj (.text)
                             8015b1b0   usbhostenum.obj (.text)
                             8015b264   usbhostenum.obj (.text)
USBModuleClkEnable        $Tramp$AA$S$$USBModuleClkEnable
   802075ac     80178024     80159348   usbhostenum.obj (.text)
USBHostPwrEnable          $Tramp$AA$S$$USBHostPwrEnable
   80204198     8017802c     8015910c   usbhostenum.obj (.text)
                             8015a090   usbhostenum.obj (.text)
                             8015a108   usbhostenum.obj (.text)
USBHostPwrConfig          $Tramp$AA$S$$USBHostPwrConfig
   80204104     80178034     801590d8   usbhostenum.obj (.text)
USBOTGSessionRequest      $Tramp$AA$S$$USBOTGSessionRequest
   802041f8     8017803c     80158fa8   usbhostenum.obj (.text)
                             801594b0   usbhostenum.obj (.text)
                             8015a0ac   usbhostenum.obj (.text)
USBIntEnableEndpoint      $Tramp$AA$S$$USBIntEnableEndpoint
   802029cc     80178044     80158f54   usbhostenum.obj (.text)
USBIntEnableControl       $Tramp$AA$S$$USBIntEnableControl
   80202894     8017804c     80158f38   usbhostenum.obj (.text)
USBEnableOtgIntr          $Tramp$AA$S$$USBEnableOtgIntr
   802042ec     80178054     80158f1c   usbhostenum.obj (.text)
USBHostEndpointDataAck    $Tramp$AA$S$$USBHostEndpointDataAck
   8020394c     8017805c     801583b8   usbhostenum.obj (.text)
                             80158764   usbhostenum.obj (.text)
USBEndpointDataGet        $Tramp$AA$S$$USBEndpointDataGet
   802037d4     80178064     8015839c   usbhostenum.obj (.text)
                             80158748   usbhostenum.obj (.text)
                             8015b83c   usbhostenum.obj (.text)
USBHostRequestIN          $Tramp$AA$S$$USBHostRequestIN
   80203b94     8017806c     80158338   usbhostenum.obj (.text)
                             801584bc   usbhostenum.obj (.text)
                             8015b758   usbhostenum.obj (.text)
                             8015b94c   usbhostenum.obj (.text)
USBEndpointStatus         $Tramp$AA$S$$USBEndpointStatus
   80202a80     80178074     80157f20   usbhostenum.obj (.text)
                             801585a8   usbhostenum.obj (.text)
                             8015a264   usbhostenum.obj (.text)
                             8015a47c   usbhostenum.obj (.text)
                             8015b648   usbhostenum.obj (.text)
USBEndpointDataSend       $Tramp$AA$S$$USBEndpointDataSend
   80203a58     8017807c     80157e34   usbhostenum.obj (.text)
                             801582ec   usbhostenum.obj (.text)
                             8015b4a0   usbhostenum.obj (.text)
                             8015b92c   usbhostenum.obj (.text)
                             8015babc   usbhostenum.obj (.text)
                             8015bae0   usbhostenum.obj (.text)
USBEndpointDataPut        $Tramp$AA$S$$USBEndpointDataPut
   802039a8     80178084     80157e14   usbhostenum.obj (.text)
                             801582cc   usbhostenum.obj (.text)
                             8015b414   usbhostenum.obj (.text)
                             8015ba90   usbhostenum.obj (.text)
USBHostEndpointConfig     $Tramp$AA$S$$USBHostEndpointConfig
   80202f90     8017808c     80157cdc   usbhostenum.obj (.text)
                             80158f04   usbhostenum.obj (.text)
USBHostAddrSet            $Tramp$AA$S$$USBHostAddrSet
   80203fcc     80178094     8015762c   usbhostenum.obj (.text)
                             801577d0   usbhostenum.obj (.text)
                             8015b3f0   usbhostenum.obj (.text)
USBFIFOConfigSet          $Tramp$AA$S$$USBFIFOConfigSet
   80203528     8017809c     80157600   usbhostenum.obj (.text)
                             801577a4   usbhostenum.obj (.text)

[44 trampolines]
[95 trampoline calls]


GLOBAL SYMBOLS: SORTED ALPHABETICALLY BY Name 

address   name                                 
-------   ----                                 
801712f0  ADC_0_ISR                            
801754ac  ADC_ClearFinishedFlag                
801753f4  ADC_ConfigureInterrupt               
801754bc  ADC_GetFinishedFlag                  
80175420  ADC_ReadChannels                     
8017549c  ADC_SetFinishedFlag                  
80157114  AM335X_VECTOR_BASE                   
80170dcc  AUD_AmpShutdown                      
8017c540  AUD_AudioTimeoutCount                
80170d04  AUD_ClearPlaybackFinishedFlag        
8017097c  AUD_ClearPlayingFlag                 
80170d3c  AUD_ClearTimoutFlag                  
80170d20  AUD_GetPlaybackFinishedFlag          
8017098c  AUD_GetPlayingFlag                   
80170d4c  AUD_GetTimoutFlag                    
80170d58  AUD_IsWAVPlaying                     
80170840  AUD_PlayWAV                          
80170cf4  AUD_SetPlaybackFinishedFlag          
8017096c  AUD_SetPlayingFlag                   
80170d2c  AUD_SetTimoutFlag                    
80170940  AUD_StopWAV                          
80170d70  AUD_TestAudio                        
80170998  AUD_TransferWAVToRAMG                
8017724c  AbortHandler                         
8017c53c  AudioBytesTransferred                
80114408  BITMAP_CharlieBeach                  
80156cc9  BITMAP_SD_Card_Symbol                
80154008  BITMAP_TVRemote                      
80156e80  BITMAP_USB_Symbol                    
8017c516  BackLightSetting                     
80176088  CMD_CheckMatch                       
80176214  CMD_ClearNewCommand                  
80176224  CMD_GetNewCommand                    
801761f4  CMD_Help                             
80176204  CMD_SetNewCommand                    
80172c10  CP15AuxControlFeatureDisable         
80172bfc  CP15AuxControlFeatureEnable          
80172ba4  CP15BranchPredictionDisable          
80172b94  CP15BranchPredictionEnable           
80172b88  CP15BranchPredictorInvalidate        
80172bc4  CP15ControlFeatureDisable            
80172bd8  CP15ControlFeatureEnable             
801728a0  CP15DCacheClean                      
801729d8  CP15DCacheCleanBuff                  
80172934  CP15DCacheCleanFlush                 
80172a2c  CP15DCacheCleanFlushBuff             
801727d0  CP15DCacheDisable                    
801727fc  CP15DCacheEnable                     
8017280c  CP15DCacheFlush                      
80172a80  CP15DCacheFlushBuff                  
80172bb4  CP15DomainAccessClientSet            
801727b4  CP15ICacheDisable                    
801727ec  CP15ICacheEnable                     
801729c8  CP15ICacheFlush                      
80172ae4  CP15ICacheFlushBuff                  
80172b50  CP15MMUDisable                       
80172b68  CP15MMUEnable                        
80172c24  CP15MainIdPrimPartNumGet             
80172b44  CP15TlbInvalidate                    
80172b38  CP15Ttb0Set                          
80172bec  CP15TtbCtlTtb0Config                 
80172b7c  CP15VectorBaseAddrSet                
80175c54  CPLDI2CRead                          
80175db0  CPLDI2CSetup                         
80177c58  CPUAbortHandler                      
80177f34  CPUIntStatus                         
80177c3c  CPUSwitchToPrivilegedMode            
80177c44  CPUSwitchToUserMode                  
80177c7c  CPUfiqd                              
80177c8c  CPUfiqe                              
80177c5c  CPUirqd                              
80177c6c  CPUirqe                              
8020725c  CacheDataCleanAll                    
80207274  CacheDataCleanBuff                   
80207250  CacheDataCleanInvalidateAll          
802072ac  CacheDataCleanInvalidateBuff         
80207268  CacheDataInvalidateAll               
80207290  CacheDataInvalidateBuff              
80207198  CacheDisable                         
802071dc  CacheEnable                          
80207228  CacheInstInvalidateAll               
80207234  CacheInstInvalidateBuff              
80114364  Command_String                       
801570c4  Commands                             
801143fc  CurrentScreen                        
8017c517  CurrentSystemSettings                
80114394  CurrentTimeDate                      
8016fa14  DMTimer1msModuleClkConfig            
8016f4fc  DMTimer2ModuleClkConfig              
8016f370  DMTimer3ModuleClkConfig              
8016f688  DMTimer4ModuleClkConfig              
8016f818  DMTimer6ModuleClkConfig              
8016f888  DMTimer7ModuleClkConfig              
801704e0  DMTimerCompareGet                    
801704a4  DMTimerCompareSet                    
80170700  DMTimerContextRestore                
80170680  DMTimerContextSave                   
8017039c  DMTimerCounterGet                    
80170360  DMTimerCounterSet                    
801701e0  DMTimerDisable                       
801701a0  DMTimerEnable                        
80170424  DMTimerGPOConfigure                  
80170594  DMTimerIntDisable                    
80170570  DMTimerIntEnable                     
801705f0  DMTimerIntEnableGet                  
8017051c  DMTimerIntRawStatusGet               
801704f8  DMTimerIntRawStatusSet               
8017054c  DMTimerIntStatusClear                
80170534  DMTimerIntStatusGet                  
80170220  DMTimerModeConfigure                 
801707e0  DMTimerPostedModeConfig              
80170320  DMTimerPreScalerClkDisable           
801702a0  DMTimerPreScalerClkEnable            
8017040c  DMTimerReloadGet                     
801703d0  DMTimerReloadSet                     
8017064c  DMTimerReset                         
80170608  DMTimerResetConfigure                
801705b8  DMTimerTriggerSet                    
80170824  DMTimerWritePostedStatusGet          
8017c55a  DefaultTimeDate                      
80177cf4  DelayTimerSetup                      
80113628  EEPROM_Contents                      
80176268  EEPROM_ReadAddress                   
8017632c  EEPROM_ReadBuffer                    
801762c4  EEPROM_WriteAddress                  
801763a4  EEPROM_WriteBuffer                   
80104000  EMMC_Buffer                          
80167fcc  EMMC_CardInit                        
80168c90  EMMC_ClearInitialized                
80168c74  EMMC_GetNumberBlocks                 
80167e14  EMMC_HSMMCSDModuleClkConfig          
80167e3c  EMMC_HardwareReset                   
80168ca0  EMMC_IsInitialized                   
80167d78  EMMC_PinMuxSetup                     
80168ad8  EMMC_ReadBlocks                      
801688ac  EMMC_ReceiveData                     
80168820  EMMC_SendAppCommand                  
801685c4  EMMC_SendCommand                     
80168cf0  EMMC_SendCommandSwitch               
80168e04  EMMC_SendStatus                      
80168c80  EMMC_SetInitialized                  
80167e78  EMMC_SetUpController                 
80168e7c  EMMC_TestWrite                       
801688dc  EMMC_TransmitData                    
8016893c  EMMC_WriteBlocks                     
80175e14  EVMProfileGet                        
80000000  Entry                                
80177248  FIQHandler                           
8016e9f8  FRAM_CalculateCRC                    
8016e9bc  FRAM_Hold                            
8016ea10  FRAM_LoadDefaultSettings             
8016e560  FRAM_LoadSettings                    
8016e7a0  FRAM_ReadMemory                      
8016e674  FRAM_ReadStatusRegister              
8016e57c  FRAM_SaveSettings                    
8016eb44  FRAM_Test                            
8016e5f4  FRAM_WriteDisable                    
8016e5b8  FRAM_WriteEnable                     
8016e6b4  FRAM_WriteMemory                     
8016e980  FRAM_WriteProtect                    
8016e88c  FRAM_WriteRead                       
8016e630  FRAM_WriteStatusRegister             
8017c512  FT_DispCSpread                       
8017c514  FT_DispDither                        
8017c4fc  FT_DispHCycle                        
8017c4fe  FT_DispHOffset                       
8017c500  FT_DispHSync0                        
8017c502  FT_DispHSync1                        
8017c4fa  FT_DispHeight                        
8017c50c  FT_DispPCLK                          
8017c510  FT_DispPCLKPol                       
8017c50e  FT_DispSwizzle                       
8017c504  FT_DispVCycle                        
8017c506  FT_DispVOffset                       
8017c508  FT_DispVSync0                        
8017c50a  FT_DispVSync1                        
8017c4f8  FT_DispWidth                         
80176954  GPIO0ModuleClkConfig                 
80176a0c  GPIO1ModuleClkConfig                 
80176944  GPIO1Pin23PinMuxSetup                
80176a74  GPIO1PinMuxSetup                     
8016c4f4  GPIOAutoIdleModeControl              
8016c5c0  GPIODebounceFuncControl              
8016c610  GPIODebounceTimeConfig               
8016bc60  GPIODirModeGet                       
8016bc00  GPIODirModeSet                       
8016c57c  GPIOGatingRatioConfigure             
8016c538  GPIOIdleModeConfigure                
8016c1ac  GPIOIntTypeGet                       
8016be0c  GPIOIntTypeSet                       
8016bbdc  GPIOModuleDisable                    
8016bbb8  GPIOModuleEnable                     
8016bb84  GPIOModuleReset                      
8016bd48  GPIOMultiplePinsRead                 
8016bd18  GPIOMultiplePinsWrite                
8016c2f0  GPIOPinIntClear                      
8016bdbc  GPIOPinIntDisable                    
8016bd6c  GPIOPinIntEnable                     
8016c28c  GPIOPinIntStatus                     
8016c494  GPIOPinIntWakeUpDisable              
8016c434  GPIOPinIntWakeUpEnable               
8016bcf0  GPIOPinRead                          
8016bca0  GPIOPinWrite                         
8016c340  GPIORawIntStatus                     
8016c634  GPIORevisionInfoGet                  
8016c39c  GPIOTriggerPinInt                    
8016c410  GPIOWakeupGlobalDisable              
8016c3ec  GPIOWakeupGlobalEnable               
80170e70  GPIO_3A_ISR                          
801725ac  GPIO_Module0ClkConfig                
80172614  GPIO_Module1ClkConfig                
8017267c  GPIO_Module2ClkConfig                
801726e4  GPIO_Module3ClkConfig                
8016adbc  GUI_Backlight                        
8016ae04  GUI_ClearBacklightTimeout            
8016acf0  GUI_ClearTagTimoutFlag               
8016abac  GUI_CreateTouchCalibration           
8016a354  GUI_DrawHomeScreen                   
8016a1b0  GUI_DrawInitialScreen                
8016a238  GUI_DrawInitialScreenProgress        
8016a9a8  GUI_DrawNextScreen                   
8016aae4  GUI_DrawPreviousScreen               
8016a798  GUI_DrawTVRemoteScreen               
8016ad20  GUI_DrawTime                         
8016ae14  GUI_GetBacklightTimeout              
8016ae3c  GUI_GetCurrentTag                    
8016ad00  GUI_GetTagTimoutFlag                 
8016a824  GUI_LoadItemToRAMG                   
8016ab30  GUI_LoadTouchCalibration             
8016ad0c  GUI_ScreenRefresh                    
8016adf4  GUI_SetBacklightTimeout              
8016ae20  GUI_SetCurrentTag                    
8016ace0  GUI_SetTagTimoutFlag                 
8016acc4  GUI_StartNewScreenTagTimer           
8016a91c  GUI_TouchConfig                      
80176a94  GpioPinMuxSetup                      
801570e4  HEADER_CharlieBeach                  
801570f0  HEADER_SD_Card_Symbol                
801570fc  HEADER_TVRemote                      
80157108  HEADER_USB_Symbol                    
8016d8dc  HSMMCSDBlkLenSet                     
8016d5a0  HSMMCSDBusFreqSet                    
8016d3c4  HSMMCSDBusPower                      
8016d384  HSMMCSDBusVoltSet                    
8016d2cc  HSMMCSDBusWidthSet                   
8016d91c  HSMMCSDCommandSend                   
8016da0c  HSMMCSDDataGet                       
8016d560  HSMMCSDDataTimeoutSet                
8016d6dc  HSMMCSDInitStreamSend                
8016d444  HSMMCSDIntClock                      
8016d7a0  HSMMCSDIntrEnable                    
8016d7f8  HSMMCSDIntrStatusClear               
8016d774  HSMMCSDIntrStatusDisable             
8016d748  HSMMCSDIntrStatusEnable              
8016d7d4  HSMMCSDIntrStatusGet                 
8016da60  HSMMCSDIsCardInserted                
8016da80  HSMMCSDIsCardWriteProtected          
8016d818  HSMMCSDIsCmdComplete                 
8016d540  HSMMCSDIsHSupported                  
8016d49c  HSMMCSDIsIntClockStable              
8016d878  HSMMCSDIsXferComplete                
8016d20c  HSMMCSDLinesReset                    
8017791c  HSMMCSDModuleClkConfig               
801778c4  HSMMCSDPinMuxSetup                   
8016d9b0  HSMMCSDResponseGet                   
8016d1a4  HSMMCSDSoftReset                     
8016d500  HSMMCSDSupportedVoltSet              
8016d288  HSMMCSDSystemConfig                  
8017326c  I2C0ModuleClkConfig                  
80173104  I2C1ModuleClkConfig                  
8016cc0c  I2CActiveOwnAddressGet               
8016ce1c  I2CAutoIdleDisable                   
8016cdf8  I2CAutoIdleEnable                    
8016cb88  I2CBufferStatus                      
8016cec8  I2CClockActivitySelect               
8016cc90  I2CClockBlockingControl              
8016d0d0  I2CContextRestore                    
8016d07c  I2CContextSave                       
8016cb58  I2CDMARxEventDisable                 
8016caf8  I2CDMARxEventEnable                  
8016cb28  I2CDMATxEventDisable                 
8016cac8  I2CDMATxEventEnable                  
8016c9e4  I2CDataCountGet                      
8016ca7c  I2CFIFOClear                         
8016c9fc  I2CFIFOThresholdConfig               
8016ce64  I2CGlobalWakeUpDisable               
8016ce40  I2CGlobalWakeUpEnable                
8016ce88  I2CIdleModeSelect                    
8016c798  I2CMasterBusBusy                     
8016c7d0  I2CMasterBusy                        
8016c814  I2CMasterControl                     
8016d05c  I2CMasterDataGet                     
8016d03c  I2CMasterDataPut                     
8016c774  I2CMasterDisable                     
8016c750  I2CMasterEnable                      
8016c7ec  I2CMasterErr                         
8016c6d4  I2CMasterInitExpClk                  
8016c944  I2CMasterIntClearEx                  
8016c8ac  I2CMasterIntDisableEx                
8016c880  I2CMasterIntEnableEx                 
8016c908  I2CMasterIntRawStatus                
8016c964  I2CMasterIntRawStatusClearEx         
8016c920  I2CMasterIntRawStatusEx              
8016c8cc  I2CMasterIntStatus                   
8016c8e4  I2CMasterIntStatusEx                 
8016c9a4  I2CMasterSlaveAddrGet                
8016c984  I2CMasterSlaveAddrSet                
8016c838  I2CMasterStart                       
8016c85c  I2CMasterStop                        
8016cd5c  I2COwnAddressSet                     
801730a8  I2CPinMuxSetup                       
8016c9c4  I2CSetDataCount                      
8016cdd4  I2CSoftReset                         
8016d020  I2CSystemStatusGet                   
8016cf94  I2CWakeUpDisable                     
8016cf08  I2CWakeUpEnable                      
801122a0  I2C_0_Buffers                        
8017117c  I2C_0_ISR                            
80175720  I2C_ClearFailFlag0                   
80175730  I2C_GetFailFlag0                     
80175524  I2C_InterruptConfigure0              
80175550  I2C_SendReceiveData0                 
80175710  I2C_SetFailFlag0                     
8017719c  IRQHandler                           
80176078  InitCMD                              
80175240  Init_ADC                             
8017083c  Init_Audio                           
80176250  Init_EEPROM                          
80167cd4  Init_EMMC                            
8016e454  Init_FRAM                            
8017231c  Init_GPIO                            
8016a168  Init_GUI                             
801754dc  Init_I2C                             
801754e8  Init_I2C_Module0                     
8015f318  Init_LCD                             
80174a04  Init_LED                             
801765f4  Init_Modules                         
80176424  Init_PMIC                            
80176f08  Init_Power                           
801743ec  Init_RTC                             
801668e0  Init_SD                              
8017196c  Init_SPI                             
80171b28  Init_SPI_Module0                     
8017197c  Init_SPI_Module1                     
80175e74  Init_Test                            
801759f4  Init_Timer2                          
80175a6c  Init_Timer3                          
801759e0  Init_Timers                          
80171e7c  Init_UART                            
80174cdc  Init_USB0                            
80174ccc  Init_USB_Device                      
80171450  Init_USB_Host                        
801734c0  Init_WAV                             
80173920  IntAINTCInit                         
80173a58  IntActiveIrqNumGet                   
80173af0  IntCurrIrqPriorityGet                
80173c48  IntDisable                           
80173c60  IntEnable                            
80173adc  IntFuncClkAutoGateSet                
80173ac8  IntFuncClkFreeRunSet                 
80173a44  IntIfClkAutoGateSet                  
80173a30  IntIfClkFreeRunSet                   
80173c30  IntMasterFIQDisable                  
80173c24  IntMasterFIQEnable                   
80173c18  IntMasterIRQDisable                  
80173c0c  IntMasterIRQEnable                   
80173c3c  IntMasterStatusGet                   
80173bd0  IntPendingIrqMaskedStatusGet         
80173990  IntPrioritySet                       
80173b00  IntPriorityThresholdGet              
80173b10  IntPriorityThresholdSet              
80173a8c  IntProtectionDisable                 
80173a7c  IntProtectionEnable                  
80173b30  IntRawStatusGet                      
801738dc  IntRegister                          
80173ba0  IntSoftwareIntClear                  
80173b70  IntSoftwareIntSet                    
80173a68  IntSpurIrqFlagGet                    
80173ab4  IntSyncClkAutoGateSet                
80173aa0  IntSyncClkFreeRunSet                 
801739fc  IntSystemDisable                     
801739c8  IntSystemEnable                      
80173900  IntUnRegister                        
8015a9cc  InternalUSBHCDSendEvent              
80176e38  InternalUSBRegisterTickHandler       
80176e70  InternalUSBStartOfFrameTick          
80176dc4  InternalUSBTickInit                  
80177d34  IsTimerElapsed                       
80161d5c  LCD_ClearInterruptFlag               
80161d6c  LCD_GetInterruptFlag                 
8015fef8  LCD_IncrementWriteOffset             
8015f69c  LCD_Interrupt                        
8015f5ac  LCD_InterruptConfigure               
8015f62c  LCD_InteruptDisable                  
8015f5f8  LCD_InteruptEnable                   
8015f660  LCD_Reset                            
8015ff74  LCD_SendRAMAddress                   
80161d4c  LCD_SetInterruptFlag                 
8015fff0  LCD_WaitCoprocessorDone              
8015ff38  LCD_WriteCommandParameters           
8015fe74  LCD_cmd                              
80160fbc  LCD_cmd_append                       
80160398  LCD_cmd_bgcolor                      
8016016c  LCD_cmd_button                       
80161770  LCD_cmd_calibrate                    
801602e0  LCD_cmd_clock                        
8016169c  LCD_cmd_coldstart                    
80160a20  LCD_cmd_dial                         
8016043c  LCD_cmd_fgcolor                      
80160548  LCD_cmd_gauge                        
801612f0  LCD_cmd_getmatrix                    
80161404  LCD_cmd_getprops                     
801613ac  LCD_cmd_getptr                       
801604d8  LCD_cmd_gradcolor                    
801605fc  LCD_cmd_gradient                     
80161028  LCD_cmd_inflate                      
801616ac  LCD_cmd_interrupt                    
801606a0  LCD_cmd_keys                         
80161138  LCD_cmd_loadidentity                 
801610cc  LCD_cmd_loadimage                    
80161d08  LCD_cmd_logo                         
80161494  LCD_cmd_mediafifo                    
80160f34  LCD_cmd_memcpy                       
80160d10  LCD_cmd_memcrc                       
80160dfc  LCD_cmd_memset                       
80160e80  LCD_cmd_memwrite                     
80160d90  LCD_cmd_memzero                      
80160c7c  LCD_cmd_number                       
80161500  LCD_cmd_playvideo                    
80160810  LCD_cmd_progress                     
80161704  LCD_cmd_regread                      
801617c8  LCD_cmd_romfont                      
80161254  LCD_cmd_rotate                       
801611e8  LCD_cmd_scale                        
80161b24  LCD_cmd_screensaver                  
801608bc  LCD_cmd_scrollbar                    
80160c24  LCD_cmd_setbase                      
801619d0  LCD_cmd_setbitmap                    
80161834  LCD_cmd_setfont                      
801618a0  LCD_cmd_setfont2                     
801612ac  LCD_cmd_setmatrix                    
80161978  LCD_cmd_setrotate                    
80161920  LCD_cmd_setscratch                   
80161b68  LCD_cmd_sketch                       
80160974  LCD_cmd_slider                       
80161c0c  LCD_cmd_snapshot                     
80161c64  LCD_cmd_snapshot2                    
80161a5c  LCD_cmd_spinner                      
80161ae0  LCD_cmd_stop                         
80160014  LCD_cmd_text                         
80160ab4  LCD_cmd_toggle                       
80161608  LCD_cmd_track                        
8016117c  LCD_cmd_translate                    
8016159c  LCD_cmd_videoframe                   
80161558  LCD_cmd_videostart                   
8015f72c  LCD_ft810memRead16                   
8015f79c  LCD_ft810memRead32                   
8015f6d8  LCD_ft810memRead8                    
8015f87c  LCD_ft810memWrite16                  
8015f8e8  LCD_ft810memWrite32                  
8015f83c  LCD_ft810memWrite8                   
8015f98c  LCD_ft810memWriteBuffer              
8015fe9c  LCD_host_command                     
8015fb5c  LCD_rd16                             
8015fb74  LCD_rd32                             
8015fb48  LCD_rd8                              
8015fd38  LCD_rd_buffer                        
8015fa9c  LCD_wr16                             
8015fab8  LCD_wr32                             
8015fa80  LCD_wr8                              
8015fad4  LCD_wr8s                             
8015fb88  LCD_wr_buffer                        
80174a10  LED_Show                             
8017c544  LastWritePointerAddress              
80112ac0  MISC_Buffer                          
8016e0c0  MISC_CRC_CRC16                       
8016e2e4  MISC_Calculate_CRC16                 
8016db14  MMCSDContextRestore                  
8016daa0  MMCSDContextSave                     
8020717c  MMUEnable                            
8020702c  MMUInit                              
8020708c  MMUMemRegionMap                      
8017753c  MMU_ConfigAndEnable                  
80171560  MSCCallback                          
8016dde4  MSC_BCDtoHEX                         
8016db94  MSC_BufferCopy                       
8016dcc8  MSC_DelayNOP                         
8016dc48  MSC_DelayUS                          
8016df08  MSC_EndianLong                       
8016df74  MSC_EndianLongArray                  
8016de88  MSC_EndianShort                      
8016dec4  MSC_EndianShortArray                 
8016dd30  MSC_HEXtoBCD                         
8016dc0c  MSC_LowercaseChar                    
8016e004  MSC_ReverseByte                      
8016dd00  MSC_Round                            
80173d40  McSPI0CSPinMuxSetup                  
80173dac  McSPI0ModuleClkConfig                
80173f08  McSPI1ModuleClkConfig                
8016b304  McSPICSAssert                        
8016b33c  McSPICSDeAssert                      
8016b20c  McSPICSDisable                       
8016b1e8  McSPICSEnable                        
8016b230  McSPICSPolarityConfig                
8016b298  McSPICSTimeControlSet                
8016b614  McSPIChannelDisable                  
8016b5dc  McSPIChannelEnable                   
8016bad0  McSPIChannelStatusGet                
8016afa0  McSPIClkConfig                       
8016b944  McSPIDMADisable                      
8016b900  McSPIDMAEnable                       
8016bb40  McSPIFIFODatManagementConfig         
8016b7c0  McSPIFIFOTrigLvlSet                  
8016b9e0  McSPIInitDelayConfig                 
8016b9b4  McSPIIntDisable                      
8016b988  McSPIIntEnable                       
8016ba9c  McSPIIntStatusClear                  
8016ba84  McSPIIntStatusGet                    
8016b470  McSPIMasterModeConfig                
8016b44c  McSPIMasterModeEnable                
8016bafc  McSPIMultipleWordAccessConfig        
80173cbc  McSPIPinMuxSetup                     
8016ba58  McSPIReceiveData                     
8016b64c  McSPIReset                           
8016b758  McSPIRxFIFOConfig                    
8016b414  McSPIStartBitDisable                 
8016b374  McSPIStartBitEnable                  
8016b3ac  McSPIStartBitPolarityConfig          
8016ba24  McSPITransmitData                    
8016b6b8  McSPITurboModeDisable                
8016b680  McSPITurboModeEnable                 
8016b6f0  McSPITxFIFOConfig                    
8016b8c0  McSPIWordCountSet                    
8016b180  McSPIWordLengthSet                   
8017c44b  NumCommand                           
80176544  PMIC_ReadRegister                    
80176594  PMIC_WriteRegister                   
80176f14  PWR_ReadVoltages                     
801143fd  PreviousPreviousScreen               
801143fe  PreviousScreen                       
8017c4f6  RAM_CMD_Offset                       
80166540  RTC32KClkClockControl                
801664dc  RTC32KClkSourceSelect                
80166880  RTCAlarm2CalendarSet                 
801667f4  RTCAlarm2IntStatusClear              
801667d8  RTCAlarm2IntStatusGet                
80166818  RTCAlarm2TimeSet                     
80166228  RTCAlarmCalendarGet                  
801661c8  RTCAlarmCalendarSet                  
8016610c  RTCAlarmDayOfMonthGet                
801660d8  RTCAlarmDayOfMonthSet                
80165f38  RTCAlarmHourGet                      
80165f94  RTCAlarmHourMeridiemGet              
80165f54  RTCAlarmHourMeridiemSet              
80165f04  RTCAlarmHourSet                      
8016559c  RTCAlarmIntStatusClear               
80165580  RTCAlarmIntStatusGet                 
80165ee8  RTCAlarmMinuteGet                    
80165eb4  RTCAlarmMinuteSet                    
8016615c  RTCAlarmMonthGet                     
80166128  RTCAlarmMonthSet                     
80165e98  RTCAlarmSecondGet                    
80165e64  RTCAlarmSecondSet                    
80166018  RTCAlarmTimeGet                      
80165fb0  RTCAlarmTimeSet                      
801661ac  RTCAlarmYearGet                      
80166178  RTCAlarmYearSet                      
801656b8  RTCAutoCompDisable                   
80165674  RTCAutoCompEnable                    
80165548  RTCBusyStatusGet                     
80165dec  RTCCalendarGet                       
80165d7c  RTCCalendarSet                       
801662cc  RTCCompensationGet                   
80166288  RTCCompensationSet                   
801666b0  RTCConfigPmicExtWake                 
80166708  RTCConfigPmicExtWakeDebounce         
80166650  RTCConfigPmicExtWakePolarity         
8016660c  RTCConfigPmicPowerEnable             
80165b24  RTCDayOfMonthGet                     
80165af0  RTCDayOfMonthSet                     
80165c14  RTCDayOfTheWeekGet                   
80165be0  RTCDayOfTheWeekSet                   
80165894  RTCDisable                           
801658d8  RTCEnable                            
80165940  RTCEnableStatus                      
801655c0  RTCEventUpdateGet                    
801665c8  RTCFeedbackResistanceSelect          
80165a78  RTCHourGet                           
80165790  RTCHourModeGet                       
8016570c  RTCHourModeSet                       
80165a44  RTCHourSet                           
801663c4  RTCIdleModeConfigure                 
801667a4  RTCIntAlarm2Enable                   
8016548c  RTCIntAlarmDisable                   
80165458  RTCIntAlarmEnable                    
80165514  RTCIntTimerDisable                   
801654c0  RTCIntTimerEnable                    
80165ad4  RTCMeridiemGet                       
80165a94  RTCMeridiemSet                       
80165620  RTCMinRoundingDisable                
801655dc  RTCMinRoundingEnable                 
80165a28  RTCMinuteGet                         
801659f4  RTCMinuteSet                         
80175774  RTCModuleClkConfig                   
80165b74  RTCMonthGet                          
80165b40  RTCMonthSet                          
80166584  RTCOscillatorStateControl            
80166768  RTCPmicExtWakeStatusClear            
801663ac  RTCRevisionIDGet                     
80165360  RTCRun                               
80165564  RTCRunStatusGet                      
80166350  RTCScratchPadGet                     
80166310  RTCScratchPadSet                     
801659d8  RTCSecondGet                         
801659a4  RTCSecondSet                         
80165818  RTCSet32CounterDisable               
801657ac  RTCSet32CounterEnable                
80166388  RTCSoftwareReset                     
80165980  RTCSplitPwrDisable                   
8016595c  RTCSplitPwrEnable                    
801653a4  RTCStop                              
80166498  RTCTestModeControl                   
80165ccc  RTCTimeGet                           
80165c30  RTCTimeSet                           
80166410  RTCWakeUpAlarmEventControl           
80166454  RTCWakeUpTimerEventControl           
80165430  RTCWriteProtectDisable               
80165408  RTCWriteProtectEnable                
80165bc4  RTCYearGet                           
80165b90  RTCYearSet                           
80174498  RTC_ClearFlag                        
801744a8  RTC_GetFlag                          
80174598  RTC_GetTimeDate                      
80171168  RTC_ISR                              
8017445c  RTC_InterruptConfigure               
80174674  RTC_ModuleClkConfig                  
80174488  RTC_SetFlag                          
801744b4  RTC_SetTimeDate                      
8017576c  RtcVersionGet                        
80108000  SD_Buffer                            
80166c18  SD_CardInit                          
80166b3c  SD_ClearCardActionFlag               
80166b90  SD_ClearInitialized                  
80166b4c  SD_GetCardActionFlag                 
80166b74  SD_GetCardStatus                     
80166a98  SD_GetFatTime                        
80167c38  SD_GetNumberBlocks                   
80166a74  SD_IsCardInserted                    
80166ba0  SD_IsInitialized                     
80167a9c  SD_ReadBlocks                        
80167824  SD_ReceiveData                       
80167798  SD_SendAppCommand                    
8016753c  SD_SendCommand                       
80166b2c  SD_SetCardActionFlag                 
80166b58  SD_SetCardStatus                     
80166b80  SD_SetInitialized                    
8016698c  SD_SetUpController                   
80167854  SD_TransmitData                      
801678dc  SD_WriteBlocks                       
UNDEFED   SHT$$INIT_ARRAY$$Base                
UNDEFED   SHT$$INIT_ARRAY$$Limit               
80171370  SPI_1_ISR                            
80171c38  SPI_INTCConfigure1                   
80171d1c  SPI_ReadWriteByte0                   
80171d78  SPI_ReadWriteByte1                   
80171c64  SPI_WriteByte0                       
80171cc0  SPI_WriteByte1                       
80171dd4  SPI_WriteByteNoRx0                   
80171e08  SPI_WriteByteNoRx1                   
80177174  SVC_Handler                          
8017bd64  Screens                              
80177d14  StartTimer                           
80177d28  StopTimer                            
8017744c  SysDelayTimerSetup                   
80177500  SysIsTimerElapsed                    
801774c4  SysStartTimer                        
801774f0  SysStopTimer                         
80177464  Sysdelay                             
80175ec4  TEST_Setpoint1                       
80175f00  TEST_Setpoint2                       
80175f3c  TEST_Setpoint3                       
80175f78  TEST_Togglepoint1                    
80175fc8  TEST_Togglepoint2                    
80176018  TEST_Togglepoint3                    
8017104c  TMR_2_ISR                            
80171130  TMR_3_ISR                            
8017c550  TMR_AudioPlaybackTimer               
8017c554  TMR_BacklightTimer                   
80175ad8  TMR_CalculateReload                  
80175c08  TMR_ClearMISCTimerFlag               
80175c18  TMR_GetMISCTimerFlag                 
80175b84  TMR_GetNewScreenTagTimerEnabled      
80175b2c  TMR_InterruptConfigure2              
80175b58  TMR_InterruptConfigure3              
8017c54c  TMR_NewScreenTagTimer                
80175bd8  TMR_ResetAudioPlaybackTimer          
80175be8  TMR_ResetBacklightTimer              
80175bc8  TMR_ResetNewScreenTagTimer           
80175bf8  TMR_SetMISCTimerFlag                 
80175b90  TMR_SetNewScreenTagTimerEnabled      
801692fc  TSCADCBiasConfig                     
80169a40  TSCADCChargeStepAnalogGroundConfig   
801699a0  TSCADCChargeStepAnalogSupplyConfig   
801698d4  TSCADCChargeStepConfig               
80169888  TSCADCChargeStepOperationModeControl 
801691a0  TSCADCConfigHWEventPrempt            
801694f4  TSCADCConfigureAFEClock              
80169544  TSCADCConfigureMisc                  
801695b4  TSCADCConfigureStepEnable            
80169148  TSCADCDMAFIFODisable                 
80169118  TSCADCDMAFIFOEnable                  
801690d8  TSCADCEventInterruptDisable          
801690ac  TSCADCEventInterruptEnable           
8016a0a4  TSCADCFIFOADCDataRead                
8016a078  TSCADCFIFOChannelIDRead              
8016a130  TSCADCFIFODMAThresholdLevelConfig    
8016a0f8  TSCADCFIFOIRQThresholdLevelConfig    
8016a0cc  TSCADCFIFOWordCountRead              
80168f90  TSCADCGetRevision                    
801691e0  TSCADCHWEventMapSet                  
80168fa8  TSCADCIdleModeSet                    
801697bc  TSCADCIdleStepAnalogGroundConfig     
8016971c  TSCADCIdleStepAnalogSupplyConfig     
80169650  TSCADCIdleStepConfig                 
80169604  TSCADCIdleStepOperationModeControl   
80169094  TSCADCIntStatus                      
80169050  TSCADCIntStatusClear                 
80169070  TSCADCIntStatusRead                  
80169178  TSCADCIsDMAFIFOEnabled               
80174728  TSCADCModuleClkConfig                
801693c4  TSCADCModuleStateSet                 
80169484  TSCADCOutputRangeConfig              
80174930  TSCADCPinMuxSetUp                    
80169038  TSCADCRawIntStatus                   
80169014  TSCADCRawIntStatusRead               
80168fe8  TSCADCRawIntStatusSet                
80169468  TSCADCSequencerCurrentStepID         
80169448  TSCADCSequencerFSMBusyStatus         
80169404  TSCADCSequencerPenIrqStatusRead      
801692a0  TSCADCSetADCPowerDown                
801692d8  TSCADCSetADCPowerUp                  
80169360  TSCADCStepConfigProtectionDisable    
8016933c  TSCADCStepConfigProtectionEnable     
80169384  TSCADCStepIDTagConfig                
80169b0c  TSCADCTSChargeStepOpenDelayConfig    
80169260  TSCADCTSModeConfig                   
80169d68  TSCADCTSStepAnalogGroundConfig       
80169c98  TSCADCTSStepAnalogSupplyConfig       
80169f28  TSCADCTSStepAverageConfig            
80169b8c  TSCADCTSStepConfig                   
80169ed4  TSCADCTSStepFIFOSelConfig            
80169f7c  TSCADCTSStepModeConfig               
8016a024  TSCADCTSStepOpenDelayConfig          
80169b2c  TSCADCTSStepOperationModeControl     
80169ea4  TSCADCTSStepOutOfRangeCheckDisable   
80169e74  TSCADCTSStepOutOfRangeCheckEnable    
80169fd0  TSCADCTSStepSampleDelayConfig        
80169220  TSCADCTSTransistorConfig             
801690f8  TSCADCWakeUpPenEventConfig           
801633c0  UARTAutoIdleModeControl              
8016316c  UARTAutoRTSAutoCTSControl            
801638a8  UARTAutobaudParityGet                
80163940  UARTAutobaudSpeedGet                 
801638f4  UARTAutobaudWordLenGet               
80162108  UARTBreakCtl                         
80162e48  UARTCharGet                          
80162df0  UARTCharGetNonBlocking               
80162ea0  UARTCharGetTimeout                   
80162f30  UARTCharPut                          
80162d84  UARTCharPutNonBlocking               
80162d30  UARTCharsAvail                       
80163818  UARTDMACounterResetControl           
80162644  UARTDMADisable                       
801625e8  UARTDMAEnable                        
80163730  UARTDSRInterruptControl              
8016204c  UARTDivisorLatchDisable              
80162028  UARTDivisorLatchEnable               
80161ea4  UARTDivisorLatchWrite                
80161de0  UARTDivisorValCompute                
80162768  UARTEnhanFuncBitValRestore           
80162708  UARTEnhanFuncEnable                  
80162fa4  UARTFIFOCharGet                      
80162f84  UARTFIFOCharPut                      
80162224  UARTFIFOConfig                       
80163118  UARTFIFOEnableStatusGet              
8016267c  UARTFIFORegisterWrite                
801636cc  UARTFIFOTrigLvlGranControl           
80162fc0  UARTFIFOWrite                        
80163404  UARTFlowCtrlTrigLvlConfig            
80163338  UARTIdleModeConfigure                
80162c14  UARTIntDisable                       
80162b30  UARTIntEnable                        
80163078  UARTIntIdentityGet                   
801630c4  UARTIntPendingStatusGet              
8016214c  UARTLineCharacConfig                 
80163578  UARTLoopbackModeControl              
801635ec  UARTModemControlClear                
801635bc  UARTModemControlSet                  
80163638  UARTModemStatusChangeCheck           
8016361c  UARTModemStatusGet                   
80163304  UARTModuleReset                      
801639ec  UARTModuleVersionNumberGet           
80161d80  UARTOperatingModeSelect              
80162208  UARTParityModeGet                    
801621c4  UARTParityModeSet                    
801632c0  UARTPulseShapingControl              
801637fc  UARTRXCTSDSRTransitionStatusGet      
801637b8  UARTRXCTSDSRWakeUpConfigure          
801620e8  UARTRegConfModeRestore               
80162070  UARTRegConfigModeEnable              
80163654  UARTResumeOperation                  
8016302c  UARTRxErrorGet                       
80163890  UARTRxFIFOLevelGet                   
801639d0  UARTScratchPadRegRead                
8016398c  UARTScratchPadRegWrite               
8016325c  UARTSoftwareFlowCtrlOptSet           
80162cdc  UARTSpaceAvail                       
801631f8  UARTSpecialCharDetectControl         
801627cc  UARTSubConfigMSRSPRModeEn            
801628a4  UARTSubConfigTCRTLRModeEn            
8016297c  UARTSubConfigXOFFModeEn              
80162a54  UARTTCRTLRBitValRestore              
80163a08  UARTTxDMAThresholdControl            
80163a4c  UARTTxDMAThresholdValConfig          
80163774  UARTTxEmptyIntControl                
8016385c  UARTTxFIFOFullStatusGet              
80163878  UARTTxFIFOLevelGet                   
8016337c  UARTWakeUpControl                    
8016369c  UARTWakeUpEventsDisable              
8016366c  UARTWakeUpEventsEnable               
80163454  UARTXON1XOFF1ValProgram              
80163484  UARTXON2XOFF2ValProgram              
801634b4  UARTXONAnyFeatureControl             
80170eac  UART_0_ISR                           
801720c4  UART_AddToRXBuffer                   
801721f4  UART_AddToTXBuffer                   
80171fd0  UART_BaudRateSet                     
8017204c  UART_Configure                       
80171fac  UART_FIFOConfigure                   
801722a0  UART_GetTXInterruptStatus            
80172098  UART_InterruptConfigure0             
80172008  UART_LineCharacSet                   
80171ecc  UART_Module0ClkConfig                
80171f28  UART_PrintBuffer                     
80171f14  UART_PrintChar                       
80171f74  UART_PrintString                     
80111300  UART_RX_buffer                       
8017c564  UART_RX_place                        
8017c568  UART_TX_add                          
80111ad0  UART_TX_buffer                       
8017c56c  UART_TX_remove                       
80177264  USB0DeviceIntHandler                 
8015a6f0  USB0HostIntHandler                   
8020752c  USB0ModuleClkConfig                  
801772dc  USB1DeviceIntHandler                 
8015a7b0  USB1HostIntHandler                   
8017c573  USBChangeStatusFlag0                 
8020759c  USBClearInt                          
80204368  USBClearOtgIntr                      
802069d4  USBDCDConfigDescGet                  
80206948  USBDCDConfigDescGetNum               
802068e0  USBDCDConfigDescGetSize              
80206b70  USBDCDConfigGetInterface             
80206bc8  USBDCDConfigGetInterfaceEndpoint     
80206ad4  USBDCDConfigGetNumAlternateInterfaces
80200000  USBDCDInit                           
8020054c  USBDCDPowerStatusSet                 
802005b4  USBDCDRemoteWakeupRequest            
80200400  USBDCDRequestDataEP0                 
80200478  USBDCDSendDataEP0                    
802004dc  USBDCDSetDefaultConfiguration        
80200508  USBDCDStallEP0                       
802002e4  USBDCDTerm                           
80204a90  USBDMSCCompositeInit                 
80174ec4  USBDMSCEventCallback                 
80204a5c  USBDMSCInit                          
80204394  USBDMSCMediaChange                   
802072e8  USBDMSCStorageClose                  
80207474  USBDMSCStorageNumBlocks              
802072c8  USBDMSCStorageOpen                   
80207304  USBDMSCStorageRead                   
802073bc  USBDMSCStorageWrite                  
80204db8  USBDMSCTerm                          
80205b80  USBDSCSICommand                      
80206d48  USBDescGet                           
80206f8c  USBDescGetInterface                  
80206fe8  USBDescGetInterfaceEndpoint          
80206c9c  USBDescGetNum                        
80206e10  USBDescGetNumAlternateInterfaces     
80202f78  USBDevAddrGet                        
80202f58  USBDevAddrSet                        
80202f10  USBDevConnect                        
80202f34  USBDevDisconnect                     
80203378  USBDevEndpointConfigGet              
802031f8  USBDevEndpointConfigSet              
802038e0  USBDevEndpointDataAck                
80202db0  USBDevEndpointStall                  
80202e40  USBDevEndpointStallClear             
80202b5c  USBDevEndpointStatusClear            
802060d4  USBDeviceConfig                      
80206594  USBDeviceConfigAlternate             
80200874  USBDeviceEnumHandler                 
80200aec  USBDeviceEnumResetHandler            
80202178  USBDeviceIntHandlerInternal          
80200650  USBDeviceResumeTickHandler           
80203ddc  USBDmaTxChDisable                    
80203e34  USBDmaTxChTeardown                   
80207574  USBEnableInt                         
802042ec  USBEnableOtgIntr                     
80204284  USBEndpointDMAChannel                
80203700  USBEndpointDMADisable                
80203698  USBEndpointDMAEnable                 
80203768  USBEndpointDataAvail                 
802037d4  USBEndpointDataGet                   
802039a8  USBEndpointDataPut                   
80203a58  USBEndpointDataSend                  
80202d48  USBEndpointDataToggleClear           
80202a80  USBEndpointStatus                    
80204244  USBFIFOAddrGet                       
802035e0  USBFIFOConfigGet                     
80203528  USBFIFOConfigSet                     
80203ad0  USBFIFOFlush                         
802041e0  USBFrameNumberGet                    
8015b320  USBHCDControlTransfer                
801715c0  USBHCDEvents                         
8015bc78  USBHCDGetSpeed                       
80159154  USBHCDInit                           
8015ac9c  USBHCDMain                           
80157840  USBHCDPipeAlloc                      
8015743c  USBHCDPipeAllocSize                  
8015787c  USBHCDPipeConfig                     
8015896c  USBHCDPipeFree                       
80158400  USBHCDPipeRead                       
80158350  USBHCDPipeReadNonBlocking            
80158248  USBHCDPipeSchedule                   
80157cec  USBHCDPipeStatus                     
80157d14  USBHCDPipeWrite                      
80159118  USBHCDPowerAutomatic                 
80158fe0  USBHCDPowerConfigGet                 
80158fb4  USBHCDPowerConfigInit                
80159008  USBHCDPowerConfigSet                 
8015942c  USBHCDRegisterDrivers                
80159670  USBHCDReset                          
801596e8  USBHCDResume                         
80159a18  USBHCDSetAddress                     
80159bfc  USBHCDSetConfig                      
80159c88  USBHCDSetInterface                   
801596c4  USBHCDSuspend                        
80159490  USBHCDTerm                           
8015bc48  USBHCDTimeOutHook                    
8016f21c  USBHMSCBlockRead                     
8016f2bc  USBHMSCBlockWrite                    
8016f1f4  USBHMSCDriveClose                    
8016f194  USBHMSCDriveOpen                     
8016ef20  USBHMSCDriveReady                    
8016fd20  USBHSCSIInquiry                      
8016fea4  USBHSCSIModeSense6                   
8017001c  USBHSCSIRead10                       
8016fe30  USBHSCSIReadCapacities               
8016fdb0  USBHSCSIReadCapacity                 
8016ffa0  USBHSCSIRequestSense                 
8016ff28  USBHSCSITestUnitReady                
801700d8  USBHSCSIWrite10                      
80204020  USBHostAddrGet                       
80203fcc  USBHostAddrSet                       
80203c88  USBHostAutoReqClear                  
80203c34  USBHostAutoReqSet                    
80159d3c  USBHostCheckPipes                    
80202f90  USBHostEndpointConfig                
8020394c  USBHostEndpointDataAck               
80202c40  USBHostEndpointDataToggle            
80202ad0  USBHostEndpointStatusClear           
802040bc  USBHostHubAddrGet                    
80204068  USBHostHubAddrSet                    
80159f78  USBHostIntHandlerInternal            
80204104  USBHostPwrConfig                     
802041bc  USBHostPwrDisable                    
80204198  USBHostPwrEnable                     
80204174  USBHostPwrFaultDisable               
80204150  USBHostPwrFaultEnable                
80203b94  USBHostRequestIN                     
80203be0  USBHostRequestINClear                
80203fb0  USBHostRequestStatus                 
8020250c  USBHostReset                         
80202558  USBHostResume                        
802025a4  USBHostSpeedGet                      
802024e8  USBHostSuspend                       
80203ecc  USBHostTxFifoFlush                   
802026b0  USBIntDisable                        
80202828  USBIntDisableControl                 
80202980  USBIntDisableEndpoint                
8020276c  USBIntEnable                         
80202894  USBIntEnableControl                  
802029cc  USBIntEnableEndpoint                 
80202a4c  USBIntRegister                       
80202600  USBIntStatus                         
802028fc  USBIntStatusControl                  
80202a18  USBIntStatusEndpoint                 
80202a70  USBIntUnregister                     
[...]
80172ae4  CP15ICacheFlushBuff                  
80172b38  CP15Ttb0Set                          
80172b44  CP15TlbInvalidate                    
80172b50  CP15MMUDisable                       
80172b68  CP15MMUEnable                        
80172b7c  CP15VectorBaseAddrSet                
80172b88  CP15BranchPredictorInvalidate        
80172b94  CP15BranchPredictionEnable           
80172ba4  CP15BranchPredictionDisable          
80172bb4  CP15DomainAccessClientSet            
80172bc4  CP15ControlFeatureDisable            
80172bd8  CP15ControlFeatureEnable             
80172bec  CP15TtbCtlTtb0Config                 
80172bfc  CP15AuxControlFeatureEnable          
80172c10  CP15AuxControlFeatureDisable         
80172c24  CP15MainIdPrimPartNumGet             
80172c3c  disk_initialize                      
80172dc0  disk_status                          
80172dec  disk_read                            
80172ec0  disk_write                           
80172fcc  disk_ioctl                           
801730a8  I2CPinMuxSetup                       
80173104  I2C1ModuleClkConfig                  
8017326c  I2C0ModuleClkConfig                  
801734c0  Init_WAV                             
80173518  WAV_CalculateHeader                  
801738dc  IntRegister                          
80173900  IntUnRegister                        
80173920  IntAINTCInit                         
80173990  IntPrioritySet                       
801739c8  IntSystemEnable                      
801739fc  IntSystemDisable                     
80173a30  IntIfClkFreeRunSet                   
80173a44  IntIfClkAutoGateSet                  
80173a58  IntActiveIrqNumGet                   
80173a68  IntSpurIrqFlagGet                    
80173a7c  IntProtectionEnable                  
80173a8c  IntProtectionDisable                 
80173aa0  IntSyncClkFreeRunSet                 
80173ab4  IntSyncClkAutoGateSet                
80173ac8  IntFuncClkFreeRunSet                 
80173adc  IntFuncClkAutoGateSet                
80173af0  IntCurrIrqPriorityGet                
80173b00  IntPriorityThresholdGet              
80173b10  IntPriorityThresholdSet              
80173b30  IntRawStatusGet                      
80173b70  IntSoftwareIntSet                    
80173ba0  IntSoftwareIntClear                  
80173bd0  IntPendingIrqMaskedStatusGet         
80173c0c  IntMasterIRQEnable                   
80173c18  IntMasterIRQDisable                  
80173c24  IntMasterFIQEnable                   
80173c30  IntMasterFIQDisable                  
80173c3c  IntMasterStatusGet                   
80173c48  IntDisable                           
80173c60  IntEnable                            
80173cbc  McSPIPinMuxSetup                     
80173d40  McSPI0CSPinMuxSetup                  
80173dac  McSPI0ModuleClkConfig                
80173f08  McSPI1ModuleClkConfig                
8017409c  main                                 
801743ec  Init_RTC                             
8017445c  RTC_InterruptConfigure               
80174488  RTC_SetFlag                          
80174498  RTC_ClearFlag                        
801744a8  RTC_GetFlag                          
801744b4  RTC_SetTimeDate                      
80174598  RTC_GetTimeDate                      
80174674  RTC_ModuleClkConfig                  
80174728  TSCADCModuleClkConfig                
80174930  TSCADCPinMuxSetUp                    
80174a04  Init_LED                             
80174a10  LED_Show                             
80174ccc  Init_USB_Device                      
80174cdc  Init_USB0                            
80174cf4  USB_GetMSCDevice_EMMC_or_SD          
80174d00  USB_SetMSCDevice_EMMC_or_SD          
80174d1c  USB_InterruptConfigure0              
80174d6c  USB_InterruptEnable0                 
80174d98  USB_DMSCEventCallback0               
80174e0c  USB_SetMSCState0                     
80174e28  USB_GetMSCState0                     
80174e34  USB_SetUSBStatus0                    
80174e60  USB_GetUSBStatus0                    
80174e6c  USB_SetUSBStatusFlag0                
80174e7c  USB_ClearUSBStatusFlag0              
80174e8c  USB_GetUSBStatusFlag0                
80174e98  USB_SetUSBMSCFlag0                   
80174ea8  USB_ClearUSBMSCFlag0                 
80174eb8  USB_GetUSBMSCFlag0                   
80174ec4  USBDMSCEventCallback                 
80174f88  __aeabi_uldivmod                     
80175240  Init_ADC                             
801753f4  ADC_ConfigureInterrupt               
80175420  ADC_ReadChannels                     
8017549c  ADC_SetFinishedFlag                  
801754ac  ADC_ClearFinishedFlag                
801754bc  ADC_GetFinishedFlag                  
801754dc  Init_I2C                             
801754e8  Init_I2C_Module0                     
80175524  I2C_InterruptConfigure0              
80175550  I2C_SendReceiveData0                 
80175710  I2C_SetFailFlag0                     
80175720  I2C_ClearFailFlag0                   
80175730  I2C_GetFailFlag0                     
8017576c  RtcVersionGet                        
80175774  RTCModuleClkConfig                   
801759e0  Init_Timers                          
801759f4  Init_Timer2                          
80175a6c  Init_Timer3                          
80175ad8  TMR_CalculateReload                  
80175b2c  TMR_InterruptConfigure2              
80175b58  TMR_InterruptConfigure3              
80175b84  TMR_GetNewScreenTagTimerEnabled      
80175b90  TMR_SetNewScreenTagTimerEnabled      
80175bc8  TMR_ResetNewScreenTagTimer           
80175bd8  TMR_ResetAudioPlaybackTimer          
80175be8  TMR_ResetBacklightTimer              
80175bf8  TMR_SetMISCTimerFlag                 
80175c08  TMR_ClearMISCTimerFlag               
80175c18  TMR_GetMISCTimerFlag                 
80175c54  CPLDI2CRead                          
80175db0  CPLDI2CSetup                         
80175e14  EVMProfileGet                        
80175e74  Init_Test                            
80175ec4  TEST_Setpoint1                       
80175f00  TEST_Setpoint2                       
80175f3c  TEST_Setpoint3                       
80175f78  TEST_Togglepoint1                    
80175fc8  TEST_Togglepoint2                    
80176018  TEST_Togglepoint3                    
80176078  InitCMD                              
80176088  CMD_CheckMatch                       
801761f4  CMD_Help                             
80176204  CMD_SetNewCommand                    
80176214  CMD_ClearNewCommand                  
80176224  CMD_GetNewCommand                    
80176250  Init_EEPROM                          
80176268  EEPROM_ReadAddress                   
801762c4  EEPROM_WriteAddress                  
8017632c  EEPROM_ReadBuffer                    
801763a4  EEPROM_WriteBuffer                   
80176424  Init_PMIC                            
80176544  PMIC_ReadRegister                    
80176594  PMIC_WriteRegister                   
801765f4  Init_Modules                         
8017679c  _Dscale                              
80176944  GPIO1Pin23PinMuxSetup                
80176954  GPIO0ModuleClkConfig                 
80176a0c  GPIO1ModuleClkConfig                 
80176a74  GPIO1PinMuxSetup                     
80176a94  GpioPinMuxSetup                      
80176ae4  __aeabi_memcpy                       
80176ae4  __aeabi_memcpy4                      
80176ae4  __aeabi_memcpy8                      
80176ae4  memcpy                               
80176c64  _Dnorm                               
80176dc4  InternalUSBTickInit                  
80176e38  InternalUSBRegisterTickHandler       
80176e70  InternalUSBStartOfFrameTick          
80176f08  Init_Power                           
80176f14  PWR_ReadVoltages                     
80177044  __aeabi_idiv                         
80177044  __aeabi_idivmod                      
80177174  SVC_Handler                          
8017719c  IRQHandler                           
80177248  FIQHandler                           
8017724c  AbortHandler                         
8017724c  UndefInstHandler                     
80177264  USB0DeviceIntHandler                 
801772dc  USB1DeviceIntHandler                 
8017735c  __aeabi_uidiv                        
8017735c  __aeabi_uidivmod                     
8017744c  SysDelayTimerSetup                   
80177464  Sysdelay                             
801774c4  SysStartTimer                        
801774f0  SysStopTimer                         
80177500  SysIsTimerElapsed                    
8017753c  MMU_ConfigAndEnable                  
80177610  _Dunscale                            
801776c8  __aeabi_memclr                       
801776c8  __aeabi_memclr4                      
801776c8  __aeabi_memclr8                      
801776cc  __aeabi_memset                       
801776cc  __aeabi_memset4                      
801776cc  __aeabi_memset8                      
801776d8  memset                               
80177778  sprintf                              
80177820  __TI_auto_init                       
801778c4  HSMMCSDPinMuxSetup                   
8017791c  HSMMCSDModuleClkConfig               
80177964  atoi                                 
801779e8  copy_in                              
80177a6c  start_boot                           
80177af0  ltoa                                 
80177b70  ldexp                                
80177bd8  signal                               
80177c3c  CPUSwitchToPrivilegedMode            
80177c44  CPUSwitchToUserMode                  
80177c58  CPUAbortHandler                      
80177c5c  CPUirqd                              
80177c6c  CPUirqe                              
80177c7c  CPUfiqd                              
80177c8c  CPUfiqe                              
80177c9c  feraiseexcept                        
80177cf4  DelayTimerSetup                      
80177d00  delay                                
80177d14  StartTimer                           
80177d28  StopTimer                            
80177d34  IsTimerElapsed                       
80177d40  raise                                
80177d8c  _Dclass                              
80177dd4  _Feraise                             
80177e18  memcmp                               
80177e4c  frexp                                
80177e7c  memccpy                              
80177ea8  strchr                               
80177ed0  _register_unlock                     
80177edc  _register_lock                       
80177ee8  _nop                                 
80177ef4  __aeabi_llsr                         
80177f18  strlen                               
80177f34  CPUIntStatus                         
80177f40  __aeabi_idiv0                        
801780a8  WAV_PostComplete                     
8017bd64  Screens                              
8017c314  _Errno                               
8017c318  _Denorm                              
8017c328  _Eps                                 
8017c338  _Hugeval                             
8017c348  _Inf                                 
8017c358  _Nan                                 
8017c368  _Snan                                
8017c378  _Rteps                               
8017c388  _Xbig                                
8017c390  _Zero                                
8017c398  WAV_Files                            
8017c44b  NumCommand                           
8017c44c  g_sMSCDeviceInfo                     
8017c4c4  intStatus                            
8017c4c8  g_bytesRead                          
8017c4cc  g_bytesWritten                       
8017c4de  gDMAflag                             
8017c4ec  g_psMSCSections                      
8017c4f6  RAM_CMD_Offset                       
8017c4f8  FT_DispWidth                         
8017c4fa  FT_DispHeight                        
8017c4fc  FT_DispHCycle                        
8017c4fe  FT_DispHOffset                       
8017c500  FT_DispHSync0                        
8017c502  FT_DispHSync1                        
8017c504  FT_DispVCycle                        
8017c506  FT_DispVOffset                       
8017c508  FT_DispVSync0                        
8017c50a  FT_DispVSync1                        
8017c50c  FT_DispPCLK                          
8017c50e  FT_DispSwizzle                       
8017c510  FT_DispPCLKPol                       
8017c512  FT_DispCSpread                       
8017c514  FT_DispDither                        
8017c516  BackLightSetting                     
8017c517  CurrentSystemSettings                
8017c53c  AudioBytesTransferred                
8017c540  AUD_AudioTimeoutCount                
8017c544  LastWritePointerAddress              
8017c54c  TMR_NewScreenTagTimer                
8017c550  TMR_AudioPlaybackTimer               
8017c554  TMR_BacklightTimer                   
8017c55a  DefaultTimeDate                      
8017c564  UART_RX_place                        
8017c568  UART_TX_add                          
8017c56c  UART_TX_remove                       
8017c573  USBChangeStatusFlag0                 
8017c574  USBMSCFlag0                          
8017c578  g_bufferIndex                        
8017c57c  g_bUSBTimerInitialized               
8017c580  g_ulCurrentUSBTick                   
8017c584  g_ulUSBSOFCount                      
8017c588  g_ulMSCInstance                      
8017c590  _lock                                
8017c594  _unlock                              
8017c598  _Fenv                                
8017c59c  _Tls_setup__Fenv                     
80200000  USBDCDInit                           
802002e4  USBDCDTerm                           
80200400  USBDCDRequestDataEP0                 
80200478  USBDCDSendDataEP0                    
802004dc  USBDCDSetDefaultConfiguration        
80200508  USBDCDStallEP0                       
8020054c  USBDCDPowerStatusSet                 
802005b4  USBDCDRemoteWakeupRequest            
80200650  USBDeviceResumeTickHandler           
80200874  USBDeviceEnumHandler                 
80200aec  USBDeviceEnumResetHandler            
80202178  USBDeviceIntHandlerInternal          
802024e8  USBHostSuspend                       
8020250c  USBHostReset                         
80202558  USBHostResume                        
802025a4  USBHostSpeedGet                      
80202600  USBIntStatus                         
802026b0  USBIntDisable                        
8020276c  USBIntEnable                         
80202828  USBIntDisableControl                 
80202894  USBIntEnableControl                  
802028fc  USBIntStatusControl                  
80202980  USBIntDisableEndpoint                
802029cc  USBIntEnableEndpoint                 
80202a18  USBIntStatusEndpoint                 
80202a4c  USBIntRegister                       
80202a70  USBIntUnregister                     
80202a80  USBEndpointStatus                    
80202ad0  USBHostEndpointStatusClear           
80202b5c  USBDevEndpointStatusClear            
80202c40  USBHostEndpointDataToggle            
80202d48  USBEndpointDataToggleClear           
80202db0  USBDevEndpointStall                  
80202e40  USBDevEndpointStallClear             
80202f10  USBDevConnect                        
80202f34  USBDevDisconnect                     
80202f58  USBDevAddrSet                        
80202f78  USBDevAddrGet                        
80202f90  USBHostEndpointConfig                
802031f8  USBDevEndpointConfigSet              
80203378  USBDevEndpointConfigGet              
80203528  USBFIFOConfigSet                     
802035e0  USBFIFOConfigGet                     
80203698  USBEndpointDMAEnable                 
80203700  USBEndpointDMADisable                
80203768  USBEndpointDataAvail                 
802037d4  USBEndpointDataGet                   
802038e0  USBDevEndpointDataAck                
8020394c  USBHostEndpointDataAck               
802039a8  USBEndpointDataPut                   
80203a58  USBEndpointDataSend                  
80203ad0  USBFIFOFlush                         
80203b94  USBHostRequestIN                     
80203be0  USBHostRequestINClear                
80203c34  USBHostAutoReqSet                    
80203c88  USBHostAutoReqClear                  
80203cdc  USBRxChAbort                         
80203ddc  USBDmaTxChDisable                    
80203e34  USBDmaTxChTeardown                   
80203ecc  USBHostTxFifoFlush                   
80203fb0  USBHostRequestStatus                 
80203fcc  USBHostAddrSet                       
80204020  USBHostAddrGet                       
80204068  USBHostHubAddrSet                    
802040bc  USBHostHubAddrGet                    
80204104  USBHostPwrConfig                     
80204150  USBHostPwrFaultEnable                
80204174  USBHostPwrFaultDisable               
80204198  USBHostPwrEnable                     
802041bc  USBHostPwrDisable                    
802041e0  USBFrameNumberGet                    
802041f8  USBOTGSessionRequest                 
80204244  USBFIFOAddrGet                       
80204268  USBModeGet                           
80204284  USBEndpointDMAChannel                
802042ec  USBEnableOtgIntr                     
80204324  USBReset                             
80204368  USBClearOtgIntr                      
80204394  USBDMSCMediaChange                   
80204a5c  USBDMSCInit                          
80204a90  USBDMSCCompositeInit                 
80204db8  USBDMSCTerm                          
80205b80  USBDSCSICommand                      
802060d4  USBDeviceConfig                      
80206594  USBDeviceConfigAlternate             
802068e0  USBDCDConfigDescGetSize              
80206948  USBDCDConfigDescGetNum               
802069d4  USBDCDConfigDescGet                  
80206ad4  USBDCDConfigGetNumAlternateInterfaces
80206b70  USBDCDConfigGetInterface             
80206bc8  USBDCDConfigGetInterfaceEndpoint     
80206c9c  USBDescGetNum                        
80206d48  USBDescGet                           
80206e10  USBDescGetNumAlternateInterfaces     
80206f8c  USBDescGetInterface                  
80206fe8  USBDescGetInterfaceEndpoint          
8020702c  MMUInit                              
8020708c  MMUMemRegionMap                      
8020717c  MMUEnable                            
80207198  CacheDisable                         
802071dc  CacheEnable                          
80207228  CacheInstInvalidateAll               
80207234  CacheInstInvalidateBuff              
80207250  CacheDataCleanInvalidateAll          
8020725c  CacheDataCleanAll                    
80207268  CacheDataInvalidateAll               
80207274  CacheDataCleanBuff                   
80207290  CacheDataInvalidateBuff              
802072ac  CacheDataCleanInvalidateBuff         
802072c8  USBDMSCStorageOpen                   
802072e8  USBDMSCStorageClose                  
80207304  USBDMSCStorageRead                   
802073bc  USBDMSCStorageWrite                  
80207474  USBDMSCStorageNumBlocks              
80207524  USBVersionGet                        
8020752c  USB0ModuleClkConfig                  
80207574  USBEnableInt                         
8020759c  USBClearInt                          
802075ac  USBModuleClkEnable                   
802075c0  USBModuleClkDisable                  
802075e8  UsbPhyOn                             
80207650  UsbPhyOff                            
9ffff000  __stack                              
9ffff200  __STACK_END                          
ffffffff  __binit__                            
ffffffff  __c_args__                           
ffffffff  binit                                
UNDEFED   SHT$$INIT_ARRAY$$Base                
UNDEFED   SHT$$INIT_ARRAY$$Limit               
UNDEFED   __TI_CINIT_Base                      
UNDEFED   __TI_CINIT_Limit                     
UNDEFED   __TI_Handler_Table_Base              
UNDEFED   __TI_Handler_Table_Limit             

[1177 symbols]
