<?xml version="1.0"?>
<link_info>
   <banner>TI ARM Linker PC v5.2.6</banner>
   <copyright>Copyright (c) 1996-2015 Texas Instruments Incorporated</copyright>
   <link_time>0x571131d0</link_time>
   <link_errors>0x0</link_errors>
   <output_file>bootloader.out</output_file>
   <entry_point>
      <name>Entry</name>
      <address>0x402f0400</address>
   </entry_point>
   <input_file_list>
      <input_file id="fl-2">
         <path>.\</path>
         <kind>object</kind>
         <file>bl_copy.obj</file>
         <name>bl_copy.obj</name>
      </input_file>
      <input_file id="fl-3">
         <path>.\</path>
         <kind>object</kind>
         <file>bl_hsmmcsd.obj</file>
         <name>bl_hsmmcsd.obj</name>
      </input_file>
      <input_file id="fl-4">
         <path>.\</path>
         <kind>object</kind>
         <file>bl_init.obj</file>
         <name>bl_init.obj</name>
      </input_file>
      <input_file id="fl-5">
         <path>.\</path>
         <kind>object</kind>
         <file>bl_main.obj</file>
         <name>bl_main.obj</name>
      </input_file>
      <input_file id="fl-6">
         <path>.\</path>
         <kind>object</kind>
         <file>bl_platform.obj</file>
         <name>bl_platform.obj</name>
      </input_file>
      <input_file id="fl-7">
         <path>.\</path>
         <kind>object</kind>
         <file>cache.obj</file>
         <name>cache.obj</name>
      </input_file>
      <input_file id="fl-8">
         <path>.\</path>
         <kind>object</kind>
         <file>cp15.obj</file>
         <name>cp15.obj</name>
      </input_file>
      <input_file id="fl-9">
         <path>.\</path>
         <kind>object</kind>
         <file>device.obj</file>
         <name>device.obj</name>
      </input_file>
      <input_file id="fl-a">
         <path>.\</path>
         <kind>object</kind>
         <file>fat_mmcsd.obj</file>
         <name>fat_mmcsd.obj</name>
      </input_file>
      <input_file id="fl-b">
         <path>.\</path>
         <kind>object</kind>
         <file>ff.obj</file>
         <name>ff.obj</name>
      </input_file>
      <input_file id="fl-c">
         <path>.\</path>
         <kind>object</kind>
         <file>mmu.obj</file>
         <name>mmu.obj</name>
      </input_file>
      <input_file id="fl-d">
         <path>.\AM335X_StarterWare_02_00_01_01\usblib\</path>
         <kind>object</kind>
         <file>usbbuffer.obj</file>
         <name>usbbuffer.obj</name>
      </input_file>
      <input_file id="fl-e">
         <path>.\AM335X_StarterWare_02_00_01_01\usblib\</path>
         <kind>object</kind>
         <file>usbdata.obj</file>
         <name>usbdata.obj</name>
      </input_file>
      <input_file id="fl-f">
         <path>.\AM335X_StarterWare_02_00_01_01\usblib\</path>
         <kind>object</kind>
         <file>usbdesc.obj</file>
         <name>usbdesc.obj</name>
      </input_file>
      <input_file id="fl-10">
         <path>.\AM335X_StarterWare_02_00_01_01\usblib\</path>
         <kind>object</kind>
         <file>usbkeyboardmap.obj</file>
         <name>usbkeyboardmap.obj</name>
      </input_file>
      <input_file id="fl-11">
         <path>.\AM335X_StarterWare_02_00_01_01\usblib\</path>
         <kind>object</kind>
         <file>usbringbuf.obj</file>
         <name>usbringbuf.obj</name>
      </input_file>
      <input_file id="fl-12">
         <path>.\AM335X_StarterWare_02_00_01_01\usblib\</path>
         <kind>object</kind>
         <file>usbtick.obj</file>
         <name>usbtick.obj</name>
      </input_file>
      <input_file id="fl-13">
         <path>.\AM335X_StarterWare_02_00_01_01\usblib\host\</path>
         <kind>object</kind>
         <file>usbhhid.obj</file>
         <name>usbhhid.obj</name>
      </input_file>
      <input_file id="fl-14">
         <path>.\AM335X_StarterWare_02_00_01_01\usblib\host\</path>
         <kind>object</kind>
         <file>usbhhidkeyboard.obj</file>
         <name>usbhhidkeyboard.obj</name>
      </input_file>
      <input_file id="fl-15">
         <path>.\AM335X_StarterWare_02_00_01_01\usblib\host\</path>
         <kind>object</kind>
         <file>usbhhidmouse.obj</file>
         <name>usbhhidmouse.obj</name>
      </input_file>
      <input_file id="fl-16">
         <path>.\AM335X_StarterWare_02_00_01_01\usblib\host\</path>
         <kind>object</kind>
         <file>usbhmsc.obj</file>
         <name>usbhmsc.obj</name>
      </input_file>
      <input_file id="fl-17">
         <path>.\AM335X_StarterWare_02_00_01_01\usblib\host\</path>
         <kind>object</kind>
         <file>usbhostenum.obj</file>
         <name>usbhostenum.obj</name>
      </input_file>
      <input_file id="fl-18">
         <path>.\AM335X_StarterWare_02_00_01_01\usblib\host\</path>
         <kind>object</kind>
         <file>usbhscsi.obj</file>
         <name>usbhscsi.obj</name>
      </input_file>
      <input_file id="fl-19">
         <path>.\AM335X_StarterWare_02_00_01_01\usblib\device\</path>
         <kind>object</kind>
         <file>usbdbulk.obj</file>
         <name>usbdbulk.obj</name>
      </input_file>
      <input_file id="fl-1a">
         <path>.\AM335X_StarterWare_02_00_01_01\usblib\device\</path>
         <kind>object</kind>
         <file>usbdcdc.obj</file>
         <name>usbdcdc.obj</name>
      </input_file>
      <input_file id="fl-1b">
         <path>.\AM335X_StarterWare_02_00_01_01\usblib\device\</path>
         <kind>object</kind>
         <file>usbdcdesc.obj</file>
         <name>usbdcdesc.obj</name>
      </input_file>
      <input_file id="fl-1c">
         <path>.\AM335X_StarterWare_02_00_01_01\usblib\device\</path>
         <kind>object</kind>
         <file>usbdcomp.obj</file>
         <name>usbdcomp.obj</name>
      </input_file>
      <input_file id="fl-1d">
         <path>.\AM335X_StarterWare_02_00_01_01\usblib\device\</path>
         <kind>object</kind>
         <file>usbdconfig.obj</file>
         <name>usbdconfig.obj</name>
      </input_file>
      <input_file id="fl-1e">
         <path>.\AM335X_StarterWare_02_00_01_01\usblib\device\</path>
         <kind>object</kind>
         <file>usbdenum.obj</file>
         <name>usbdenum.obj</name>
      </input_file>
      <input_file id="fl-1f">
         <path>.\AM335X_StarterWare_02_00_01_01\usblib\device\</path>
         <kind>object</kind>
         <file>usbdhandler.obj</file>
         <name>usbdhandler.obj</name>
      </input_file>
      <input_file id="fl-20">
         <path>.\AM335X_StarterWare_02_00_01_01\usblib\device\</path>
         <kind>object</kind>
         <file>usbdhid.obj</file>
         <name>usbdhid.obj</name>
      </input_file>
      <input_file id="fl-21">
         <path>.\AM335X_StarterWare_02_00_01_01\usblib\device\</path>
         <kind>object</kind>
         <file>usbdhidmouse.obj</file>
         <name>usbdhidmouse.obj</name>
      </input_file>
      <input_file id="fl-22">
         <path>.\AM335X_StarterWare_02_00_01_01\usblib\device\</path>
         <kind>object</kind>
         <file>usbdmsc.obj</file>
         <name>usbdmsc.obj</name>
      </input_file>
      <input_file id="fl-23">
         <path>.\AM335X_StarterWare_02_00_01_01\third_party\xmodem\</path>
         <kind>object</kind>
         <file>crc16.obj</file>
         <name>crc16.obj</name>
      </input_file>
      <input_file id="fl-24">
         <path>.\AM335X_StarterWare_02_00_01_01\third_party\xmodem\</path>
         <kind>object</kind>
         <file>xmodem.obj</file>
         <name>xmodem.obj</name>
      </input_file>
      <input_file id="fl-25">
         <path>.\AM335X_StarterWare_02_00_01_01\mmcsdlib\</path>
         <kind>object</kind>
         <file>hs_mmcsdlib.obj</file>
         <name>hs_mmcsdlib.obj</name>
      </input_file>
      <input_file id="fl-26">
         <path>.\AM335X_StarterWare_02_00_01_01\mmcsdlib\</path>
         <kind>object</kind>
         <file>mmcsd_proto.obj</file>
         <name>mmcsd_proto.obj</name>
      </input_file>
      <input_file id="fl-34">
         <path>..\AM335X_StarterWare_02_00_01_01\binary\armv7a\cgt_ccs\utils\Release\</path>
         <kind>archive</kind>
         <file>utils.lib</file>
         <name>uartStdio.obj</name>
      </input_file>
      <input_file id="fl-35">
         <path>..\AM335X_StarterWare_02_00_01_01\binary\armv7a\cgt_ccs\utils\Release\</path>
         <kind>archive</kind>
         <file>utils.lib</file>
         <name>delay.obj</name>
      </input_file>
      <input_file id="fl-36">
         <path>..\AM335X_StarterWare_02_00_01_01\binary\armv7a\cgt_ccs\utils\Release\</path>
         <kind>archive</kind>
         <file>utils.lib</file>
         <name>board.obj</name>
      </input_file>
      <input_file id="fl-37">
         <path>..\AM335X_StarterWare_02_00_01_01\binary\armv7a\cgt_ccs\utils\Release\</path>
         <kind>archive</kind>
         <file>utils.lib</file>
         <name>ascii.obj</name>
      </input_file>
      <input_file id="fl-38">
         <path>..\AM335X_StarterWare_02_00_01_01\binary\armv7a\cgt_ccs\am335x\system_config\Release\</path>
         <kind>archive</kind>
         <file>system.lib</file>
         <name>startup.obj</name>
      </input_file>
      <input_file id="fl-39">
         <path>..\AM335X_StarterWare_02_00_01_01\binary\armv7a\cgt_ccs\am335x\system_config\Release\</path>
         <kind>archive</kind>
         <file>system.lib</file>
         <name>interrupt.obj</name>
      </input_file>
      <input_file id="fl-3a">
         <path>..\AM335X_StarterWare_02_00_01_01\binary\armv7a\cgt_ccs\am335x\system_config\Release\</path>
         <kind>archive</kind>
         <file>system.lib</file>
         <name>exceptionhandler.obj</name>
      </input_file>
      <input_file id="fl-3b">
         <path>..\AM335X_StarterWare_02_00_01_01\binary\armv7a\cgt_ccs\am335x\system_config\Release\</path>
         <kind>archive</kind>
         <file>system.lib</file>
         <name>cpu.obj</name>
      </input_file>
      <input_file id="fl-3c">
         <path>..\AM335X_StarterWare_02_00_01_01\binary\armv7a\cgt_ccs\am335x\drivers\Release\</path>
         <kind>archive</kind>
         <file>drivers.lib</file>
         <name>usbphyGS70.obj</name>
      </input_file>
      <input_file id="fl-3d">
         <path>..\AM335X_StarterWare_02_00_01_01\binary\armv7a\cgt_ccs\am335x\drivers\Release\</path>
         <kind>archive</kind>
         <file>drivers.lib</file>
         <name>usb.obj</name>
      </input_file>
      <input_file id="fl-3e">
         <path>..\AM335X_StarterWare_02_00_01_01\binary\armv7a\cgt_ccs\am335x\drivers\Release\</path>
         <kind>archive</kind>
         <file>drivers.lib</file>
         <name>uart_irda_cir.obj</name>
      </input_file>
      <input_file id="fl-3f">
         <path>..\AM335X_StarterWare_02_00_01_01\binary\armv7a\cgt_ccs\am335x\drivers\Release\</path>
         <kind>archive</kind>
         <file>drivers.lib</file>
         <name>hsi2c.obj</name>
      </input_file>
      <input_file id="fl-40">
         <path>..\AM335X_StarterWare_02_00_01_01\binary\armv7a\cgt_ccs\am335x\drivers\Release\</path>
         <kind>archive</kind>
         <file>drivers.lib</file>
         <name>hs_mmcsd.obj</name>
      </input_file>
      <input_file id="fl-41">
         <path>..\AM335X_StarterWare_02_00_01_01\binary\armv7a\cgt_ccs\am335x\beaglebone\platform\Release\</path>
         <kind>archive</kind>
         <file>platform.lib</file>
         <name>usb.obj</name>
      </input_file>
      <input_file id="fl-42">
         <path>..\AM335X_StarterWare_02_00_01_01\binary\armv7a\cgt_ccs\am335x\beaglebone\platform\Release\</path>
         <kind>archive</kind>
         <file>platform.lib</file>
         <name>uartConsole.obj</name>
      </input_file>
      <input_file id="fl-43">
         <path>..\AM335X_StarterWare_02_00_01_01\binary\armv7a\cgt_ccs\am335x\beaglebone\platform\Release\</path>
         <kind>archive</kind>
         <file>platform.lib</file>
         <name>uart.obj</name>
      </input_file>
      <input_file id="fl-44">
         <path>..\AM335X_StarterWare_02_00_01_01\binary\armv7a\cgt_ccs\am335x\beaglebone\platform\Release\</path>
         <kind>archive</kind>
         <file>platform.lib</file>
         <name>sysdelay.obj</name>
      </input_file>
      <input_file id="fl-45">
         <path>..\AM335X_StarterWare_02_00_01_01\binary\armv7a\cgt_ccs\am335x\beaglebone\platform\Release\</path>
         <kind>archive</kind>
         <file>platform.lib</file>
         <name>hsi2c.obj</name>
      </input_file>
      <input_file id="fl-46">
         <path>..\AM335X_StarterWare_02_00_01_01\binary\armv7a\cgt_ccs\am335x\beaglebone\platform\Release\</path>
         <kind>archive</kind>
         <file>platform.lib</file>
         <name>hs_mmcsd.obj</name>
      </input_file>
      <input_file id="fl-47">
         <path>..\AM335X_StarterWare_02_00_01_01\binary\armv7a\cgt_ccs\am335x\beaglebone\platform\Release\</path>
         <kind>archive</kind>
         <file>platform.lib</file>
         <name>eeprom.obj</name>
      </input_file>
      <input_file id="fl-48">
         <path>..\AM335X_StarterWare_02_00_01_01\binary\armv7a\cgt_ccs\am335x\beaglebone\platform\Release\</path>
         <kind>archive</kind>
         <file>platform.lib</file>
         <name>dmtimer.obj</name>
      </input_file>
      <input_file id="fl-49">
         <path>..\AM335X_StarterWare_02_00_01_01\binary\armv7a\cgt_ccs\am335x\beaglebone\platform\Release\</path>
         <kind>archive</kind>
         <file>platform.lib</file>
         <name>board.obj</name>
      </input_file>
      <input_file id="fl-4a">
         <path>..\AM335X_StarterWare_02_00_01_01\binary\armv7a\cgt_ccs\am335x\drivers\Release\</path>
         <kind>archive</kind>
         <file>drivers.lib</file>
         <name>dmtimer.obj</name>
      </input_file>
      <input_file id="fl-16c">
         <path>C:\ti\ccsv6\tools\compiler\ti-cgt-arm_5.2.6\lib\</path>
         <kind>archive</kind>
         <file>rtsv7A8_A_le_n_eabi.lib</file>
         <name>autoinit.obj</name>
      </input_file>
      <input_file id="fl-16d">
         <path>C:\ti\ccsv6\tools\compiler\ti-cgt-arm_5.2.6\lib\</path>
         <kind>archive</kind>
         <file>rtsv7A8_A_le_n_eabi.lib</file>
         <name>boot.obj</name>
      </input_file>
      <input_file id="fl-16e">
         <path>C:\ti\ccsv6\tools\compiler\ti-cgt-arm_5.2.6\lib\</path>
         <kind>archive</kind>
         <file>rtsv7A8_A_le_n_eabi.lib</file>
         <name>cpy_tbl.obj</name>
      </input_file>
      <input_file id="fl-16f">
         <path>C:\ti\ccsv6\tools\compiler\ti-cgt-arm_5.2.6\lib\</path>
         <kind>archive</kind>
         <file>rtsv7A8_A_le_n_eabi.lib</file>
         <name>exit.obj</name>
      </input_file>
      <input_file id="fl-170">
         <path>C:\ti\ccsv6\tools\compiler\ti-cgt-arm_5.2.6\lib\</path>
         <kind>archive</kind>
         <file>rtsv7A8_A_le_n_eabi.lib</file>
         <name>memcmp.obj</name>
      </input_file>
      <input_file id="fl-171">
         <path>C:\ti\ccsv6\tools\compiler\ti-cgt-arm_5.2.6\lib\</path>
         <kind>archive</kind>
         <file>rtsv7A8_A_le_n_eabi.lib</file>
         <name>memcpy32.obj</name>
      </input_file>
      <input_file id="fl-172">
         <path>C:\ti\ccsv6\tools\compiler\ti-cgt-arm_5.2.6\lib\</path>
         <kind>archive</kind>
         <file>rtsv7A8_A_le_n_eabi.lib</file>
         <name>memset32.obj</name>
      </input_file>
      <input_file id="fl-173">
         <path>C:\ti\ccsv6\tools\compiler\ti-cgt-arm_5.2.6\lib\</path>
         <kind>archive</kind>
         <file>rtsv7A8_A_le_n_eabi.lib</file>
         <name>pre_init.obj</name>
      </input_file>
      <input_file id="fl-174">
         <path>C:\ti\ccsv6\tools\compiler\ti-cgt-arm_5.2.6\lib\</path>
         <kind>archive</kind>
         <file>rtsv7A8_A_le_n_eabi.lib</file>
         <name>stkdepth_vars.obj</name>
      </input_file>
      <input_file id="fl-175">
         <path>C:\ti\ccsv6\tools\compiler\ti-cgt-arm_5.2.6\lib\</path>
         <kind>archive</kind>
         <file>rtsv7A8_A_le_n_eabi.lib</file>
         <name>strcmp.obj</name>
      </input_file>
      <input_file id="fl-176">
         <path>C:\ti\ccsv6\tools\compiler\ti-cgt-arm_5.2.6\lib\</path>
         <kind>archive</kind>
         <file>rtsv7A8_A_le_n_eabi.lib</file>
         <name>strncmp.obj</name>
      </input_file>
      <input_file id="fl-177">
         <path>C:\ti\ccsv6\tools\compiler\ti-cgt-arm_5.2.6\lib\</path>
         <kind>archive</kind>
         <file>rtsv7A8_A_le_n_eabi.lib</file>
         <name>u_div32.obj</name>
      </input_file>
      <input_file id="fl-178">
         <path>C:\ti\ccsv6\tools\compiler\ti-cgt-arm_5.2.6\lib\</path>
         <kind>archive</kind>
         <file>rtsv7A8_A_le_n_eabi.lib</file>
         <name>_lock.obj</name>
      </input_file>
      <input_file id="fl-179">
         <path>C:\ti\ccsv6\tools\compiler\ti-cgt-arm_5.2.6\lib\</path>
         <kind>archive</kind>
         <file>rtsv7A8_A_le_n_eabi.lib</file>
         <name>args_main.obj</name>
      </input_file>
      <input_file id="fl-17a">
         <path>C:\ti\ccsv6\tools\compiler\ti-cgt-arm_5.2.6\lib\</path>
         <kind>archive</kind>
         <file>rtsv7A8_A_le_n_eabi.lib</file>
         <name>i_div0.obj</name>
      </input_file>
   </input_file_list>
   <object_component_list>
      <object_component id="oc-a">
         <name>.text</name>
         <load_address>0x402f0400</load_address>
         <run_address>0x402f0400</run_address>
         <size>0x88</size>
         <input_file_ref idref="fl-4"/>
      </object_component>
      <object_component id="oc-fd">
         <name>.text</name>
         <load_address>0x402f0488</load_address>
         <run_address>0x402f0488</run_address>
         <size>0x3638</size>
         <input_file_ref idref="fl-b"/>
      </object_component>
      <object_component id="oc-1d">
         <name>.text</name>
         <load_address>0x402f3ac0</load_address>
         <run_address>0x402f3ac0</run_address>
         <size>0x1450</size>
         <input_file_ref idref="fl-6"/>
      </object_component>
      <object_component id="oc-23">
         <name>.text</name>
         <load_address>0x402f4f10</load_address>
         <run_address>0x402f4f10</run_address>
         <size>0xf2c</size>
         <input_file_ref idref="fl-34"/>
      </object_component>
      <object_component id="oc-d0">
         <name>.text</name>
         <load_address>0x402f5e3c</load_address>
         <run_address>0x402f5e3c</run_address>
         <size>0xe8c</size>
         <input_file_ref idref="fl-3e"/>
      </object_component>
      <object_component id="oc-103">
         <name>.text</name>
         <load_address>0x402f6cc8</load_address>
         <run_address>0x402f6cc8</run_address>
         <size>0xd38</size>
         <input_file_ref idref="fl-26"/>
      </object_component>
      <object_component id="oc-6d">
         <name>.text</name>
         <load_address>0x402f7a00</load_address>
         <run_address>0x402f7a00</run_address>
         <size>0x848</size>
         <input_file_ref idref="fl-3"/>
      </object_component>
      <object_component id="oc-f7">
         <name>.text</name>
         <load_address>0x402f8248</load_address>
         <run_address>0x402f8248</run_address>
         <size>0x580</size>
         <input_file_ref idref="fl-40"/>
      </object_component>
      <object_component id="oc-52">
         <name>.text</name>
         <load_address>0x402f87c8</load_address>
         <run_address>0x402f87c8</run_address>
         <size>0x4c8</size>
         <input_file_ref idref="fl-3f"/>
      </object_component>
      <object_component id="oc-1f1">
         <name>.text</name>
         <load_address>0x402f8c90</load_address>
         <run_address>0x402f8c90</run_address>
         <size>0x488</size>
         <input_file_ref idref="fl-8"/>
      </object_component>
      <object_component id="oc-10f">
         <name>.text</name>
         <load_address>0x402f9118</load_address>
         <run_address>0x402f9118</run_address>
         <size>0x420</size>
         <input_file_ref idref="fl-25"/>
      </object_component>
      <object_component id="oc-4c">
         <name>.text</name>
         <load_address>0x402f9538</load_address>
         <run_address>0x402f9538</run_address>
         <size>0x2fc</size>
         <input_file_ref idref="fl-45"/>
      </object_component>
      <object_component id="oc-82">
         <name>.text</name>
         <load_address>0x402f9834</load_address>
         <run_address>0x402f9834</run_address>
         <size>0x290</size>
         <input_file_ref idref="fl-37"/>
      </object_component>
      <object_component id="oc-182">
         <name>.text</name>
         <load_address>0x402f9ac4</load_address>
         <run_address>0x402f9ac4</run_address>
         <size>0x210</size>
         <input_file_ref idref="fl-a"/>
      </object_component>
      <object_component id="oc-de">
         <name>.text</name>
         <load_address>0x402f9cd4</load_address>
         <run_address>0x402f9cd4</run_address>
         <size>0x1dc</size>
         <input_file_ref idref="fl-47"/>
      </object_component>
      <object_component id="oc-d6">
         <name>.text</name>
         <load_address>0x402f9eb0</load_address>
         <run_address>0x402f9eb0</run_address>
         <size>0x1c4</size>
         <input_file_ref idref="fl-43"/>
      </object_component>
      <object_component id="oc-a6">
         <name>.text</name>
         <load_address>0x402fa074</load_address>
         <run_address>0x402fa074</run_address>
         <size>0x180</size>
         <input_file_ref idref="fl-171"/>
      </object_component>
      <object_component id="oc-19d">
         <name>.text</name>
         <load_address>0x402fa1f4</load_address>
         <run_address>0x402fa1f4</run_address>
         <size>0x130</size>
         <input_file_ref idref="fl-7"/>
      </object_component>
      <object_component id="oc-61">
         <name>.text</name>
         <load_address>0x402fa324</load_address>
         <run_address>0x402fa324</run_address>
         <size>0x10c</size>
         <input_file_ref idref="fl-42"/>
      </object_component>
      <object_component id="oc-7d">
         <name>.text</name>
         <load_address>0x402fa430</load_address>
         <run_address>0x402fa430</run_address>
         <size>0xf0</size>
         <input_file_ref idref="fl-177"/>
      </object_component>
      <object_component id="oc-10">
         <name>.text</name>
         <load_address>0x402fa520</load_address>
         <run_address>0x402fa520</run_address>
         <size>0xc4</size>
         <input_file_ref idref="fl-5"/>
      </object_component>
      <object_component id="oc-88">
         <name>.text</name>
         <load_address>0x402fa5e4</load_address>
         <run_address>0x402fa5e4</run_address>
         <size>0xb0</size>
         <input_file_ref idref="fl-172"/>
      </object_component>
      <object_component id="oc-67">
         <name>.text</name>
         <load_address>0x402fa694</load_address>
         <run_address>0x402fa694</run_address>
         <size>0xb0</size>
         <input_file_ref idref="fl-36"/>
      </object_component>
      <object_component id="oc-16">
         <name>.text</name>
         <load_address>0x402fa744</load_address>
         <run_address>0x402fa744</run_address>
         <size>0xa4</size>
         <input_file_ref idref="fl-16c"/>
      </object_component>
      <object_component id="oc-e4">
         <name>.text</name>
         <load_address>0x402fa7e8</load_address>
         <run_address>0x402fa7e8</run_address>
         <size>0x90</size>
         <input_file_ref idref="fl-49"/>
      </object_component>
      <object_component id="oc-3e">
         <name>.text</name>
         <load_address>0x402fa878</load_address>
         <run_address>0x402fa878</run_address>
         <size>0x84</size>
         <input_file_ref idref="fl-16e"/>
      </object_component>
      <object_component id="oc-5b">
         <name>.text</name>
         <load_address>0x402fa8fc</load_address>
         <run_address>0x402fa8fc</run_address>
         <size>0x58</size>
         <input_file_ref idref="fl-46"/>
      </object_component>
      <object_component id="oc-46">
         <name>.text</name>
         <load_address>0x402fa954</load_address>
         <run_address>0x402fa954</run_address>
         <size>0x38</size>
         <input_file_ref idref="fl-9"/>
      </object_component>
      <object_component id="oc-168">
         <name>.text</name>
         <load_address>0x402fa98c</load_address>
         <run_address>0x402fa98c</run_address>
         <size>0x38</size>
         <input_file_ref idref="fl-176"/>
      </object_component>
      <object_component id="oc-188">
         <name>.text</name>
         <load_address>0x402fa9c4</load_address>
         <run_address>0x402fa9c4</run_address>
         <size>0x34</size>
         <input_file_ref idref="fl-170"/>
      </object_component>
      <object_component id="oc-162">
         <name>.text</name>
         <load_address>0x402fa9f8</load_address>
         <run_address>0x402fa9f8</run_address>
         <size>0x28</size>
         <input_file_ref idref="fl-175"/>
      </object_component>
      <object_component id="oc-29">
         <name>.text</name>
         <load_address>0x402faa20</load_address>
         <run_address>0x402faa20</run_address>
         <size>0x24</size>
         <input_file_ref idref="fl-2"/>
      </object_component>
      <object_component id="oc-132">
         <name>.text</name>
         <load_address>0x402faa44</load_address>
         <run_address>0x402faa44</run_address>
         <size>0x4</size>
         <input_file_ref idref="fl-17a"/>
      </object_component>
      <object_component id="oc-9a">
         <name>.const:.string</name>
         <load_address>0x402faa48</load_address>
         <run_address>0x402faa48</run_address>
         <size>0x8</size>
         <input_file_ref idref="fl-6"/>
      </object_component>
      <object_component id="oc-f">
         <name>.stack</name>
         <uninitialized>true</uninitialized>
         <run_address>0x4030fff0</run_address>
         <size>0x0</size>
         <input_file_ref idref="fl-16d"/>
      </object_component>
      <object_component id="oc-229">
         <name>.stack</name>
         <uninitialized>true</uninitialized>
         <run_address>0x4030fff0</run_address>
         <size>0x0</size>
      </object_component>
      <object_component id="oc-115">
         <name>.bss:sdCard</name>
         <uninitialized>true</uninitialized>
         <run_address>0x402fb200</run_address>
         <size>0x48</size>
         <input_file_ref idref="fl-3"/>
      </object_component>
      <object_component id="oc-10c">
         <name>.bss:ctrlInfo</name>
         <uninitialized>true</uninitialized>
         <run_address>0x402fb120</run_address>
         <size>0x50</size>
         <input_file_ref idref="fl-3"/>
      </object_component>
      <object_component id="oc-121">
         <name>.bss:g_cTmpBuf</name>
         <uninitialized>true</uninitialized>
         <run_address>0x402faf20</run_address>
         <size>0x200</size>
         <input_file_ref idref="fl-3"/>
      </object_component>
      <object_component id="oc-118">
         <name>.bss:g_sFatFs</name>
         <uninitialized>true</uninitialized>
         <run_address>0x402facc8</run_address>
         <size>0x240</size>
         <input_file_ref idref="fl-3"/>
      </object_component>
      <object_component id="oc-11e">
         <name>.bss:g_sFileObject</name>
         <uninitialized>true</uninitialized>
         <run_address>0x402faa80</run_address>
         <size>0x248</size>
         <input_file_ref idref="fl-3"/>
      </object_component>
      <object_component id="oc-1a3">
         <name>.bss:dataBuffer</name>
         <uninitialized>true</uninitialized>
         <run_address>0x402fb180</run_address>
         <size>0x80</size>
         <input_file_ref idref="fl-26"/>
      </object_component>
      <object_component id="oc-ea">
         <name>.bss</name>
         <uninitialized>true</uninitialized>
         <run_address>0x402fb248</run_address>
         <size>0x14</size>
         <input_file_ref idref="fl-36"/>
      </object_component>
      <object_component id="oc-32">
         <name>.common:appEntry</name>
         <uninitialized>true</uninitialized>
         <run_address>0x402fb178</run_address>
         <size>0x4</size>
      </object_component>
      <object_component id="oc-7a">
         <name>.common:dataFromSlave</name>
         <uninitialized>true</uninitialized>
         <run_address>0x402fb17c</run_address>
         <size>0x4</size>
      </object_component>
      <object_component id="oc-78">
         <name>.common:dataToSlave</name>
         <uninitialized>true</uninitialized>
         <run_address>0x402fb25c</run_address>
         <size>0x4</size>
      </object_component>
      <object_component id="oc-79">
         <name>.common:tCount</name>
         <uninitialized>true</uninitialized>
         <run_address>0x402fb270</run_address>
         <size>0x4</size>
      </object_component>
      <object_component id="oc-7b">
         <name>.common:rCount</name>
         <uninitialized>true</uninitialized>
         <run_address>0x402fb26c</run_address>
         <size>0x4</size>
      </object_component>
      <object_component id="oc-76">
         <name>.common:oppMaxIdx</name>
         <uninitialized>true</uninitialized>
         <run_address>0x402fb268</run_address>
         <size>0x4</size>
      </object_component>
      <object_component id="oc-58">
         <name>.common:deviceVersion</name>
         <uninitialized>true</uninitialized>
         <run_address>0x402fb260</run_address>
         <size>0x4</size>
      </object_component>
      <object_component id="oc-77">
         <name>.common:freqMultDDR</name>
         <uninitialized>true</uninitialized>
         <run_address>0x402fb264</run_address>
         <size>0x4</size>
      </object_component>
      <object_component id="oc-11b">
         <name>.common:fat_devices</name>
         <uninitialized>true</uninitialized>
         <run_address>0x402faf08</run_address>
         <size>0x18</size>
      </object_component>
      <object_component id="oc-18e">
         <name>.common:FatFs</name>
         <uninitialized>true</uninitialized>
         <run_address>0x402fb170</run_address>
         <size>0x8</size>
      </object_component>
      <object_component id="oc-191">
         <name>.common:fsid</name>
         <uninitialized>true</uninitialized>
         <run_address>0x402fb274</run_address>
         <size>0x2</size>
      </object_component>
      <object_component id="oc-73">
         <name>.data:oppTable</name>
         <load_address>0x402fb278</load_address>
         <run_address>0x402fb278</run_address>
         <size>0x50</size>
         <input_file_ref idref="fl-6"/>
      </object_component>
      <object_component id="oc-109">
         <name>.data</name>
         <load_address>0x402fb2c8</load_address>
         <run_address>0x402fb2c8</run_address>
         <size>0x24</size>
         <input_file_ref idref="fl-3"/>
      </object_component>
      <object_component id="oc-35">
         <name>.data</name>
         <load_address>0x402fb2ec</load_address>
         <run_address>0x402fb2ec</run_address>
         <size>0x8</size>
         <input_file_ref idref="fl-5"/>
      </object_component>
      <object_component id="oc-2f">
         <name>.data</name>
         <load_address>0x402fb2f4</load_address>
         <run_address>0x402fb2f4</run_address>
         <size>0x8</size>
         <input_file_ref idref="fl-6"/>
      </object_component>
      <object_component id="oc-ed">
         <name>.data</name>
         <load_address>0x402fb2fc</load_address>
         <run_address>0x402fb2fc</run_address>
         <size>0x4</size>
         <input_file_ref idref="fl-36"/>
      </object_component>
      <object_component id="oc-13e">
         <name>.debug_info</name>
         <load_address>0x0</load_address>
         <run_address>0x0</run_address>
         <size>0x159</size>
         <input_file_ref idref="fl-2"/>
      </object_component>
      <object_component id="oc-2a">
         <name>.debug_info</name>
         <load_address>0x159</load_address>
         <run_address>0x159</run_address>
         <size>0x1df</size>
         <input_file_ref idref="fl-2"/>
      </object_component>
      <object_component id="oc-39">
         <name>.debug_info</name>
         <load_address>0x338</load_address>
         <run_address>0x338</run_address>
         <size>0x84</size>
         <input_file_ref idref="fl-2"/>
      </object_component>
      <object_component id="oc-12b">
         <name>.debug_info</name>
         <load_address>0x3bc</load_address>
         <run_address>0x3bc</run_address>
         <size>0x62</size>
         <input_file_ref idref="fl-2"/>
      </object_component>
      <object_component id="oc-9f">
         <name>.debug_info</name>
         <load_address>0x41e</load_address>
         <run_address>0x41e</run_address>
         <size>0xba</size>
         <input_file_ref idref="fl-2"/>
      </object_component>
      <object_component id="oc-ca">
         <name>.debug_info</name>
         <load_address>0x4d8</load_address>
         <run_address>0x4d8</run_address>
         <size>0x62</size>
         <input_file_ref idref="fl-2"/>
      </object_component>
      <object_component id="oc-125">
         <name>.debug_info</name>
         <load_address>0x53a</load_address>
         <run_address>0x53a</run_address>
         <size>0x6fd</size>
         <input_file_ref idref="fl-3"/>
      </object_component>
      <object_component id="oc-10a">
         <name>.debug_info</name>
         <load_address>0xc37</load_address>
         <run_address>0xc37</run_address>
         <size>0x226</size>
         <input_file_ref idref="fl-3"/>
      </object_component>
      <object_component id="oc-116">
         <name>.debug_info</name>
         <load_address>0xe5d</load_address>
         <run_address>0xe5d</run_address>
         <size>0xf2</size>
         <input_file_ref idref="fl-3"/>
      </object_component>
      <object_component id="oc-10d">
         <name>.debug_info</name>
         <load_address>0xf4f</load_address>
         <run_address>0xf4f</run_address>
         <size>0xf6</size>
         <input_file_ref idref="fl-3"/>
      </object_component>
      <object_component id="oc-122">
         <name>.debug_info</name>
         <load_address>0x1045</load_address>
         <run_address>0x1045</run_address>
         <size>0xf7</size>
         <input_file_ref idref="fl-3"/>
      </object_component>
      <object_component id="oc-119">
         <name>.debug_info</name>
         <load_address>0x113c</load_address>
         <run_address>0x113c</run_address>
         <size>0xf5</size>
         <input_file_ref idref="fl-3"/>
      </object_component>
      <object_component id="oc-11f">
         <name>.debug_info</name>
         <load_address>0x1231</load_address>
         <run_address>0x1231</run_address>
         <size>0xff</size>
         <input_file_ref idref="fl-3"/>
      </object_component>
      <object_component id="oc-6e">
         <name>.debug_info</name>
         <load_address>0x1330</load_address>
         <run_address>0x1330</run_address>
         <size>0x913</size>
         <input_file_ref idref="fl-3"/>
      </object_component>
      <object_component id="oc-126">
         <name>.debug_info</name>
         <load_address>0x1c43</load_address>
         <run_address>0x1c43</run_address>
         <size>0x456</size>
         <input_file_ref idref="fl-3"/>
      </object_component>
      <object_component id="oc-193">
         <name>.debug_info</name>
         <load_address>0x2099</load_address>
         <run_address>0x2099</run_address>
         <size>0xd7</size>
         <input_file_ref idref="fl-3"/>
      </object_component>
      <object_component id="oc-1c4">
         <name>.debug_info</name>
         <load_address>0x2170</load_address>
         <run_address>0x2170</run_address>
         <size>0xaf</size>
         <input_file_ref idref="fl-3"/>
      </object_component>
      <object_component id="oc-142">
         <name>.debug_info</name>
         <load_address>0x221f</load_address>
         <run_address>0x221f</run_address>
         <size>0x2c</size>
         <input_file_ref idref="fl-3"/>
      </object_component>
      <object_component id="oc-1a8">
         <name>.debug_info</name>
         <load_address>0x224b</load_address>
         <run_address>0x224b</run_address>
         <size>0x390</size>
         <input_file_ref idref="fl-3"/>
      </object_component>
      <object_component id="oc-b">
         <name>.debug_info</name>
         <load_address>0x25db</load_address>
         <run_address>0x25db</run_address>
         <size>0x108</size>
         <input_file_ref idref="fl-4"/>
      </object_component>
      <object_component id="oc-33">
         <name>.debug_info</name>
         <load_address>0x26e3</load_address>
         <run_address>0x26e3</run_address>
         <size>0x1da</size>
         <input_file_ref idref="fl-5"/>
      </object_component>
      <object_component id="oc-36">
         <name>.debug_info</name>
         <load_address>0x28bd</load_address>
         <run_address>0x28bd</run_address>
         <size>0x122</size>
         <input_file_ref idref="fl-5"/>
      </object_component>
      <object_component id="oc-11">
         <name>.debug_info</name>
         <load_address>0x29df</load_address>
         <run_address>0x29df</run_address>
         <size>0x1e8</size>
         <input_file_ref idref="fl-5"/>
      </object_component>
      <object_component id="oc-59">
         <name>.debug_info</name>
         <load_address>0x2bc7</load_address>
         <run_address>0x2bc7</run_address>
         <size>0x7ac</size>
         <input_file_ref idref="fl-6"/>
      </object_component>
      <object_component id="oc-30">
         <name>.debug_info</name>
         <load_address>0x3373</load_address>
         <run_address>0x3373</run_address>
         <size>0x116</size>
         <input_file_ref idref="fl-6"/>
      </object_component>
      <object_component id="oc-74">
         <name>.debug_info</name>
         <load_address>0x3489</load_address>
         <run_address>0x3489</run_address>
         <size>0xf8</size>
         <input_file_ref idref="fl-6"/>
      </object_component>
      <object_component id="oc-1e">
         <name>.debug_info</name>
         <load_address>0x3581</load_address>
         <run_address>0x3581</run_address>
         <size>0x163d</size>
         <input_file_ref idref="fl-6"/>
      </object_component>
      <object_component id="oc-19e">
         <name>.debug_info</name>
         <load_address>0x4bbe</load_address>
         <run_address>0x4bbe</run_address>
         <size>0x859</size>
         <input_file_ref idref="fl-7"/>
      </object_component>
      <object_component id="oc-1f2">
         <name>.debug_info</name>
         <load_address>0x5417</load_address>
         <run_address>0x5417</run_address>
         <size>0x21c</size>
         <input_file_ref idref="fl-8"/>
      </object_component>
      <object_component id="oc-47">
         <name>.debug_info</name>
         <load_address>0x5633</load_address>
         <run_address>0x5633</run_address>
         <size>0x1b9</size>
         <input_file_ref idref="fl-9"/>
      </object_component>
      <object_component id="oc-11c">
         <name>.debug_info</name>
         <load_address>0x57ec</load_address>
         <run_address>0x57ec</run_address>
         <size>0x390</size>
         <input_file_ref idref="fl-a"/>
      </object_component>
      <object_component id="oc-183">
         <name>.debug_info</name>
         <load_address>0x5b7c</load_address>
         <run_address>0x5b7c</run_address>
         <size>0x5c4</size>
         <input_file_ref idref="fl-a"/>
      </object_component>
      <object_component id="oc-198">
         <name>.debug_info</name>
         <load_address>0x6140</load_address>
         <run_address>0x6140</run_address>
         <size>0x70</size>
         <input_file_ref idref="fl-a"/>
      </object_component>
      <object_component id="oc-1b9">
         <name>.debug_info</name>
         <load_address>0x61b0</load_address>
         <run_address>0x61b0</run_address>
         <size>0x83</size>
         <input_file_ref idref="fl-a"/>
      </object_component>
      <object_component id="oc-18f">
         <name>.debug_info</name>
         <load_address>0x6233</load_address>
         <run_address>0x6233</run_address>
         <size>0x382</size>
         <input_file_ref idref="fl-b"/>
      </object_component>
      <object_component id="oc-fe">
         <name>.debug_info</name>
         <load_address>0x65b5</load_address>
         <run_address>0x65b5</run_address>
         <size>0x239c</size>
         <input_file_ref idref="fl-b"/>
      </object_component>
      <object_component id="oc-1b2">
         <name>.debug_info</name>
         <load_address>0x8951</load_address>
         <run_address>0x8951</run_address>
         <size>0x630</size>
         <input_file_ref idref="fl-25"/>
      </object_component>
      <object_component id="oc-110">
         <name>.debug_info</name>
         <load_address>0x8f81</load_address>
         <run_address>0x8f81</run_address>
         <size>0x95b</size>
         <input_file_ref idref="fl-25"/>
      </object_component>
      <object_component id="oc-1fd">
         <name>.debug_info</name>
         <load_address>0x98dc</load_address>
         <run_address>0x98dc</run_address>
         <size>0x256</size>
         <input_file_ref idref="fl-25"/>
      </object_component>
      <object_component id="oc-1a7">
         <name>.debug_info</name>
         <load_address>0x9b32</load_address>
         <run_address>0x9b32</run_address>
         <size>0x2d0</size>
         <input_file_ref idref="fl-26"/>
      </object_component>
      <object_component id="oc-1a4">
         <name>.debug_info</name>
         <load_address>0x9e02</load_address>
         <run_address>0x9e02</run_address>
         <size>0x122</size>
         <input_file_ref idref="fl-26"/>
      </object_component>
      <object_component id="oc-104">
         <name>.debug_info</name>
         <load_address>0x9f24</load_address>
         <run_address>0x9f24</run_address>
         <size>0x1215</size>
         <input_file_ref idref="fl-26"/>
      </object_component>
      <object_component id="oc-93">
         <name>.debug_info</name>
         <load_address>0xb139</load_address>
         <run_address>0xb139</run_address>
         <size>0x1e4</size>
         <input_file_ref idref="fl-34"/>
      </object_component>
      <object_component id="oc-27">
         <name>.debug_info</name>
         <load_address>0xb31d</load_address>
         <run_address>0xb31d</run_address>
         <size>0x2652</size>
         <input_file_ref idref="fl-34"/>
      </object_component>
      <object_component id="oc-8e">
         <name>.debug_info</name>
         <load_address>0xd96f</load_address>
         <run_address>0xd96f</run_address>
         <size>0x90</size>
         <input_file_ref idref="fl-34"/>
      </object_component>
      <object_component id="oc-94">
         <name>.debug_info</name>
         <load_address>0xd9ff</load_address>
         <run_address>0xd9ff</run_address>
         <size>0x4e</size>
         <input_file_ref idref="fl-34"/>
      </object_component>
      <object_component id="oc-f2">
         <name>.debug_info</name>
         <load_address>0xda4d</load_address>
         <run_address>0xda4d</run_address>
         <size>0x89</size>
         <input_file_ref idref="fl-35"/>
      </object_component>
      <object_component id="oc-f1">
         <name>.debug_info</name>
         <load_address>0xdad6</load_address>
         <run_address>0xdad6</run_address>
         <size>0x15e</size>
         <input_file_ref idref="fl-36"/>
      </object_component>
      <object_component id="oc-eb">
         <name>.debug_info</name>
         <load_address>0xdc34</load_address>
         <run_address>0xdc34</run_address>
         <size>0x112</size>
         <input_file_ref idref="fl-36"/>
      </object_component>
      <object_component id="oc-ee">
         <name>.debug_info</name>
         <load_address>0xdd46</load_address>
         <run_address>0xdd46</run_address>
         <size>0xc2</size>
         <input_file_ref idref="fl-36"/>
      </object_component>
      <object_component id="oc-68">
         <name>.debug_info</name>
         <load_address>0xde08</load_address>
         <run_address>0xde08</run_address>
         <size>0x31a</size>
         <input_file_ref idref="fl-36"/>
      </object_component>
      <object_component id="oc-17b">
         <name>.debug_info</name>
         <load_address>0xe122</load_address>
         <run_address>0xe122</run_address>
         <size>0x8a</size>
         <input_file_ref idref="fl-36"/>
      </object_component>
      <object_component id="oc-13a">
         <name>.debug_info</name>
         <load_address>0xe1ac</load_address>
         <run_address>0xe1ac</run_address>
         <size>0xbe</size>
         <input_file_ref idref="fl-37"/>
      </object_component>
      <object_component id="oc-86">
         <name>.debug_info</name>
         <load_address>0xe26a</load_address>
         <run_address>0xe26a</run_address>
         <size>0x871</size>
         <input_file_ref idref="fl-37"/>
      </object_component>
      <object_component id="oc-c2">
         <name>.debug_info</name>
         <load_address>0xeadb</load_address>
         <run_address>0xeadb</run_address>
         <size>0x89</size>
         <input_file_ref idref="fl-3c"/>
      </object_component>
      <object_component id="oc-15b">
         <name>.debug_info</name>
         <load_address>0xeb64</load_address>
         <run_address>0xeb64</run_address>
         <size>0xd1</size>
         <input_file_ref idref="fl-3e"/>
      </object_component>
      <object_component id="oc-d4">
         <name>.debug_info</name>
         <load_address>0xec35</load_address>
         <run_address>0xec35</run_address>
         <size>0x507c</size>
         <input_file_ref idref="fl-3e"/>
      </object_component>
      <object_component id="oc-c7">
         <name>.debug_info</name>
         <load_address>0x13cb1</load_address>
         <run_address>0x13cb1</run_address>
         <size>0xc9</size>
         <input_file_ref idref="fl-3f"/>
      </object_component>
      <object_component id="oc-56">
         <name>.debug_info</name>
         <load_address>0x13d7a</load_address>
         <run_address>0x13d7a</run_address>
         <size>0x220a</size>
         <input_file_ref idref="fl-3f"/>
      </object_component>
      <object_component id="oc-155">
         <name>.debug_info</name>
         <load_address>0x15f84</load_address>
         <run_address>0x15f84</run_address>
         <size>0x8a</size>
         <input_file_ref idref="fl-3f"/>
      </object_component>
      <object_component id="oc-181">
         <name>.debug_info</name>
         <load_address>0x1600e</load_address>
         <run_address>0x1600e</run_address>
         <size>0xdd</size>
         <input_file_ref idref="fl-40"/>
      </object_component>
      <object_component id="oc-fb">
         <name>.debug_info</name>
         <load_address>0x160eb</load_address>
         <run_address>0x160eb</run_address>
         <size>0x1c3e</size>
         <input_file_ref idref="fl-40"/>
      </object_component>
      <object_component id="oc-1e7">
         <name>.debug_info</name>
         <load_address>0x17d29</load_address>
         <run_address>0x17d29</run_address>
         <size>0xb6</size>
         <input_file_ref idref="fl-40"/>
      </object_component>
      <object_component id="oc-1ce">
         <name>.debug_info</name>
         <load_address>0x17ddf</load_address>
         <run_address>0x17ddf</run_address>
         <size>0xde</size>
         <input_file_ref idref="fl-41"/>
      </object_component>
      <object_component id="oc-bb">
         <name>.debug_info</name>
         <load_address>0x17ebd</load_address>
         <run_address>0x17ebd</run_address>
         <size>0x89</size>
         <input_file_ref idref="fl-41"/>
      </object_component>
      <object_component id="oc-14e">
         <name>.debug_info</name>
         <load_address>0x17f46</load_address>
         <run_address>0x17f46</run_address>
         <size>0xba</size>
         <input_file_ref idref="fl-41"/>
      </object_component>
      <object_component id="oc-dd">
         <name>.debug_info</name>
         <load_address>0x18000</load_address>
         <run_address>0x18000</run_address>
         <size>0x3ea</size>
         <input_file_ref idref="fl-42"/>
      </object_component>
      <object_component id="oc-62">
         <name>.debug_info</name>
         <load_address>0x183ea</load_address>
         <run_address>0x183ea</run_address>
         <size>0x6f8</size>
         <input_file_ref idref="fl-42"/>
      </object_component>
      <object_component id="oc-15d">
         <name>.debug_info</name>
         <load_address>0x18ae2</load_address>
         <run_address>0x18ae2</run_address>
         <size>0xdf</size>
         <input_file_ref idref="fl-43"/>
      </object_component>
      <object_component id="oc-da">
         <name>.debug_info</name>
         <load_address>0x18bc1</load_address>
         <run_address>0x18bc1</run_address>
         <size>0xa76</size>
         <input_file_ref idref="fl-43"/>
      </object_component>
      <object_component id="oc-c0">
         <name>.debug_info</name>
         <load_address>0x19637</load_address>
         <run_address>0x19637</run_address>
         <size>0xe0</size>
         <input_file_ref idref="fl-45"/>
      </object_component>
      <object_component id="oc-4f">
         <name>.debug_info</name>
         <load_address>0x19717</load_address>
         <run_address>0x19717</run_address>
         <size>0xffc</size>
         <input_file_ref idref="fl-45"/>
      </object_component>
      <object_component id="oc-5f">
         <name>.debug_info</name>
         <load_address>0x1a713</load_address>
         <run_address>0x1a713</run_address>
         <size>0x251</size>
         <input_file_ref idref="fl-46"/>
      </object_component>
      <object_component id="oc-161">
         <name>.debug_info</name>
         <load_address>0x1a964</load_address>
         <run_address>0x1a964</run_address>
         <size>0x518</size>
         <input_file_ref idref="fl-47"/>
      </object_component>
      <object_component id="oc-e2">
         <name>.debug_info</name>
         <load_address>0x1ae7c</load_address>
         <run_address>0x1ae7c</run_address>
         <size>0x969</size>
         <input_file_ref idref="fl-47"/>
      </object_component>
      <object_component id="oc-174">
         <name>.debug_info</name>
         <load_address>0x1b7e5</load_address>
         <run_address>0x1b7e5</run_address>
         <size>0x17d</size>
         <input_file_ref idref="fl-49"/>
      </object_component>
      <object_component id="oc-e8">
         <name>.debug_info</name>
         <load_address>0x1b962</load_address>
         <run_address>0x1b962</run_address>
         <size>0x1e5</size>
         <input_file_ref idref="fl-49"/>
      </object_component>
      <object_component id="oc-16f">
         <name>.debug_info</name>
         <load_address>0x1bb47</load_address>
         <run_address>0x1bb47</run_address>
         <size>0x90</size>
         <input_file_ref idref="fl-49"/>
      </object_component>
      <object_component id="oc-1db">
         <name>.debug_info</name>
         <load_address>0x1bbd7</load_address>
         <run_address>0x1bbd7</run_address>
         <size>0x2c</size>
         <input_file_ref idref="fl-49"/>
      </object_component>
      <object_component id="oc-1e0">
         <name>.debug_info</name>
         <load_address>0x1bc03</load_address>
         <run_address>0x1bc03</run_address>
         <size>0xba</size>
         <input_file_ref idref="fl-49"/>
      </object_component>
      <object_component id="oc-45">
         <name>.debug_info</name>
         <load_address>0x1bcbd</load_address>
         <run_address>0x1bcbd</run_address>
         <size>0x286</size>
         <input_file_ref idref="fl-16c"/>
      </object_component>
      <object_component id="oc-1a">
         <name>.debug_info</name>
         <load_address>0x1bf43</load_address>
         <run_address>0x1bf43</run_address>
         <size>0x140</size>
         <input_file_ref idref="fl-16c"/>
      </object_component>
      <object_component id="oc-af">
         <name>.debug_info</name>
         <load_address>0x1c083</load_address>
         <run_address>0x1c083</run_address>
         <size>0x39</size>
         <input_file_ref idref="fl-16c"/>
      </object_component>
      <object_component id="oc-b4">
         <name>.debug_info</name>
         <load_address>0x1c0bc</load_address>
         <run_address>0x1c0bc</run_address>
         <size>0xcd</size>
         <input_file_ref idref="fl-16c"/>
      </object_component>
      <object_component id="oc-ac">
         <name>.debug_info</name>
         <load_address>0x1c189</load_address>
         <run_address>0x1c189</run_address>
         <size>0x1a9</size>
         <input_file_ref idref="fl-16e"/>
      </object_component>
      <object_component id="oc-3f">
         <name>.debug_info</name>
         <load_address>0x1c332</load_address>
         <run_address>0x1c332</run_address>
         <size>0x14c</size>
         <input_file_ref idref="fl-16e"/>
      </object_component>
      <object_component id="oc-147">
         <name>.debug_info</name>
         <load_address>0x1c47e</load_address>
         <run_address>0x1c47e</run_address>
         <size>0x2c</size>
         <input_file_ref idref="fl-16e"/>
      </object_component>
      <object_component id="oc-1ee">
         <name>.debug_info</name>
         <load_address>0x1c4aa</load_address>
         <run_address>0x1c4aa</run_address>
         <size>0xbe</size>
         <input_file_ref idref="fl-170"/>
      </object_component>
      <object_component id="oc-189">
         <name>.debug_info</name>
         <load_address>0x1c568</load_address>
         <run_address>0x1c568</run_address>
         <size>0x1e0</size>
         <input_file_ref idref="fl-170"/>
      </object_component>
      <object_component id="oc-a8">
         <name>.debug_info</name>
         <load_address>0x1c748</load_address>
         <run_address>0x1c748</run_address>
         <size>0x149</size>
         <input_file_ref idref="fl-171"/>
      </object_component>
      <object_component id="oc-89">
         <name>.debug_info</name>
         <load_address>0x1c891</load_address>
         <run_address>0x1c891</run_address>
         <size>0x111</size>
         <input_file_ref idref="fl-172"/>
      </object_component>
      <object_component id="oc-1d6">
         <name>.debug_info</name>
         <load_address>0x1c9a2</load_address>
         <run_address>0x1c9a2</run_address>
         <size>0xae</size>
         <input_file_ref idref="fl-175"/>
      </object_component>
      <object_component id="oc-163">
         <name>.debug_info</name>
         <load_address>0x1ca50</load_address>
         <run_address>0x1ca50</run_address>
         <size>0x1c1</size>
         <input_file_ref idref="fl-175"/>
      </object_component>
      <object_component id="oc-1d8">
         <name>.debug_info</name>
         <load_address>0x1cc11</load_address>
         <run_address>0x1cc11</run_address>
         <size>0xb4</size>
         <input_file_ref idref="fl-176"/>
      </object_component>
      <object_component id="oc-169">
         <name>.debug_info</name>
         <load_address>0x1ccc5</load_address>
         <run_address>0x1ccc5</run_address>
         <size>0x1f2</size>
         <input_file_ref idref="fl-176"/>
      </object_component>
      <object_component id="oc-7f">
         <name>.debug_info</name>
         <load_address>0x1ceb7</load_address>
         <run_address>0x1ceb7</run_address>
         <size>0x10d</size>
         <input_file_ref idref="fl-177"/>
      </object_component>
      <object_component id="oc-133">
         <name>.debug_info</name>
         <load_address>0x1cfc4</load_address>
         <run_address>0x1cfc4</run_address>
         <size>0x110</size>
         <input_file_ref idref="fl-17a"/>
      </object_component>
      <object_component id="oc-22a">
         <name>.debug_info</name>
         <load_address>0x1d0d4</load_address>
         <run_address>0x1d0d4</run_address>
         <size>0xc6</size>
      </object_component>
      <object_component id="oc-1cd">
         <name>.debug_line</name>
         <load_address>0x0</load_address>
         <run_address>0x0</run_address>
         <size>0xbc</size>
         <input_file_ref idref="fl-2"/>
      </object_component>
      <object_component id="oc-2d">
         <name>.debug_line</name>
         <load_address>0xbc</load_address>
         <run_address>0xbc</run_address>
         <size>0x65</size>
         <input_file_ref idref="fl-2"/>
      </object_component>
      <object_component id="oc-3c">
         <name>.debug_line</name>
         <load_address>0x121</load_address>
         <run_address>0x121</run_address>
         <size>0x20</size>
         <input_file_ref idref="fl-2"/>
      </object_component>
      <object_component id="oc-12e">
         <name>.debug_line</name>
         <load_address>0x141</load_address>
         <run_address>0x141</run_address>
         <size>0xaa</size>
         <input_file_ref idref="fl-2"/>
      </object_component>
      <object_component id="oc-a2">
         <name>.debug_line</name>
         <load_address>0x1eb</load_address>
         <run_address>0x1eb</run_address>
         <size>0xb0</size>
         <input_file_ref idref="fl-2"/>
      </object_component>
      <object_component id="oc-cd">
         <name>.debug_line</name>
         <load_address>0x29b</load_address>
         <run_address>0x29b</run_address>
         <size>0xbc</size>
         <input_file_ref idref="fl-2"/>
      </object_component>
      <object_component id="oc-1c3">
         <name>.debug_line</name>
         <load_address>0x357</load_address>
         <run_address>0x357</run_address>
         <size>0x399</size>
         <input_file_ref idref="fl-3"/>
      </object_component>
      <object_component id="oc-1ae">
         <name>.debug_line</name>
         <load_address>0x6f0</load_address>
         <run_address>0x6f0</run_address>
         <size>0x33</size>
         <input_file_ref idref="fl-3"/>
      </object_component>
      <object_component id="oc-1b4">
         <name>.debug_line</name>
         <load_address>0x723</load_address>
         <run_address>0x723</run_address>
         <size>0x33</size>
         <input_file_ref idref="fl-3"/>
      </object_component>
      <object_component id="oc-1b0">
         <name>.debug_line</name>
         <load_address>0x756</load_address>
         <run_address>0x756</run_address>
         <size>0x33</size>
         <input_file_ref idref="fl-3"/>
      </object_component>
      <object_component id="oc-1c1">
         <name>.debug_line</name>
         <load_address>0x789</load_address>
         <run_address>0x789</run_address>
         <size>0x33</size>
         <input_file_ref idref="fl-3"/>
      </object_component>
      <object_component id="oc-1b6">
         <name>.debug_line</name>
         <load_address>0x7bc</load_address>
         <run_address>0x7bc</run_address>
         <size>0x33</size>
         <input_file_ref idref="fl-3"/>
      </object_component>
      <object_component id="oc-1bf">
         <name>.debug_line</name>
         <load_address>0x7ef</load_address>
         <run_address>0x7ef</run_address>
         <size>0x33</size>
         <input_file_ref idref="fl-3"/>
      </object_component>
      <object_component id="oc-71">
         <name>.debug_line</name>
         <load_address>0x822</load_address>
         <run_address>0x822</run_address>
         <size>0x1f3</size>
         <input_file_ref idref="fl-3"/>
      </object_component>
      <object_component id="oc-129">
         <name>.debug_line</name>
         <load_address>0xa15</load_address>
         <run_address>0xa15</run_address>
         <size>0xa8</size>
         <input_file_ref idref="fl-3"/>
      </object_component>
      <object_component id="oc-196">
         <name>.debug_line</name>
         <load_address>0xabd</load_address>
         <run_address>0xabd</run_address>
         <size>0xad</size>
         <input_file_ref idref="fl-3"/>
      </object_component>
      <object_component id="oc-1c7">
         <name>.debug_line</name>
         <load_address>0xb6a</load_address>
         <run_address>0xb6a</run_address>
         <size>0x33</size>
         <input_file_ref idref="fl-3"/>
      </object_component>
      <object_component id="oc-145">
         <name>.debug_line</name>
         <load_address>0xb9d</load_address>
         <run_address>0xb9d</run_address>
         <size>0x60</size>
         <input_file_ref idref="fl-3"/>
      </object_component>
      <object_component id="oc-1ab">
         <name>.debug_line</name>
         <load_address>0xbfd</load_address>
         <run_address>0xbfd</run_address>
         <size>0xac</size>
         <input_file_ref idref="fl-3"/>
      </object_component>
      <object_component id="oc-e">
         <name>.debug_line</name>
         <load_address>0xca9</load_address>
         <run_address>0xca9</run_address>
         <size>0x5c</size>
         <input_file_ref idref="fl-4"/>
      </object_component>
      <object_component id="oc-9e">
         <name>.debug_line</name>
         <load_address>0xd05</load_address>
         <run_address>0xd05</run_address>
         <size>0x1d7</size>
         <input_file_ref idref="fl-5"/>
      </object_component>
      <object_component id="oc-a5">
         <name>.debug_line</name>
         <load_address>0xedc</load_address>
         <run_address>0xedc</run_address>
         <size>0x30</size>
         <input_file_ref idref="fl-5"/>
      </object_component>
      <object_component id="oc-14">
         <name>.debug_line</name>
         <load_address>0xf0c</load_address>
         <run_address>0xf0c</run_address>
         <size>0x69</size>
         <input_file_ref idref="fl-5"/>
      </object_component>
      <object_component id="oc-c9">
         <name>.debug_line</name>
         <load_address>0xf75</load_address>
         <run_address>0xf75</run_address>
         <size>0x356</size>
         <input_file_ref idref="fl-6"/>
      </object_component>
      <object_component id="oc-9c">
         <name>.debug_line</name>
         <load_address>0x12cb</load_address>
         <run_address>0x12cb</run_address>
         <size>0x34</size>
         <input_file_ref idref="fl-6"/>
      </object_component>
      <object_component id="oc-131">
         <name>.debug_line</name>
         <load_address>0x12ff</load_address>
         <run_address>0x12ff</run_address>
         <size>0x34</size>
         <input_file_ref idref="fl-6"/>
      </object_component>
      <object_component id="oc-21">
         <name>.debug_line</name>
         <load_address>0x1333</load_address>
         <run_address>0x1333</run_address>
         <size>0x568</size>
         <input_file_ref idref="fl-6"/>
      </object_component>
      <object_component id="oc-1a1">
         <name>.debug_line</name>
         <load_address>0x189b</load_address>
         <run_address>0x189b</run_address>
         <size>0x157</size>
         <input_file_ref idref="fl-7"/>
      </object_component>
      <object_component id="oc-1f5">
         <name>.debug_line</name>
         <load_address>0x19f2</load_address>
         <run_address>0x19f2</run_address>
         <size>0x15b</size>
         <input_file_ref idref="fl-8"/>
      </object_component>
      <object_component id="oc-4a">
         <name>.debug_line</name>
         <load_address>0x1b4d</load_address>
         <run_address>0x1b4d</run_address>
         <size>0x61</size>
         <input_file_ref idref="fl-9"/>
      </object_component>
      <object_component id="oc-1b8">
         <name>.debug_line</name>
         <load_address>0x1bae</load_address>
         <run_address>0x1bae</run_address>
         <size>0x13f</size>
         <input_file_ref idref="fl-a"/>
      </object_component>
      <object_component id="oc-186">
         <name>.debug_line</name>
         <load_address>0x1ced</load_address>
         <run_address>0x1ced</run_address>
         <size>0x10a</size>
         <input_file_ref idref="fl-a"/>
      </object_component>
      <object_component id="oc-19b">
         <name>.debug_line</name>
         <load_address>0x1df7</load_address>
         <run_address>0x1df7</run_address>
         <size>0xac</size>
         <input_file_ref idref="fl-a"/>
      </object_component>
      <object_component id="oc-1bc">
         <name>.debug_line</name>
         <load_address>0x1ea3</load_address>
         <run_address>0x1ea3</run_address>
         <size>0x32</size>
         <input_file_ref idref="fl-a"/>
      </object_component>
      <object_component id="oc-1f0">
         <name>.debug_line</name>
         <load_address>0x1ed5</load_address>
         <run_address>0x1ed5</run_address>
         <size>0x17f</size>
         <input_file_ref idref="fl-b"/>
      </object_component>
      <object_component id="oc-101">
         <name>.debug_line</name>
         <load_address>0x2054</load_address>
         <run_address>0x2054</run_address>
         <size>0xbe0</size>
         <input_file_ref idref="fl-b"/>
      </object_component>
      <object_component id="oc-1fc">
         <name>.debug_line</name>
         <load_address>0x2c34</load_address>
         <run_address>0x2c34</run_address>
         <size>0x121</size>
         <input_file_ref idref="fl-25"/>
      </object_component>
      <object_component id="oc-113">
         <name>.debug_line</name>
         <load_address>0x2d55</load_address>
         <run_address>0x2d55</run_address>
         <size>0x176</size>
         <input_file_ref idref="fl-25"/>
      </object_component>
      <object_component id="oc-200">
         <name>.debug_line</name>
         <load_address>0x2ecb</load_address>
         <run_address>0x2ecb</run_address>
         <size>0x9c</size>
         <input_file_ref idref="fl-25"/>
      </object_component>
      <object_component id="oc-1fa">
         <name>.debug_line</name>
         <load_address>0x2f67</load_address>
         <run_address>0x2f67</run_address>
         <size>0xe4</size>
         <input_file_ref idref="fl-26"/>
      </object_component>
      <object_component id="oc-1f8">
         <name>.debug_line</name>
         <load_address>0x304b</load_address>
         <run_address>0x304b</run_address>
         <size>0x5c</size>
         <input_file_ref idref="fl-26"/>
      </object_component>
      <object_component id="oc-107">
         <name>.debug_line</name>
         <load_address>0x30a7</load_address>
         <run_address>0x30a7</run_address>
         <size>0x35b</size>
         <input_file_ref idref="fl-26"/>
      </object_component>
      <object_component id="oc-13d">
         <name>.debug_line</name>
         <load_address>0x3402</load_address>
         <run_address>0x3402</run_address>
         <size>0x5a</size>
         <input_file_ref idref="fl-34"/>
      </object_component>
      <object_component id="oc-26">
         <name>.debug_line</name>
         <load_address>0x345c</load_address>
         <run_address>0x345c</run_address>
         <size>0x7dc</size>
         <input_file_ref idref="fl-34"/>
      </object_component>
      <object_component id="oc-91">
         <name>.debug_line</name>
         <load_address>0x3c38</load_address>
         <run_address>0x3c38</run_address>
         <size>0x20</size>
         <input_file_ref idref="fl-34"/>
      </object_component>
      <object_component id="oc-97">
         <name>.debug_line</name>
         <load_address>0x3c58</load_address>
         <run_address>0x3c58</run_address>
         <size>0x6c</size>
         <input_file_ref idref="fl-34"/>
      </object_component>
      <object_component id="oc-f5">
         <name>.debug_line</name>
         <load_address>0x3cc4</load_address>
         <run_address>0x3cc4</run_address>
         <size>0x20</size>
         <input_file_ref idref="fl-35"/>
      </object_component>
      <object_component id="oc-17a">
         <name>.debug_line</name>
         <load_address>0x3ce4</load_address>
         <run_address>0x3ce4</run_address>
         <size>0x42</size>
         <input_file_ref idref="fl-36"/>
      </object_component>
      <object_component id="oc-176">
         <name>.debug_line</name>
         <load_address>0x3d26</load_address>
         <run_address>0x3d26</run_address>
         <size>0x34</size>
         <input_file_ref idref="fl-36"/>
      </object_component>
      <object_component id="oc-178">
         <name>.debug_line</name>
         <load_address>0x3d5a</load_address>
         <run_address>0x3d5a</run_address>
         <size>0x34</size>
         <input_file_ref idref="fl-36"/>
      </object_component>
      <object_component id="oc-6b">
         <name>.debug_line</name>
         <load_address>0x3d8e</load_address>
         <run_address>0x3d8e</run_address>
         <size>0xad</size>
         <input_file_ref idref="fl-36"/>
      </object_component>
      <object_component id="oc-17e">
         <name>.debug_line</name>
         <load_address>0x3e3b</load_address>
         <run_address>0x3e3b</run_address>
         <size>0x42</size>
         <input_file_ref idref="fl-36"/>
      </object_component>
      <object_component id="oc-1cb">
         <name>.debug_line</name>
         <load_address>0x3e7d</load_address>
         <run_address>0x3e7d</run_address>
         <size>0x20</size>
         <input_file_ref idref="fl-37"/>
      </object_component>
      <object_component id="oc-85">
         <name>.debug_line</name>
         <load_address>0x3e9d</load_address>
         <run_address>0x3e9d</run_address>
         <size>0x1a1</size>
         <input_file_ref idref="fl-37"/>
      </object_component>
      <object_component id="oc-c5">
         <name>.debug_line</name>
         <load_address>0x403e</load_address>
         <run_address>0x403e</run_address>
         <size>0x20</size>
         <input_file_ref idref="fl-3c"/>
      </object_component>
      <object_component id="oc-1d0">
         <name>.debug_line</name>
         <load_address>0x405e</load_address>
         <run_address>0x405e</run_address>
         <size>0x20</size>
         <input_file_ref idref="fl-3e"/>
      </object_component>
      <object_component id="oc-d3">
         <name>.debug_line</name>
         <load_address>0x407e</load_address>
         <run_address>0x407e</run_address>
         <size>0xa0b</size>
         <input_file_ref idref="fl-3e"/>
      </object_component>
      <object_component id="oc-154">
         <name>.debug_line</name>
         <load_address>0x4a89</load_address>
         <run_address>0x4a89</run_address>
         <size>0x20</size>
         <input_file_ref idref="fl-3f"/>
      </object_component>
      <object_component id="oc-54">
         <name>.debug_line</name>
         <load_address>0x4aa9</load_address>
         <run_address>0x4aa9</run_address>
         <size>0x4ce</size>
         <input_file_ref idref="fl-3f"/>
      </object_component>
      <object_component id="oc-158">
         <name>.debug_line</name>
         <load_address>0x4f77</load_address>
         <run_address>0x4f77</run_address>
         <size>0x45</size>
         <input_file_ref idref="fl-3f"/>
      </object_component>
      <object_component id="oc-1e6">
         <name>.debug_line</name>
         <load_address>0x4fbc</load_address>
         <run_address>0x4fbc</run_address>
         <size>0x20</size>
         <input_file_ref idref="fl-40"/>
      </object_component>
      <object_component id="oc-fa">
         <name>.debug_line</name>
         <load_address>0x4fdc</load_address>
         <run_address>0x4fdc</run_address>
         <size>0x3a9</size>
         <input_file_ref idref="fl-40"/>
      </object_component>
      <object_component id="oc-1ea">
         <name>.debug_line</name>
         <load_address>0x5385</load_address>
         <run_address>0x5385</run_address>
         <size>0x48</size>
         <input_file_ref idref="fl-40"/>
      </object_component>
      <object_component id="oc-203">
         <name>.debug_line</name>
         <load_address>0x53cd</load_address>
         <run_address>0x53cd</run_address>
         <size>0x20</size>
         <input_file_ref idref="fl-41"/>
      </object_component>
      <object_component id="oc-be">
         <name>.debug_line</name>
         <load_address>0x53ed</load_address>
         <run_address>0x53ed</run_address>
         <size>0x20</size>
         <input_file_ref idref="fl-41"/>
      </object_component>
      <object_component id="oc-151">
         <name>.debug_line</name>
         <load_address>0x540d</load_address>
         <run_address>0x540d</run_address>
         <size>0x5b</size>
         <input_file_ref idref="fl-41"/>
      </object_component>
      <object_component id="oc-15f">
         <name>.debug_line</name>
         <load_address>0x5468</load_address>
         <run_address>0x5468</run_address>
         <size>0x8b</size>
         <input_file_ref idref="fl-42"/>
      </object_component>
      <object_component id="oc-65">
         <name>.debug_line</name>
         <load_address>0x54f3</load_address>
         <run_address>0x54f3</run_address>
         <size>0xe7</size>
         <input_file_ref idref="fl-42"/>
      </object_component>
      <object_component id="oc-1d2">
         <name>.debug_line</name>
         <load_address>0x55da</load_address>
         <run_address>0x55da</run_address>
         <size>0x20</size>
         <input_file_ref idref="fl-43"/>
      </object_component>
      <object_component id="oc-d9">
         <name>.debug_line</name>
         <load_address>0x55fa</load_address>
         <run_address>0x55fa</run_address>
         <size>0xb0</size>
         <input_file_ref idref="fl-43"/>
      </object_component>
      <object_component id="oc-14d">
         <name>.debug_line</name>
         <load_address>0x56aa</load_address>
         <run_address>0x56aa</run_address>
         <size>0x20</size>
         <input_file_ref idref="fl-45"/>
      </object_component>
      <object_component id="oc-51">
         <name>.debug_line</name>
         <load_address>0x56ca</load_address>
         <run_address>0x56ca</run_address>
         <size>0x102</size>
         <input_file_ref idref="fl-45"/>
      </object_component>
      <object_component id="oc-5e">
         <name>.debug_line</name>
         <load_address>0x57cc</load_address>
         <run_address>0x57cc</run_address>
         <size>0x7c</size>
         <input_file_ref idref="fl-46"/>
      </object_component>
      <object_component id="oc-1d4">
         <name>.debug_line</name>
         <load_address>0x5848</load_address>
         <run_address>0x5848</run_address>
         <size>0x83</size>
         <input_file_ref idref="fl-47"/>
      </object_component>
      <object_component id="oc-e1">
         <name>.debug_line</name>
         <load_address>0x58cb</load_address>
         <run_address>0x58cb</run_address>
         <size>0x115</size>
         <input_file_ref idref="fl-47"/>
      </object_component>
      <object_component id="oc-1da">
         <name>.debug_line</name>
         <load_address>0x59e0</load_address>
         <run_address>0x59e0</run_address>
         <size>0x6c</size>
         <input_file_ref idref="fl-49"/>
      </object_component>
      <object_component id="oc-e6">
         <name>.debug_line</name>
         <load_address>0x5a4c</load_address>
         <run_address>0x5a4c</run_address>
         <size>0x6a</size>
         <input_file_ref idref="fl-49"/>
      </object_component>
      <object_component id="oc-172">
         <name>.debug_line</name>
         <load_address>0x5ab6</load_address>
         <run_address>0x5ab6</run_address>
         <size>0x20</size>
         <input_file_ref idref="fl-49"/>
      </object_component>
      <object_component id="oc-1de">
         <name>.debug_line</name>
         <load_address>0x5ad6</load_address>
         <run_address>0x5ad6</run_address>
         <size>0x6c</size>
         <input_file_ref idref="fl-49"/>
      </object_component>
      <object_component id="oc-1e3">
         <name>.debug_line</name>
         <load_address>0x5b42</load_address>
         <run_address>0x5b42</run_address>
         <size>0x5a</size>
         <input_file_ref idref="fl-49"/>
      </object_component>
      <object_component id="oc-ae">
         <name>.debug_line</name>
         <load_address>0x5b9c</load_address>
         <run_address>0x5b9c</run_address>
         <size>0x69</size>
         <input_file_ref idref="fl-16c"/>
      </object_component>
      <object_component id="oc-18">
         <name>.debug_line</name>
         <load_address>0x5c05</load_address>
         <run_address>0x5c05</run_address>
         <size>0x75</size>
         <input_file_ref idref="fl-16c"/>
      </object_component>
      <object_component id="oc-b2">
         <name>.debug_line</name>
         <load_address>0x5c7a</load_address>
         <run_address>0x5c7a</run_address>
         <size>0x2e</size>
         <input_file_ref idref="fl-16c"/>
      </object_component>
      <object_component id="oc-b7">
         <name>.debug_line</name>
         <load_address>0x5ca8</load_address>
         <run_address>0x5ca8</run_address>
         <size>0x5b</size>
         <input_file_ref idref="fl-16c"/>
      </object_component>
      <object_component id="oc-141">
         <name>.debug_line</name>
         <load_address>0x5d03</load_address>
         <run_address>0x5d03</run_address>
         <size>0x68</size>
         <input_file_ref idref="fl-16e"/>
      </object_component>
      <object_component id="oc-42">
         <name>.debug_line</name>
         <load_address>0x5d6b</load_address>
         <run_address>0x5d6b</run_address>
         <size>0x70</size>
         <input_file_ref idref="fl-16e"/>
      </object_component>
      <object_component id="oc-14a">
         <name>.debug_line</name>
         <load_address>0x5ddb</load_address>
         <run_address>0x5ddb</run_address>
         <size>0x2e</size>
         <input_file_ref idref="fl-16e"/>
      </object_component>
      <object_component id="oc-209">
         <name>.debug_line</name>
         <load_address>0x5e09</load_address>
         <run_address>0x5e09</run_address>
         <size>0x20</size>
         <input_file_ref idref="fl-170"/>
      </object_component>
      <object_component id="oc-18c">
         <name>.debug_line</name>
         <load_address>0x5e29</load_address>
         <run_address>0x5e29</run_address>
         <size>0x7a</size>
         <input_file_ref idref="fl-170"/>
      </object_component>
      <object_component id="oc-a7">
         <name>.debug_line</name>
         <load_address>0x5ea3</load_address>
         <run_address>0x5ea3</run_address>
         <size>0x9a</size>
         <input_file_ref idref="fl-171"/>
      </object_component>
      <object_component id="oc-8c">
         <name>.debug_line</name>
         <load_address>0x5f3d</load_address>
         <run_address>0x5f3d</run_address>
         <size>0x73</size>
         <input_file_ref idref="fl-172"/>
      </object_component>
      <object_component id="oc-205">
         <name>.debug_line</name>
         <load_address>0x5fb0</load_address>
         <run_address>0x5fb0</run_address>
         <size>0x20</size>
         <input_file_ref idref="fl-175"/>
      </object_component>
      <object_component id="oc-166">
[...]
         <object_component_ref idref="oc-d0"/>
      </symbol>
      <symbol id="sm-955">
         <name>UARTSoftwareFlowCtrlOptSet</name>
         <value>0x402f61fc</value>
         <object_component_ref idref="oc-d0"/>
      </symbol>
      <symbol id="sm-956">
         <name>UARTModemControlClear</name>
         <value>0x402f6394</value>
         <object_component_ref idref="oc-d0"/>
      </symbol>
      <symbol id="sm-957">
         <name>UARTRegConfigModeEnable</name>
         <value>0x402f5e3c</value>
         <object_component_ref idref="oc-d0"/>
      </symbol>
      <symbol id="sm-958">
         <name>UARTRXCTSDSRTransitionStatusGet</name>
         <value>0x402f62bc</value>
         <object_component_ref idref="oc-d0"/>
      </symbol>
      <symbol id="sm-959">
         <name>UARTTxEmptyIntControl</name>
         <value>0x402f5f50</value>
         <object_component_ref idref="oc-d0"/>
      </symbol>
      <symbol id="sm-95a">
         <name>UARTParityModeGet</name>
         <value>0x402f6308</value>
         <object_component_ref idref="oc-d0"/>
      </symbol>
      <symbol id="sm-95b">
         <name>UARTBreakCtl</name>
         <value>0x402f6bd0</value>
         <object_component_ref idref="oc-d0"/>
      </symbol>
      <symbol id="sm-9ab">
         <name>I2CContextRestore</name>
         <value>0x402f8b08</value>
         <object_component_ref idref="oc-52"/>
      </symbol>
      <symbol id="sm-9ac">
         <name>I2CDMATxEventEnable</name>
         <value>0x402f8a84</value>
         <object_component_ref idref="oc-52"/>
      </symbol>
      <symbol id="sm-9ad">
         <name>I2CAutoIdleDisable</name>
         <value>0x402f8c38</value>
         <object_component_ref idref="oc-52"/>
      </symbol>
      <symbol id="sm-9ae">
         <name>I2CWakeUpDisable</name>
         <value>0x402f880c</value>
         <object_component_ref idref="oc-52"/>
      </symbol>
      <symbol id="sm-9af">
         <name>I2CMasterBusBusy</name>
         <value>0x402f89d4</value>
         <object_component_ref idref="oc-52"/>
      </symbol>
      <symbol id="sm-9b0">
         <name>I2CMasterSlaveAddrGet</name>
         <value>0x402f88d4</value>
         <object_component_ref idref="oc-52"/>
      </symbol>
      <symbol id="sm-9b1">
         <name>I2CBufferStatus</name>
         <value>0x402f8bec</value>
         <object_component_ref idref="oc-52"/>
      </symbol>
      <symbol id="sm-9b2">
         <name>I2CMasterIntDisableEx</name>
         <value>0x402f8920</value>
         <object_component_ref idref="oc-52"/>
      </symbol>
      <symbol id="sm-9b3">
         <name>I2CMasterIntStatus</name>
         <value>0x402f88ec</value>
         <object_component_ref idref="oc-52"/>
      </symbol>
      <symbol id="sm-9b4">
         <name>I2COwnAddressSet</name>
         <value>0x402f8874</value>
         <object_component_ref idref="oc-52"/>
      </symbol>
      <symbol id="sm-9b5">
         <name>I2CFIFOClear</name>
         <value>0x402f8a60</value>
         <object_component_ref idref="oc-52"/>
      </symbol>
      <symbol id="sm-9b6">
         <name>I2CMasterIntRawStatusClearEx</name>
         <value>0x402f8900</value>
         <object_component_ref idref="oc-52"/>
      </symbol>
      <symbol id="sm-9b7">
         <name>I2CDMATxEventDisable</name>
         <value>0x402f8a9c</value>
         <object_component_ref idref="oc-52"/>
      </symbol>
      <symbol id="sm-9b8">
         <name>I2CMasterDataPut</name>
         <value>0x402f89a8</value>
         <object_component_ref idref="oc-52"/>
      </symbol>
      <symbol id="sm-9b9">
         <name>I2CDataCountGet</name>
         <value>0x402f8a7c</value>
         <object_component_ref idref="oc-52"/>
      </symbol>
      <symbol id="sm-9ba">
         <name>I2CSoftReset</name>
         <value>0x402f885c</value>
         <object_component_ref idref="oc-52"/>
      </symbol>
      <symbol id="sm-9bb">
         <name>I2CActiveOwnAddressGet</name>
         <value>0x402f8c48</value>
         <object_component_ref idref="oc-52"/>
      </symbol>
      <symbol id="sm-9bc">
         <name>I2CMasterInitExpClk</name>
         <value>0x402f8930</value>
         <object_component_ref idref="oc-52"/>
      </symbol>
      <symbol id="sm-9bd">
         <name>I2CGlobalWakeUpEnable</name>
         <value>0x402f8a04</value>
         <object_component_ref idref="oc-52"/>
      </symbol>
      <symbol id="sm-9be">
         <name>I2CDMARxEventDisable</name>
         <value>0x402f8acc</value>
         <object_component_ref idref="oc-52"/>
      </symbol>
      <symbol id="sm-9bf">
         <name>I2CMasterIntRawStatusEx</name>
         <value>0x402f88f4</value>
         <object_component_ref idref="oc-52"/>
      </symbol>
      <symbol id="sm-9c0">
         <name>I2CClockActivitySelect</name>
         <value>0x402f8bd0</value>
         <object_component_ref idref="oc-52"/>
      </symbol>
      <symbol id="sm-9c1">
         <name>I2CFIFOThresholdConfig</name>
         <value>0x402f8a24</value>
         <object_component_ref idref="oc-52"/>
      </symbol>
      <symbol id="sm-9c2">
         <name>I2CAutoIdleEnable</name>
         <value>0x402f8c28</value>
         <object_component_ref idref="oc-52"/>
      </symbol>
      <symbol id="sm-9c3">
         <name>I2CSetDataCount</name>
         <value>0x402f886c</value>
         <object_component_ref idref="oc-52"/>
      </symbol>
      <symbol id="sm-9c4">
         <name>I2CDMARxEventEnable</name>
         <value>0x402f8ab4</value>
         <object_component_ref idref="oc-52"/>
      </symbol>
      <symbol id="sm-9c5">
         <name>I2CClockBlockingControl</name>
         <value>0x402f8b68</value>
         <object_component_ref idref="oc-52"/>
      </symbol>
      <symbol id="sm-9c6">
         <name>I2CMasterIntClearEx</name>
         <value>0x402f8928</value>
         <object_component_ref idref="oc-52"/>
      </symbol>
      <symbol id="sm-9c7">
         <name>I2CMasterSlaveAddrSet</name>
         <value>0x402f88cc</value>
         <object_component_ref idref="oc-52"/>
      </symbol>
      <symbol id="sm-9c8">
         <name>I2CMasterDataGet</name>
         <value>0x402f89b0</value>
         <object_component_ref idref="oc-52"/>
      </symbol>
      <symbol id="sm-9c9">
         <name>I2CWakeUpEnable</name>
         <value>0x402f87c8</value>
         <object_component_ref idref="oc-52"/>
      </symbol>
      <symbol id="sm-9ca">
         <name>I2CMasterIntEnableEx</name>
         <value>0x402f8910</value>
         <object_component_ref idref="oc-52"/>
      </symbol>
      <symbol id="sm-9cb">
         <name>I2CMasterErr</name>
         <value>0x402f8978</value>
         <object_component_ref idref="oc-52"/>
      </symbol>
      <symbol id="sm-9cc">
         <name>I2CMasterStart</name>
         <value>0x402f88bc</value>
         <object_component_ref idref="oc-52"/>
      </symbol>
      <symbol id="sm-9cd">
         <name>I2CMasterStop</name>
         <value>0x402f88ac</value>
         <object_component_ref idref="oc-52"/>
      </symbol>
      <symbol id="sm-9ce">
         <name>I2CMasterControl</name>
         <value>0x402f89bc</value>
         <object_component_ref idref="oc-52"/>
      </symbol>
      <symbol id="sm-9cf">
         <name>I2CMasterIntRawStatus</name>
         <value>0x402f8908</value>
         <object_component_ref idref="oc-52"/>
      </symbol>
      <symbol id="sm-9d0">
         <name>I2CMasterBusy</name>
         <value>0x402f89c8</value>
         <object_component_ref idref="oc-52"/>
      </symbol>
      <symbol id="sm-9d1">
         <name>I2CMasterEnable</name>
         <value>0x402f8988</value>
         <object_component_ref idref="oc-52"/>
      </symbol>
      <symbol id="sm-9d2">
         <name>I2CMasterIntStatusEx</name>
         <value>0x402f88e0</value>
         <object_component_ref idref="oc-52"/>
      </symbol>
      <symbol id="sm-9d3">
         <name>I2CSystemStatusGet</name>
         <value>0x402f8850</value>
         <object_component_ref idref="oc-52"/>
      </symbol>
      <symbol id="sm-9d4">
         <name>I2CContextSave</name>
         <value>0x402f8ae4</value>
         <object_component_ref idref="oc-52"/>
      </symbol>
      <symbol id="sm-9d5">
         <name>I2CMasterDisable</name>
         <value>0x402f8998</value>
         <object_component_ref idref="oc-52"/>
      </symbol>
      <symbol id="sm-9d6">
         <name>I2CGlobalWakeUpDisable</name>
         <value>0x402f8a14</value>
         <object_component_ref idref="oc-52"/>
      </symbol>
      <symbol id="sm-9d7">
         <name>I2CIdleModeSelect</name>
         <value>0x402f89e8</value>
         <object_component_ref idref="oc-52"/>
      </symbol>
      <symbol id="sm-a45">
         <name>HSMMCSDIsCardInserted</name>
         <value>0x402f8480</value>
         <object_component_ref idref="oc-f7"/>
      </symbol>
      <symbol id="sm-a46">
         <name>HSMMCSDIntrEnable</name>
         <value>0x402f84c0</value>
         <object_component_ref idref="oc-f7"/>
      </symbol>
      <symbol id="sm-a47">
         <name>HSMMCSDBusVoltSet</name>
         <value>0x402f8634</value>
         <object_component_ref idref="oc-f7"/>
      </symbol>
      <symbol id="sm-a48">
         <name>HSMMCSDResponseGet</name>
         <value>0x402f8340</value>
         <object_component_ref idref="oc-f7"/>
      </symbol>
      <symbol id="sm-a49">
         <name>HSMMCSDBusPower</name>
         <value>0x402f8650</value>
         <object_component_ref idref="oc-f7"/>
      </symbol>
      <symbol id="sm-a4a">
         <name>HSMMCSDIsCmdComplete</name>
         <value>0x402f8438</value>
         <object_component_ref idref="oc-f7"/>
      </symbol>
      <symbol id="sm-a4b">
         <name>HSMMCSDBlkLenSet</name>
         <value>0x402f87a0</value>
         <object_component_ref idref="oc-f7"/>
      </symbol>
      <symbol id="sm-a4c">
         <name>HSMMCSDIntClock</name>
         <value>0x402f84d0</value>
         <object_component_ref idref="oc-f7"/>
      </symbol>
      <symbol id="sm-a4d">
         <name>HSMMCSDIntrStatusClear</name>
         <value>0x402f84b8</value>
         <object_component_ref idref="oc-f7"/>
      </symbol>
      <symbol id="sm-a4e">
         <name>HSMMCSDIsXferComplete</name>
         <value>0x402f83b4</value>
         <object_component_ref idref="oc-f7"/>
      </symbol>
      <symbol id="sm-a4f">
         <name>HSMMCSDIntrStatusEnable</name>
         <value>0x402f8498</value>
         <object_component_ref idref="oc-f7"/>
      </symbol>
      <symbol id="sm-a50">
         <name>HSMMCSDIntrStatusGet</name>
         <value>0x402f848c</value>
         <object_component_ref idref="oc-f7"/>
      </symbol>
      <symbol id="sm-a51">
         <name>HSMMCSDDataGet</name>
         <value>0x402f8578</value>
         <object_component_ref idref="oc-f7"/>
      </symbol>
      <symbol id="sm-a52">
         <name>HSMMCSDSoftReset</name>
         <value>0x402f82ec</value>
         <object_component_ref idref="oc-f7"/>
      </symbol>
      <symbol id="sm-a53">
         <name>HSMMCSDCommandSend</name>
         <value>0x402f8594</value>
         <object_component_ref idref="oc-f7"/>
      </symbol>
      <symbol id="sm-a54">
         <name>HSMMCSDInitStreamSend</name>
         <value>0x402f850c</value>
         <object_component_ref idref="oc-f7"/>
      </symbol>
      <symbol id="sm-a55">
         <name>HSMMCSDDataTimeoutSet</name>
         <value>0x402f855c</value>
         <object_component_ref idref="oc-f7"/>
      </symbol>
      <symbol id="sm-a56">
         <name>HSMMCSDIsCardWriteProtected</name>
         <value>0x402f8474</value>
         <object_component_ref idref="oc-f7"/>
      </symbol>
      <symbol id="sm-a57">
         <name>HSMMCSDBusFreqSet</name>
         <value>0x402f86b0</value>
         <object_component_ref idref="oc-f7"/>
      </symbol>
      <symbol id="sm-a58">
         <name>HSMMCSDIsIntClockStable</name>
         <value>0x402f83f0</value>
         <object_component_ref idref="oc-f7"/>
      </symbol>
      <symbol id="sm-a59">
         <name>HSMMCSDLinesReset</name>
         <value>0x402f835c</value>
         <object_component_ref idref="oc-f7"/>
      </symbol>
      <symbol id="sm-a5a">
         <name>HSMMCSDIsHSupported</name>
         <value>0x402f842c</value>
         <object_component_ref idref="oc-f7"/>
      </symbol>
      <symbol id="sm-a5b">
         <name>MMCSDContextRestore</name>
         <value>0x402f827c</value>
         <object_component_ref idref="oc-f7"/>
      </symbol>
      <symbol id="sm-a5c">
         <name>HSMMCSDSystemConfig</name>
         <value>0x402f82b0</value>
         <object_component_ref idref="oc-f7"/>
      </symbol>
      <symbol id="sm-a5d">
         <name>HSMMCSDBusWidthSet</name>
         <value>0x402f85d4</value>
         <object_component_ref idref="oc-f7"/>
      </symbol>
      <symbol id="sm-a5e">
         <name>HSMMCSDIntrStatusDisable</name>
         <value>0x402f84a8</value>
         <object_component_ref idref="oc-f7"/>
      </symbol>
      <symbol id="sm-a5f">
         <name>HSMMCSDSupportedVoltSet</name>
         <value>0x402f82d0</value>
         <object_component_ref idref="oc-f7"/>
      </symbol>
      <symbol id="sm-a60">
         <name>MMCSDContextSave</name>
         <value>0x402f8248</value>
         <object_component_ref idref="oc-f7"/>
      </symbol>
      <symbol id="sm-a88">
         <name>UARTConsoleGetc</name>
         <value>0x402fa40c</value>
         <object_component_ref idref="oc-61"/>
      </symbol>
      <symbol id="sm-a89">
         <name>UARTConsolePutc</name>
         <value>0x402fa324</value>
         <object_component_ref idref="oc-61"/>
      </symbol>
      <symbol id="sm-a8a">
         <name>UARTConsoleInit</name>
         <value>0x402fa3e8</value>
         <object_component_ref idref="oc-61"/>
      </symbol>
      <symbol id="sm-b05">
         <name>UART0ModuleClkConfig</name>
         <value>0x402f9ed0</value>
         <object_component_ref idref="oc-d6"/>
      </symbol>
      <symbol id="sm-b06">
         <name>UARTPinMuxSetup</name>
         <value>0x402f9eb0</value>
         <object_component_ref idref="oc-d6"/>
      </symbol>
      <symbol id="sm-bc2">
         <name>I2CPinMuxSetup</name>
         <value>0x402f9538</value>
         <object_component_ref idref="oc-4c"/>
      </symbol>
      <symbol id="sm-bc3">
         <name>I2C1ModuleClkConfig</name>
         <value>0x402f9568</value>
         <object_component_ref idref="oc-4c"/>
      </symbol>
      <symbol id="sm-bc4">
         <name>I2C0ModuleClkConfig</name>
         <value>0x402f9688</value>
         <object_component_ref idref="oc-4c"/>
      </symbol>
      <symbol id="sm-bd7">
         <name>HSMMCSDPinMuxSetup</name>
         <value>0x402fa8fc</value>
         <object_component_ref idref="oc-5b"/>
      </symbol>
      <symbol id="sm-bd8">
         <name>HSMMCSDModuleClkConfig</name>
         <value>0x402fa928</value>
         <object_component_ref idref="oc-5b"/>
      </symbol>
      <symbol id="sm-c16">
         <name>BoardInfoRead</name>
         <value>0x402f9e78</value>
         <object_component_ref idref="oc-de"/>
      </symbol>
      <symbol id="sm-c17">
         <name>EEPROMI2CRead</name>
         <value>0x402f9d60</value>
         <object_component_ref idref="oc-de"/>
      </symbol>
      <symbol id="sm-c18">
         <name>EEPROMI2CSetUp</name>
         <value>0x402f9ce8</value>
         <object_component_ref idref="oc-de"/>
      </symbol>
      <symbol id="sm-c3c">
         <name>BoardInfoCheck</name>
         <value>0x402fa7e8</value>
         <object_component_ref idref="oc-e4"/>
      </symbol>
      <symbol id="sm-c62">
         <name>__TI_auto_init</name>
         <value>0x402fa744</value>
         <object_component_ref idref="oc-16"/>
      </symbol>
      <symbol id="sm-c65">
         <name>__stack</name>
         <value>0x4030fff0</value>
         <object_component_ref idref="oc-f"/>
      </symbol>
      <symbol id="sm-c7f">
         <name>copy_in</name>
         <value>0x402fa878</value>
         <object_component_ref idref="oc-3e"/>
      </symbol>
      <symbol id="sm-c8f">
         <name>memcmp</name>
         <value>0x402fa9c4</value>
         <object_component_ref idref="oc-188"/>
      </symbol>
      <symbol id="sm-ca8">
         <name>memcpy</name>
         <value>0x402fa074</value>
         <object_component_ref idref="oc-a6"/>
      </symbol>
      <symbol id="sm-ca9">
         <name>__aeabi_memcpy</name>
         <value>0x402fa074</value>
         <object_component_ref idref="oc-a6"/>
      </symbol>
      <symbol id="sm-caa">
         <name>__aeabi_memcpy8</name>
         <value>0x402fa074</value>
         <object_component_ref idref="oc-a6"/>
      </symbol>
      <symbol id="sm-cab">
         <name>__aeabi_memcpy4</name>
         <value>0x402fa074</value>
         <object_component_ref idref="oc-a6"/>
      </symbol>
      <symbol id="sm-cba">
         <name>__aeabi_memset</name>
         <value>0x402fa5e8</value>
         <object_component_ref idref="oc-88"/>
      </symbol>
      <symbol id="sm-cbb">
         <name>memset</name>
         <value>0x402fa5f4</value>
         <object_component_ref idref="oc-88"/>
      </symbol>
      <symbol id="sm-cbc">
         <name>__aeabi_memset8</name>
         <value>0x402fa5e8</value>
         <object_component_ref idref="oc-88"/>
      </symbol>
      <symbol id="sm-cbd">
         <name>__aeabi_memset4</name>
         <value>0x402fa5e8</value>
         <object_component_ref idref="oc-88"/>
      </symbol>
      <symbol id="sm-cbe">
         <name>__aeabi_memclr8</name>
         <value>0x402fa5e4</value>
         <object_component_ref idref="oc-88"/>
      </symbol>
      <symbol id="sm-cbf">
         <name>__aeabi_memclr4</name>
         <value>0x402fa5e4</value>
         <object_component_ref idref="oc-88"/>
      </symbol>
      <symbol id="sm-cc0">
         <name>__aeabi_memclr</name>
         <value>0x402fa5e4</value>
         <object_component_ref idref="oc-88"/>
      </symbol>
      <symbol id="sm-cd0">
         <name>strcmp</name>
         <value>0x402fa9f8</value>
         <object_component_ref idref="oc-162"/>
      </symbol>
      <symbol id="sm-cdf">
         <name>strncmp</name>
         <value>0x402fa98c</value>
         <object_component_ref idref="oc-168"/>
      </symbol>
      <symbol id="sm-cf3">
         <name>__aeabi_uidivmod</name>
         <value>0x402fa430</value>
         <object_component_ref idref="oc-7d"/>
      </symbol>
      <symbol id="sm-cf4">
         <name>__aeabi_uidiv</name>
         <value>0x402fa430</value>
         <object_component_ref idref="oc-7d"/>
      </symbol>
      <symbol id="sm-d01">
         <name>__aeabi_idiv0</name>
         <value>0x402faa44</value>
         <object_component_ref idref="oc-132"/>
      </symbol>
      <symbol id="sm-d02">
         <name>__TI_Handler_Table_Base</name>
         <value>0x0</value>
      </symbol>
      <symbol id="sm-d03">
         <name>__TI_Handler_Table_Limit</name>
         <value>0x0</value>
      </symbol>
      <symbol id="sm-d04">
         <name>__TI_CINIT_Limit</name>
         <value>0x0</value>
      </symbol>
      <symbol id="sm-d05">
         <name>__TI_CINIT_Base</name>
         <value>0x0</value>
      </symbol>
      <symbol id="sm-d06">
         <name>SHT$$INIT_ARRAY$$Limit</name>
         <value>0x0</value>
      </symbol>
      <symbol id="sm-d07">
         <name>SHT$$INIT_ARRAY$$Base</name>
         <value>0x0</value>
      </symbol>
      <symbol id="sm-d08">
         <name>UARTStdioInit</name>
         <value>0x402fa3e8</value>
      </symbol>
      <symbol id="sm-d09">
         <name>UARTPutc</name>
         <value>0x402fa324</value>
      </symbol>
      <symbol id="sm-d0a">
         <name>UARTGetc</name>
         <value>0x402fa40c</value>
      </symbol>
   </symbol_table>
   <title>Link successful</title>
</link_info>
