******************************************************************************
                  TI ARM Linker PC v5.2.6                      
******************************************************************************
>> Linked Wed Apr 27 11:46:49 2016

OUTPUT FILE NAME:   <BeagleBone_Smart_Controler.out>
ENTRY POINT SYMBOL: "Entry"  address: 80000000


MEMORY CONFIGURATION

         name            origin    length      used     unused   attr    fill
----------------------  --------  ---------  --------  --------  ----  --------
  DDR_MEM               80000000   07ffffff  00052835  07fad7ca  RWIX


SEGMENT ALLOCATION MAP

run origin  load origin   length   init length attrs members
----------  ----------- ---------- ----------- ----- -------
80000000    80000000    0004d104   0004d104    r-x
  80000000    80000000    000000d0   000000d0    r-x .text:Entry
  800000d0    800000d0    00042874   00042874    r-- .const
  80042944    80042944    0000a7c0   0000a7c0    r-x .text
8004d108    8004d108    00000572   00000572    rw-
  8004d108    8004d108    00000572   00000572    rw- .data
80050000    80050000    000051b7   00000000    rw-
  80050000    80050000    000051b7   00000000    rw- .bss
87fffff0    87fffff0    00000008   00000000    rw-
  87fffff0    87fffff0    00000008   00000000    rw- .stack


SECTION ALLOCATION MAP

 output                                  attributes/
section   page    origin      length       input sections
--------  ----  ----------  ----------   ----------------
.text:Entry 
*          0    80000000    000000d0     
                  80000000    000000c8     system.lib : init.obj (.text:Entry)
                  800000c8    00000008     rtsv7A8_A_le_n_eabi.lib : autoinit.obj (.tramp.__TI_auto_init.1)

.const     0    800000d0    00042874     
                  800000d0    0003fc00     BITMAP_CHARLIE_BEACH.obj (.const:.string:BITMAP_CharlieBeach)
                  8003fcd0    00002bc0     BITMAP_TV_REMOTE.obj (.const:.string:BITMAP_TVRemote)
                  80042890    00000054     MEMORY.obj (.const)
                  800428e4    00000038     system.lib : startup.obj (.const:vecTbl)
                  8004291c    00000010     CMD.obj (.const)
                  8004292c    0000000c     BITMAP_CHARLIE_BEACH.obj (.const)
                  80042938    0000000c     BITMAP_TV_REMOTE.obj (.const)

.text      0    80042944    0000a7c0     
                  80042944    00002918     LCD.obj (.text)
                  8004525c    00001d10     uart_irda_cir.obj (.text)
                  80046f6c    00000ec4     mcspi.obj (.text)
                  80047e30    00000b70     gpio_v2.obj (.text)
                  800489a0    00000a38     GUI.obj (.text)
                  800493d8    0000084c     dmtimer.obj (.text)
                  80049c24    000004a0     UART.obj (.text)
                  8004a0c4    00000488     system.lib : cp15.obj (.text)
                  8004a54c    00000478     FRAM.obj (.text)
                  8004a9c4    00000458     SPI.obj (.text)
                  8004ae1c    000003e4     interrupt.obj (.text)
                  8004b200    000003c8     GPIO.obj (.text)
                  8004b5c8    000002c0     LEDS.obj (.text)
                  8004b888    00000264     INTERRUPTS.obj (.text)
                  8004baec    00000214     rtsv7A8_A_le_n_eabi.lib : fd_add32.obj (.text)
                  8004bd00    00000204     TEST.obj (.text)
                  8004bf04    000001d8     CMD.obj (.text)
                  8004c0dc    00000194     main.obj (.text)
                  8004c270    00000180     rtsv7A8_A_le_n_eabi.lib : memcpy32.obj (.text)
                  8004c3f0    00000170     mmu.obj (.text)
                  8004c560    00000168     TIMERS.obj (.text)
                  8004c6c8    00000164     MISC.obj (.text)
                  8004c82c    00000130     cache.obj (.text)
                  8004c95c    00000124     platform.lib : gpio.obj (.text)
                  8004ca80    0000010c     system.lib : exceptionhandler.obj (.text)
                  8004cb8c    000000f0     rtsv7A8_A_le_n_eabi.lib : u_div32.obj (.text)
                  8004cc7c    000000dc     SYSTEM.obj (.text)
                  8004cd58    000000a8     MEMORY.obj (.text)
                  8004ce00    000000a4     rtsv7A8_A_le_n_eabi.lib : autoinit.obj (.text)
                  8004cea4    00000084                             : cpy_tbl.obj (.text)
                  8004cf28    00000060     system.lib : cpu.obj (.text)
                  8004cf88    0000005c     rtsv7A8_A_le_n_eabi.lib : fd_toi32.obj (.text)
                  8004cfe4    0000005c                             : fd_tou32.obj (.text)
                  8004d040    00000044     system.lib : startup.obj (.text)
                  8004d084    0000003c     rtsv7A8_A_le_n_eabi.lib : i_tofd32.obj (.text)
                  8004d0c0    00000034                             : u_tofd32.obj (.text)
                  8004d0f4    0000000c     system.lib : cpu.obj (.text:CPUIntStatus)
                  8004d100    00000004     rtsv7A8_A_le_n_eabi.lib : i_div0.obj (.text)

.data      0    8004d108    00000572     
                  8004d108    00000500     GUI.obj (.data:Screens)
                  8004d608    00000038     FRAM.obj (.data:CurrentSystemSettings)
                  8004d640    00000022     LCD.obj (.data)
                  8004d662    00000002     CMD.obj (.data)
                  8004d664    0000000c     UART.obj (.data)
                  8004d670    00000008     TIMERS.obj (.data)
                  8004d678    00000002     GUI.obj (.data)

.TI.persistent 
*          0    8004d108    00000000     UNINITIALIZED

.bss       0    80050000    000051b7     UNINITIALIZED
                  80050000    00004000     MEMORY.obj (.bss:pageTable)
                  80054000    000007d0     UART.obj (.bss:UART_RX_buffer)
                  800547d0    000007d0     UART.obj (.bss:UART_TX_buffer)
                  80054fa0    00000200     interrupt.obj (.bss:fnRAMVectors)
                  800551a0    0000000c     (.common:Command_String)
                  800551ac    00000004     (.common:dummy)
                  800551b0    00000004     (.common:p_PreviousScreen)
                  800551b4    00000001     (.common:CurrentScreen)
                  800551b5    00000001     (.common:PreviousPreviousScreen)
                  800551b6    00000001     (.common:PreviousScreen)

.TI.noinit 
*          0    80050000    00000000     UNINITIALIZED

.stack     0    87fffff0    00000008     UNINITIALIZED
                  87fffff0    00000008     --HOLE--


FAR CALL TRAMPOLINES

callee name               trampoline name
   callee addr  tramp addr   call addr  call info
--------------  -----------  ---------  ----------------
__TI_auto_init            $Tramp$AA$S$$__TI_auto_init
   8004ce00     800000c8     800000a0   system.lib : init.obj (.text:Entry)

[1 trampolines]
[1 trampoline calls]


GLOBAL SYMBOLS: SORTED ALPHABETICALLY BY Name 

address   name                           
-------   ----                           
8004cb74  AbortHandler                   
800000d0  BITMAP_CharlieBeach            
8003fcd0  BITMAP_TVRemote                
8004bf14  CMD_CheckMatch                 
8004c0a0  CMD_ClearNewCommand            
8004c0b0  CMD_GetNewCommand              
8004c080  CMD_Help                       
8004c090  CMD_SetNewCommand              
8004a520  CP15AuxControlFeatureDisable   
8004a50c  CP15AuxControlFeatureEnable    
8004a4b4  CP15BranchPredictionDisable    
8004a4a4  CP15BranchPredictionEnable     
8004a498  CP15BranchPredictorInvalidate  
8004a4d4  CP15ControlFeatureDisable      
8004a4e8  CP15ControlFeatureEnable       
8004a1b0  CP15DCacheClean                
8004a2e8  CP15DCacheCleanBuff            
8004a244  CP15DCacheCleanFlush           
8004a33c  CP15DCacheCleanFlushBuff       
8004a0e0  CP15DCacheDisable              
8004a10c  CP15DCacheEnable               
8004a11c  CP15DCacheFlush                
8004a390  CP15DCacheFlushBuff            
8004a4c4  CP15DomainAccessClientSet      
8004a0c4  CP15ICacheDisable              
8004a0fc  CP15ICacheEnable               
8004a2d8  CP15ICacheFlush                
8004a3f4  CP15ICacheFlushBuff            
8004a460  CP15MMUDisable                 
8004a478  CP15MMUEnable                  
8004a534  CP15MainIdPrimPartNumGet       
8004a454  CP15TlbInvalidate              
8004a448  CP15Ttb0Set                    
8004a4fc  CP15TtbCtlTtb0Config           
8004a48c  CP15VectorBaseAddrSet          
8004cf84  CPUAbortHandler                
8004d0f4  CPUIntStatus                   
8004cf7c  CPUSwitchToPrivilegedMode      
8004cf68  CPUSwitchToUserMode            
8004cf58  CPUfiqd                        
8004cf48  CPUfiqe                        
8004cf38  CPUirqd                        
8004cf28  CPUirqe                        
8004c8f0  CacheDataCleanAll              
8004c908  CacheDataCleanBuff             
8004c8e4  CacheDataCleanInvalidateAll    
8004c940  CacheDataCleanInvalidateBuff   
8004c8fc  CacheDataInvalidateAll         
8004c924  CacheDataInvalidateBuff        
8004c82c  CacheDisable                   
8004c870  CacheEnable                    
8004c8bc  CacheInstInvalidateAll         
8004c8c8  CacheInstInvalidateBuff        
800551a0  Command_String                 
8004291c  Commands                       
800551b4  CurrentScreen                  
8004d608  CurrentSystemSettings          
80049a74  DMTimer2ModuleClkConfig        
80049718  DMTimerCompareGet              
800496dc  DMTimerCompareSet              
80049938  DMTimerContextRestore          
800498b8  DMTimerContextSave             
800495d4  DMTimerCounterGet              
80049598  DMTimerCounterSet              
80049418  DMTimerDisable                 
800493d8  DMTimerEnable                  
8004965c  DMTimerGPOConfigure            
800497cc  DMTimerIntDisable              
800497a8  DMTimerIntEnable               
80049828  DMTimerIntEnableGet            
80049754  DMTimerIntRawStatusGet         
80049730  DMTimerIntRawStatusSet         
80049784  DMTimerIntStatusClear          
8004976c  DMTimerIntStatusGet            
80049458  DMTimerModeConfigure           
80049a18  DMTimerPostedModeConfig        
80049558  DMTimerPreScalerClkDisable     
800494d8  DMTimerPreScalerClkEnable      
80049644  DMTimerReloadGet               
80049608  DMTimerReloadSet               
80049884  DMTimerReset                   
80049840  DMTimerResetConfigure          
800497f0  DMTimerTriggerSet              
80049a5c  DMTimerWritePostedStatusGet    
80000000  Entry                          
8004cb70  FIQHandler                     
8004a974  FRAM_Hold                      
8004a598  FRAM_LoadSettings              
8004a798  FRAM_ReadMemory                
8004a68c  FRAM_ReadStatusRegister        
8004a5b4  FRAM_SaveSettings              
8004a60c  FRAM_WriteDisable              
8004a5d0  FRAM_WriteEnable               
8004a6cc  FRAM_WriteMemory               
8004a938  FRAM_WriteProtect              
8004a864  FRAM_WriteRead                 
8004a648  FRAM_WriteStatusRegister       
8004d65e  FT_DispCSpread                 
8004d660  FT_DispDither                  
8004d648  FT_DispHCycle                  
8004d64a  FT_DispHOffset                 
8004d64c  FT_DispHSync0                  
8004d64e  FT_DispHSync1                  
8004d646  FT_DispHeight                  
8004d658  FT_DispPCLK                    
8004d65c  FT_DispPCLKPol                 
8004d65a  FT_DispSwizzle                 
8004d650  FT_DispVCycle                  
8004d652  FT_DispVOffset                 
8004d654  FT_DispVSync0                  
8004d656  FT_DispVSync1                  
8004d644  FT_DispWidth                   
8004c9dc  GPIO0ModuleClkConfig           
8004c988  GPIO1ModuleClkConfig           
8004c978  GPIO1Pin23PinMuxSetup          
8004c968  GPIO1PinMuxSetup               
800487c0  GPIOAutoIdleModeControl        
8004888c  GPIODebounceFuncControl        
800488dc  GPIODebounceTimeConfig         
80047f0c  GPIODirModeGet                 
80047eac  GPIODirModeSet                 
80048848  GPIOGatingRatioConfigure       
80048804  GPIOIdleModeConfigure          
80048478  GPIOIntTypeGet                 
800480d8  GPIOIntTypeSet                 
80047e88  GPIOModuleDisable              
80047e64  GPIOModuleEnable               
80047e30  GPIOModuleReset                
80048014  GPIOMultiplePinsRead           
80047fe4  GPIOMultiplePinsWrite          
800485bc  GPIOPinIntClear                
80048088  GPIOPinIntDisable              
80048038  GPIOPinIntEnable               
80048558  GPIOPinIntStatus               
80048760  GPIOPinIntWakeUpDisable        
80048700  GPIOPinIntWakeUpEnable         
80047f9c  GPIOPinRead                    
80047f4c  GPIOPinWrite                   
8004860c  GPIORawIntStatus               
80048900  GPIORevisionInfoGet            
80048668  GPIOTriggerPinInt              
800486dc  GPIOWakeupGlobalDisable        
800486b8  GPIOWakeupGlobalEnable         
8004b888  GPIO_3A_ISR                    
8004b3f4  GPIO_Module0ClkConfig          
8004b45c  GPIO_Module1ClkConfig          
8004b4c4  GPIO_Module2ClkConfig          
8004b52c  GPIO_Module3ClkConfig          
800492e0  GUI_ClearTagTimoutFlag         
8004919c  GUI_CreateTouchCalibration     
80048b70  GUI_DrawHomeScreen             
800489dc  GUI_DrawInitialScreen          
80048a64  GUI_DrawInitialScreenProgress  
80048f5c  GUI_DrawNextScreen             
8004908c  GUI_DrawPreviousScreen         
80048dc4  GUI_DrawTVRemoteScreen         
800492f0  GUI_GetTagTimoutFlag           
80048e50  GUI_LoadItemToRAMG             
800490d8  GUI_LoadTouchCalibration       
800492d0  GUI_SetTagTimoutFlag           
800492b4  GUI_StartNewScreenTagTimer     
80048ed0  GUI_TouchConfig                
8004c95c  GpioPinMuxSetup                
8004292c  HEADER_CharlieBeach            
80042938  HEADER_TVRemote                
8004cac4  IRQHandler                     
8004bf04  InitCMD                        
8004a54c  Init_FRAM                      
8004b200  Init_GPIO                      
800489a0  Init_GUI                       
80042944  Init_LCD                       
8004b5c8  Init_LED                       
8004cc7c  Init_Modules                   
8004a9c4  Init_SPI                       
8004aae4  Init_SPI_Module0               
8004a9d4  Init_SPI_Module1               
8004bd00  Init_Test                      
8004c56c  Init_Timer2                    
8004c560  Init_Timers                    
80049c24  Init_UART                      
8004ae64  IntAINTCInit                   
8004af9c  IntActiveIrqNumGet             
8004b034  IntCurrIrqPriorityGet          
8004b18c  IntDisable                     
8004b1a4  IntEnable                      
8004b020  IntFuncClkAutoGateSet          
8004b00c  IntFuncClkFreeRunSet           
8004af88  IntIfClkAutoGateSet            
8004af74  IntIfClkFreeRunSet             
8004b174  IntMasterFIQDisable            
8004b168  IntMasterFIQEnable             
8004b15c  IntMasterIRQDisable            
8004b150  IntMasterIRQEnable             
8004b180  IntMasterStatusGet             
8004b114  IntPendingIrqMaskedStatusGet   
8004aed4  IntPrioritySet                 
8004b044  IntPriorityThresholdGet        
8004b054  IntPriorityThresholdSet        
8004afd0  IntProtectionDisable           
8004afc0  IntProtectionEnable            
8004b074  IntRawStatusGet                
8004ae20  IntRegister                    
8004b0e4  IntSoftwareIntClear            
8004b0b4  IntSoftwareIntSet              
8004afac  IntSpurIrqFlagGet              
8004aff8  IntSyncClkAutoGateSet          
8004afe4  IntSyncClkFreeRunSet           
8004af40  IntSystemDisable               
8004af0c  IntSystemEnable                
8004ae44  IntUnRegister                  
80045238  LCD_ClearInterruptFlag         
80045248  LCD_GetInterruptFlag           
8004342c  LCD_IncrementWriteOffset       
80042cb0  LCD_Interrupt                  
80042bc0  LCD_InterruptConfigure         
80042c40  LCD_InteruptDisable            
80042c0c  LCD_InteruptEnable             
80042c74  LCD_Reset                      
80043498  LCD_SendRAMAddress             
80045228  LCD_SetInterruptFlag           
80043508  LCD_WaitCoprocessorDone        
8004346c  LCD_WriteCommandParameters     
800433b4  LCD_cmd                        
80044490  LCD_cmd_append                 
80043890  LCD_cmd_bgcolor                
80043678  LCD_cmd_button                 
80044c4c  LCD_cmd_calibrate              
800437dc  LCD_cmd_clock                  
80044b78  LCD_cmd_coldstart              
80043f08  LCD_cmd_dial                   
800438e8  LCD_cmd_fgcolor                
800439d0  LCD_cmd_gauge                  
800447cc  LCD_cmd_getmatrix              
800448e0  LCD_cmd_getprops               
80044888  LCD_cmd_getptr                 
80043940  LCD_cmd_gradcolor              
80043ae0  LCD_cmd_gradient               
80044504  LCD_cmd_inflate                
80044b88  LCD_cmd_interrupt              
80043b94  LCD_cmd_keys                   
80044614  LCD_cmd_loadidentity           
800445a8  LCD_cmd_loadimage              
800451e4  LCD_cmd_logo                   
80044970  LCD_cmd_mediafifo              
80044410  LCD_cmd_memcpy                 
800441ec  LCD_cmd_memcrc                 
800442d8  LCD_cmd_memset                 
8004435c  LCD_cmd_memwrite               
8004426c  LCD_cmd_memzero                
80044158  LCD_cmd_number                 
800449dc  LCD_cmd_playvideo              
80043cf8  LCD_cmd_progress               
80044be0  LCD_cmd_regread                
80044ca4  LCD_cmd_romfont                
80044730  LCD_cmd_rotate                 
800446c4  LCD_cmd_scale                  
80045000  LCD_cmd_screensaver            
80043da4  LCD_cmd_scrollbar              
80044100  LCD_cmd_setbase                
80044eac  LCD_cmd_setbitmap              
80044d10  LCD_cmd_setfont                
80044d7c  LCD_cmd_setfont2               
80044788  LCD_cmd_setmatrix              
80044e54  LCD_cmd_setrotate              
80044dfc  LCD_cmd_setscratch             
80045044  LCD_cmd_sketch                 
80043e58  LCD_cmd_slider                 
800450e8  LCD_cmd_snapshot               
80045140  LCD_cmd_snapshot2              
80044f38  LCD_cmd_spinner                
80044fbc  LCD_cmd_stop                   
8004352c  LCD_cmd_text                   
80043f9c  LCD_cmd_toggle                 
80044ae4  LCD_cmd_track                  
80044658  LCD_cmd_translate              
80044a78  LCD_cmd_videoframe             
80044a34  LCD_cmd_videostart             
80042d38  LCD_ft810memRead16             
80042d9c  LCD_ft810memRead32             
80042cec  LCD_ft810memRead8              
80042e64  LCD_ft810memWrite16            
80042ec8  LCD_ft810memWrite32            
80042e28  LCD_ft810memWrite8             
80042f5c  LCD_ft810memWriteBuffer        
800433dc  LCD_host_command               
80043120  LCD_rd16                       
80043138  LCD_rd32                       
8004310c  LCD_rd8                        
8004328c  LCD_rd_buffer                  
80043068  LCD_wr16                       
80043084  LCD_wr32                       
8004304c  LCD_wr8                        
800430a0  LCD_wr8s                       
8004314c  LCD_wr_buffer                  
8004b5cc  LED_Show                       
8004c544  MMUEnable                      
8004c3f0  MMUInit                        
8004c450  MMUMemRegionMap                
8004cd58  MMU_ConfigAndEnable            
8004c6c8  MSC_BufferCopy                 
8004c77c  MSC_DelayUS                    
8004c740  MSC_LowercaseChar              
8004c7f0  MSC_Round                      
80047cac  McSPI0ModuleClkConfig          
80047b50  McSPI1ModuleClkConfig          
800472d0  McSPICSAssert                  
80047308  McSPICSDeAssert                
800471d8  McSPICSDisable                 
800471b4  McSPICSEnable                  
800471fc  McSPICSPolarityConfig          
80047264  McSPICSTimeControlSet          
800475e0  McSPIChannelDisable            
800475a8  McSPIChannelEnable             
80047a9c  McSPIChannelStatusGet          
80046f6c  McSPIClkConfig                 
80047910  McSPIDMADisable                
800478cc  McSPIDMAEnable                 
80047b0c  McSPIFIFODatManagementConfig   
8004778c  McSPIFIFOTrigLvlSet            
800479ac  McSPIInitDelayConfig           
80047980  McSPIIntDisable                
80047954  McSPIIntEnable                 
80047a68  McSPIIntStatusClear            
80047a50  McSPIIntStatusGet              
8004743c  McSPIMasterModeConfig          
80047418  McSPIMasterModeEnable          
80047ac8  McSPIMultipleWordAccessConfig  
80047a24  McSPIReceiveData               
80047618  McSPIReset                     
80047724  McSPIRxFIFOConfig              
800473e0  McSPIStartBitDisable           
80047340  McSPIStartBitEnable            
80047378  McSPIStartBitPolarityConfig    
800479f0  McSPITransmitData              
80047684  McSPITurboModeDisable          
8004764c  McSPITurboModeEnable           
800476bc  McSPITxFIFOConfig              
8004788c  McSPIWordCountSet              
8004714c  McSPIWordLengthSet             
8004d663  NumCommand                     
800551b5  PreviousPreviousScreen         
800551b6  PreviousScreen                 
8004d642  RAM_CMD_Offset                 
UNDEFED   SHT$$INIT_ARRAY$$Base          
UNDEFED   SHT$$INIT_ARRAY$$Limit         
8004ac20  SPI_1_ISR                      
8004abf4  SPI_INTCConfigure1             
8004acd4  SPI_ReadWriteByte0             
8004ad2c  SPI_ReadWriteByte1             
8004ac24  SPI_WriteByte0                 
8004ac7c  SPI_WriteByte1                 
8004ad84  SPI_WriteByteNoRx0             
8004adb4  SPI_WriteByteNoRx1             
8004ca9c  SVC_Handler                    
8004d108  Screens                        
8004bd50  TEST_Setpoint1                 
8004bd8c  TEST_Setpoint2                 
8004bdc8  TEST_Setpoint3                 
8004be04  TEST_Togglepoint1              
8004be54  TEST_Togglepoint2              
8004bea4  TEST_Togglepoint3              
8004ba64  TMR_2_ISR                      
8004c5e4  TMR_CalculateReload            
8004c65c  TMR_GetNewScreenTagTimerEnabled
8004c630  TMR_InterruptConfigure2        
8004d674  TMR_NewScreenTagTimer          
8004c6a0  TMR_ResetNewScreenTagTimer     
8004c668  TMR_SetNewScreenTagTimerEnabled
8004689c  UARTAutoIdleModeControl        
80046648  UARTAutoRTSAutoCTSControl      
80046d84  UARTAutobaudParityGet          
80046e1c  UARTAutobaudSpeedGet           
80046dd0  UARTAutobaudWordLenGet         
800455e4  UARTBreakCtl                   
80046324  UARTCharGet                    
800462cc  UARTCharGetNonBlocking         
8004637c  UARTCharGetTimeout             
8004640c  UARTCharPut                    
80046260  UARTCharPutNonBlocking         
8004620c  UARTCharsAvail                 
80046cf4  UARTDMACounterResetControl     
80045b20  UARTDMADisable                 
80045ac4  UARTDMAEnable                  
80046c0c  UARTDSRInterruptControl        
80045528  UARTDivisorLatchDisable        
80045504  UARTDivisorLatchEnable         
80045380  UARTDivisorLatchWrite          
800452bc  UARTDivisorValCompute          
80045c44  UARTEnhanFuncBitValRestore     
80045be4  UARTEnhanFuncEnable            
80046480  UARTFIFOCharGet                
80046460  UARTFIFOCharPut                
80045700  UARTFIFOConfig                 
800465f4  UARTFIFOEnableStatusGet        
80045b58  UARTFIFORegisterWrite          
80046ba8  UARTFIFOTrigLvlGranControl     
8004649c  UARTFIFOWrite                  
800468e0  UARTFlowCtrlTrigLvlConfig      
80046814  UARTIdleModeConfigure          
800460f0  UARTIntDisable                 
8004600c  UARTIntEnable                  
80046554  UARTIntIdentityGet             
800465a0  UARTIntPendingStatusGet        
80045628  UARTLineCharacConfig           
80046a54  UARTLoopbackModeControl        
80046ac8  UARTModemControlClear          
80046a98  UARTModemControlSet            
80046b14  UARTModemStatusChangeCheck     
80046af8  UARTModemStatusGet             
800467e0  UARTModuleReset                
80046ec8  UARTModuleVersionNumberGet     
8004525c  UARTOperatingModeSelect        
800456e4  UARTParityModeGet              
800456a0  UARTParityModeSet              
8004679c  UARTPulseShapingControl        
80046cd8  UARTRXCTSDSRTransitionStatusGet
80046c94  UARTRXCTSDSRWakeUpConfigure    
800455c4  UARTRegConfModeRestore         
8004554c  UARTRegConfigModeEnable        
80046b30  UARTResumeOperation            
80046508  UARTRxErrorGet                 
80046d6c  UARTRxFIFOLevelGet             
80046eac  UARTScratchPadRegRead          
80046e68  UARTScratchPadRegWrite         
80046738  UARTSoftwareFlowCtrlOptSet     
800461b8  UARTSpaceAvail                 
800466d4  UARTSpecialCharDetectControl   
80045ca8  UARTSubConfigMSRSPRModeEn      
80045d80  UARTSubConfigTCRTLRModeEn      
80045e58  UARTSubConfigXOFFModeEn        
80045f30  UARTTCRTLRBitValRestore        
80046ee4  UARTTxDMAThresholdControl      
80046f28  UARTTxDMAThresholdValConfig    
80046c50  UARTTxEmptyIntControl          
80046d38  UARTTxFIFOFullStatusGet        
80046d54  UARTTxFIFOLevelGet             
80046858  UARTWakeUpControl              
80046b78  UARTWakeUpEventsDisable        
80046b48  UARTWakeUpEventsEnable         
80046930  UARTXON1XOFF1ValProgram        
80046960  UARTXON2XOFF2ValProgram        
80046990  UARTXONAnyFeatureControl       
8004b8c4  UART_0_ISR                     
80049e6c  UART_AddToRXBuffer             
80049f9c  UART_AddToTXBuffer             
80049d78  UART_BaudRateSet               
80049df4  UART_Configure                 
80049d54  UART_FIFOConfigure             
8004a048  UART_GetTXInterruptStatus      
80049e40  UART_InterruptConfigure0       
80049db0  UART_LineCharacSet             
80049c74  UART_Module0ClkConfig          
80049cd0  UART_PrintBuffer               
80049cbc  UART_PrintChar                 
80049d1c  UART_PrintString               
80054000  UART_RX_buffer                 
8004d664  UART_RX_place                  
8004d668  UART_TX_add                    
800547d0  UART_TX_buffer                 
8004d66c  UART_TX_remove                 
8004cb74  UndefInstHandler               
87fffff8  __STACK_END                    
00000008  __STACK_SIZE                   
UNDEFED   __TI_CINIT_Base                
UNDEFED   __TI_CINIT_Limit               
UNDEFED   __TI_Handler_Table_Base        
UNDEFED   __TI_Handler_Table_Limit       
8004ce00  __TI_auto_init                 
80000000  __TI_static_base__             
8004cf88  __aeabi_d2iz                   
8004cfe4  __aeabi_d2uiz                  
8004baf8  __aeabi_dadd                   
8004baec  __aeabi_dsub                   
8004d084  __aeabi_i2d                    
8004d100  __aeabi_idiv0                  
8004c270  __aeabi_memcpy                 
8004c270  __aeabi_memcpy4                
8004c270  __aeabi_memcpy8                
8004d0c0  __aeabi_ui2d                   
8004cb8c  __aeabi_uidiv                  
8004cb8c  __aeabi_uidivmod               
ffffffff  __binit__                      
ffffffff  __c_args__                     
87fffff0  __stack                        
ffffffff  binit                          
800551b7  bss_end                        
80050000  bss_start                      
8004cea4  copy_in                        
800551ac  dummy                          
80054fa0  fnRAMVectors                   
8004895c  gpioContextRestore             
80048918  gpioContextSave                
8004c0dc  main                           
8004c270  memcpy                         
800551b0  p_PreviousScreen               
8004d06c  start_boot                     


GLOBAL SYMBOLS: SORTED BY Symbol Address 

address   name                           
-------   ----                           
00000008  __STACK_SIZE                   
80000000  Entry                          
80000000  __TI_static_base__             
800000d0  BITMAP_CharlieBeach            
8003fcd0  BITMAP_TVRemote                
8004291c  Commands                       
8004292c  HEADER_CharlieBeach            
80042938  HEADER_TVRemote                
80042944  Init_LCD                       
80042bc0  LCD_InterruptConfigure         
80042c0c  LCD_InteruptEnable             
80042c40  LCD_InteruptDisable            
80042c74  LCD_Reset                      
80042cb0  LCD_Interrupt                  
80042cec  LCD_ft810memRead8              
80042d38  LCD_ft810memRead16             
80042d9c  LCD_ft810memRead32             
80042e28  LCD_ft810memWrite8             
80042e64  LCD_ft810memWrite16            
80042ec8  LCD_ft810memWrite32            
80042f5c  LCD_ft810memWriteBuffer        
8004304c  LCD_wr8                        
80043068  LCD_wr16                       
80043084  LCD_wr32                       
800430a0  LCD_wr8s                       
8004310c  LCD_rd8                        
80043120  LCD_rd16                       
80043138  LCD_rd32                       
8004314c  LCD_wr_buffer                  
8004328c  LCD_rd_buffer                  
800433b4  LCD_cmd                        
800433dc  LCD_host_command               
8004342c  LCD_IncrementWriteOffset       
8004346c  LCD_WriteCommandParameters     
80043498  LCD_SendRAMAddress             
80043508  LCD_WaitCoprocessorDone        
8004352c  LCD_cmd_text                   
80043678  LCD_cmd_button                 
800437dc  LCD_cmd_clock                  
80043890  LCD_cmd_bgcolor                
800438e8  LCD_cmd_fgcolor                
80043940  LCD_cmd_gradcolor              
800439d0  LCD_cmd_gauge                  
80043ae0  LCD_cmd_gradient               
80043b94  LCD_cmd_keys                   
80043cf8  LCD_cmd_progress               
80043da4  LCD_cmd_scrollbar              
80043e58  LCD_cmd_slider                 
80043f08  LCD_cmd_dial                   
80043f9c  LCD_cmd_toggle                 
80044100  LCD_cmd_setbase                
80044158  LCD_cmd_number                 
800441ec  LCD_cmd_memcrc                 
8004426c  LCD_cmd_memzero                
800442d8  LCD_cmd_memset                 
8004435c  LCD_cmd_memwrite               
80044410  LCD_cmd_memcpy                 
80044490  LCD_cmd_append                 
80044504  LCD_cmd_inflate                
800445a8  LCD_cmd_loadimage              
80044614  LCD_cmd_loadidentity           
80044658  LCD_cmd_translate              
800446c4  LCD_cmd_scale                  
80044730  LCD_cmd_rotate                 
80044788  LCD_cmd_setmatrix              
800447cc  LCD_cmd_getmatrix              
80044888  LCD_cmd_getptr                 
800448e0  LCD_cmd_getprops               
80044970  LCD_cmd_mediafifo              
800449dc  LCD_cmd_playvideo              
80044a34  LCD_cmd_videostart             
80044a78  LCD_cmd_videoframe             
80044ae4  LCD_cmd_track                  
80044b78  LCD_cmd_coldstart              
80044b88  LCD_cmd_interrupt              
80044be0  LCD_cmd_regread                
80044c4c  LCD_cmd_calibrate              
80044ca4  LCD_cmd_romfont                
80044d10  LCD_cmd_setfont                
80044d7c  LCD_cmd_setfont2               
80044dfc  LCD_cmd_setscratch             
80044e54  LCD_cmd_setrotate              
80044eac  LCD_cmd_setbitmap              
80044f38  LCD_cmd_spinner                
80044fbc  LCD_cmd_stop                   
80045000  LCD_cmd_screensaver            
80045044  LCD_cmd_sketch                 
800450e8  LCD_cmd_snapshot               
80045140  LCD_cmd_snapshot2              
800451e4  LCD_cmd_logo                   
80045228  LCD_SetInterruptFlag           
80045238  LCD_ClearInterruptFlag         
80045248  LCD_GetInterruptFlag           
8004525c  UARTOperatingModeSelect        
800452bc  UARTDivisorValCompute          
80045380  UARTDivisorLatchWrite          
80045504  UARTDivisorLatchEnable         
80045528  UARTDivisorLatchDisable        
8004554c  UARTRegConfigModeEnable        
800455c4  UARTRegConfModeRestore         
800455e4  UARTBreakCtl                   
80045628  UARTLineCharacConfig           
800456a0  UARTParityModeSet              
800456e4  UARTParityModeGet              
80045700  UARTFIFOConfig                 
80045ac4  UARTDMAEnable                  
80045b20  UARTDMADisable                 
80045b58  UARTFIFORegisterWrite          
80045be4  UARTEnhanFuncEnable            
80045c44  UARTEnhanFuncBitValRestore     
80045ca8  UARTSubConfigMSRSPRModeEn      
80045d80  UARTSubConfigTCRTLRModeEn      
80045e58  UARTSubConfigXOFFModeEn        
80045f30  UARTTCRTLRBitValRestore        
8004600c  UARTIntEnable                  
800460f0  UARTIntDisable                 
800461b8  UARTSpaceAvail                 
8004620c  UARTCharsAvail                 
80046260  UARTCharPutNonBlocking         
800462cc  UARTCharGetNonBlocking         
80046324  UARTCharGet                    
8004637c  UARTCharGetTimeout             
8004640c  UARTCharPut                    
80046460  UARTFIFOCharPut                
80046480  UARTFIFOCharGet                
8004649c  UARTFIFOWrite                  
80046508  UARTRxErrorGet                 
80046554  UARTIntIdentityGet             
800465a0  UARTIntPendingStatusGet        
800465f4  UARTFIFOEnableStatusGet        
80046648  UARTAutoRTSAutoCTSControl      
800466d4  UARTSpecialCharDetectControl   
80046738  UARTSoftwareFlowCtrlOptSet     
8004679c  UARTPulseShapingControl        
800467e0  UARTModuleReset                
80046814  UARTIdleModeConfigure          
80046858  UARTWakeUpControl              
8004689c  UARTAutoIdleModeControl        
800468e0  UARTFlowCtrlTrigLvlConfig      
80046930  UARTXON1XOFF1ValProgram        
80046960  UARTXON2XOFF2ValProgram        
80046990  UARTXONAnyFeatureControl       
80046a54  UARTLoopbackModeControl        
80046a98  UARTModemControlSet            
80046ac8  UARTModemControlClear          
80046af8  UARTModemStatusGet             
80046b14  UARTModemStatusChangeCheck     
80046b30  UARTResumeOperation            
80046b48  UARTWakeUpEventsEnable         
80046b78  UARTWakeUpEventsDisable        
80046ba8  UARTFIFOTrigLvlGranControl     
80046c0c  UARTDSRInterruptControl        
80046c50  UARTTxEmptyIntControl          
80046c94  UARTRXCTSDSRWakeUpConfigure    
80046cd8  UARTRXCTSDSRTransitionStatusGet
80046cf4  UARTDMACounterResetControl     
80046d38  UARTTxFIFOFullStatusGet        
80046d54  UARTTxFIFOLevelGet             
80046d6c  UARTRxFIFOLevelGet             
80046d84  UARTAutobaudParityGet          
80046dd0  UARTAutobaudWordLenGet         
80046e1c  UARTAutobaudSpeedGet           
80046e68  UARTScratchPadRegWrite         
80046eac  UARTScratchPadRegRead          
80046ec8  UARTModuleVersionNumberGet     
80046ee4  UARTTxDMAThresholdControl      
80046f28  UARTTxDMAThresholdValConfig    
80046f6c  McSPIClkConfig                 
8004714c  McSPIWordLengthSet             
800471b4  McSPICSEnable                  
800471d8  McSPICSDisable                 
800471fc  McSPICSPolarityConfig          
80047264  McSPICSTimeControlSet          
800472d0  McSPICSAssert                  
80047308  McSPICSDeAssert                
80047340  McSPIStartBitEnable            
80047378  McSPIStartBitPolarityConfig    
800473e0  McSPIStartBitDisable           
80047418  McSPIMasterModeEnable          
8004743c  McSPIMasterModeConfig          
800475a8  McSPIChannelEnable             
800475e0  McSPIChannelDisable            
80047618  McSPIReset                     
8004764c  McSPITurboModeEnable           
80047684  McSPITurboModeDisable          
800476bc  McSPITxFIFOConfig              
80047724  McSPIRxFIFOConfig              
8004778c  McSPIFIFOTrigLvlSet            
8004788c  McSPIWordCountSet              
800478cc  McSPIDMAEnable                 
80047910  McSPIDMADisable                
80047954  McSPIIntEnable                 
80047980  McSPIIntDisable                
800479ac  McSPIInitDelayConfig           
800479f0  McSPITransmitData              
80047a24  McSPIReceiveData               
80047a50  McSPIIntStatusGet              
80047a68  McSPIIntStatusClear            
80047a9c  McSPIChannelStatusGet          
80047ac8  McSPIMultipleWordAccessConfig  
80047b0c  McSPIFIFODatManagementConfig   
80047b50  McSPI1ModuleClkConfig          
80047cac  McSPI0ModuleClkConfig          
80047e30  GPIOModuleReset                
80047e64  GPIOModuleEnable               
80047e88  GPIOModuleDisable              
80047eac  GPIODirModeSet                 
80047f0c  GPIODirModeGet                 
80047f4c  GPIOPinWrite                   
80047f9c  GPIOPinRead                    
80047fe4  GPIOMultiplePinsWrite          
80048014  GPIOMultiplePinsRead           
80048038  GPIOPinIntEnable               
80048088  GPIOPinIntDisable              
800480d8  GPIOIntTypeSet                 
80048478  GPIOIntTypeGet                 
80048558  GPIOPinIntStatus               
800485bc  GPIOPinIntClear                
8004860c  GPIORawIntStatus               
80048668  GPIOTriggerPinInt              
800486b8  GPIOWakeupGlobalEnable         
800486dc  GPIOWakeupGlobalDisable        
80048700  GPIOPinIntWakeUpEnable         
80048760  GPIOPinIntWakeUpDisable        
800487c0  GPIOAutoIdleModeControl        
80048804  GPIOIdleModeConfigure          
80048848  GPIOGatingRatioConfigure       
8004888c  GPIODebounceFuncControl        
800488dc  GPIODebounceTimeConfig         
80048900  GPIORevisionInfoGet            
80048918  gpioContextSave                
8004895c  gpioContextRestore             
800489a0  Init_GUI                       
800489dc  GUI_DrawInitialScreen          
80048a64  GUI_DrawInitialScreenProgress  
80048b70  GUI_DrawHomeScreen             
80048dc4  GUI_DrawTVRemoteScreen         
80048e50  GUI_LoadItemToRAMG             
80048ed0  GUI_TouchConfig                
80048f5c  GUI_DrawNextScreen             
8004908c  GUI_DrawPreviousScreen         
800490d8  GUI_LoadTouchCalibration       
8004919c  GUI_CreateTouchCalibration     
800492b4  GUI_StartNewScreenTagTimer     
800492d0  GUI_SetTagTimoutFlag           
800492e0  GUI_ClearTagTimoutFlag         
800492f0  GUI_GetTagTimoutFlag           
800493d8  DMTimerEnable                  
80049418  DMTimerDisable                 
80049458  DMTimerModeConfigure           
800494d8  DMTimerPreScalerClkEnable      
80049558  DMTimerPreScalerClkDisable     
80049598  DMTimerCounterSet              
800495d4  DMTimerCounterGet              
80049608  DMTimerReloadSet               
80049644  DMTimerReloadGet               
8004965c  DMTimerGPOConfigure            
800496dc  DMTimerCompareSet              
80049718  DMTimerCompareGet              
80049730  DMTimerIntRawStatusSet         
80049754  DMTimerIntRawStatusGet         
8004976c  DMTimerIntStatusGet            
80049784  DMTimerIntStatusClear          
800497a8  DMTimerIntEnable               
800497cc  DMTimerIntDisable              
800497f0  DMTimerTriggerSet              
80049828  DMTimerIntEnableGet            
80049840  DMTimerResetConfigure          
80049884  DMTimerReset                   
800498b8  DMTimerContextSave             
80049938  DMTimerContextRestore          
80049a18  DMTimerPostedModeConfig        
80049a5c  DMTimerWritePostedStatusGet    
80049a74  DMTimer2ModuleClkConfig        
80049c24  Init_UART                      
80049c74  UART_Module0ClkConfig          
80049cbc  UART_PrintChar                 
80049cd0  UART_PrintBuffer               
80049d1c  UART_PrintString               
80049d54  UART_FIFOConfigure             
80049d78  UART_BaudRateSet               
80049db0  UART_LineCharacSet             
80049df4  UART_Configure                 
80049e40  UART_InterruptConfigure0       
80049e6c  UART_AddToRXBuffer             
80049f9c  UART_AddToTXBuffer             
8004a048  UART_GetTXInterruptStatus      
8004a0c4  CP15ICacheDisable              
8004a0e0  CP15DCacheDisable              
8004a0fc  CP15ICacheEnable               
8004a10c  CP15DCacheEnable               
8004a11c  CP15DCacheFlush                
8004a1b0  CP15DCacheClean                
8004a244  CP15DCacheCleanFlush           
8004a2d8  CP15ICacheFlush                
8004a2e8  CP15DCacheCleanBuff            
8004a33c  CP15DCacheCleanFlushBuff       
8004a390  CP15DCacheFlushBuff            
8004a3f4  CP15ICacheFlushBuff            
8004a448  CP15Ttb0Set                    
8004a454  CP15TlbInvalidate              
8004a460  CP15MMUDisable                 
8004a478  CP15MMUEnable                  
8004a48c  CP15VectorBaseAddrSet          
8004a498  CP15BranchPredictorInvalidate  
8004a4a4  CP15BranchPredictionEnable     
8004a4b4  CP15BranchPredictionDisable    
8004a4c4  CP15DomainAccessClientSet      
8004a4d4  CP15ControlFeatureDisable      
8004a4e8  CP15ControlFeatureEnable       
8004a4fc  CP15TtbCtlTtb0Config           
8004a50c  CP15AuxControlFeatureEnable    
8004a520  CP15AuxControlFeatureDisable   
8004a534  CP15MainIdPrimPartNumGet       
8004a54c  Init_FRAM                      
8004a598  FRAM_LoadSettings              
8004a5b4  FRAM_SaveSettings              
8004a5d0  FRAM_WriteEnable               
8004a60c  FRAM_WriteDisable              
8004a648  FRAM_WriteStatusRegister       
8004a68c  FRAM_ReadStatusRegister        
8004a6cc  FRAM_WriteMemory               
8004a798  FRAM_ReadMemory                
8004a864  FRAM_WriteRead                 
8004a938  FRAM_WriteProtect              
8004a974  FRAM_Hold                      
8004a9c4  Init_SPI                       
8004a9d4  Init_SPI_Module1               
8004aae4  Init_SPI_Module0               
8004abf4  SPI_INTCConfigure1             
8004ac20  SPI_1_ISR                      
8004ac24  SPI_WriteByte0                 
8004ac7c  SPI_WriteByte1                 
8004acd4  SPI_ReadWriteByte0             
8004ad2c  SPI_ReadWriteByte1             
8004ad84  SPI_WriteByteNoRx0             
8004adb4  SPI_WriteByteNoRx1             
8004ae20  IntRegister                    
8004ae44  IntUnRegister                  
8004ae64  IntAINTCInit                   
8004aed4  IntPrioritySet                 
8004af0c  IntSystemEnable                
8004af40  IntSystemDisable               
8004af74  IntIfClkFreeRunSet             
8004af88  IntIfClkAutoGateSet            
8004af9c  IntActiveIrqNumGet             
8004afac  IntSpurIrqFlagGet              
8004afc0  IntProtectionEnable            
8004afd0  IntProtectionDisable           
8004afe4  IntSyncClkFreeRunSet           
8004aff8  IntSyncClkAutoGateSet          
8004b00c  IntFuncClkFreeRunSet           
8004b020  IntFuncClkAutoGateSet          
8004b034  IntCurrIrqPriorityGet          
8004b044  IntPriorityThresholdGet        
8004b054  IntPriorityThresholdSet        
8004b074  IntRawStatusGet                
8004b0b4  IntSoftwareIntSet              
8004b0e4  IntSoftwareIntClear            
8004b114  IntPendingIrqMaskedStatusGet   
8004b150  IntMasterIRQEnable             
8004b15c  IntMasterIRQDisable            
8004b168  IntMasterFIQEnable             
8004b174  IntMasterFIQDisable            
8004b180  IntMasterStatusGet             
8004b18c  IntDisable                     
8004b1a4  IntEnable                      
8004b200  Init_GPIO                      
8004b3f4  GPIO_Module0ClkConfig          
8004b45c  GPIO_Module1ClkConfig          
8004b4c4  GPIO_Module2ClkConfig          
8004b52c  GPIO_Module3ClkConfig          
8004b5c8  Init_LED                       
8004b5cc  LED_Show                       
8004b888  GPIO_3A_ISR                    
8004b8c4  UART_0_ISR                     
8004ba64  TMR_2_ISR                      
8004baec  __aeabi_dsub                   
8004baf8  __aeabi_dadd                   
8004bd00  Init_Test                      
8004bd50  TEST_Setpoint1                 
8004bd8c  TEST_Setpoint2                 
8004bdc8  TEST_Setpoint3                 
8004be04  TEST_Togglepoint1              
8004be54  TEST_Togglepoint2              
8004bea4  TEST_Togglepoint3              
8004bf04  InitCMD                        
8004bf14  CMD_CheckMatch                 
8004c080  CMD_Help                       
8004c090  CMD_SetNewCommand              
8004c0a0  CMD_ClearNewCommand            
8004c0b0  CMD_GetNewCommand              
8004c0dc  main                           
8004c270  __aeabi_memcpy                 
8004c270  __aeabi_memcpy4                
8004c270  __aeabi_memcpy8                
8004c270  memcpy                         
8004c3f0  MMUInit                        
8004c450  MMUMemRegionMap                
8004c544  MMUEnable                      
8004c560  Init_Timers                    
8004c56c  Init_Timer2                    
8004c5e4  TMR_CalculateReload            
8004c630  TMR_InterruptConfigure2        
8004c65c  TMR_GetNewScreenTagTimerEnabled
8004c668  TMR_SetNewScreenTagTimerEnabled
8004c6a0  TMR_ResetNewScreenTagTimer     
8004c6c8  MSC_BufferCopy                 
8004c740  MSC_LowercaseChar              
8004c77c  MSC_DelayUS                    
8004c7f0  MSC_Round                      
8004c82c  CacheDisable                   
8004c870  CacheEnable                    
8004c8bc  CacheInstInvalidateAll         
8004c8c8  CacheInstInvalidateBuff        
8004c8e4  CacheDataCleanInvalidateAll    
8004c8f0  CacheDataCleanAll              
8004c8fc  CacheDataInvalidateAll         
8004c908  CacheDataCleanBuff             
8004c924  CacheDataInvalidateBuff        
8004c940  CacheDataCleanInvalidateBuff   
8004c95c  GpioPinMuxSetup                
8004c968  GPIO1PinMuxSetup               
8004c978  GPIO1Pin23PinMuxSetup          
8004c988  GPIO1ModuleClkConfig           
8004c9dc  GPIO0ModuleClkConfig           
8004ca9c  SVC_Handler                    
8004cac4  IRQHandler                     
8004cb70  FIQHandler                     
8004cb74  AbortHandler                   
8004cb74  UndefInstHandler               
8004cb8c  __aeabi_uidiv                  
8004cb8c  __aeabi_uidivmod               
8004cc7c  Init_Modules                   
8004cd58  MMU_ConfigAndEnable            
8004ce00  __TI_auto_init                 
8004cea4  copy_in                        
8004cf28  CPUirqe                        
8004cf38  CPUirqd                        
8004cf48  CPUfiqe                        
8004cf58  CPUfiqd                        
8004cf68  CPUSwitchToUserMode            
8004cf7c  CPUSwitchToPrivilegedMode      
8004cf84  CPUAbortHandler                
8004cf88  __aeabi_d2iz                   
8004cfe4  __aeabi_d2uiz                  
8004d06c  start_boot                     
8004d084  __aeabi_i2d                    
8004d0c0  __aeabi_ui2d                   
8004d0f4  CPUIntStatus                   
8004d100  __aeabi_idiv0                  
8004d108  Screens                        
8004d608  CurrentSystemSettings          
8004d642  RAM_CMD_Offset                 
8004d644  FT_DispWidth                   
8004d646  FT_DispHeight                  
8004d648  FT_DispHCycle                  
8004d64a  FT_DispHOffset                 
8004d64c  FT_DispHSync0                  
8004d64e  FT_DispHSync1                  
8004d650  FT_DispVCycle                  
8004d652  FT_DispVOffset                 
8004d654  FT_DispVSync0                  
8004d656  FT_DispVSync1                  
8004d658  FT_DispPCLK                    
8004d65a  FT_DispSwizzle                 
8004d65c  FT_DispPCLKPol                 
8004d65e  FT_DispCSpread                 
8004d660  FT_DispDither                  
8004d663  NumCommand                     
8004d664  UART_RX_place                  
8004d668  UART_TX_add                    
8004d66c  UART_TX_remove                 
8004d674  TMR_NewScreenTagTimer          
80050000  bss_start                      
80054000  UART_RX_buffer                 
800547d0  UART_TX_buffer                 
80054fa0  fnRAMVectors                   
800551a0  Command_String                 
800551ac  dummy                          
800551b0  p_PreviousScreen               
800551b4  CurrentScreen                  
800551b5  PreviousPreviousScreen         
800551b6  PreviousScreen                 
800551b7  bss_end                        
87fffff0  __stack                        
87fffff8  __STACK_END                    
ffffffff  __binit__                      
ffffffff  __c_args__                     
ffffffff  binit                          
UNDEFED   SHT$$INIT_ARRAY$$Base          
UNDEFED   SHT$$INIT_ARRAY$$Limit         
UNDEFED   __TI_CINIT_Base                
UNDEFED   __TI_CINIT_Limit               
UNDEFED   __TI_Handler_Table_Base        
UNDEFED   __TI_Handler_Table_Limit       

[496 symbols]
