******************************************************************************
                  TI ARM Linker PC v5.2.6                      
******************************************************************************
>> Linked Tue May 10 16:48:08 2016

OUTPUT FILE NAME:   <BeagleBone_Smart_Controler.out>
ENTRY POINT SYMBOL: "Entry"  address: 80000000


MEMORY CONFIGURATION

         name            origin    length      used     unused   attr    fill
----------------------  --------  ---------  --------  --------  ----  --------
  DDR_MEM               80000000   07ffffff  00071bac  07f8e453  RWIX


SEGMENT ALLOCATION MAP

run origin  load origin   length   init length attrs members
----------  ----------- ---------- ----------- ----- -------
80000000    80000000    00066a98   00066a98    r-x
  80000000    80000000    000000d0   000000d0    r-x .text:Entry
  800000d0    800000d0    0004313c   0004313c    r-- .const
  8004320c    8004320c    0002388c   0002388c    r-x .text
80068000    80068000    00006a69   00000000    rw-
  80068000    80068000    00006a69   00000000    rw- .bss
8006ea70    8006ea70    000046a3   000046a3    rw-
  8006ea70    8006ea70    000046a3   000046a3    rw- .data
87fffff0    87fffff0    00000008   00000000    rw-
  87fffff0    87fffff0    00000008   00000000    rw- .stack


SECTION ALLOCATION MAP

 output                                  attributes/
section   page    origin      length       input sections
--------  ----  ----------  ----------   ----------------
.text:Entry 
*          0    80000000    000000d0     
                  80000000    000000c8     system.lib : init.obj (.text:Entry)
                  800000c8    00000008     rtsv7A8_A_le_n_eabi.lib : autoinit.obj (.tramp.__TI_auto_init.1)

.const     0    800000d0    0004313c     
                  800000d0    0003fc00     BITMAP_CHARLIE_BEACH.obj (.const:.string:BITMAP_CharlieBeach)
                  8003fcd0    00002bc0     BITMAP_TV_REMOTE.obj (.const:.string:BITMAP_TVRemote)
                  80042890    000001f2     ccsbcs.obj (.const:cvt1$1)
                  80042a82    00000101     rtsv7A8_A_le_n_eabi.lib : ctype.obj (.const:.string:_ctypes_)
                  80042b83    00000100     main.obj (.const:.string:$P$T0$1)
                  80042c83    00000001     --HOLE-- [fill = 0]
                  80042c84    00000100     ccsbcs.obj (.const:Tbl)
                  80042d84    000000bc     ccsbcs.obj (.const:cvt2$2)
                  80042e40    00000080     ff.obj (.const:.string:ExCvt)
                  80042ec0    00000078     usbdenum.obj (.const:g_sUSBDefaultFIFOConfig)
                  80042f38    00000058     BITMAP_USB_SYMBOL.obj (.const:.string:BITMAP_USB_Symbol)
                  80042f90    00000054     MEMORY.obj (.const)
                  80042fe4    00000048     usb_msc_structs.obj (.const:g_sMSCDevice)
                  8004302c    00000038     system.lib : startup.obj (.const:vecTbl)
                  80043064    00000034     usb_msc_structs.obj (.const:.string:g_pManufacturerString)
                  80043098    00000034     usbdenum.obj (.const:g_psUSBDStdRequests)
                  800430cc    00000030     usb_msc_structs.obj (.const:.string:g_pConfigString)
                  800430fc    00000029     usbdmsc.obj (.const:.string)
                  80043125    00000028     usb_msc_structs.obj (.const:.string:g_pDataInterfaceString)
                  8004314d    00000028     usb_msc_structs.obj (.const:.string:g_pProductString)
                  80043175    00000003     --HOLE-- [fill = 0]
                  80043178    0000001d     usbdmsc.obj (.const)
                  80043195    00000003     --HOLE-- [fill = 0]
                  80043198    00000018     usb_msc_structs.obj (.const)
                  800431b0    00000016     usb_msc_structs.obj (.const:.string)
                  800431c6    00000002     --HOLE-- [fill = 0]
                  800431c8    00000010     CMD.obj (.const)
                  800431d8    0000000d     ff.obj (.const:.string)
                  800431e5    00000003     --HOLE-- [fill = 0]
                  800431e8    0000000c     BITMAP_CHARLIE_BEACH.obj (.const)
                  800431f4    0000000c     BITMAP_TV_REMOTE.obj (.const)
                  80043200    0000000c     BITMAP_USB_SYMBOL.obj (.const)

.text      0    8004320c    0002388c     
                  8004320c    00005388     ff.obj (.text)
                  80048594    00003724     usbdmsc.obj (.text)
                  8004bcb8    00002a68     LCD.obj (.text)
                  8004e720    00002268     usbdenum.obj (.text)
                  80050988    00001d10     uart_irda_cir.obj (.text)
                  80052698    00001a70     rtsv7A8_A_le_n_eabi.lib : _printfi.obj (.text)
                  80054108    00001a40     edma.obj (.text)
                  80055b48    00001588     rtc.obj (.text)
                  800570d0    0000140c     tsc_adc.obj (.text)
                  800584dc    00000ec4     mcspi.obj (.text)
                  800593a0    00000de0     mmcsd_proto.obj (.text)
                  8005a180    00000da0     SD.obj (.text)
                  8005af20    00000cf8     GUI.obj (.text)
                  8005bc18    00000b98     gpio_v2.obj (.text)
                  8005c7b0    00000b34     hsi2c.obj (.text)
                  8005d2e4    00000a90     hs_mmcsd.obj (.text)
                  8005dd74    000008d8     MISC.obj (.text)
                  8005e64c    00000830     usbdconfig.obj (.text)
                  8005ee7c    00000788     dmtimer.obj (.text)
                  8005f604    000006c4     FRAM.obj (.text)
                  8005fcc8    000005ec     INTERRUPTS.obj (.text)
                  800602b4    00000544     usbdcdesc.obj (.text)
                  800607f8    00000510     SPI.obj (.text)
                  80060d08    00000504     AUDIO.obj (.text)
                  8006120c    000004a0     UART.obj (.text)
                  800616ac    00000498     GPIO.obj (.text)
                  80061b44    00000488     system.lib : cp15.obj (.text)
                  80061fcc    0000042c     main.obj (.text)
                  800623f8    000003e4     interrupt.obj (.text)
                  800627dc    00000378     hs_mmcsdlib.obj (.text)
                  80062b54    00000360     usbdesc.obj (.text)
                  80062eb4    0000033c     RTCC.obj (.text)
                  800631f0    000002e8     WAV.obj (.text)
                  800634d8    000002c0     LEDS.obj (.text)
                  80063798    000002b8     rtsv7A8_A_le_n_eabi.lib : ull_div32.obj (.text)
                  80063a50    0000029c     ADC.obj (.text)
                  80063cec    00000290     I2C.obj (.text)
                  80063f7c    00000280     ccsbcs.obj (.text)
                  800641fc    00000268     TIMERS.obj (.text)
                  80064464    00000214     rtsv7A8_A_le_n_eabi.lib : fd_add32.obj (.text)
                  80064678    00000204     TEST.obj (.text)
                  8006487c    000001d8     CMD.obj (.text)
                  80064a54    000001a8     USB.obj (.text)
                  80064bfc    000001a8     rtsv7A8_A_le_n_eabi.lib : xdscale.obj (.text)
                  80064da4    00000190                             : fd_div32.obj (.text)
                  80064f34    00000180                             : memcpy32.obj (.text)
                  800650b4    00000178     POWER.obj (.text)
                  8006522c    00000170     mmu.obj (.text)
                  8006539c    00000160     rtsv7A8_A_le_n_eabi.lib : xdnorm.obj (.text)
                  800654fc    00000144     usbtick.obj (.text)
                  80065640    00000130     cache.obj (.text)
                  80065770    00000128     rtsv7A8_A_le_n_eabi.lib : fd_mul32.obj (.text)
                  80065898    00000114                             : i_div32.obj (.text)
                  800659ac    00000110     SYSTEM.obj (.text)
                  80065abc    0000010c     system.lib : exceptionhandler.obj (.text)
                  80065bc8    000000f0     rtsv7A8_A_le_n_eabi.lib : u_div32.obj (.text)
                  80065cb8    000000ec     usbdmscglue.obj (.text)
                  80065da4    000000e0     rtsv7A8_A_le_n_eabi.lib : fd_cmp32.obj (.text:__aeabi_cdcmple)
                  80065e84    000000e0                             : fd_cmp32.obj (.text:__aeabi_cdrcmple)
                  80065f64    000000c8     usbphyGS70.obj (.text)
                  8006602c    000000b8     rtsv7A8_A_le_n_eabi.lib : xdunscal.obj (.text)
                  800660e4    000000b0     PMIC.obj (.text)
                  80066194    000000b0     rtsv7A8_A_le_n_eabi.lib : memset32.obj (.text)
                  80066244    000000a8     MEMORY.obj (.text)
                  800662ec    000000a8     rtsv7A8_A_le_n_eabi.lib : sprintf.obj (.text)
                  80066394    000000a4                             : autoinit.obj (.text)
                  80066438    00000084                             : atoi.obj (.text)
                  800664bc    00000084                             : cpy_tbl.obj (.text)
                  80066540    00000080                             : ltoa.obj (.text)
                  800665c0    00000078                             : ldexp.obj (.text)
                  80066638    00000064                             : signal.obj (.text)
                  8006669c    00000060     system.lib : cpu.obj (.text)
                  800666fc    0000005c     rtsv7A8_A_le_n_eabi.lib : fd_toi32.obj (.text)
                  80066758    0000005c                             : fd_tou32.obj (.text)
                  800667b4    00000058                             : feraiseexcept.obj (.text)
                  8006680c    0000004c                             : raise.obj (.text)
                  80066858    00000044                             : xferaise.obj (.text)
                  8006689c    00000044     system.lib : startup.obj (.text)
                  800668e0    0000003c     rtsv7A8_A_le_n_eabi.lib : i_tofd32.obj (.text)
                  8006691c    00000038                             : xdclass.obj (.text)
                  80066954    00000034                             : u_tofd32.obj (.text)
                  80066988    00000030                             : frexp.obj (.text)
                  800669b8    0000002c                             : memccpy.obj (.text)
                  800669e4    00000028                             : strchr.obj (.text)
                  80066a0c    00000024                             : _lock.obj (.text)
                  80066a30    00000024                             : ll_lsr32.obj (.text)
                  80066a54    0000001c                             : strlen.obj (.text)
                  80066a70    00000018                             : strcpy.obj (.text)
                  80066a88    0000000c     system.lib : cpu.obj (.text:CPUIntStatus)
                  80066a94    00000004     rtsv7A8_A_le_n_eabi.lib : i_div0.obj (.text)

.bss       0    80068000    00006a69     UNINITIALIZED
                  80068000    00004000     MEMORY.obj (.bss:pageTable)
                  8006c000    00000830     usb_msc_structs.obj (.bss:g_sMSCInstance)
                  8006c830    000007d0     UART.obj (.bss:UART_RX_buffer)
                  8006d000    000007d0     UART.obj (.bss:UART_TX_buffer)
                  8006d7d0    000003e8     MISC.obj (.bss:MISC_Buffer)
                  8006dbb8    00000004     (.common:FatFs)
                  8006dbbc    00000004     (.common:dummy)
                  8006dbc0    00000280     main.obj (.bss:fileWrite)
                  8006de40    00000240     SD.obj (.bss:g_sFatFs)
                  8006e080    00000200     ff.obj (.bss:LfnBuf)
                  8006e280    00000200     interrupt.obj (.bss:fnRAMVectors)
                  8006e480    00000200     SD.obj (.bss:g_cCmdBuf)
                  8006e680    00000100     SD.obj (.bss:cb_Fxn)
                  8006e780    000000a8     usbdenum.obj (.bss:g_psUSBDevice)
                  8006e828    00000050     SD.obj (.bss:ctrlInfo)
                  8006e878    00000050     SD.obj (.bss:sdCard)
                  8006e8c8    00000040     POWER.obj (.bss:Voltage)
                  8006e908    00000030     usbdata.obj (.bss:g_USBInstance)
                  8006e938    00000004     (.common:g_sDriveInformation)
                  8006e93c    00000004     (.common:p_CurrentScreen)
                  8006e940    00000040     mmcsd_proto.obj (.bss:dataBuffer)
                  8006e980    00000040     usbdmsc.obj (.bss:g_pucCommand)
                  8006e9c0    00000040     usbdenum.obj (.bss:g_pucDataBufferIn)
                  8006ea00    00000018     (.common:fat_devices)
                  8006ea18    00000010     (.common:I2C_0_Buffers)
                  8006ea28    0000000c     (.common:Command_String)
                  8006ea34    0000000c     (.common:g_pfTickHandlers)
                  8006ea40    0000000c     (.common:g_pvTickInstance)
                  8006ea4c    0000000a     (.common:CurrentTimeDate)
                  8006ea56    00000002     (.common:Fsid)
                  8006ea58    00000004     (.common:p_CurrentWAVFile)
                  8006ea5c    00000004     (.common:p_PreviousScreen)
                  8006ea60    00000004     (.common:regionId)
                  8006ea64    00000001     (.common:CurrentScreen)
                  8006ea65    00000001     (.common:PreviousPreviousScreen)
                  8006ea66    00000001     (.common:PreviousScreen)
                  8006ea67    00000001     (.common:USB0_MSCState)
                  8006ea68    00000001     (.common:USB0_Status)

.TI.noinit 
*          0    80068000    00000000     UNINITIALIZED

.data      0    8006ea70    000046a3     
                  8006ea70    00003cbc     WAV_POST_COMPLETE.obj (.data:WAV_PostComplete)
                  8007272c    00000500     GUI.obj (.data:Screens)
                  80072c2c    00000200     SD.obj (.data:g_cCwdBuf)
                  80072e2c    000000b0     rtsv7A8_A_le_n_eabi.lib : signal.obj (.data:sigtable)
                  80072edc    00000004                             : errno.obj (.data)
                  80072ee0    00000080                             : xvalues.obj (.data)
                  80072f60    00000062     WAV.obj (.data:WAV_Files)
                  80072fc2    00000002     CMD.obj (.data)
                  80072fc4    0000004c     usbdmsc.obj (.data:g_sMSCDeviceInfo)
                  80073010    00000030     usbdmsc.obj (.data)
                  80073040    00000024     SD.obj (.data)
                  80073064    00000023     LCD.obj (.data)
                  80073087    0000001f     FRAM.obj (.data)
                  800730a6    00000001     ADC.obj (.data)
                  800730a7    00000001     I2C.obj (.data)
                  800730a8    00000010     AUDIO.obj (.data)
                  800730b8    00000010     TIMERS.obj (.data)
                  800730c8    0000000c     RTCC.obj (.data)
                  800730d4    0000000c     UART.obj (.data)
                  800730e0    0000000c     USB.obj (.data)
                  800730ec    0000000c     usbtick.obj (.data)
                  800730f8    00000008     rtsv7A8_A_le_n_eabi.lib : _lock.obj (.data)
                  80073100    00000008                             : feraiseexcept.obj (.data)
                  80073108    00000008     usbdenum.obj (.data)
                  80073110    00000003     GUI.obj (.data)

.TI.persistent 
*          0    8006ea70    00000000     UNINITIALIZED

.stack     0    87fffff0    00000008     UNINITIALIZED
                  87fffff0    00000008     --HOLE--


FAR CALL TRAMPOLINES

callee name               trampoline name
   callee addr  tramp addr   call addr  call info
--------------  -----------  ---------  ----------------
__TI_auto_init            $Tramp$AA$S$$__TI_auto_init
   80066394     800000c8     800000a0   system.lib : init.obj (.text:Entry)

[1 trampolines]
[1 trampoline calls]


GLOBAL SYMBOLS: SORTED ALPHABETICALLY BY Name 

address   name                                 
-------   ----                                 
80060148  ADC_0_ISR                            
80063cbc  ADC_ClearFinishedFlag                
80063c04  ADC_ConfigureInterrupt               
80063ccc  ADC_GetFinishedFlag                  
80063c30  ADC_ReadChannels                     
80063cac  ADC_SetFinishedFlag                  
80061168  AUD_AmpShutdown                      
800730b0  AUD_AudioTimeoutCount                
800610a0  AUD_ClearPlaybackFinishedFlag        
80060e10  AUD_ClearPlayingFlag                 
800610d8  AUD_ClearTimoutFlag                  
800610bc  AUD_GetPlaybackFinishedFlag          
80060e20  AUD_GetPlayingFlag                   
800610e8  AUD_GetTimoutFlag                    
800610f4  AUD_IsWAVPlaying                     
80060d0c  AUD_PlayWAV                          
80061090  AUD_SetPlaybackFinishedFlag          
80060e00  AUD_SetPlayingFlag                   
800610c8  AUD_SetTimoutFlag                    
80060dd4  AUD_StopWAV                          
8006110c  AUD_TestAudio                        
80060e2c  AUD_TransferWAVToRAMG                
80065bb0  AbortHandler                         
800730ac  AudioBytesTransferred                
800000d0  BITMAP_CharlieBeach                  
8003fcd0  BITMAP_TVRemote                      
80042f38  BITMAP_USB_Symbol                    
80073086  BackLightSetting                     
8006488c  CMD_CheckMatch                       
80064a18  CMD_ClearNewCommand                  
80064a28  CMD_GetNewCommand                    
800649f8  CMD_Help                             
80064a08  CMD_SetNewCommand                    
80061fa0  CP15AuxControlFeatureDisable         
80061f8c  CP15AuxControlFeatureEnable          
80061f34  CP15BranchPredictionDisable          
80061f24  CP15BranchPredictionEnable           
80061f18  CP15BranchPredictorInvalidate        
80061f54  CP15ControlFeatureDisable            
80061f68  CP15ControlFeatureEnable             
80061c30  CP15DCacheClean                      
80061d68  CP15DCacheCleanBuff                  
80061cc4  CP15DCacheCleanFlush                 
80061dbc  CP15DCacheCleanFlushBuff             
80061b60  CP15DCacheDisable                    
80061b8c  CP15DCacheEnable                     
80061b9c  CP15DCacheFlush                      
80061e10  CP15DCacheFlushBuff                  
80061f44  CP15DomainAccessClientSet            
80061b44  CP15ICacheDisable                    
80061b7c  CP15ICacheEnable                     
80061d58  CP15ICacheFlush                      
80061e74  CP15ICacheFlushBuff                  
80061ee0  CP15MMUDisable                       
80061ef8  CP15MMUEnable                        
80061fb4  CP15MainIdPrimPartNumGet             
80061ed4  CP15TlbInvalidate                    
80061ec8  CP15Ttb0Set                          
80061f7c  CP15TtbCtlTtb0Config                 
80061f0c  CP15VectorBaseAddrSet                
800666f8  CPUAbortHandler                      
80066a88  CPUIntStatus                         
800666f0  CPUSwitchToPrivilegedMode            
800666dc  CPUSwitchToUserMode                  
800666cc  CPUfiqd                              
800666bc  CPUfiqe                              
800666ac  CPUirqd                              
8006669c  CPUirqe                              
80065704  CacheDataCleanAll                    
8006571c  CacheDataCleanBuff                   
800656f8  CacheDataCleanInvalidateAll          
80065754  CacheDataCleanInvalidateBuff         
80065710  CacheDataInvalidateAll               
80065738  CacheDataInvalidateBuff              
80065640  CacheDisable                         
80065684  CacheEnable                          
800656d0  CacheInstInvalidateAll               
800656dc  CacheInstInvalidateBuff              
8006ea28  Command_String                       
800431c8  Commands                             
8006ea64  CurrentScreen                        
80073087  CurrentSystemSettings                
8006ea4c  CurrentTimeDate                      
8005f518  DMTimer2ModuleClkConfig              
8005f584  DMTimer3ModuleClkConfig              
8005f1bc  DMTimerCompareGet                    
8005f180  DMTimerCompareSet                    
8005f3dc  DMTimerContextRestore                
8005f35c  DMTimerContextSave                   
8005f078  DMTimerCounterGet                    
8005f03c  DMTimerCounterSet                    
8005eebc  DMTimerDisable                       
8005ee7c  DMTimerEnable                        
8005f100  DMTimerGPOConfigure                  
8005f270  DMTimerIntDisable                    
8005f24c  DMTimerIntEnable                     
8005f2cc  DMTimerIntEnableGet                  
8005f1f8  DMTimerIntRawStatusGet               
8005f1d4  DMTimerIntRawStatusSet               
8005f228  DMTimerIntStatusClear                
8005f210  DMTimerIntStatusGet                  
8005eefc  DMTimerModeConfigure                 
8005f4bc  DMTimerPostedModeConfig              
8005effc  DMTimerPreScalerClkDisable           
8005ef7c  DMTimerPreScalerClkEnable            
8005f0e8  DMTimerReloadGet                     
8005f0ac  DMTimerReloadSet                     
8005f328  DMTimerReset                         
8005f2e4  DMTimerResetConfigure                
8005f294  DMTimerTriggerSet                    
8005f500  DMTimerWritePostedStatusGet          
800730ca  DefaultTimeDate                      
8005ab78  EDMA3AINTCConfigure                  
80055554  EDMA3CCErrorEvaluate                 
8005449c  EDMA3ChannelToParamMap               
800553c0  EDMA3ClearErrorBits                  
80054820  EDMA3ClrCCErr                        
800548c0  EDMA3ClrEvt                          
80054cbc  EDMA3ClrIntr                         
80054720  EDMA3ClrMissEvt                      
80055840  EDMA3ContextRestore                  
80055690  EDMA3ContextSave                     
80055570  EDMA3Deinit                          
800543dc  EDMA3DisableChInShadowReg            
800549c0  EDMA3DisableDmaEvt                   
80054c3c  EDMA3DisableEvtIntr                  
80054a74  EDMA3DisableQdmaEvt                  
800552f0  EDMA3DisableTransfer                 
8005431c  EDMA3EnableChInShadowReg             
80054940  EDMA3EnableDmaEvt                    
80054bbc  EDMA3EnableEvtIntr                   
80054a3c  EDMA3EnableQdmaEvt                   
80055220  EDMA3EnableTransfer                  
80054b6c  EDMA3ErrIntrHighStatusGet            
8005515c  EDMA3FreeChannel                     
80054aac  EDMA3GetCCErrStatus                  
80054b44  EDMA3GetErrIntrStatus                
80054ad4  EDMA3GetIntrStatus                   
80054d2c  EDMA3GetPaRAM                        
80054108  EDMA3Init                            
8005abf4  EDMA3Initialize                      
80054b0c  EDMA3IntrStatusHighGet               
800544cc  EDMA3MapChToEvtQ                     
80054618  EDMA3MapQdmaChToPaRAM                
80054304  EDMA3PeripheralIdGet                 
800547cc  EDMA3QdmaClrMissEvt                  
80054b94  EDMA3QdmaGetErrIntrStatus            
80054db0  EDMA3QdmaGetPaRAM                    
80054fc4  EDMA3QdmaGetPaRAMEntry               
80054edc  EDMA3QdmaSetPaRAM                    
80054f70  EDMA3QdmaSetPaRAMEntry               
80055024  EDMA3RequestChannel                  
80054840  EDMA3SetEvt                          
80054e44  EDMA3SetPaRAM                        
800546e4  EDMA3SetQdmaTrigWord                 
8005458c  EDMA3UnmapChToEvtQ                   
800559f8  EDMAModuleClkConfig                  
800559f0  EDMAVersionGet                       
8005a88c  Edma3CCErrorIsr                      
8005a79c  Edma3CompletionIsr                   
80000000  Entry                                
80065bac  FIQHandler                           
8005fb8c  FRAM_CalculateCRC                    
8005fb50  FRAM_Hold                            
8005fba4  FRAM_LoadDefaultSettings             
8005f704  FRAM_LoadSettings                    
8005f934  FRAM_ReadMemory                      
8005f808  FRAM_ReadStatusRegister              
8005f720  FRAM_SaveSettings                    
8005fc20  FRAM_Test                            
8005f788  FRAM_WriteDisable                    
8005f74c  FRAM_WriteEnable                     
8005f848  FRAM_WriteMemory                     
8005fb14  FRAM_WriteProtect                    
8005fa20  FRAM_WriteRead                       
8005f7c4  FRAM_WriteStatusRegister             
80073082  FT_DispCSpread                       
80073084  FT_DispDither                        
8007306c  FT_DispHCycle                        
8007306e  FT_DispHOffset                       
80073070  FT_DispHSync0                        
80073072  FT_DispHSync1                        
8007306a  FT_DispHeight                        
8007307c  FT_DispPCLK                          
80073080  FT_DispPCLKPol                       
8007307e  FT_DispSwizzle                       
80073074  FT_DispVCycle                        
80073076  FT_DispVOffset                       
80073078  FT_DispVSync0                        
8007307a  FT_DispVSync1                        
80073068  FT_DispWidth                         
8005c5a8  GPIOAutoIdleModeControl              
8005c674  GPIODebounceFuncControl              
8005c6c4  GPIODebounceTimeConfig               
8005bcf4  GPIODirModeGet                       
8005bc94  GPIODirModeSet                       
8005c630  GPIOGatingRatioConfigure             
8005c5ec  GPIOIdleModeConfigure                
8005c260  GPIOIntTypeGet                       
8005bec0  GPIOIntTypeSet                       
8005bc70  GPIOModuleDisable                    
8005bc4c  GPIOModuleEnable                     
8005bc18  GPIOModuleReset                      
8005bdfc  GPIOMultiplePinsRead                 
8005bdcc  GPIOMultiplePinsWrite                
8005c3a4  GPIOPinIntClear                      
8005be70  GPIOPinIntDisable                    
8005be20  GPIOPinIntEnable                     
8005c340  GPIOPinIntStatus                     
8005c548  GPIOPinIntWakeUpDisable              
8005c4e8  GPIOPinIntWakeUpEnable               
8005bd84  GPIOPinRead                          
8005bd34  GPIOPinWrite                         
8005c3f4  GPIORawIntStatus                     
8005c6e8  GPIORevisionInfoGet                  
8005c450  GPIOTriggerPinInt                    
8005c4c4  GPIOWakeupGlobalDisable              
8005c4a0  GPIOWakeupGlobalEnable               
8005fcc8  GPIO_3A_ISR                          
8006193c  GPIO_Module0ClkConfig                
800619a4  GPIO_Module1ClkConfig                
80061a0c  GPIO_Module2ClkConfig                
80061a74  GPIO_Module3ClkConfig                
8005ba4c  GUI_Backlight                        
8005ba94  GUI_ClearBacklightTimeout            
8005b980  GUI_ClearTagTimoutFlag               
8005b83c  GUI_CreateTouchCalibration           
8005b10c  GUI_DrawHomeScreen                   
8005af68  GUI_DrawInitialScreen                
8005aff0  GUI_DrawInitialScreenProgress        
8005b638  GUI_DrawNextScreen                   
8005b774  GUI_DrawPreviousScreen               
8005b460  GUI_DrawTVRemoteScreen               
8005b9b0  GUI_DrawTime                         
8005baa4  GUI_GetBacklightTimeout              
8005bacc  GUI_GetCurrentTag                    
8005b990  GUI_GetTagTimoutFlag                 
8005b4ec  GUI_LoadItemToRAMG                   
8005b7c0  GUI_LoadTouchCalibration             
8005b99c  GUI_ScreenRefresh                    
8005ba84  GUI_SetBacklightTimeout              
8005bab0  GUI_SetCurrentTag                    
8005b970  GUI_SetTagTimoutFlag                 
8005b954  GUI_StartNewScreenTagTimer           
8005b5ac  GUI_TouchConfig                      
8005c788  GpioPinMuxSetup                      
800431e8  HEADER_CharlieBeach                  
800431f4  HEADER_TVRemote                      
80043200  HEADER_USB_Symbol                    
8005da1c  HSMMCSDBlkLenSet                     
80062b28  HSMMCSDBusFreqConfig                 
8005d6e0  HSMMCSDBusFreqSet                    
8005d504  HSMMCSDBusPower                      
8005d4c4  HSMMCSDBusVoltSet                    
80062ae8  HSMMCSDBusWidthConfig                
8005d40c  HSMMCSDBusWidthSet                   
800627dc  HSMMCSDCardPresent                   
800628ec  HSMMCSDCmdSend                       
8005a3a0  HSMMCSDCmdStatusGet                  
8005da5c  HSMMCSDCommandSend                   
80062814  HSMMCSDControllerInit                
8005ac68  HSMMCSDControllerSetup               
8005db4c  HSMMCSDDataGet                       
8005d6a0  HSMMCSDDataTimeoutSet                
8005ac0c  HSMMCSDEdmaInit                      
8005ad8c  HSMMCSDFsMount                       
8005d81c  HSMMCSDInitStreamSend                
8005d584  HSMMCSDIntClock                      
800627f4  HSMMCSDIntEnable                     
8005d8e0  HSMMCSDIntrEnable                    
8005d938  HSMMCSDIntrStatusClear               
8005d8b4  HSMMCSDIntrStatusDisable             
8005d888  HSMMCSDIntrStatusEnable              
8005d914  HSMMCSDIntrStatusGet                 
8005dba0  HSMMCSDIsCardInserted                
8005dbc0  HSMMCSDIsCardWriteProtected          
8005d958  HSMMCSDIsCmdComplete                 
8005d680  HSMMCSDIsHSupported                  
8005d5dc  HSMMCSDIsIntClockStable              
8005d9b8  HSMMCSDIsXferComplete                
8005aac8  HSMMCSDIsr                           
8005d34c  HSMMCSDLinesReset                    
8005dd20  HSMMCSDModuleClkConfig               
8005dcc8  HSMMCSDPinMuxSetup                   
8005daf0  HSMMCSDResponseGet                   
8005a514  HSMMCSDRxDmaConfig                   
8005d2e4  HSMMCSDSoftReset                     
8005d640  HSMMCSDSupportedVoltSet              
8005d3c8  HSMMCSDSystemConfig                  
8005a600  HSMMCSDTxDmaConfig                   
8005a6ec  HSMMCSDXferSetup                     
8005a424  HSMMCSDXferStatusGet                 
8005d280  I2C0ModuleClkConfig                  
8005cce8  I2CActiveOwnAddressGet               
8005cef8  I2CAutoIdleDisable                   
8005ced4  I2CAutoIdleEnable                    
8005cc64  I2CBufferStatus                      
8005cfa4  I2CClockActivitySelect               
8005cd6c  I2CClockBlockingControl              
8005d1ac  I2CContextRestore                    
8005d158  I2CContextSave                       
8005cc34  I2CDMARxEventDisable                 
8005cbd4  I2CDMARxEventEnable                  
8005cc04  I2CDMATxEventDisable                 
8005cba4  I2CDMATxEventEnable                  
8005cac0  I2CDataCountGet                      
8005cb58  I2CFIFOClear                         
8005cad8  I2CFIFOThresholdConfig               
8005cf40  I2CGlobalWakeUpDisable               
8005cf1c  I2CGlobalWakeUpEnable                
8005cf64  I2CIdleModeSelect                    
8005c874  I2CMasterBusBusy                     
8005c8ac  I2CMasterBusy                        
8005c8f0  I2CMasterControl                     
8005d138  I2CMasterDataGet                     
8005d118  I2CMasterDataPut                     
8005c850  I2CMasterDisable                     
8005c82c  I2CMasterEnable                      
8005c8c8  I2CMasterErr                         
8005c7b0  I2CMasterInitExpClk                  
8005ca20  I2CMasterIntClearEx                  
8005c988  I2CMasterIntDisableEx                
8005c95c  I2CMasterIntEnableEx                 
8005c9e4  I2CMasterIntRawStatus                
8005ca40  I2CMasterIntRawStatusClearEx         
8005c9fc  I2CMasterIntRawStatusEx              
8005c9a8  I2CMasterIntStatus                   
8005c9c0  I2CMasterIntStatusEx                 
8005ca80  I2CMasterSlaveAddrGet                
8005ca60  I2CMasterSlaveAddrSet                
8005c914  I2CMasterStart                       
8005c938  I2CMasterStop                        
8005ce38  I2COwnAddressSet                     
8005caa0  I2CSetDataCount                      
8005ceb0  I2CSoftReset                         
8005d0fc  I2CSystemStatusGet                   
8005d070  I2CWakeUpDisable                     
8005cfe4  I2CWakeUpEnable                      
8006ea18  I2C_0_Buffers                        
8005ffd4  I2C_0_ISR                            
80063f30  I2C_ClearFailFlag0                   
80063f40  I2C_GetFailFlag0                     
80063d40  I2C_InterruptConfigure0              
80063d6c  I2C_SendReceiveData0                 
80063f20  I2C_SetFailFlag0                     
80065b00  IRQHandler                           
8006487c  InitCMD                              
80063a50  Init_ADC                             
80060d08  Init_Audio                           
8005f604  Init_FRAM                            
800616ac  Init_GPIO                            
8005af20  Init_GUI                             
80063cec  Init_I2C                             
80063cf8  Init_I2C_Module0                     
8004bcb8  Init_LCD                             
800634d8  Init_LED                             
800659ac  Init_Modules                         
800660e4  Init_PMIC                            
800650b4  Init_Power                           
80062eb4  Init_RTC                             
8005a180  Init_SD                              
800607f8  Init_SPI                             
800609b4  Init_SPI_Module0                     
80060808  Init_SPI_Module1                     
80064678  Init_Test                            
8006420c  Init_Timer2                          
80064284  Init_Timer3                          
800641fc  Init_Timers                          
8006120c  Init_UART                            
80064a54  Init_USB                             
80064a60  Init_USB0                            
800631f0  Init_WAV                             
80062440  IntAINTCInit                         
80062578  IntActiveIrqNumGet                   
80062610  IntCurrIrqPriorityGet                
80062768  IntDisable                           
80062780  IntEnable                            
800625fc  IntFuncClkAutoGateSet                
800625e8  IntFuncClkFreeRunSet                 
80062564  IntIfClkAutoGateSet                  
80062550  IntIfClkFreeRunSet                   
80062750  IntMasterFIQDisable                  
80062744  IntMasterFIQEnable                   
80062738  IntMasterIRQDisable                  
8006272c  IntMasterIRQEnable                   
8006275c  IntMasterStatusGet                   
800626f0  IntPendingIrqMaskedStatusGet         
800624b0  IntPrioritySet                       
80062620  IntPriorityThresholdGet              
80062630  IntPriorityThresholdSet              
800625ac  IntProtectionDisable                 
8006259c  IntProtectionEnable                  
80062650  IntRawStatusGet                      
800623fc  IntRegister                          
800626c0  IntSoftwareIntClear                  
80062690  IntSoftwareIntSet                    
80062588  IntSpurIrqFlagGet                    
800625d4  IntSyncClkAutoGateSet                
800625c0  IntSyncClkFreeRunSet                 
8006251c  IntSystemDisable                     
800624e8  IntSystemEnable                      
80062420  IntUnRegister                        
80065570  InternalUSBRegisterTickHandler       
800655a8  InternalUSBStartOfFrameTick          
800654fc  InternalUSBTickInit                  
8004e6fc  LCD_ClearInterruptFlag               
8004e70c  LCD_GetInterruptFlag                 
8004c898  LCD_IncrementWriteOffset             
8004c03c  LCD_Interrupt                        
8004bf4c  LCD_InterruptConfigure               
8004bfcc  LCD_InteruptDisable                  
8004bf98  LCD_InteruptEnable                   
8004c000  LCD_Reset                            
8004c914  LCD_SendRAMAddress                   
8004e6ec  LCD_SetInterruptFlag                 
8004c990  LCD_WaitCoprocessorDone              
8004c8d8  LCD_WriteCommandParameters           
8004c814  LCD_cmd                              
8004d95c  LCD_cmd_append                       
8004cd38  LCD_cmd_bgcolor                      
8004cb0c  LCD_cmd_button                       
8004e110  LCD_cmd_calibrate                    
8004cc80  LCD_cmd_clock                        
8004e03c  LCD_cmd_coldstart                    
8004d3c0  LCD_cmd_dial                         
8004cddc  LCD_cmd_fgcolor                      
8004cee8  LCD_cmd_gauge                        
8004dc90  LCD_cmd_getmatrix                    
8004dda4  LCD_cmd_getprops                     
8004dd4c  LCD_cmd_getptr                       
8004ce78  LCD_cmd_gradcolor                    
8004cf9c  LCD_cmd_gradient                     
8004d9c8  LCD_cmd_inflate                      
8004e04c  LCD_cmd_interrupt                    
8004d040  LCD_cmd_keys                         
8004dad8  LCD_cmd_loadidentity                 
8004da6c  LCD_cmd_loadimage                    
8004e6a8  LCD_cmd_logo                         
8004de34  LCD_cmd_mediafifo                    
8004d8d4  LCD_cmd_memcpy                       
8004d6b0  LCD_cmd_memcrc                       
8004d79c  LCD_cmd_memset                       
8004d820  LCD_cmd_memwrite                     
8004d730  LCD_cmd_memzero                      
8004d61c  LCD_cmd_number                       
8004dea0  LCD_cmd_playvideo                    
8004d1b0  LCD_cmd_progress                     
8004e0a4  LCD_cmd_regread                      
8004e168  LCD_cmd_romfont                      
8004dbf4  LCD_cmd_rotate                       
8004db88  LCD_cmd_scale                        
8004e4c4  LCD_cmd_screensaver                  
8004d25c  LCD_cmd_scrollbar                    
8004d5c4  LCD_cmd_setbase                      
8004e370  LCD_cmd_setbitmap                    
8004e1d4  LCD_cmd_setfont                      
8004e240  LCD_cmd_setfont2                     
8004dc4c  LCD_cmd_setmatrix                    
8004e318  LCD_cmd_setrotate                    
8004e2c0  LCD_cmd_setscratch                   
8004e508  LCD_cmd_sketch                       
8004d314  LCD_cmd_slider                       
8004e5ac  LCD_cmd_snapshot                     
8004e604  LCD_cmd_snapshot2                    
8004e3fc  LCD_cmd_spinner                      
8004e480  LCD_cmd_stop                         
8004c9b4  LCD_cmd_text                         
8004d454  LCD_cmd_toggle                       
8004dfa8  LCD_cmd_track                        
8004db1c  LCD_cmd_translate                    
8004df3c  LCD_cmd_videoframe                   
8004def8  LCD_cmd_videostart                   
8004c0cc  LCD_ft810memRead16                   
8004c13c  LCD_ft810memRead32                   
8004c078  LCD_ft810memRead8                    
8004c21c  LCD_ft810memWrite16                  
8004c288  LCD_ft810memWrite32                  
8004c1dc  LCD_ft810memWrite8                   
8004c32c  LCD_ft810memWriteBuffer              
8004c83c  LCD_host_command                     
8004c4fc  LCD_rd16                             
8004c514  LCD_rd32                             
8004c4e8  LCD_rd8                              
8004c6d8  LCD_rd_buffer                        
8004c43c  LCD_wr16                             
8004c458  LCD_wr32                             
8004c420  LCD_wr8                              
8004c474  LCD_wr8s                             
8004c528  LCD_wr_buffer                        
800634dc  LED_Show                             
800730b4  LastWritePointerAddress              
8006d7d0  MISC_Buffer                          
8005e2b8  MISC_CRC_CRC16                       
8005e4dc  MISC_Calculate_CRC16                 
800593c4  MMCSDAppCmdSend                      
80059440  MMCSDBusWidthSet                     
800597a8  MMCSDCardInit                        
80059770  MMCSDCardPresent                     
80059674  MMCSDCardReset                       
80059714  MMCSDCardTypeCheck                   
800593a0  MMCSDCmdSend                         
8005dc54  MMCSDContextRestore                  
8005dbe0  MMCSDContextSave                     
80059754  MMCSDCtrlInit                        
8005978c  MMCSDIntEnable                       
80059ff4  MMCSDReadCmdSend                     
800596bc  MMCSDStopCmdSend                     
8005950c  MMCSDTranSpeedSet                    
80059e9c  MMCSDWriteCmdSend                    
80065380  MMUEnable                            
8006522c  MMUInit                              
8006528c  MMUMemRegionMap                      
80066244  MMU_ConfigAndEnable                  
8005dfd4  MSC_BCDtoHEX                         
8005dd74  MSC_BufferCopy                       
8005deb4  MSC_DelayNOP                         
8005de28  MSC_DelayUS                          
8005e0f8  MSC_EndianLong                       
8005e164  MSC_EndianLongArray                  
8005e078  MSC_EndianShort                      
8005e0b4  MSC_EndianShortArray                 
8005df20  MSC_HEXtoBCD                         
8005ddec  MSC_LowercaseChar                    
8005e1f4  MSC_ReverseByte                      
8005deec  MSC_Round                            
8005921c  McSPI0ModuleClkConfig                
800590c0  McSPI1ModuleClkConfig                
80058840  McSPICSAssert                        
80058878  McSPICSDeAssert                      
80058748  McSPICSDisable                       
80058724  McSPICSEnable                        
8005876c  McSPICSPolarityConfig                
800587d4  McSPICSTimeControlSet                
80058b50  McSPIChannelDisable                  
80058b18  McSPIChannelEnable                   
8005900c  McSPIChannelStatusGet                
800584dc  McSPIClkConfig                       
80058e80  McSPIDMADisable                      
80058e3c  McSPIDMAEnable                       
8005907c  McSPIFIFODatManagementConfig         
80058cfc  McSPIFIFOTrigLvlSet                  
80058f1c  McSPIInitDelayConfig                 
80058ef0  McSPIIntDisable                      
80058ec4  McSPIIntEnable                       
80058fd8  McSPIIntStatusClear                  
80058fc0  McSPIIntStatusGet                    
800589ac  McSPIMasterModeConfig                
80058988  McSPIMasterModeEnable                
80059038  McSPIMultipleWordAccessConfig        
80058f94  McSPIReceiveData                     
80058b88  McSPIReset                           
80058c94  McSPIRxFIFOConfig                    
80058950  McSPIStartBitDisable                 
800588b0  McSPIStartBitEnable                  
800588e8  McSPIStartBitPolarityConfig          
80058f60  McSPITransmitData                    
80058bf4  McSPITurboModeDisable                
80058bbc  McSPITurboModeEnable                 
80058c2c  McSPITxFIFOConfig                    
80058dfc  McSPIWordCountSet                    
800586bc  McSPIWordLengthSet                   
80072fc3  NumCommand                           
80066104  PMIC_ReadRegister                    
80066144  PMIC_WriteRegister                   
800650c0  PWR_ReadVoltages                     
8006ea65  PreviousPreviousScreen               
8006ea66  PreviousScreen                       
80073066  RAM_CMD_Offset                       
80056d28  RTC32KClkClockControl                
80056cc4  RTC32KClkSourceSelect                
80057068  RTCAlarm2CalendarSet                 
80056fdc  RTCAlarm2IntStatusClear              
80056fc0  RTCAlarm2IntStatusGet                
80057000  RTCAlarm2TimeSet                     
80056a10  RTCAlarmCalendarGet                  
800569b0  RTCAlarmCalendarSet                  
800568f4  RTCAlarmDayOfMonthGet                
800568c0  RTCAlarmDayOfMonthSet                
80056720  RTCAlarmHourGet                      
8005677c  RTCAlarmHourMeridiemGet              
8005673c  RTCAlarmHourMeridiemSet              
800566ec  RTCAlarmHourSet                      
80055d84  RTCAlarmIntStatusClear               
80055d68  RTCAlarmIntStatusGet                 
800566d0  RTCAlarmMinuteGet                    
8005669c  RTCAlarmMinuteSet                    
80056944  RTCAlarmMonthGet                     
80056910  RTCAlarmMonthSet                     
80056680  RTCAlarmSecondGet                    
8005664c  RTCAlarmSecondSet                    
80056800  RTCAlarmTimeGet                      
80056798  RTCAlarmTimeSet                      
80056994  RTCAlarmYearGet                      
80056960  RTCAlarmYearSet                      
80055ea0  RTCAutoCompDisable                   
80055e5c  RTCAutoCompEnable                    
80055d30  RTCBusyStatusGet                     
800565d4  RTCCalendarGet                       
80056564  RTCCalendarSet                       
80056ab4  RTCCompensationGet                   
80056a70  RTCCompensationSet                   
80056e98  RTCConfigPmicExtWake                 
80056ef0  RTCConfigPmicExtWakeDebounce         
80056e38  RTCConfigPmicExtWakePolarity         
80056df4  RTCConfigPmicPowerEnable             
8005630c  RTCDayOfMonthGet                     
800562d8  RTCDayOfMonthSet                     
800563fc  RTCDayOfTheWeekGet                   
800563c8  RTCDayOfTheWeekSet                   
8005607c  RTCDisable                           
800560c0  RTCEnable                            
80056128  RTCEnableStatus                      
80055da8  RTCEventUpdateGet                    
80056db0  RTCFeedbackResistanceSelect          
80056260  RTCHourGet                           
80055f78  RTCHourModeGet                       
80055ef4  RTCHourModeSet                       
8005622c  RTCHourSet                           
80056bac  RTCIdleModeConfigure                 
80056f8c  RTCIntAlarm2Enable                   
80055c74  RTCIntAlarmDisable                   
80055c40  RTCIntAlarmEnable                    
80055cfc  RTCIntTimerDisable                   
80055ca8  RTCIntTimerEnable                    
800562bc  RTCMeridiemGet                       
8005627c  RTCMeridiemSet                       
80055e08  RTCMinRoundingDisable                
80055dc4  RTCMinRoundingEnable                 
80056210  RTCMinuteGet                         
800561dc  RTCMinuteSet                         
8005635c  RTCMonthGet                          
80056328  RTCMonthSet                          
80056d6c  RTCOscillatorStateControl            
80056f50  RTCPmicExtWakeStatusClear            
80056b94  RTCRevisionIDGet                     
80055b48  RTCRun                               
80055d4c  RTCRunStatusGet                      
80056b38  RTCScratchPadGet                     
80056af8  RTCScratchPadSet                     
800561c0  RTCSecondGet                         
8005618c  RTCSecondSet                         
80056000  RTCSet32CounterDisable               
80055f94  RTCSet32CounterEnable                
80056b70  RTCSoftwareReset                     
80056168  RTCSplitPwrDisable                   
80056144  RTCSplitPwrEnable                    
80055b8c  RTCStop                              
80056c80  RTCTestModeControl                   
800564b4  RTCTimeGet                           
80056418  RTCTimeSet                           
80056bf8  RTCWakeUpAlarmEventControl           
80056c3c  RTCWakeUpTimerEventControl           
80055c18  RTCWriteProtectDisable               
80055bf0  RTCWriteProtectEnable                
800563ac  RTCYearGet                           
80056378  RTCYearSet                           
80062f60  RTC_ClearFlag                        
80062f70  RTC_GetFlag                          
80063060  RTC_GetTimeDate                      
8005ffc0  RTC_ISR                              
80062f24  RTC_InterruptConfigure               
8006313c  RTC_ModuleClkConfig                  
80062f50  RTC_SetFlag                          
80062f7c  RTC_SetTimeDate                      
800570c8  RtcVersionGet                        
UNDEFED   SHT$$INIT_ARRAY$$Base                
UNDEFED   SHT$$INIT_ARRAY$$Limit               
800601c8  SPI_1_ISR                            
80060ac4  SPI_INTCConfigure1                   
80060ba8  SPI_ReadWriteByte0                   
80060c04  SPI_ReadWriteByte1                   
80060af0  SPI_WriteByte0                       
80060b4c  SPI_WriteByte1                       
80060c60  SPI_WriteByteNoRx0                   
80060c94  SPI_WriteByteNoRx1                   
80065ad8  SVC_Handler                          
8007272c  Screens                              
800646c8  TEST_Setpoint1                       
80064704  TEST_Setpoint2                       
80064740  TEST_Setpoint3                       
8006477c  TEST_Togglepoint1                    
800647cc  TEST_Togglepoint2                    
8006481c  TEST_Togglepoint3                    
8005fea4  TMR_2_ISR                            
8005ff88  TMR_3_ISR                            
800730c0  TMR_AudioPlaybackTimer               
800730c4  TMR_BacklightTimer                   
800642f0  TMR_CalculateReload                  
80064418  TMR_ClearMISCTimerFlag               
80064428  TMR_GetMISCTimerFlag                 
80064394  TMR_GetNewScreenTagTimerEnabled      
8006433c  TMR_InterruptConfigure2              
80064368  TMR_InterruptConfigure3              
800730bc  TMR_NewScreenTagTimer                
800643e8  TMR_ResetAudioPlaybackTimer          
800643f8  TMR_ResetBacklightTimer              
800643d8  TMR_ResetNewScreenTagTimer           
80064408  TMR_SetMISCTimerFlag                 
800643a0  TMR_SetNewScreenTagTimerEnabled      
8005743c  TSCADCBiasConfig                     
80057b80  TSCADCChargeStepAnalogGroundConfig   
80057ae0  TSCADCChargeStepAnalogSupplyConfig   
80057a14  TSCADCChargeStepConfig               
800579c8  TSCADCChargeStepOperationModeControl 
800572e0  TSCADCConfigHWEventPrempt            
80057634  TSCADCConfigureAFEClock              
80057684  TSCADCConfigureMisc                  
800576f4  TSCADCConfigureStepEnable            
80057288  TSCADCDMAFIFODisable                 
80057258  TSCADCDMAFIFOEnable                  
80057218  TSCADCEventInterruptDisable          
800571ec  TSCADCEventInterruptEnable           
800581e4  TSCADCFIFOADCDataRead                
800581b8  TSCADCFIFOChannelIDRead              
80058270  TSCADCFIFODMAThresholdLevelConfig    
80058238  TSCADCFIFOIRQThresholdLevelConfig    
8005820c  TSCADCFIFOWordCountRead              
800570d0  TSCADCGetRevision                    
80057320  TSCADCHWEventMapSet                  
800570e8  TSCADCIdleModeSet                    
800578fc  TSCADCIdleStepAnalogGroundConfig     
8005785c  TSCADCIdleStepAnalogSupplyConfig     
80057790  TSCADCIdleStepConfig                 
80057744  TSCADCIdleStepOperationModeControl   
800571d4  TSCADCIntStatus                      
80057190  TSCADCIntStatusClear                 
800571b0  TSCADCIntStatusRead                  
800572b8  TSCADCIsDMAFIFOEnabled               
800582a8  TSCADCModuleClkConfig                
80057504  TSCADCModuleStateSet                 
800575c4  TSCADCOutputRangeConfig              
80057178  TSCADCRawIntStatus                   
80057154  TSCADCRawIntStatusRead               
80057128  TSCADCRawIntStatusSet                
800575a8  TSCADCSequencerCurrentStepID         
80057588  TSCADCSequencerFSMBusyStatus         
80057544  TSCADCSequencerPenIrqStatusRead      
800573e0  TSCADCSetADCPowerDown                
80057418  TSCADCSetADCPowerUp                  
800574a0  TSCADCStepConfigProtectionDisable    
8005747c  TSCADCStepConfigProtectionEnable     
800574c4  TSCADCStepIDTagConfig                
80057c4c  TSCADCTSChargeStepOpenDelayConfig    
800573a0  TSCADCTSModeConfig                   
80057ea8  TSCADCTSStepAnalogGroundConfig       
80057dd8  TSCADCTSStepAnalogSupplyConfig       
80058068  TSCADCTSStepAverageConfig            
80057ccc  TSCADCTSStepConfig                   
80058014  TSCADCTSStepFIFOSelConfig            
800580bc  TSCADCTSStepModeConfig               
80058164  TSCADCTSStepOpenDelayConfig          
80057c6c  TSCADCTSStepOperationModeControl     
80057fe4  TSCADCTSStepOutOfRangeCheckDisable   
80057fb4  TSCADCTSStepOutOfRangeCheckEnable    
80058110  TSCADCTSStepSampleDelayConfig        
80057360  TSCADCTSTransistorConfig             
80057238  TSCADCWakeUpPenEventConfig           
80051fc8  UARTAutoIdleModeControl              
80051d74  UARTAutoRTSAutoCTSControl            
800524b0  UARTAutobaudParityGet                
80052548  UARTAutobaudSpeedGet                 
800524fc  UARTAutobaudWordLenGet               
80050d10  UARTBreakCtl                         
80051a50  UARTCharGet                          
800519f8  UARTCharGetNonBlocking               
80051aa8  UARTCharGetTimeout                   
80051b38  UARTCharPut                          
8005198c  UARTCharPutNonBlocking               
80051938  UARTCharsAvail                       
80052420  UARTDMACounterResetControl           
8005124c  UARTDMADisable                       
800511f0  UARTDMAEnable                        
80052338  UARTDSRInterruptControl              
80050c54  UARTDivisorLatchDisable              
80050c30  UARTDivisorLatchEnable               
80050aac  UARTDivisorLatchWrite                
800509e8  UARTDivisorValCompute                
80051370  UARTEnhanFuncBitValRestore           
80051310  UARTEnhanFuncEnable                  
80051bac  UARTFIFOCharGet                      
80051b8c  UARTFIFOCharPut                      
80050e2c  UARTFIFOConfig                       
80051d20  UARTFIFOEnableStatusGet              
80051284  UARTFIFORegisterWrite                
800522d4  UARTFIFOTrigLvlGranControl           
80051bc8  UARTFIFOWrite                        
8005200c  UARTFlowCtrlTrigLvlConfig            
80051f40  UARTIdleModeConfigure                
8005181c  UARTIntDisable                       
80051738  UARTIntEnable                        
80051c80  UARTIntIdentityGet                   
80051ccc  UARTIntPendingStatusGet              
80050d54  UARTLineCharacConfig                 
80052180  UARTLoopbackModeControl              
800521f4  UARTModemControlClear                
800521c4  UARTModemControlSet                  
80052240  UARTModemStatusChangeCheck           
80052224  UARTModemStatusGet                   
80051f0c  UARTModuleReset                      
800525f4  UARTModuleVersionNumberGet           
80050988  UARTOperatingModeSelect              
80050e10  UARTParityModeGet                    
80050dcc  UARTParityModeSet                    
80051ec8  UARTPulseShapingControl              
80052404  UARTRXCTSDSRTransitionStatusGet      
800523c0  UARTRXCTSDSRWakeUpConfigure          
80050cf0  UARTRegConfModeRestore               
80050c78  UARTRegConfigModeEnable              
8005225c  UARTResumeOperation                  
80051c34  UARTRxErrorGet                       
80052498  UARTRxFIFOLevelGet                   
800525d8  UARTScratchPadRegRead                
80052594  UARTScratchPadRegWrite               
80051e64  UARTSoftwareFlowCtrlOptSet           
800518e4  UARTSpaceAvail                       
80051e00  UARTSpecialCharDetectControl         
800513d4  UARTSubConfigMSRSPRModeEn            
800514ac  UARTSubConfigTCRTLRModeEn            
80051584  UARTSubConfigXOFFModeEn              
8005165c  UARTTCRTLRBitValRestore              
80052610  UARTTxDMAThresholdControl            
80052654  UARTTxDMAThresholdValConfig          
8005237c  UARTTxEmptyIntControl                
80052464  UARTTxFIFOFullStatusGet              
80052480  UARTTxFIFOLevelGet                   
80051f84  UARTWakeUpControl                    
800522a4  UARTWakeUpEventsDisable              
80052274  UARTWakeUpEventsEnable               
8005205c  UARTXON1XOFF1ValProgram              
8005208c  UARTXON2XOFF2ValProgram              
800520bc  UARTXONAnyFeatureControl             
8005fd04  UART_0_ISR                           
80061454  UART_AddToRXBuffer                   
80061584  UART_AddToTXBuffer                   
80061360  UART_BaudRateSet                     
800613dc  UART_Configure                       
8006133c  UART_FIFOConfigure                   
80061630  UART_GetTXInterruptStatus            
80061428  UART_InterruptConfigure0             
80061398  UART_LineCharacSet                   
8006125c  UART_Module0ClkConfig                
800612b8  UART_PrintBuffer                     
800612a4  UART_PrintChar                       
80061304  UART_PrintString                     
8006c830  UART_RX_buffer                       
800730d4  UART_RX_place                        
800730d8  UART_TX_add                          
8006d000  UART_TX_buffer                       
800730dc  UART_TX_remove                       
8004bbd4  USB0ModuleClkConfig                  
8004bc50  USBClearInt                          
8004bbb8  USBClearOtgIntr                      
80060530  USBDCDConfigDescGet                  
800604a4  USBDCDConfigDescGetNum               
8006043c  USBDCDConfigDescGetSize              
800606cc  USBDCDConfigGetInterface             
80060724  USBDCDConfigGetInterfaceEndpoint     
80060630  USBDCDConfigGetNumAlternateInterfaces
8004e720  USBDCDInit                           
8004ec6c  USBDCDPowerStatusSet                 
8004ecd4  USBDCDRemoteWakeupRequest            
8004eb20  USBDCDRequestDataEP0                 
8004eb98  USBDCDSendDataEP0                    
8004ebfc  USBDCDSetDefaultConfiguration        
8004ec28  USBDCDStallEP0                       
8004ea04  USBDCDTerm                           
80048bec  USBDMSCCompositeInit                 
80048bb8  USBDMSCInit                          
80048594  USBDMSCMediaChange                   
80065cd8  USBDMSCStorageClose                  
80065d74  USBDMSCStorageNumBlocks              
80065cb8  USBDMSCStorageOpen                   
80065cf4  USBDMSCStorageRead                   
80065d34  USBDMSCStorageWrite                  
80048efc  USBDMSCTerm                          
80049b98  USBDSCSICommand                      
80062c00  USBDescGet                           
80062e24  USBDescGetInterface                  
80062e70  USBDescGetInterfaceEndpoint          
80062b54  USBDescGetNum                        
80062cc8  USBDescGetNumAlternateInterfaces     
8004a7c8  USBDevAddrGet                        
8004a7a8  USBDevAddrSet                        
8004a760  USBDevConnect                        
8004a784  USBDevDisconnect                     
8004abc8  USBDevEndpointConfigGet              
8004aa48  USBDevEndpointConfigSet              
8004b130  USBDevEndpointDataAck                
8004a600  USBDevEndpointStall                  
8004a690  USBDevEndpointStallClear             
8004a398  USBDevEndpointStatusClear            
8005e818  USBDeviceConfig                      
8005ecb8  USBDeviceConfigAlternate             
8004ef94  USBDeviceEnumHandler                 
8004f20c  USBDeviceEnumResetHandler            
800506cc  USBDeviceIntHandlerInternal          
8004ed70  USBDeviceResumeTickHandler           
8004b62c  USBDmaTxChDisable                    
8004b684  USBDmaTxChTeardown                   
8004bc1c  USBEnableInt                         
8004bb3c  USBEnableOtgIntr                     
8004bad4  USBEndpointDMAChannel                
8004af50  USBEndpointDMADisable                
8004aee8  USBEndpointDMAEnable                 
8004afb8  USBEndpointDataAvail                 
8004b024  USBEndpointDataGet                   
8004b1f8  USBEndpointDataPut                   
8004b2a8  USBEndpointDataSend                  
8004a598  USBEndpointDataToggleClear           
8004a2bc  USBEndpointStatus                    
8004ba94  USBFIFOAddrGet                       
8004ae30  USBFIFOConfigGet                     
8004ad78  USBFIFOConfigSet                     
8004b320  USBFIFOFlush                         
8004ba30  USBFrameNumberGet                    
8004b870  USBHostAddrGet                       
8004b81c  USBHostAddrSet                       
8004b4d8  USBHostAutoReqClear                  
8004b484  USBHostAutoReqSet                    
8004a7e0  USBHostEndpointConfig                
8004b19c  USBHostEndpointDataAck               
8004a47c  USBHostEndpointDataToggle            
8004a30c  USBHostEndpointStatusClear           
8004b90c  USBHostHubAddrGet                    
8004b8b8  USBHostHubAddrSet                    
8004b954  USBHostPwrConfig                     
8004ba0c  USBHostPwrDisable                    
8004b9e8  USBHostPwrEnable                     
8004b9c4  USBHostPwrFaultDisable               
8004b9a0  USBHostPwrFaultEnable                
8004b3e4  USBHostRequestIN                     
8004b430  USBHostRequestINClear                
8004b800  USBHostRequestStatus                 
80049f44  USBHostReset                         
80049f9c  USBHostResume                        
80049ff8  USBHostSpeedGet                      
80049f1c  USBHostSuspend                       
8004b71c  USBHostTxFifoFlush                   
8004a054  USBIntDisableControl                 
8004a1ac  USBIntDisableEndpoint                
8004a0c0  USBIntEnableControl                  
8004a208  USBIntEnableEndpoint                 
8004a288  USBIntRegister                       
8004a128  USBIntStatusControl                  
8004a254  USBIntStatusEndpoint                 
8004a2ac  USBIntUnregister                     
8004bab8  USBModeGet                           
8004bc74  USBModuleClkDisable                  
8004bc60  USBModuleClkEnable                   
8004ba48  USBOTGSessionRequest                 
8004bb74  USBReset                             
8004b52c  USBRxChAbort                         
8004bbcc  USBVersionGet                        
800601cc  USB_0_ISR                            
80064bc8  USB_ClearUSBMSCFlag0                 
80064b9c  USB_ClearUSBStatusFlag0              
80064ab8  USB_DMSCEventCallback0               
80064b48  USB_GetMSCState0                     
80064bd8  USB_GetUSBMSCFlag0                   
80064b80  USB_GetUSBStatus0                    
80064bac  USB_GetUSBStatusFlag0                
80064a8c  USB_InterruptConfigure0              
80064b2c  USB_SetMSCState0                     
80064bb8  USB_SetUSBMSCFlag0                   
80064b54  USB_SetUSBStatus0                    
80064b8c  USB_SetUSBStatusFlag0                
80065bb0  UndefInstHandler                     
80065fcc  UsbPhyOff                            
80065f64  UsbPhyOn                             
8006e8c8  Voltage                              
80063248  WAV_CalculateHeader                  
80072f60  WAV_Files                            
8006ea70  WAV_PostComplete                     
8006691c  _Dclass                              
80072ee0  _Denorm                              
8006539c  _Dnorm                               
80064bfc  _Dscale                              
8006602c  _Dunscale                            
80072ef0  _Eps                                 
80072edc  _Errno                               
80073100  _Fenv                                
80066858  _Feraise                             
80072f00  _Hugeval                             
80072f10  _Inf                                 
80072f20  _Nan                                 
80072f40  _Rteps                               
80072f30  _Snan                                
80073104  _Tls_setup__Fenv                     
80072f50  _Xbig                                
80072f58  _Zero                                
87fffff8  __STACK_END                          
00000008  __STACK_SIZE                         
UNDEFED   __TI_CINIT_Base                      
UNDEFED   __TI_CINIT_Limit                     
UNDEFED   __TI_Handler_Table_Base              
UNDEFED   __TI_Handler_Table_Limit             
80066394  __TI_auto_init                       
80053c0c  __TI_printfi                         
80000000  __TI_static_base__                   
80065da4  __aeabi_cdcmpeq                      
80065da4  __aeabi_cdcmple                      
80065e84  __aeabi_cdrcmple                     
800666fc  __aeabi_d2iz                         
80066758  __aeabi_d2uiz                        
80064470  __aeabi_dadd                         
80064da4  __aeabi_ddiv                         
80065770  __aeabi_dmul                         
80064464  __aeabi_dsub                         
800668e0  __aeabi_i2d                          
80065898  __aeabi_idiv                         
80066a94  __aeabi_idiv0                        
80065898  __aeabi_idivmod                      
80066a30  __aeabi_llsr                         
80066194  __aeabi_memclr                       
80066194  __aeabi_memclr4                      
80066194  __aeabi_memclr8                      
80064f34  __aeabi_memcpy                       
80064f34  __aeabi_memcpy4                      
80064f34  __aeabi_memcpy8                      
80066198  __aeabi_memset                       
80066198  __aeabi_memset4                      
80066198  __aeabi_memset8                      
80066954  __aeabi_ui2d                         
80065bc8  __aeabi_uidiv                        
80065bc8  __aeabi_uidivmod                     
80063798  __aeabi_uldivmod                     
ffffffff  __binit__                            
ffffffff  __c_args__                           
87fffff0  __stack                              
80042a82  _ctypes_                             
800730f8  _lock                                
80066a24  _nop                                 
80066a18  _register_lock                       
80066a0c  _register_unlock                     
800730fc  _unlock                              
80066438  atoi                                 
ffffffff  binit                                
8006ea69  bss_end                              
80068000  bss_start                            
8005a770  callback                             
80073044  callbackOccured                      
80073050  cmdCompFlag                          
80073054  cmdTimeout                           
800664bc  copy_in                              
8006e828  ctrlInfo                             
8007304c  dataTimeout                          
8005a1d4  disk_initialize                      
8005a37c  disk_ioctl                           
8005a29c  disk_read                            
8005ae24  disk_status                          
8005a30c  disk_write                           
8006dbbc  dummy                                
800730e8  epStatus                             
80073058  errFlag                              
800473a8  f_close                              
80047948  f_closedir                           
80047aec  f_getfree                            
80047408  f_lseek                              
8004808c  f_mkdir                              
800465d4  f_mount                              
800466a0  f_open                               
80047810  f_opendir                            
800469b0  f_read                               
80047980  f_readdir                            
80048378  f_rename                             
80047a50  f_stat                               
8004725c  f_sync                               
80047d28  f_truncate                           
80047efc  f_unlink                             
80046db0  f_write                              
8006ea00  fat_devices                          
800667b4  feraiseexcept                        
80063f7c  ff_convert                           
80064040  ff_wtoupper                          
8006e280  fnRAMVectors                         
80066988  frexp                                
8007302a  gDMAflag                             
8006e908  g_USBInstance                        
800730ec  g_bUSBTimerInitialized               
80073014  g_bytesRead                          
80073018  g_bytesWritten                       
800430cc  g_pConfigString                      
80043125  g_pDataInterfaceString               
800431b0  g_pLangDescriptor                    
80043190  g_pMSCConfigDescriptors              
8004310e  g_pMSCInterface                      
80043064  g_pManufacturerString                
8004314d  g_pProductString                     
800431b4  g_pSerialNumberString                
80043198  g_pStringDescriptors                 
8006ea34  g_pfTickHandlers                     
80073038  g_psMSCSections                      
8006e780  g_psUSBDevice                        
8006e980  g_pucCommand                         
8006ea40  g_pvTickInstance                     
80073060  g_sCState                            
8006e938  g_sDriveInformation                  
80043188  g_sMSCConfigHeader                   
80043178  g_sMSCConfigSection                  
80042fe4  g_sMSCDevice                         
80072fc4  g_sMSCDeviceInfo                     
8006c000  g_sMSCInstance                       
80043180  g_sMSCInterfaceSection               
8007305c  g_sPState                            
80042ec0  g_sUSBDefaultFIFOConfig              
800730f0  g_ulCurrentUSBTick                   
800730f4  g_ulUSBSOFCount                      
8005a398  get_fattime                          
8005c744  gpioContextRestore                   
8005c700  gpioContextSave                      
80073010  intStatus                            
800665c0  ldexp                                
80066540  ltoa                                 
80061fcc  main                                 
800669b8  memccpy                              
80064f34  memcpy                               
800661a4  memset                               
8006e93c  p_CurrentScreen                      
8006ea58  p_CurrentWAVFile                     
8006ea5c  p_PreviousScreen                     
8006680c  raise                                
8006ea60  regionId                             
80073040  sdBlkSize                            
8006e878  sdCard                               
80066638  signal                               
800662ec  sprintf                              
800668c8  start_boot                           
800669e4  strchr                               
80066a70  strcpy                               
80066a54  strlen                               
800730e4  ulStatus                             
80073048  xferCompFlag                         


GLOBAL SYMBOLS: SORTED BY Symbol Address 

address   name                                 
-------   ----                                 
00000008  __STACK_SIZE                         
80000000  Entry                                
80000000  __TI_static_base__                   
800000d0  BITMAP_CharlieBeach                  
8003fcd0  BITMAP_TVRemote                      
80042a82  _ctypes_                             
80042ec0  g_sUSBDefaultFIFOConfig              
80042f38  BITMAP_USB_Symbol                    
80042fe4  g_sMSCDevice                         
80043064  g_pManufacturerString                
800430cc  g_pConfigString                      
8004310e  g_pMSCInterface                      
80043125  g_pDataInterfaceString               
8004314d  g_pProductString                     
80043178  g_sMSCConfigSection                  
80043180  g_sMSCInterfaceSection               
80043188  g_sMSCConfigHeader                   
80043190  g_pMSCConfigDescriptors              
80043198  g_pStringDescriptors                 
800431b0  g_pLangDescriptor                    
800431b4  g_pSerialNumberString                
800431c8  Commands                             
800431e8  HEADER_CharlieBeach                  
800431f4  HEADER_TVRemote                      
80043200  HEADER_USB_Symbol                    
800465d4  f_mount                              
800466a0  f_open                               
800469b0  f_read                               
80046db0  f_write                              
8004725c  f_sync                               
800473a8  f_close                              
80047408  f_lseek                              
80047810  f_opendir                            
80047948  f_closedir                           
80047980  f_readdir                            
80047a50  f_stat                               
80047aec  f_getfree                            
80047d28  f_truncate                           
80047efc  f_unlink                             
8004808c  f_mkdir                              
80048378  f_rename                             
80048594  USBDMSCMediaChange                   
80048bb8  USBDMSCInit                          
80048bec  USBDMSCCompositeInit                 
80048efc  USBDMSCTerm                          
80049b98  USBDSCSICommand                      
80049f1c  USBHostSuspend                       
80049f44  USBHostReset                         
80049f9c  USBHostResume                        
80049ff8  USBHostSpeedGet                      
8004a054  USBIntDisableControl                 
8004a0c0  USBIntEnableControl                  
8004a128  USBIntStatusControl                  
8004a1ac  USBIntDisableEndpoint                
8004a208  USBIntEnableEndpoint                 
8004a254  USBIntStatusEndpoint                 
8004a288  USBIntRegister                       
8004a2ac  USBIntUnregister                     
8004a2bc  USBEndpointStatus                    
8004a30c  USBHostEndpointStatusClear           
8004a398  USBDevEndpointStatusClear            
8004a47c  USBHostEndpointDataToggle            
8004a598  USBEndpointDataToggleClear           
8004a600  USBDevEndpointStall                  
8004a690  USBDevEndpointStallClear             
8004a760  USBDevConnect                        
8004a784  USBDevDisconnect                     
8004a7a8  USBDevAddrSet                        
8004a7c8  USBDevAddrGet                        
8004a7e0  USBHostEndpointConfig                
8004aa48  USBDevEndpointConfigSet              
8004abc8  USBDevEndpointConfigGet              
8004ad78  USBFIFOConfigSet                     
8004ae30  USBFIFOConfigGet                     
8004aee8  USBEndpointDMAEnable                 
8004af50  USBEndpointDMADisable                
8004afb8  USBEndpointDataAvail                 
8004b024  USBEndpointDataGet                   
8004b130  USBDevEndpointDataAck                
8004b19c  USBHostEndpointDataAck               
8004b1f8  USBEndpointDataPut                   
8004b2a8  USBEndpointDataSend                  
8004b320  USBFIFOFlush                         
8004b3e4  USBHostRequestIN                     
8004b430  USBHostRequestINClear                
8004b484  USBHostAutoReqSet                    
8004b4d8  USBHostAutoReqClear                  
8004b52c  USBRxChAbort                         
8004b62c  USBDmaTxChDisable                    
8004b684  USBDmaTxChTeardown                   
8004b71c  USBHostTxFifoFlush                   
8004b800  USBHostRequestStatus                 
8004b81c  USBHostAddrSet                       
8004b870  USBHostAddrGet                       
8004b8b8  USBHostHubAddrSet                    
8004b90c  USBHostHubAddrGet                    
8004b954  USBHostPwrConfig                     
8004b9a0  USBHostPwrFaultEnable                
8004b9c4  USBHostPwrFaultDisable               
8004b9e8  USBHostPwrEnable                     
8004ba0c  USBHostPwrDisable                    
8004ba30  USBFrameNumberGet                    
8004ba48  USBOTGSessionRequest                 
8004ba94  USBFIFOAddrGet                       
8004bab8  USBModeGet                           
8004bad4  USBEndpointDMAChannel                
8004bb3c  USBEnableOtgIntr                     
8004bb74  USBReset                             
8004bbb8  USBClearOtgIntr                      
8004bbcc  USBVersionGet                        
8004bbd4  USB0ModuleClkConfig                  
8004bc1c  USBEnableInt                         
8004bc50  USBClearInt                          
8004bc60  USBModuleClkEnable                   
8004bc74  USBModuleClkDisable                  
8004bcb8  Init_LCD                             
8004bf4c  LCD_InterruptConfigure               
8004bf98  LCD_InteruptEnable                   
8004bfcc  LCD_InteruptDisable                  
8004c000  LCD_Reset                            
8004c03c  LCD_Interrupt                        
8004c078  LCD_ft810memRead8                    
8004c0cc  LCD_ft810memRead16                   
8004c13c  LCD_ft810memRead32                   
8004c1dc  LCD_ft810memWrite8                   
8004c21c  LCD_ft810memWrite16                  
8004c288  LCD_ft810memWrite32                  
8004c32c  LCD_ft810memWriteBuffer              
8004c420  LCD_wr8                              
8004c43c  LCD_wr16                             
8004c458  LCD_wr32                             
8004c474  LCD_wr8s                             
8004c4e8  LCD_rd8                              
8004c4fc  LCD_rd16                             
8004c514  LCD_rd32                             
8004c528  LCD_wr_buffer                        
8004c6d8  LCD_rd_buffer                        
8004c814  LCD_cmd                              
8004c83c  LCD_host_command                     
8004c898  LCD_IncrementWriteOffset             
8004c8d8  LCD_WriteCommandParameters           
8004c914  LCD_SendRAMAddress                   
8004c990  LCD_WaitCoprocessorDone              
8004c9b4  LCD_cmd_text                         
8004cb0c  LCD_cmd_button                       
8004cc80  LCD_cmd_clock                        
8004cd38  LCD_cmd_bgcolor                      
8004cddc  LCD_cmd_fgcolor                      
8004ce78  LCD_cmd_gradcolor                    
8004cee8  LCD_cmd_gauge                        
8004cf9c  LCD_cmd_gradient                     
8004d040  LCD_cmd_keys                         
8004d1b0  LCD_cmd_progress                     
8004d25c  LCD_cmd_scrollbar                    
8004d314  LCD_cmd_slider                       
8004d3c0  LCD_cmd_dial                         
8004d454  LCD_cmd_toggle                       
8004d5c4  LCD_cmd_setbase                      
8004d61c  LCD_cmd_number                       
8004d6b0  LCD_cmd_memcrc                       
8004d730  LCD_cmd_memzero                      
8004d79c  LCD_cmd_memset                       
8004d820  LCD_cmd_memwrite                     
8004d8d4  LCD_cmd_memcpy                       
8004d95c  LCD_cmd_append                       
8004d9c8  LCD_cmd_inflate                      
8004da6c  LCD_cmd_loadimage                    
8004dad8  LCD_cmd_loadidentity                 
8004db1c  LCD_cmd_translate                    
8004db88  LCD_cmd_scale                        
8004dbf4  LCD_cmd_rotate                       
8004dc4c  LCD_cmd_setmatrix                    
8004dc90  LCD_cmd_getmatrix                    
8004dd4c  LCD_cmd_getptr                       
8004dda4  LCD_cmd_getprops                     
8004de34  LCD_cmd_mediafifo                    
8004dea0  LCD_cmd_playvideo                    
8004def8  LCD_cmd_videostart                   
8004df3c  LCD_cmd_videoframe                   
8004dfa8  LCD_cmd_track                        
8004e03c  LCD_cmd_coldstart                    
8004e04c  LCD_cmd_interrupt                    
8004e0a4  LCD_cmd_regread                      
8004e110  LCD_cmd_calibrate                    
8004e168  LCD_cmd_romfont                      
8004e1d4  LCD_cmd_setfont                      
8004e240  LCD_cmd_setfont2                     
8004e2c0  LCD_cmd_setscratch                   
8004e318  LCD_cmd_setrotate                    
8004e370  LCD_cmd_setbitmap                    
8004e3fc  LCD_cmd_spinner                      
8004e480  LCD_cmd_stop                         
8004e4c4  LCD_cmd_screensaver                  
[...]
8005f3dc  DMTimerContextRestore                
8005f4bc  DMTimerPostedModeConfig              
8005f500  DMTimerWritePostedStatusGet          
8005f518  DMTimer2ModuleClkConfig              
8005f584  DMTimer3ModuleClkConfig              
8005f604  Init_FRAM                            
8005f704  FRAM_LoadSettings                    
8005f720  FRAM_SaveSettings                    
8005f74c  FRAM_WriteEnable                     
8005f788  FRAM_WriteDisable                    
8005f7c4  FRAM_WriteStatusRegister             
8005f808  FRAM_ReadStatusRegister              
8005f848  FRAM_WriteMemory                     
8005f934  FRAM_ReadMemory                      
8005fa20  FRAM_WriteRead                       
8005fb14  FRAM_WriteProtect                    
8005fb50  FRAM_Hold                            
8005fb8c  FRAM_CalculateCRC                    
8005fba4  FRAM_LoadDefaultSettings             
8005fc20  FRAM_Test                            
8005fcc8  GPIO_3A_ISR                          
8005fd04  UART_0_ISR                           
8005fea4  TMR_2_ISR                            
8005ff88  TMR_3_ISR                            
8005ffc0  RTC_ISR                              
8005ffd4  I2C_0_ISR                            
80060148  ADC_0_ISR                            
800601c8  SPI_1_ISR                            
800601cc  USB_0_ISR                            
8006043c  USBDCDConfigDescGetSize              
800604a4  USBDCDConfigDescGetNum               
80060530  USBDCDConfigDescGet                  
80060630  USBDCDConfigGetNumAlternateInterfaces
800606cc  USBDCDConfigGetInterface             
80060724  USBDCDConfigGetInterfaceEndpoint     
800607f8  Init_SPI                             
80060808  Init_SPI_Module1                     
800609b4  Init_SPI_Module0                     
80060ac4  SPI_INTCConfigure1                   
80060af0  SPI_WriteByte0                       
80060b4c  SPI_WriteByte1                       
80060ba8  SPI_ReadWriteByte0                   
80060c04  SPI_ReadWriteByte1                   
80060c60  SPI_WriteByteNoRx0                   
80060c94  SPI_WriteByteNoRx1                   
80060d08  Init_Audio                           
80060d0c  AUD_PlayWAV                          
80060dd4  AUD_StopWAV                          
80060e00  AUD_SetPlayingFlag                   
80060e10  AUD_ClearPlayingFlag                 
80060e20  AUD_GetPlayingFlag                   
80060e2c  AUD_TransferWAVToRAMG                
80061090  AUD_SetPlaybackFinishedFlag          
800610a0  AUD_ClearPlaybackFinishedFlag        
800610bc  AUD_GetPlaybackFinishedFlag          
800610c8  AUD_SetTimoutFlag                    
800610d8  AUD_ClearTimoutFlag                  
800610e8  AUD_GetTimoutFlag                    
800610f4  AUD_IsWAVPlaying                     
8006110c  AUD_TestAudio                        
80061168  AUD_AmpShutdown                      
8006120c  Init_UART                            
8006125c  UART_Module0ClkConfig                
800612a4  UART_PrintChar                       
800612b8  UART_PrintBuffer                     
80061304  UART_PrintString                     
8006133c  UART_FIFOConfigure                   
80061360  UART_BaudRateSet                     
80061398  UART_LineCharacSet                   
800613dc  UART_Configure                       
80061428  UART_InterruptConfigure0             
80061454  UART_AddToRXBuffer                   
80061584  UART_AddToTXBuffer                   
80061630  UART_GetTXInterruptStatus            
800616ac  Init_GPIO                            
8006193c  GPIO_Module0ClkConfig                
800619a4  GPIO_Module1ClkConfig                
80061a0c  GPIO_Module2ClkConfig                
80061a74  GPIO_Module3ClkConfig                
80061b44  CP15ICacheDisable                    
80061b60  CP15DCacheDisable                    
80061b7c  CP15ICacheEnable                     
80061b8c  CP15DCacheEnable                     
80061b9c  CP15DCacheFlush                      
80061c30  CP15DCacheClean                      
80061cc4  CP15DCacheCleanFlush                 
80061d58  CP15ICacheFlush                      
80061d68  CP15DCacheCleanBuff                  
80061dbc  CP15DCacheCleanFlushBuff             
80061e10  CP15DCacheFlushBuff                  
80061e74  CP15ICacheFlushBuff                  
80061ec8  CP15Ttb0Set                          
80061ed4  CP15TlbInvalidate                    
80061ee0  CP15MMUDisable                       
80061ef8  CP15MMUEnable                        
80061f0c  CP15VectorBaseAddrSet                
80061f18  CP15BranchPredictorInvalidate        
80061f24  CP15BranchPredictionEnable           
80061f34  CP15BranchPredictionDisable          
80061f44  CP15DomainAccessClientSet            
80061f54  CP15ControlFeatureDisable            
80061f68  CP15ControlFeatureEnable             
80061f7c  CP15TtbCtlTtb0Config                 
80061f8c  CP15AuxControlFeatureEnable          
80061fa0  CP15AuxControlFeatureDisable         
80061fb4  CP15MainIdPrimPartNumGet             
80061fcc  main                                 
800623fc  IntRegister                          
80062420  IntUnRegister                        
80062440  IntAINTCInit                         
800624b0  IntPrioritySet                       
800624e8  IntSystemEnable                      
8006251c  IntSystemDisable                     
80062550  IntIfClkFreeRunSet                   
80062564  IntIfClkAutoGateSet                  
80062578  IntActiveIrqNumGet                   
80062588  IntSpurIrqFlagGet                    
8006259c  IntProtectionEnable                  
800625ac  IntProtectionDisable                 
800625c0  IntSyncClkFreeRunSet                 
800625d4  IntSyncClkAutoGateSet                
800625e8  IntFuncClkFreeRunSet                 
800625fc  IntFuncClkAutoGateSet                
80062610  IntCurrIrqPriorityGet                
80062620  IntPriorityThresholdGet              
80062630  IntPriorityThresholdSet              
80062650  IntRawStatusGet                      
80062690  IntSoftwareIntSet                    
800626c0  IntSoftwareIntClear                  
800626f0  IntPendingIrqMaskedStatusGet         
8006272c  IntMasterIRQEnable                   
80062738  IntMasterIRQDisable                  
80062744  IntMasterFIQEnable                   
80062750  IntMasterFIQDisable                  
8006275c  IntMasterStatusGet                   
80062768  IntDisable                           
80062780  IntEnable                            
800627dc  HSMMCSDCardPresent                   
800627f4  HSMMCSDIntEnable                     
80062814  HSMMCSDControllerInit                
800628ec  HSMMCSDCmdSend                       
80062ae8  HSMMCSDBusWidthConfig                
80062b28  HSMMCSDBusFreqConfig                 
80062b54  USBDescGetNum                        
80062c00  USBDescGet                           
80062cc8  USBDescGetNumAlternateInterfaces     
80062e24  USBDescGetInterface                  
80062e70  USBDescGetInterfaceEndpoint          
80062eb4  Init_RTC                             
80062f24  RTC_InterruptConfigure               
80062f50  RTC_SetFlag                          
80062f60  RTC_ClearFlag                        
80062f70  RTC_GetFlag                          
80062f7c  RTC_SetTimeDate                      
80063060  RTC_GetTimeDate                      
8006313c  RTC_ModuleClkConfig                  
800631f0  Init_WAV                             
80063248  WAV_CalculateHeader                  
800634d8  Init_LED                             
800634dc  LED_Show                             
80063798  __aeabi_uldivmod                     
80063a50  Init_ADC                             
80063c04  ADC_ConfigureInterrupt               
80063c30  ADC_ReadChannels                     
80063cac  ADC_SetFinishedFlag                  
80063cbc  ADC_ClearFinishedFlag                
80063ccc  ADC_GetFinishedFlag                  
80063cec  Init_I2C                             
80063cf8  Init_I2C_Module0                     
80063d40  I2C_InterruptConfigure0              
80063d6c  I2C_SendReceiveData0                 
80063f20  I2C_SetFailFlag0                     
80063f30  I2C_ClearFailFlag0                   
80063f40  I2C_GetFailFlag0                     
80063f7c  ff_convert                           
80064040  ff_wtoupper                          
800641fc  Init_Timers                          
8006420c  Init_Timer2                          
80064284  Init_Timer3                          
800642f0  TMR_CalculateReload                  
8006433c  TMR_InterruptConfigure2              
80064368  TMR_InterruptConfigure3              
80064394  TMR_GetNewScreenTagTimerEnabled      
800643a0  TMR_SetNewScreenTagTimerEnabled      
800643d8  TMR_ResetNewScreenTagTimer           
800643e8  TMR_ResetAudioPlaybackTimer          
800643f8  TMR_ResetBacklightTimer              
80064408  TMR_SetMISCTimerFlag                 
80064418  TMR_ClearMISCTimerFlag               
80064428  TMR_GetMISCTimerFlag                 
80064464  __aeabi_dsub                         
80064470  __aeabi_dadd                         
80064678  Init_Test                            
800646c8  TEST_Setpoint1                       
80064704  TEST_Setpoint2                       
80064740  TEST_Setpoint3                       
8006477c  TEST_Togglepoint1                    
800647cc  TEST_Togglepoint2                    
8006481c  TEST_Togglepoint3                    
8006487c  InitCMD                              
8006488c  CMD_CheckMatch                       
800649f8  CMD_Help                             
80064a08  CMD_SetNewCommand                    
80064a18  CMD_ClearNewCommand                  
80064a28  CMD_GetNewCommand                    
80064a54  Init_USB                             
80064a60  Init_USB0                            
80064a8c  USB_InterruptConfigure0              
80064ab8  USB_DMSCEventCallback0               
80064b2c  USB_SetMSCState0                     
80064b48  USB_GetMSCState0                     
80064b54  USB_SetUSBStatus0                    
80064b80  USB_GetUSBStatus0                    
80064b8c  USB_SetUSBStatusFlag0                
80064b9c  USB_ClearUSBStatusFlag0              
80064bac  USB_GetUSBStatusFlag0                
80064bb8  USB_SetUSBMSCFlag0                   
80064bc8  USB_ClearUSBMSCFlag0                 
80064bd8  USB_GetUSBMSCFlag0                   
80064bfc  _Dscale                              
80064da4  __aeabi_ddiv                         
80064f34  __aeabi_memcpy                       
80064f34  __aeabi_memcpy4                      
80064f34  __aeabi_memcpy8                      
80064f34  memcpy                               
800650b4  Init_Power                           
800650c0  PWR_ReadVoltages                     
8006522c  MMUInit                              
8006528c  MMUMemRegionMap                      
80065380  MMUEnable                            
8006539c  _Dnorm                               
800654fc  InternalUSBTickInit                  
80065570  InternalUSBRegisterTickHandler       
800655a8  InternalUSBStartOfFrameTick          
80065640  CacheDisable                         
80065684  CacheEnable                          
800656d0  CacheInstInvalidateAll               
800656dc  CacheInstInvalidateBuff              
800656f8  CacheDataCleanInvalidateAll          
80065704  CacheDataCleanAll                    
80065710  CacheDataInvalidateAll               
8006571c  CacheDataCleanBuff                   
80065738  CacheDataInvalidateBuff              
80065754  CacheDataCleanInvalidateBuff         
80065770  __aeabi_dmul                         
80065898  __aeabi_idiv                         
80065898  __aeabi_idivmod                      
800659ac  Init_Modules                         
80065ad8  SVC_Handler                          
80065b00  IRQHandler                           
80065bac  FIQHandler                           
80065bb0  AbortHandler                         
80065bb0  UndefInstHandler                     
80065bc8  __aeabi_uidiv                        
80065bc8  __aeabi_uidivmod                     
80065cb8  USBDMSCStorageOpen                   
80065cd8  USBDMSCStorageClose                  
80065cf4  USBDMSCStorageRead                   
80065d34  USBDMSCStorageWrite                  
80065d74  USBDMSCStorageNumBlocks              
80065da4  __aeabi_cdcmpeq                      
80065da4  __aeabi_cdcmple                      
80065e84  __aeabi_cdrcmple                     
80065f64  UsbPhyOn                             
80065fcc  UsbPhyOff                            
8006602c  _Dunscale                            
800660e4  Init_PMIC                            
80066104  PMIC_ReadRegister                    
80066144  PMIC_WriteRegister                   
80066194  __aeabi_memclr                       
80066194  __aeabi_memclr4                      
80066194  __aeabi_memclr8                      
80066198  __aeabi_memset                       
80066198  __aeabi_memset4                      
80066198  __aeabi_memset8                      
800661a4  memset                               
80066244  MMU_ConfigAndEnable                  
800662ec  sprintf                              
80066394  __TI_auto_init                       
80066438  atoi                                 
800664bc  copy_in                              
80066540  ltoa                                 
800665c0  ldexp                                
80066638  signal                               
8006669c  CPUirqe                              
800666ac  CPUirqd                              
800666bc  CPUfiqe                              
800666cc  CPUfiqd                              
800666dc  CPUSwitchToUserMode                  
800666f0  CPUSwitchToPrivilegedMode            
800666f8  CPUAbortHandler                      
800666fc  __aeabi_d2iz                         
80066758  __aeabi_d2uiz                        
800667b4  feraiseexcept                        
8006680c  raise                                
80066858  _Feraise                             
800668c8  start_boot                           
800668e0  __aeabi_i2d                          
8006691c  _Dclass                              
80066954  __aeabi_ui2d                         
80066988  frexp                                
800669b8  memccpy                              
800669e4  strchr                               
80066a0c  _register_unlock                     
80066a18  _register_lock                       
80066a24  _nop                                 
80066a30  __aeabi_llsr                         
80066a54  strlen                               
80066a70  strcpy                               
80066a88  CPUIntStatus                         
80066a94  __aeabi_idiv0                        
80068000  bss_start                            
8006c000  g_sMSCInstance                       
8006c830  UART_RX_buffer                       
8006d000  UART_TX_buffer                       
8006d7d0  MISC_Buffer                          
8006dbbc  dummy                                
8006e280  fnRAMVectors                         
8006e780  g_psUSBDevice                        
8006e828  ctrlInfo                             
8006e878  sdCard                               
8006e8c8  Voltage                              
8006e908  g_USBInstance                        
8006e938  g_sDriveInformation                  
8006e93c  p_CurrentScreen                      
8006e980  g_pucCommand                         
8006ea00  fat_devices                          
8006ea18  I2C_0_Buffers                        
8006ea28  Command_String                       
8006ea34  g_pfTickHandlers                     
8006ea40  g_pvTickInstance                     
8006ea4c  CurrentTimeDate                      
8006ea58  p_CurrentWAVFile                     
8006ea5c  p_PreviousScreen                     
8006ea60  regionId                             
8006ea64  CurrentScreen                        
8006ea65  PreviousPreviousScreen               
8006ea66  PreviousScreen                       
8006ea69  bss_end                              
8006ea70  WAV_PostComplete                     
8007272c  Screens                              
80072edc  _Errno                               
80072ee0  _Denorm                              
80072ef0  _Eps                                 
80072f00  _Hugeval                             
80072f10  _Inf                                 
80072f20  _Nan                                 
80072f30  _Snan                                
80072f40  _Rteps                               
80072f50  _Xbig                                
80072f58  _Zero                                
80072f60  WAV_Files                            
80072fc3  NumCommand                           
80072fc4  g_sMSCDeviceInfo                     
80073010  intStatus                            
80073014  g_bytesRead                          
80073018  g_bytesWritten                       
8007302a  gDMAflag                             
80073038  g_psMSCSections                      
80073040  sdBlkSize                            
80073044  callbackOccured                      
80073048  xferCompFlag                         
8007304c  dataTimeout                          
80073050  cmdCompFlag                          
80073054  cmdTimeout                           
80073058  errFlag                              
8007305c  g_sPState                            
80073060  g_sCState                            
80073066  RAM_CMD_Offset                       
80073068  FT_DispWidth                         
8007306a  FT_DispHeight                        
8007306c  FT_DispHCycle                        
8007306e  FT_DispHOffset                       
80073070  FT_DispHSync0                        
80073072  FT_DispHSync1                        
80073074  FT_DispVCycle                        
80073076  FT_DispVOffset                       
80073078  FT_DispVSync0                        
8007307a  FT_DispVSync1                        
8007307c  FT_DispPCLK                          
8007307e  FT_DispSwizzle                       
80073080  FT_DispPCLKPol                       
80073082  FT_DispCSpread                       
80073084  FT_DispDither                        
80073086  BackLightSetting                     
80073087  CurrentSystemSettings                
800730ac  AudioBytesTransferred                
800730b0  AUD_AudioTimeoutCount                
800730b4  LastWritePointerAddress              
800730bc  TMR_NewScreenTagTimer                
800730c0  TMR_AudioPlaybackTimer               
800730c4  TMR_BacklightTimer                   
800730ca  DefaultTimeDate                      
800730d4  UART_RX_place                        
800730d8  UART_TX_add                          
800730dc  UART_TX_remove                       
800730e4  ulStatus                             
800730e8  epStatus                             
800730ec  g_bUSBTimerInitialized               
800730f0  g_ulCurrentUSBTick                   
800730f4  g_ulUSBSOFCount                      
800730f8  _lock                                
800730fc  _unlock                              
80073100  _Fenv                                
80073104  _Tls_setup__Fenv                     
87fffff0  __stack                              
87fffff8  __STACK_END                          
ffffffff  __binit__                            
ffffffff  __c_args__                           
ffffffff  binit                                
UNDEFED   SHT$$INIT_ARRAY$$Base                
UNDEFED   SHT$$INIT_ARRAY$$Limit               
UNDEFED   __TI_CINIT_Base                      
UNDEFED   __TI_CINIT_Limit                     
UNDEFED   __TI_Handler_Table_Base              
UNDEFED   __TI_Handler_Table_Limit             

[1132 symbols]
