******************************************************************************
                  TI ARM Linker PC v5.2.6                      
******************************************************************************
>> Linked Thu Apr 28 12:41:00 2016

OUTPUT FILE NAME:   <BeagleBone_Smart_Controler.out>
ENTRY POINT SYMBOL: "Entry"  address: 80000000


MEMORY CONFIGURATION

         name            origin    length      used     unused   attr    fill
----------------------  --------  ---------  --------  --------  ----  --------
  DDR_MEM               80000000   07ffffff  0005c379  07fa3c86  RWIX


SEGMENT ALLOCATION MAP

run origin  load origin   length   init length attrs members
----------  ----------- ---------- ----------- ----- -------
80000000    80000000    000529b4   000529b4    r-x
  80000000    80000000    000000d0   000000d0    r-x .text:Entry
  800000d0    800000d0    00042978   00042978    r-- .const
  80042a48    80042a48    0000ff6c   0000ff6c    r-x .text
80054000    80054000    000055b1   00000000    rw-
  80054000    80054000    000055b1   00000000    rw- .bss
800595b8    800595b8    0000440c   0000440c    rw-
  800595b8    800595b8    0000440c   0000440c    rw- .data
87fffff0    87fffff0    00000008   00000000    rw-
  87fffff0    87fffff0    00000008   00000000    rw- .stack


SECTION ALLOCATION MAP

 output                                  attributes/
section   page    origin      length       input sections
--------  ----  ----------  ----------   ----------------
.text:Entry 
*          0    80000000    000000d0     
                  80000000    000000c8     system.lib : init.obj (.text:Entry)
                  800000c8    00000008     rtsv7A8_A_le_n_eabi.lib : autoinit.obj (.tramp.__TI_auto_init.1)

.const     0    800000d0    00042978     
                  800000d0    0003fc00     BITMAP_CHARLIE_BEACH.obj (.const:.string:BITMAP_CharlieBeach)
                  8003fcd0    00002bc0     BITMAP_TV_REMOTE.obj (.const:.string:BITMAP_TVRemote)
                  80042890    00000101     rtsv7A8_A_le_n_eabi.lib : ctype.obj (.const:.string:_ctypes_)
                  80042991    00000003     --HOLE-- [fill = 0]
                  80042994    00000054     MEMORY.obj (.const)
                  800429e8    00000038     system.lib : startup.obj (.const:vecTbl)
                  80042a20    00000010     CMD.obj (.const)
                  80042a30    0000000c     BITMAP_CHARLIE_BEACH.obj (.const)
                  80042a3c    0000000c     BITMAP_TV_REMOTE.obj (.const)

.text      0    80042a48    0000ff6c     
                  80042a48    00002a48     LCD.obj (.text)
                  80045490    00001d10     uart_irda_cir.obj (.text)
                  800471a0    00001a70     rtsv7A8_A_le_n_eabi.lib : _printfi.obj (.text)
                  80048c10    00001580     rtc.obj (.text)
                  8004a190    00000ec4     mcspi.obj (.text)
                  8004b054    00000bf8     GUI.obj (.text)
                  8004bc4c    00000b70     gpio_v2.obj (.text)
                  8004c7bc    0000084c     dmtimer.obj (.text)
                  8004d008    0000066c     FRAM.obj (.text)
                  8004d674    000004e4     MISC.obj (.text)
                  8004db58    000004a0     UART.obj (.text)
                  8004dff8    00000488     system.lib : cp15.obj (.text)
                  8004e480    00000470     SPI.obj (.text)
                  8004e8f0    00000454     AUDIO.obj (.text)
                  8004ed44    000003e4     interrupt.obj (.text)
                  8004f128    000003d8     GPIO.obj (.text)
                  8004f500    0000033c     RTCC.obj (.text)
                  8004f83c    00000300     INTERRUPTS.obj (.text)
                  8004fb3c    000002e8     WAV.obj (.text)
                  8004fe24    000002c0     LEDS.obj (.text)
                  800500e4    000002b8     rtsv7A8_A_le_n_eabi.lib : ull_div32.obj (.text)
                  8005039c    00000280     main.obj (.text)
                  8005061c    00000214     rtsv7A8_A_le_n_eabi.lib : fd_add32.obj (.text)
                  80050830    00000204     TEST.obj (.text)
                  80050a34    000001d8     CMD.obj (.text)
                  80050c0c    000001d0     platform.lib : rtc.obj (.text)
                  80050ddc    000001a8     rtsv7A8_A_le_n_eabi.lib : xdscale.obj (.text)
                  80050f84    00000190     TIMERS.obj (.text)
                  80051114    00000190     rtsv7A8_A_le_n_eabi.lib : fd_div32.obj (.text)
                  800512a4    00000180                             : memcpy32.obj (.text)
                  80051424    00000170     mmu.obj (.text)
                  80051594    00000160     rtsv7A8_A_le_n_eabi.lib : xdnorm.obj (.text)
                  800516f4    00000130     cache.obj (.text)
                  80051824    00000128     rtsv7A8_A_le_n_eabi.lib : fd_mul32.obj (.text)
                  8005194c    00000124     platform.lib : gpio.obj (.text)
                  80051a70    00000114     rtsv7A8_A_le_n_eabi.lib : i_div32.obj (.text)
                  80051b84    0000010c     system.lib : exceptionhandler.obj (.text)
                  80051c90    000000f4     SYSTEM.obj (.text)
                  80051d84    000000f0     rtsv7A8_A_le_n_eabi.lib : u_div32.obj (.text)
                  80051e74    000000e0                             : fd_cmp32.obj (.text:__aeabi_cdcmple)
                  80051f54    000000e0                             : fd_cmp32.obj (.text:__aeabi_cdrcmple)
                  80052034    000000b8                             : xdunscal.obj (.text)
                  800520ec    000000b0                             : memset32.obj (.text)
                  8005219c    000000a8     MEMORY.obj (.text)
                  80052244    000000a8     rtsv7A8_A_le_n_eabi.lib : sprintf.obj (.text)
                  800522ec    000000a4                             : autoinit.obj (.text)
                  80052390    00000084                             : atoi.obj (.text)
                  80052414    00000084                             : cpy_tbl.obj (.text)
                  80052498    00000080                             : ltoa.obj (.text)
                  80052518    00000078                             : ldexp.obj (.text)
                  80052590    00000064                             : signal.obj (.text)
                  800525f4    00000060     system.lib : cpu.obj (.text)
                  80052654    0000005c     rtsv7A8_A_le_n_eabi.lib : fd_toi32.obj (.text)
                  800526b0    0000005c                             : fd_tou32.obj (.text)
                  8005270c    00000058                             : feraiseexcept.obj (.text)
                  80052764    0000004c                             : raise.obj (.text)
                  800527b0    00000044                             : xferaise.obj (.text)
                  800527f4    00000044     system.lib : startup.obj (.text)
                  80052838    0000003c     rtsv7A8_A_le_n_eabi.lib : i_tofd32.obj (.text)
                  80052874    00000038                             : xdclass.obj (.text)
                  800528ac    00000034                             : u_tofd32.obj (.text)
                  800528e0    00000030                             : frexp.obj (.text)
                  80052910    0000002c                             : memccpy.obj (.text)
                  8005293c    00000028                             : strchr.obj (.text)
                  80052964    00000024                             : _lock.obj (.text)
                  80052988    0000001c                             : strlen.obj (.text)
                  800529a4    0000000c     system.lib : cpu.obj (.text:CPUIntStatus)
                  800529b0    00000004     rtsv7A8_A_le_n_eabi.lib : i_div0.obj (.text)

.bss       0    80054000    000055b1     UNINITIALIZED
                  80054000    00004000     MEMORY.obj (.bss:pageTable)
                  80058000    000007d0     UART.obj (.bss:UART_RX_buffer)
                  800587d0    000007d0     UART.obj (.bss:UART_TX_buffer)
                  80058fa0    000003e8     MISC.obj (.bss:MISC_Buffer)
                  80059388    00000200     interrupt.obj (.bss:fnRAMVectors)
                  80059588    0000000c     (.common:Command_String)
                  80059594    0000000a     (.common:CurrentTimeDate)
                  8005959e    00000001     (.common:CurrentScreen)
                  8005959f    00000001     (.common:PreviousPreviousScreen)
                  800595a0    00000004     (.common:dummy)
                  800595a4    00000004     (.common:p_CurrentScreen)
                  800595a8    00000004     (.common:p_CurrentWAVFile)
                  800595ac    00000004     (.common:p_PreviousScreen)
                  800595b0    00000001     (.common:PreviousScreen)

.TI.noinit 
*          0    80054000    00000000     UNINITIALIZED

.data      0    800595b8    0000440c     
                  800595b8    00003cbc     WAV_POST_COMPLETE.obj (.data:WAV_PostComplete)
                  8005d274    00000500     GUI.obj (.data:Screens)
                  8005d774    000000b0     rtsv7A8_A_le_n_eabi.lib : signal.obj (.data:sigtable)
                  8005d824    00000004                             : errno.obj (.data)
                  8005d828    00000080                             : xvalues.obj (.data)
                  8005d8a8    00000062     WAV.obj (.data:WAV_Files)
                  8005d90a    00000003     GUI.obj (.data)
                  8005d90d    00000002     CMD.obj (.data)
                  8005d90f    00000001     --HOLE-- [fill = 0]
                  8005d910    00000048     FRAM.obj (.data:CurrentSystemSettings)
                  8005d958    00000023     LCD.obj (.data)
                  8005d97b    00000001     --HOLE-- [fill = 0]
                  8005d97c    00000010     AUDIO.obj (.data)
                  8005d98c    00000010     TIMERS.obj (.data)
                  8005d99c    0000000c     RTCC.obj (.data)
                  8005d9a8    0000000c     UART.obj (.data)
                  8005d9b4    00000008     rtsv7A8_A_le_n_eabi.lib : _lock.obj (.data)
                  8005d9bc    00000008                             : feraiseexcept.obj (.data)

.TI.persistent 
*          0    800595b8    00000000     UNINITIALIZED

.stack     0    87fffff0    00000008     UNINITIALIZED
                  87fffff0    00000008     --HOLE--


FAR CALL TRAMPOLINES

callee name               trampoline name
   callee addr  tramp addr   call addr  call info
--------------  -----------  ---------  ----------------
__TI_auto_init            $Tramp$AA$S$$__TI_auto_init
   800522ec     800000c8     800000a0   system.lib : init.obj (.text:Entry)

[1 trampolines]
[1 trampoline calls]


GLOBAL SYMBOLS: SORTED ALPHABETICALLY BY Name 

address   name                           
-------   ----                           
8005d984  AUD_AudioTimeoutCount          
8004ec98  AUD_ClearPlaybackFinishedFlag  
8004ea08  AUD_ClearPlayingFlag           
8004ecd0  AUD_ClearTimoutFlag            
8004ecb4  AUD_GetPlaybackFinishedFlag    
8004ea18  AUD_GetPlayingFlag             
8004ece0  AUD_GetTimoutFlag              
8004ecec  AUD_IsWAVPlaying               
8004e904  AUD_PlayWAV                    
8004ec88  AUD_SetPlaybackFinishedFlag    
8004e9f8  AUD_SetPlayingFlag             
8004ecc0  AUD_SetTimoutFlag              
8004e9cc  AUD_StopWAV                    
8004ea24  AUD_TransferWAVToRAMG          
80051c78  AbortHandler                   
8005d980  AudioBytesTransferred          
800000d0  BITMAP_CharlieBeach            
8003fcd0  BITMAP_TVRemote                
8005d97a  BackLightSetting               
80050a44  CMD_CheckMatch                 
80050bd0  CMD_ClearNewCommand            
80050be0  CMD_GetNewCommand              
80050bb0  CMD_Help                       
80050bc0  CMD_SetNewCommand              
8004e454  CP15AuxControlFeatureDisable   
8004e440  CP15AuxControlFeatureEnable    
8004e3e8  CP15BranchPredictionDisable    
8004e3d8  CP15BranchPredictionEnable     
8004e3cc  CP15BranchPredictorInvalidate  
8004e408  CP15ControlFeatureDisable      
8004e41c  CP15ControlFeatureEnable       
8004e0e4  CP15DCacheClean                
8004e21c  CP15DCacheCleanBuff            
8004e178  CP15DCacheCleanFlush           
8004e270  CP15DCacheCleanFlushBuff       
8004e014  CP15DCacheDisable              
8004e040  CP15DCacheEnable               
8004e050  CP15DCacheFlush                
8004e2c4  CP15DCacheFlushBuff            
8004e3f8  CP15DomainAccessClientSet      
8004dff8  CP15ICacheDisable              
8004e030  CP15ICacheEnable               
8004e20c  CP15ICacheFlush                
8004e328  CP15ICacheFlushBuff            
8004e394  CP15MMUDisable                 
8004e3ac  CP15MMUEnable                  
8004e468  CP15MainIdPrimPartNumGet       
8004e388  CP15TlbInvalidate              
8004e37c  CP15Ttb0Set                    
8004e430  CP15TtbCtlTtb0Config           
8004e3c0  CP15VectorBaseAddrSet          
80052650  CPUAbortHandler                
800529a4  CPUIntStatus                   
80052648  CPUSwitchToPrivilegedMode      
80052634  CPUSwitchToUserMode            
80052624  CPUfiqd                        
80052614  CPUfiqe                        
80052604  CPUirqd                        
800525f4  CPUirqe                        
800517b8  CacheDataCleanAll              
800517d0  CacheDataCleanBuff             
800517ac  CacheDataCleanInvalidateAll    
80051808  CacheDataCleanInvalidateBuff   
800517c4  CacheDataInvalidateAll         
800517ec  CacheDataInvalidateBuff        
800516f4  CacheDisable                   
80051738  CacheEnable                    
80051784  CacheInstInvalidateAll         
80051790  CacheInstInvalidateBuff        
80059588  Command_String                 
80042a20  Commands                       
8005959e  CurrentScreen                  
8005d910  CurrentSystemSettings          
80059594  CurrentTimeDate                
8004ce58  DMTimer2ModuleClkConfig        
8004cafc  DMTimerCompareGet              
8004cac0  DMTimerCompareSet              
8004cd1c  DMTimerContextRestore          
8004cc9c  DMTimerContextSave             
8004c9b8  DMTimerCounterGet              
8004c97c  DMTimerCounterSet              
8004c7fc  DMTimerDisable                 
8004c7bc  DMTimerEnable                  
8004ca40  DMTimerGPOConfigure            
8004cbb0  DMTimerIntDisable              
8004cb8c  DMTimerIntEnable               
8004cc0c  DMTimerIntEnableGet            
8004cb38  DMTimerIntRawStatusGet         
8004cb14  DMTimerIntRawStatusSet         
8004cb68  DMTimerIntStatusClear          
8004cb50  DMTimerIntStatusGet            
8004c83c  DMTimerModeConfigure           
8004cdfc  DMTimerPostedModeConfig        
8004c93c  DMTimerPreScalerClkDisable     
8004c8bc  DMTimerPreScalerClkEnable      
8004ca28  DMTimerReloadGet               
8004c9ec  DMTimerReloadSet               
8004cc68  DMTimerReset                   
8004cc24  DMTimerResetConfigure          
8004cbd4  DMTimerTriggerSet              
8004ce40  DMTimerWritePostedStatusGet    
8005d99e  DefaultTimeDate                
80000000  Entry                          
80051c74  FIQHandler                     
8004d594  FRAM_CalculateCRC              
8004d558  FRAM_Hold                      
8004d5a8  FRAM_LoadDefaultSettings       
8004d11c  FRAM_LoadSettings              
8004d33c  FRAM_ReadMemory                
8004d210  FRAM_ReadStatusRegister        
8004d138  FRAM_SaveSettings              
8004d190  FRAM_WriteDisable              
8004d154  FRAM_WriteEnable               
8004d250  FRAM_WriteMemory               
8004d51c  FRAM_WriteProtect              
8004d428  FRAM_WriteRead                 
8004d1cc  FRAM_WriteStatusRegister       
8005d976  FT_DispCSpread                 
8005d978  FT_DispDither                  
8005d960  FT_DispHCycle                  
8005d962  FT_DispHOffset                 
8005d964  FT_DispHSync0                  
8005d966  FT_DispHSync1                  
8005d95e  FT_DispHeight                  
8005d970  FT_DispPCLK                    
8005d974  FT_DispPCLKPol                 
8005d972  FT_DispSwizzle                 
8005d968  FT_DispVCycle                  
8005d96a  FT_DispVOffset                 
8005d96c  FT_DispVSync0                  
8005d96e  FT_DispVSync1                  
8005d95c  FT_DispWidth                   
800519cc  GPIO0ModuleClkConfig           
80051978  GPIO1ModuleClkConfig           
80051968  GPIO1Pin23PinMuxSetup          
80051958  GPIO1PinMuxSetup               
8004c5dc  GPIOAutoIdleModeControl        
8004c6a8  GPIODebounceFuncControl        
8004c6f8  GPIODebounceTimeConfig         
8004bd28  GPIODirModeGet                 
8004bcc8  GPIODirModeSet                 
8004c664  GPIOGatingRatioConfigure       
8004c620  GPIOIdleModeConfigure          
8004c294  GPIOIntTypeGet                 
8004bef4  GPIOIntTypeSet                 
8004bca4  GPIOModuleDisable              
8004bc80  GPIOModuleEnable               
8004bc4c  GPIOModuleReset                
8004be30  GPIOMultiplePinsRead           
8004be00  GPIOMultiplePinsWrite          
8004c3d8  GPIOPinIntClear                
8004bea4  GPIOPinIntDisable              
8004be54  GPIOPinIntEnable               
8004c374  GPIOPinIntStatus               
8004c57c  GPIOPinIntWakeUpDisable        
8004c51c  GPIOPinIntWakeUpEnable         
8004bdb8  GPIOPinRead                    
8004bd68  GPIOPinWrite                   
8004c428  GPIORawIntStatus               
8004c71c  GPIORevisionInfoGet            
8004c484  GPIOTriggerPinInt              
8004c4f8  GPIOWakeupGlobalDisable        
8004c4d4  GPIOWakeupGlobalEnable         
8004f83c  GPIO_3A_ISR                    
8004f328  GPIO_Module0ClkConfig          
8004f390  GPIO_Module1ClkConfig          
8004f3f8  GPIO_Module2ClkConfig          
8004f460  GPIO_Module3ClkConfig          
8004ba98  GUI_Backlight                  
8004bae0  GUI_ClearBacklightTimeout      
8004b9cc  GUI_ClearTagTimoutFlag         
8004b888  GUI_CreateTouchCalibration     
8004b230  GUI_DrawHomeScreen             
8004b09c  GUI_DrawInitialScreen          
8004b124  GUI_DrawInitialScreenProgress  
8004b63c  GUI_DrawNextScreen             
8004b778  GUI_DrawPreviousScreen         
8004b49c  GUI_DrawTVRemoteScreen         
8004b9fc  GUI_DrawTime                   
8004baf0  GUI_GetBacklightTimeout        
8004bb18  GUI_GetCurrentTag              
8004b9dc  GUI_GetTagTimoutFlag           
8004b528  GUI_LoadItemToRAMG             
8004b7c4  GUI_LoadTouchCalibration       
8004b9e8  GUI_ScreenRefresh              
8004bad0  GUI_SetBacklightTimeout        
8004bafc  GUI_SetCurrentTag              
8004b9bc  GUI_SetTagTimoutFlag           
8004b9a0  GUI_StartNewScreenTagTimer     
8004b5b0  GUI_TouchConfig                
8005194c  GpioPinMuxSetup                
80042a30  HEADER_CharlieBeach            
80042a3c  HEADER_TVRemote                
80051bc8  IRQHandler                     
80050a34  InitCMD                        
8004e8f0  Init_Audio                     
8004d008  Init_FRAM                      
8004f128  Init_GPIO                      
8004b054  Init_GUI                       
80042a48  Init_LCD                       
8004fe24  Init_LED                       
80051c90  Init_Modules                   
8004f500  Init_RTC                       
8004e480  Init_SPI                       
8004e5a0  Init_SPI_Module0               
8004e490  Init_SPI_Module1               
80050830  Init_Test                      
80050f90  Init_Timer2                    
80050f84  Init_Timers                    
8004db58  Init_UART                      
8004fb3c  Init_WAV                       
8004ed8c  IntAINTCInit                   
8004eec4  IntActiveIrqNumGet             
8004ef5c  IntCurrIrqPriorityGet          
8004f0b4  IntDisable                     
8004f0cc  IntEnable                      
8004ef48  IntFuncClkAutoGateSet          
8004ef34  IntFuncClkFreeRunSet           
8004eeb0  IntIfClkAutoGateSet            
8004ee9c  IntIfClkFreeRunSet             
8004f09c  IntMasterFIQDisable            
8004f090  IntMasterFIQEnable             
8004f084  IntMasterIRQDisable            
8004f078  IntMasterIRQEnable             
8004f0a8  IntMasterStatusGet             
8004f03c  IntPendingIrqMaskedStatusGet   
8004edfc  IntPrioritySet                 
8004ef6c  IntPriorityThresholdGet        
8004ef7c  IntPriorityThresholdSet        
8004eef8  IntProtectionDisable           
8004eee8  IntProtectionEnable            
8004ef9c  IntRawStatusGet                
8004ed48  IntRegister                    
8004f00c  IntSoftwareIntClear            
8004efdc  IntSoftwareIntSet              
8004eed4  IntSpurIrqFlagGet              
8004ef20  IntSyncClkAutoGateSet          
8004ef0c  IntSyncClkFreeRunSet           
8004ee68  IntSystemDisable               
8004ee34  IntSystemEnable                
8004ed6c  IntUnRegister                  
8004546c  LCD_ClearInterruptFlag         
8004547c  LCD_GetInterruptFlag           
80043610  LCD_IncrementWriteOffset       
80042db4  LCD_Interrupt                  
80042cc4  LCD_InterruptConfigure         
80042d44  LCD_InteruptDisable            
80042d10  LCD_InteruptEnable             
80042d78  LCD_Reset                      
8004368c  LCD_SendRAMAddress             
8004545c  LCD_SetInterruptFlag           
80043708  LCD_WaitCoprocessorDone        
80043650  LCD_WriteCommandParameters     
8004358c  LCD_cmd                        
800446cc  LCD_cmd_append                 
80043aac  LCD_cmd_bgcolor                
80043884  LCD_cmd_button                 
80044e80  LCD_cmd_calibrate              
800439f4  LCD_cmd_clock                  
80044dac  LCD_cmd_coldstart              
80044130  LCD_cmd_dial                   
80043b40  LCD_cmd_fgcolor                
80043c58  LCD_cmd_gauge                  
80044a00  LCD_cmd_getmatrix              
80044b14  LCD_cmd_getprops               
80044abc  LCD_cmd_getptr                 
80043be8  LCD_cmd_gradcolor              
80043d0c  LCD_cmd_gradient               
80044738  LCD_cmd_inflate                
80044dbc  LCD_cmd_interrupt              
80043db0  LCD_cmd_keys                   
80044848  LCD_cmd_loadidentity           
800447dc  LCD_cmd_loadimage              
80045418  LCD_cmd_logo                   
80044ba4  LCD_cmd_mediafifo              
80044644  LCD_cmd_memcpy                 
80044420  LCD_cmd_memcrc                 
8004450c  LCD_cmd_memset                 
80044590  LCD_cmd_memwrite               
800444a0  LCD_cmd_memzero                
8004438c  LCD_cmd_number                 
80044c10  LCD_cmd_playvideo              
80043f20  LCD_cmd_progress               
80044e14  LCD_cmd_regread                
80044ed8  LCD_cmd_romfont                
80044964  LCD_cmd_rotate                 
800448f8  LCD_cmd_scale                  
80045234  LCD_cmd_screensaver            
80043fcc  LCD_cmd_scrollbar              
80044334  LCD_cmd_setbase                
800450e0  LCD_cmd_setbitmap              
80044f44  LCD_cmd_setfont                
80044fb0  LCD_cmd_setfont2               
800449bc  LCD_cmd_setmatrix              
80045088  LCD_cmd_setrotate              
80045030  LCD_cmd_setscratch             
80045278  LCD_cmd_sketch                 
80044084  LCD_cmd_slider                 
8004531c  LCD_cmd_snapshot               
80045374  LCD_cmd_snapshot2              
8004516c  LCD_cmd_spinner                
800451f0  LCD_cmd_stop                   
8004372c  LCD_cmd_text                   
800441c4  LCD_cmd_toggle                 
80044d18  LCD_cmd_track                  
8004488c  LCD_cmd_translate              
80044cac  LCD_cmd_videoframe             
80044c68  LCD_cmd_videostart             
80042e44  LCD_ft810memRead16             
80042eb4  LCD_ft810memRead32             
80042df0  LCD_ft810memRead8              
80042f94  LCD_ft810memWrite16            
80043000  LCD_ft810memWrite32            
80042f54  LCD_ft810memWrite8             
800430a4  LCD_ft810memWriteBuffer        
800435b4  LCD_host_command               
80043274  LCD_rd16                       
8004328c  LCD_rd32                       
80043260  LCD_rd8                        
80043450  LCD_rd_buffer                  
800431b4  LCD_wr16                       
800431d0  LCD_wr32                       
80043198  LCD_wr8                        
800431ec  LCD_wr8s                       
800432a0  LCD_wr_buffer                  
8004fe28  LED_Show                       
8005d988  LastWritePointerAddress        
80058fa0  MISC_Buffer                    
80051578  MMUEnable                      
80051424  MMUInit                        
80051484  MMUMemRegionMap                
8005219c  MMU_ConfigAndEnable            
8004d884  MSC_BCDtoHEX                   
8004d674  MSC_BufferCopy                 
8004d728  MSC_DelayUS                    
8004d9a8  MSC_EndianLong                 
8004da14  MSC_EndianLongArray            
8004d928  MSC_EndianShort                
8004d964  MSC_EndianShortArray           
8004d7d0  MSC_HEXtoBCD                   
8004d6ec  MSC_LowercaseChar              
8004da94  MSC_ReverseByte                
8004d79c  MSC_Round                      
8004aed0  McSPI0ModuleClkConfig          
8004ad74  McSPI1ModuleClkConfig          
8004a4f4  McSPICSAssert                  
8004a52c  McSPICSDeAssert                
8004a3fc  McSPICSDisable                 
8004a3d8  McSPICSEnable                  
8004a420  McSPICSPolarityConfig          
8004a488  McSPICSTimeControlSet          
8004a804  McSPIChannelDisable            
8004a7cc  McSPIChannelEnable             
8004acc0  McSPIChannelStatusGet          
8004a190  McSPIClkConfig                 
8004ab34  McSPIDMADisable                
8004aaf0  McSPIDMAEnable                 
8004ad30  McSPIFIFODatManagementConfig   
8004a9b0  McSPIFIFOTrigLvlSet            
8004abd0  McSPIInitDelayConfig           
8004aba4  McSPIIntDisable                
8004ab78  McSPIIntEnable                 
8004ac8c  McSPIIntStatusClear            
8004ac74  McSPIIntStatusGet              
8004a660  McSPIMasterModeConfig          
8004a63c  McSPIMasterModeEnable          
8004acec  McSPIMultipleWordAccessConfig  
8004ac48  McSPIReceiveData               
8004a83c  McSPIReset                     
8004a948  McSPIRxFIFOConfig              
8004a604  McSPIStartBitDisable           
8004a564  McSPIStartBitEnable            
8004a59c  McSPIStartBitPolarityConfig    
8004ac14  McSPITransmitData              
8004a8a8  McSPITurboModeDisable          
8004a870  McSPITurboModeEnable           
8004a8e0  McSPITxFIFOConfig              
8004aab0  McSPIWordCountSet              
8004a370  McSPIWordLengthSet             
8005d90e  NumCommand                     
8005959f  PreviousPreviousScreen         
800595b0  PreviousScreen                 
8005d95a  RAM_CMD_Offset                 
80049df0  RTC32KClkClockControl          
80049d8c  RTC32KClkSourceSelect          
8004a130  RTCAlarm2CalendarSet           
8004a0a4  RTCAlarm2IntStatusClear        
8004a088  RTCAlarm2IntStatusGet          
8004a0c8  RTCAlarm2TimeSet               
80049ad8  RTCAlarmCalendarGet            
80049a78  RTCAlarmCalendarSet            
800499bc  RTCAlarmDayOfMonthGet          
80049988  RTCAlarmDayOfMonthSet          
800497e8  RTCAlarmHourGet                
80049844  RTCAlarmHourMeridiemGet        
80049804  RTCAlarmHourMeridiemSet        
800497b4  RTCAlarmHourSet                
80048e4c  RTCAlarmIntStatusClear         
80048e30  RTCAlarmIntStatusGet           
80049798  RTCAlarmMinuteGet              
80049764  RTCAlarmMinuteSet              
80049a0c  RTCAlarmMonthGet               
800499d8  RTCAlarmMonthSet               
80049748  RTCAlarmSecondGet              
80049714  RTCAlarmSecondSet              
800498c8  RTCAlarmTimeGet                
80049860  RTCAlarmTimeSet                
80049a5c  RTCAlarmYearGet                
80049a28  RTCAlarmYearSet                
80048f68  RTCAutoCompDisable             
80048f24  RTCAutoCompEnable              
80048df8  RTCBusyStatusGet               
8004969c  RTCCalendarGet                 
8004962c  RTCCalendarSet                 
80049b7c  RTCCompensationGet             
80049b38  RTCCompensationSet             
80049f60  RTCConfigPmicExtWake           
80049fb8  RTCConfigPmicExtWakeDebounce   
80049f00  RTCConfigPmicExtWakePolarity   
80049ebc  RTCConfigPmicPowerEnable       
800493d4  RTCDayOfMonthGet               
800493a0  RTCDayOfMonthSet               
800494c4  RTCDayOfTheWeekGet             
80049490  RTCDayOfTheWeekSet             
80049144  RTCDisable                     
80049188  RTCEnable                      
800491f0  RTCEnableStatus                
80048e70  RTCEventUpdateGet              
80049e78  RTCFeedbackResistanceSelect    
80049328  RTCHourGet                     
80049040  RTCHourModeGet                 
80048fbc  RTCHourModeSet                 
800492f4  RTCHourSet                     
80049c74  RTCIdleModeConfigure           
8004a054  RTCIntAlarm2Enable             
80048d3c  RTCIntAlarmDisable             
80048d08  RTCIntAlarmEnable              
80048dc4  RTCIntTimerDisable             
80048d70  RTCIntTimerEnable              
80049384  RTCMeridiemGet                 
80049344  RTCMeridiemSet                 
80048ed0  RTCMinRoundingDisable          
80048e8c  RTCMinRoundingEnable           
800492d8  RTCMinuteGet                   
800492a4  RTCMinuteSet                   
80050c14  RTCModuleClkConfig             
80049424  RTCMonthGet                    
800493f0  RTCMonthSet                    
80049e34  RTCOscillatorStateControl      
8004a018  RTCPmicExtWakeStatusClear      
80049c5c  RTCRevisionIDGet               
80048c10  RTCRun                         
80048e14  RTCRunStatusGet                
80049c00  RTCScratchPadGet               
80049bc0  RTCScratchPadSet               
80049288  RTCSecondGet                   
80049254  RTCSecondSet                   
800490c8  RTCSet32CounterDisable         
8004905c  RTCSet32CounterEnable          
80049c38  RTCSoftwareReset               
80049230  RTCSplitPwrDisable             
8004920c  RTCSplitPwrEnable              
80048c54  RTCStop                        
80049d48  RTCTestModeControl             
8004957c  RTCTimeGet                     
800494e0  RTCTimeSet                     
80049cc0  RTCWakeUpAlarmEventControl     
80049d04  RTCWakeUpTimerEventControl     
80048ce0  RTCWriteProtectDisable         
80048cb8  RTCWriteProtectEnable          
80049474  RTCYearGet                     
80049440  RTCYearSet                     
8004f5ac  RTC_ClearFlag                  
8004f5bc  RTC_GetFlag                    
8004f6ac  RTC_GetTimeDate                
8004fafc  RTC_ISR                        
8004f570  RTC_InterruptConfigure         
8004f788  RTC_ModuleClkConfig            
8004f59c  RTC_SetFlag                    
8004f5c8  RTC_SetTimeDate                
80050c0c  RtcVersionGet                  
UNDEFED   SHT$$INIT_ARRAY$$Base          
UNDEFED   SHT$$INIT_ARRAY$$Limit         
8004e6dc  SPI_1_ISR                      
8004e6b0  SPI_INTCConfigure1             
8004e798  SPI_ReadWriteByte0             
8004e7f4  SPI_ReadWriteByte1             
8004e6e0  SPI_WriteByte0                 
8004e73c  SPI_WriteByte1                 
8004e850  SPI_WriteByteNoRx0             
8004e884  SPI_WriteByteNoRx1             
80051ba0  SVC_Handler                    
8005d274  Screens                        
80050880  TEST_Setpoint1                 
800508bc  TEST_Setpoint2                 
800508f8  TEST_Setpoint3                 
80050934  TEST_Togglepoint1              
80050984  TEST_Togglepoint2              
800509d4  TEST_Togglepoint3              
8004fa18  TMR_2_ISR                      
8005d994  TMR_AudioPlaybackTimer         
8005d998  TMR_BacklightTimer             
80051008  TMR_CalculateReload            
80051080  TMR_GetNewScreenTagTimerEnabled
80051054  TMR_InterruptConfigure2        
8005d990  TMR_NewScreenTagTimer          
800510d4  TMR_ResetAudioPlaybackTimer    
800510e4  TMR_ResetBacklightTimer        
800510c4  TMR_ResetNewScreenTagTimer     
8005108c  TMR_SetNewScreenTagTimerEnabled
80046ad0  UARTAutoIdleModeControl        
8004687c  UARTAutoRTSAutoCTSControl      
80046fb8  UARTAutobaudParityGet          
80047050  UARTAutobaudSpeedGet           
80047004  UARTAutobaudWordLenGet         
80045818  UARTBreakCtl                   
80046558  UARTCharGet                    
80046500  UARTCharGetNonBlocking         
800465b0  UARTCharGetTimeout             
80046640  UARTCharPut                    
80046494  UARTCharPutNonBlocking         
80046440  UARTCharsAvail                 
80046f28  UARTDMACounterResetControl     
80045d54  UARTDMADisable                 
80045cf8  UARTDMAEnable                  
80046e40  UARTDSRInterruptControl        
8004575c  UARTDivisorLatchDisable        
80045738  UARTDivisorLatchEnable         
800455b4  UARTDivisorLatchWrite          
800454f0  UARTDivisorValCompute          
80045e78  UARTEnhanFuncBitValRestore     
80045e18  UARTEnhanFuncEnable            
800466b4  UARTFIFOCharGet                
80046694  UARTFIFOCharPut                
80045934  UARTFIFOConfig                 
80046828  UARTFIFOEnableStatusGet        
80045d8c  UARTFIFORegisterWrite          
80046ddc  UARTFIFOTrigLvlGranControl     
800466d0  UARTFIFOWrite                  
80046b14  UARTFlowCtrlTrigLvlConfig      
80046a48  UARTIdleModeConfigure          
80046324  UARTIntDisable                 
80046240  UARTIntEnable                  
80046788  UARTIntIdentityGet             
800467d4  UARTIntPendingStatusGet        
8004585c  UARTLineCharacConfig           
80046c88  UARTLoopbackModeControl        
80046cfc  UARTModemControlClear          
80046ccc  UARTModemControlSet            
80046d48  UARTModemStatusChangeCheck     
80046d2c  UARTModemStatusGet             
80046a14  UARTModuleReset                
800470fc  UARTModuleVersionNumberGet     
80045490  UARTOperatingModeSelect        
80045918  UARTParityModeGet              
800458d4  UARTParityModeSet              
800469d0  UARTPulseShapingControl        
80046f0c  UARTRXCTSDSRTransitionStatusGet
80046ec8  UARTRXCTSDSRWakeUpConfigure    
800457f8  UARTRegConfModeRestore         
80045780  UARTRegConfigModeEnable        
80046d64  UARTResumeOperation            
8004673c  UARTRxErrorGet                 
80046fa0  UARTRxFIFOLevelGet             
800470e0  UARTScratchPadRegRead          
8004709c  UARTScratchPadRegWrite         
8004696c  UARTSoftwareFlowCtrlOptSet     
800463ec  UARTSpaceAvail                 
80046908  UARTSpecialCharDetectControl   
80045edc  UARTSubConfigMSRSPRModeEn      
80045fb4  UARTSubConfigTCRTLRModeEn      
8004608c  UARTSubConfigXOFFModeEn        
80046164  UARTTCRTLRBitValRestore        
80047118  UARTTxDMAThresholdControl      
8004715c  UARTTxDMAThresholdValConfig    
80046e84  UARTTxEmptyIntControl          
80046f6c  UARTTxFIFOFullStatusGet        
80046f88  UARTTxFIFOLevelGet             
80046a8c  UARTWakeUpControl              
80046dac  UARTWakeUpEventsDisable        
80046d7c  UARTWakeUpEventsEnable         
80046b64  UARTXON1XOFF1ValProgram        
80046b94  UARTXON2XOFF2ValProgram        
80046bc4  UARTXONAnyFeatureControl       
8004f878  UART_0_ISR                     
8004dda0  UART_AddToRXBuffer             
8004ded0  UART_AddToTXBuffer             
8004dcac  UART_BaudRateSet               
8004dd28  UART_Configure                 
8004dc88  UART_FIFOConfigure             
8004df7c  UART_GetTXInterruptStatus      
8004dd74  UART_InterruptConfigure0       
8004dce4  UART_LineCharacSet             
8004dba8  UART_Module0ClkConfig          
8004dc04  UART_PrintBuffer               
8004dbf0  UART_PrintChar                 
8004dc50  UART_PrintString               
80058000  UART_RX_buffer                 
8005d9a8  UART_RX_place                  
8005d9ac  UART_TX_add                    
800587d0  UART_TX_buffer                 
8005d9b0  UART_TX_remove                 
80051c78  UndefInstHandler               
8004fbb0  WAV_CalculateHeader            
8005d8a8  WAV_Files                      
800595b8  WAV_PostComplete               
80052874  _Dclass                        
8005d828  _Denorm                        
80051594  _Dnorm                         
80050ddc  _Dscale                        
80052034  _Dunscale                      
8005d838  _Eps                           
8005d824  _Errno                         
8005d9bc  _Fenv                          
800527b0  _Feraise                       
8005d848  _Hugeval                       
8005d858  _Inf                           
8005d868  _Nan                           
8005d888  _Rteps                         
8005d878  _Snan                          
8005d9c0  _Tls_setup__Fenv               
8005d898  _Xbig                          
8005d8a0  _Zero                          
87fffff8  __STACK_END                    
00000008  __STACK_SIZE                   
UNDEFED   __TI_CINIT_Base                
UNDEFED   __TI_CINIT_Limit               
UNDEFED   __TI_Handler_Table_Base        
UNDEFED   __TI_Handler_Table_Limit       
800522ec  __TI_auto_init                 
80048714  __TI_printfi                   
80000000  __TI_static_base__             
80051e74  __aeabi_cdcmpeq                
80051e74  __aeabi_cdcmple                
80051f54  __aeabi_cdrcmple               
80052654  __aeabi_d2iz                   
800526b0  __aeabi_d2uiz                  
80050628  __aeabi_dadd                   
80051114  __aeabi_ddiv                   
80051824  __aeabi_dmul                   
8005061c  __aeabi_dsub                   
80052838  __aeabi_i2d                    
80051a70  __aeabi_idiv                   
800529b0  __aeabi_idiv0                  
80051a70  __aeabi_idivmod                
800520ec  __aeabi_memclr                 
800520ec  __aeabi_memclr4                
800520ec  __aeabi_memclr8                
800512a4  __aeabi_memcpy                 
800512a4  __aeabi_memcpy4                
800512a4  __aeabi_memcpy8                
800520f0  __aeabi_memset                 
800520f0  __aeabi_memset4                
800520f0  __aeabi_memset8                
800528ac  __aeabi_ui2d                   
80051d84  __aeabi_uidiv                  
80051d84  __aeabi_uidivmod               
800500e4  __aeabi_uldivmod               
ffffffff  __binit__                      
ffffffff  __c_args__                     
87fffff0  __stack                        
80042890  _ctypes_                       
8005d9b4  _lock                          
8005297c  _nop                           
80052970  _register_lock                 
80052964  _register_unlock               
8005d9b8  _unlock                        
80052390  atoi                           
ffffffff  binit                          
800595b1  bss_end                        
80054000  bss_start                      
80052414  copy_in                        
800595a0  dummy                          
8005270c  feraiseexcept                  
80059388  fnRAMVectors                   
800528e0  frexp                          
8004c778  gpioContextRestore             
8004c734  gpioContextSave                
80052518  ldexp                          
80052498  ltoa                           
8005039c  main                           
80052910  memccpy                        
800512a4  memcpy                         
800520fc  memset                         
800595a4  p_CurrentScreen                
800595a8  p_CurrentWAVFile               
800595ac  p_PreviousScreen               
80052764  raise                          
80052590  signal                         
80052244  sprintf                        
80052820  start_boot                     
8005293c  strchr                         
80052988  strlen                         


GLOBAL SYMBOLS: SORTED BY Symbol Address 

address   name                           
-------   ----                           
00000008  __STACK_SIZE                   
80000000  Entry                          
80000000  __TI_static_base__             
800000d0  BITMAP_CharlieBeach            
8003fcd0  BITMAP_TVRemote                
80042890  _ctypes_                       
80042a20  Commands                       
80042a30  HEADER_CharlieBeach            
80042a3c  HEADER_TVRemote                
80042a48  Init_LCD                       
80042cc4  LCD_InterruptConfigure         
80042d10  LCD_InteruptEnable             
80042d44  LCD_InteruptDisable            
80042d78  LCD_Reset                      
80042db4  LCD_Interrupt                  
80042df0  LCD_ft810memRead8              
80042e44  LCD_ft810memRead16             
80042eb4  LCD_ft810memRead32             
80042f54  LCD_ft810memWrite8             
80042f94  LCD_ft810memWrite16            
80043000  LCD_ft810memWrite32            
800430a4  LCD_ft810memWriteBuffer        
80043198  LCD_wr8                        
800431b4  LCD_wr16                       
800431d0  LCD_wr32                       
800431ec  LCD_wr8s                       
80043260  LCD_rd8                        
80043274  LCD_rd16                       
8004328c  LCD_rd32                       
800432a0  LCD_wr_buffer                  
80043450  LCD_rd_buffer                  
8004358c  LCD_cmd                        
800435b4  LCD_host_command               
80043610  LCD_IncrementWriteOffset       
80043650  LCD_WriteCommandParameters     
8004368c  LCD_SendRAMAddress             
80043708  LCD_WaitCoprocessorDone        
8004372c  LCD_cmd_text                   
80043884  LCD_cmd_button                 
800439f4  LCD_cmd_clock                  
80043aac  LCD_cmd_bgcolor                
80043b40  LCD_cmd_fgcolor                
80043be8  LCD_cmd_gradcolor              
80043c58  LCD_cmd_gauge                  
80043d0c  LCD_cmd_gradient               
80043db0  LCD_cmd_keys                   
80043f20  LCD_cmd_progress               
80043fcc  LCD_cmd_scrollbar              
80044084  LCD_cmd_slider                 
80044130  LCD_cmd_dial                   
800441c4  LCD_cmd_toggle                 
80044334  LCD_cmd_setbase                
8004438c  LCD_cmd_number                 
80044420  LCD_cmd_memcrc                 
800444a0  LCD_cmd_memzero                
8004450c  LCD_cmd_memset                 
80044590  LCD_cmd_memwrite               
80044644  LCD_cmd_memcpy                 
800446cc  LCD_cmd_append                 
80044738  LCD_cmd_inflate                
800447dc  LCD_cmd_loadimage              
80044848  LCD_cmd_loadidentity           
8004488c  LCD_cmd_translate              
800448f8  LCD_cmd_scale                  
80044964  LCD_cmd_rotate                 
800449bc  LCD_cmd_setmatrix              
80044a00  LCD_cmd_getmatrix              
80044abc  LCD_cmd_getptr                 
80044b14  LCD_cmd_getprops               
80044ba4  LCD_cmd_mediafifo              
80044c10  LCD_cmd_playvideo              
80044c68  LCD_cmd_videostart             
80044cac  LCD_cmd_videoframe             
80044d18  LCD_cmd_track                  
80044dac  LCD_cmd_coldstart              
80044dbc  LCD_cmd_interrupt              
80044e14  LCD_cmd_regread                
80044e80  LCD_cmd_calibrate              
80044ed8  LCD_cmd_romfont                
80044f44  LCD_cmd_setfont                
80044fb0  LCD_cmd_setfont2               
80045030  LCD_cmd_setscratch             
80045088  LCD_cmd_setrotate              
800450e0  LCD_cmd_setbitmap              
8004516c  LCD_cmd_spinner                
800451f0  LCD_cmd_stop                   
80045234  LCD_cmd_screensaver            
80045278  LCD_cmd_sketch                 
8004531c  LCD_cmd_snapshot               
80045374  LCD_cmd_snapshot2              
80045418  LCD_cmd_logo                   
8004545c  LCD_SetInterruptFlag           
8004546c  LCD_ClearInterruptFlag         
8004547c  LCD_GetInterruptFlag           
80045490  UARTOperatingModeSelect        
800454f0  UARTDivisorValCompute          
800455b4  UARTDivisorLatchWrite          
80045738  UARTDivisorLatchEnable         
8004575c  UARTDivisorLatchDisable        
80045780  UARTRegConfigModeEnable        
800457f8  UARTRegConfModeRestore         
80045818  UARTBreakCtl                   
8004585c  UARTLineCharacConfig           
800458d4  UARTParityModeSet              
80045918  UARTParityModeGet              
80045934  UARTFIFOConfig                 
80045cf8  UARTDMAEnable                  
80045d54  UARTDMADisable                 
80045d8c  UARTFIFORegisterWrite          
80045e18  UARTEnhanFuncEnable            
80045e78  UARTEnhanFuncBitValRestore     
80045edc  UARTSubConfigMSRSPRModeEn      
80045fb4  UARTSubConfigTCRTLRModeEn      
8004608c  UARTSubConfigXOFFModeEn        
80046164  UARTTCRTLRBitValRestore        
80046240  UARTIntEnable                  
80046324  UARTIntDisable                 
800463ec  UARTSpaceAvail                 
80046440  UARTCharsAvail                 
80046494  UARTCharPutNonBlocking         
80046500  UARTCharGetNonBlocking         
80046558  UARTCharGet                    
800465b0  UARTCharGetTimeout             
80046640  UARTCharPut                    
80046694  UARTFIFOCharPut                
800466b4  UARTFIFOCharGet                
800466d0  UARTFIFOWrite                  
8004673c  UARTRxErrorGet                 
80046788  UARTIntIdentityGet             
800467d4  UARTIntPendingStatusGet        
80046828  UARTFIFOEnableStatusGet        
8004687c  UARTAutoRTSAutoCTSControl      
80046908  UARTSpecialCharDetectControl   
8004696c  UARTSoftwareFlowCtrlOptSet     
800469d0  UARTPulseShapingControl        
80046a14  UARTModuleReset                
80046a48  UARTIdleModeConfigure          
80046a8c  UARTWakeUpControl              
80046ad0  UARTAutoIdleModeControl        
80046b14  UARTFlowCtrlTrigLvlConfig      
80046b64  UARTXON1XOFF1ValProgram        
80046b94  UARTXON2XOFF2ValProgram        
80046bc4  UARTXONAnyFeatureControl       
80046c88  UARTLoopbackModeControl        
80046ccc  UARTModemControlSet            
80046cfc  UARTModemControlClear          
80046d2c  UARTModemStatusGet             
80046d48  UARTModemStatusChangeCheck     
80046d64  UARTResumeOperation            
80046d7c  UARTWakeUpEventsEnable         
80046dac  UARTWakeUpEventsDisable        
80046ddc  UARTFIFOTrigLvlGranControl     
80046e40  UARTDSRInterruptControl        
80046e84  UARTTxEmptyIntControl          
80046ec8  UARTRXCTSDSRWakeUpConfigure    
80046f0c  UARTRXCTSDSRTransitionStatusGet
80046f28  UARTDMACounterResetControl     
80046f6c  UARTTxFIFOFullStatusGet        
80046f88  UARTTxFIFOLevelGet             
80046fa0  UARTRxFIFOLevelGet             
80046fb8  UARTAutobaudParityGet          
80047004  UARTAutobaudWordLenGet         
80047050  UARTAutobaudSpeedGet           
8004709c  UARTScratchPadRegWrite         
800470e0  UARTScratchPadRegRead          
800470fc  UARTModuleVersionNumberGet     
80047118  UARTTxDMAThresholdControl      
8004715c  UARTTxDMAThresholdValConfig    
80048714  __TI_printfi                   
80048c10  RTCRun                         
80048c54  RTCStop                        
80048cb8  RTCWriteProtectEnable          
80048ce0  RTCWriteProtectDisable         
80048d08  RTCIntAlarmEnable              
80048d3c  RTCIntAlarmDisable             
80048d70  RTCIntTimerEnable              
80048dc4  RTCIntTimerDisable             
80048df8  RTCBusyStatusGet               
80048e14  RTCRunStatusGet                
80048e30  RTCAlarmIntStatusGet           
80048e4c  RTCAlarmIntStatusClear         
80048e70  RTCEventUpdateGet              
80048e8c  RTCMinRoundingEnable           
80048ed0  RTCMinRoundingDisable          
80048f24  RTCAutoCompEnable              
80048f68  RTCAutoCompDisable             
80048fbc  RTCHourModeSet                 
80049040  RTCHourModeGet                 
8004905c  RTCSet32CounterEnable          
800490c8  RTCSet32CounterDisable         
80049144  RTCDisable                     
80049188  RTCEnable                      
800491f0  RTCEnableStatus                
8004920c  RTCSplitPwrEnable              
80049230  RTCSplitPwrDisable             
80049254  RTCSecondSet                   
80049288  RTCSecondGet                   
800492a4  RTCMinuteSet                   
800492d8  RTCMinuteGet                   
800492f4  RTCHourSet                     
80049328  RTCHourGet                     
80049344  RTCMeridiemSet                 
80049384  RTCMeridiemGet                 
800493a0  RTCDayOfMonthSet               
800493d4  RTCDayOfMonthGet               
800493f0  RTCMonthSet                    
80049424  RTCMonthGet                    
80049440  RTCYearSet                     
80049474  RTCYearGet                     
80049490  RTCDayOfTheWeekSet             
800494c4  RTCDayOfTheWeekGet             
800494e0  RTCTimeSet                     
8004957c  RTCTimeGet                     
8004962c  RTCCalendarSet                 
8004969c  RTCCalendarGet                 
80049714  RTCAlarmSecondSet              
80049748  RTCAlarmSecondGet              
80049764  RTCAlarmMinuteSet              
80049798  RTCAlarmMinuteGet              
800497b4  RTCAlarmHourSet                
800497e8  RTCAlarmHourGet                
80049804  RTCAlarmHourMeridiemSet        
80049844  RTCAlarmHourMeridiemGet        
80049860  RTCAlarmTimeSet                
800498c8  RTCAlarmTimeGet                
80049988  RTCAlarmDayOfMonthSet          
800499bc  RTCAlarmDayOfMonthGet          
800499d8  RTCAlarmMonthSet               
80049a0c  RTCAlarmMonthGet               
80049a28  RTCAlarmYearSet                
80049a5c  RTCAlarmYearGet                
80049a78  RTCAlarmCalendarSet            
80049ad8  RTCAlarmCalendarGet            
80049b38  RTCCompensationSet             
80049b7c  RTCCompensationGet             
80049bc0  RTCScratchPadSet               
80049c00  RTCScratchPadGet               
80049c38  RTCSoftwareReset               
80049c5c  RTCRevisionIDGet               
80049c74  RTCIdleModeConfigure           
80049cc0  RTCWakeUpAlarmEventControl     
80049d04  RTCWakeUpTimerEventControl     
80049d48  RTCTestModeControl             
80049d8c  RTC32KClkSourceSelect          
80049df0  RTC32KClkClockControl          
80049e34  RTCOscillatorStateControl      
80049e78  RTCFeedbackResistanceSelect    
80049ebc  RTCConfigPmicPowerEnable       
80049f00  RTCConfigPmicExtWakePolarity   
80049f60  RTCConfigPmicExtWake           
80049fb8  RTCConfigPmicExtWakeDebounce   
8004a018  RTCPmicExtWakeStatusClear      
8004a054  RTCIntAlarm2Enable             
8004a088  RTCAlarm2IntStatusGet          
8004a0a4  RTCAlarm2IntStatusClear        
8004a0c8  RTCAlarm2TimeSet               
8004a130  RTCAlarm2CalendarSet           
8004a190  McSPIClkConfig                 
8004a370  McSPIWordLengthSet             
8004a3d8  McSPICSEnable                  
8004a3fc  McSPICSDisable                 
8004a420  McSPICSPolarityConfig          
8004a488  McSPICSTimeControlSet          
8004a4f4  McSPICSAssert                  
8004a52c  McSPICSDeAssert                
8004a564  McSPIStartBitEnable            
8004a59c  McSPIStartBitPolarityConfig    
8004a604  McSPIStartBitDisable           
8004a63c  McSPIMasterModeEnable          
8004a660  McSPIMasterModeConfig          
8004a7cc  McSPIChannelEnable             
8004a804  McSPIChannelDisable            
8004a83c  McSPIReset                     
8004a870  McSPITurboModeEnable           
8004a8a8  McSPITurboModeDisable          
8004a8e0  McSPITxFIFOConfig              
8004a948  McSPIRxFIFOConfig              
8004a9b0  McSPIFIFOTrigLvlSet            
8004aab0  McSPIWordCountSet              
8004aaf0  McSPIDMAEnable                 
8004ab34  McSPIDMADisable                
8004ab78  McSPIIntEnable                 
8004aba4  McSPIIntDisable                
8004abd0  McSPIInitDelayConfig           
8004ac14  McSPITransmitData              
8004ac48  McSPIReceiveData               
8004ac74  McSPIIntStatusGet              
8004ac8c  McSPIIntStatusClear            
8004acc0  McSPIChannelStatusGet          
8004acec  McSPIMultipleWordAccessConfig  
8004ad30  McSPIFIFODatManagementConfig   
8004ad74  McSPI1ModuleClkConfig          
8004aed0  McSPI0ModuleClkConfig          
8004b054  Init_GUI                       
8004b09c  GUI_DrawInitialScreen          
8004b124  GUI_DrawInitialScreenProgress  
8004b230  GUI_DrawHomeScreen             
8004b49c  GUI_DrawTVRemoteScreen         
8004b528  GUI_LoadItemToRAMG             
8004b5b0  GUI_TouchConfig                
8004b63c  GUI_DrawNextScreen             
8004b778  GUI_DrawPreviousScreen         
8004b7c4  GUI_LoadTouchCalibration       
8004b888  GUI_CreateTouchCalibration     
8004b9a0  GUI_StartNewScreenTagTimer     
8004b9bc  GUI_SetTagTimoutFlag           
8004b9cc  GUI_ClearTagTimoutFlag         
8004b9dc  GUI_GetTagTimoutFlag           
8004b9e8  GUI_ScreenRefresh              
8004b9fc  GUI_DrawTime                   
8004ba98  GUI_Backlight                  
8004bad0  GUI_SetBacklightTimeout        
8004bae0  GUI_ClearBacklightTimeout      
8004baf0  GUI_GetBacklightTimeout        
8004bafc  GUI_SetCurrentTag              
8004bb18  GUI_GetCurrentTag              
8004bc4c  GPIOModuleReset                
8004bc80  GPIOModuleEnable               
8004bca4  GPIOModuleDisable              
8004bcc8  GPIODirModeSet                 
8004bd28  GPIODirModeGet                 
8004bd68  GPIOPinWrite                   
8004bdb8  GPIOPinRead                    
8004be00  GPIOMultiplePinsWrite          
8004be30  GPIOMultiplePinsRead           
8004be54  GPIOPinIntEnable               
8004bea4  GPIOPinIntDisable              
8004bef4  GPIOIntTypeSet                 
8004c294  GPIOIntTypeGet                 
8004c374  GPIOPinIntStatus               
8004c3d8  GPIOPinIntClear                
8004c428  GPIORawIntStatus               
8004c484  GPIOTriggerPinInt              
8004c4d4  GPIOWakeupGlobalEnable         
8004c4f8  GPIOWakeupGlobalDisable        
8004c51c  GPIOPinIntWakeUpEnable         
8004c57c  GPIOPinIntWakeUpDisable        
8004c5dc  GPIOAutoIdleModeControl        
8004c620  GPIOIdleModeConfigure          
8004c664  GPIOGatingRatioConfigure       
8004c6a8  GPIODebounceFuncControl        
8004c6f8  GPIODebounceTimeConfig         
8004c71c  GPIORevisionInfoGet            
8004c734  gpioContextSave                
8004c778  gpioContextRestore             
8004c7bc  DMTimerEnable                  
8004c7fc  DMTimerDisable                 
8004c83c  DMTimerModeConfigure           
8004c8bc  DMTimerPreScalerClkEnable      
8004c93c  DMTimerPreScalerClkDisable     
8004c97c  DMTimerCounterSet              
8004c9b8  DMTimerCounterGet              
8004c9ec  DMTimerReloadSet               
8004ca28  DMTimerReloadGet               
8004ca40  DMTimerGPOConfigure            
8004cac0  DMTimerCompareSet              
8004cafc  DMTimerCompareGet              
8004cb14  DMTimerIntRawStatusSet         
8004cb38  DMTimerIntRawStatusGet         
8004cb50  DMTimerIntStatusGet            
8004cb68  DMTimerIntStatusClear          
8004cb8c  DMTimerIntEnable               
8004cbb0  DMTimerIntDisable              
8004cbd4  DMTimerTriggerSet              
8004cc0c  DMTimerIntEnableGet            
8004cc24  DMTimerResetConfigure          
8004cc68  DMTimerReset                   
8004cc9c  DMTimerContextSave             
8004cd1c  DMTimerContextRestore          
8004cdfc  DMTimerPostedModeConfig        
8004ce40  DMTimerWritePostedStatusGet    
8004ce58  DMTimer2ModuleClkConfig        
8004d008  Init_FRAM                      
8004d11c  FRAM_LoadSettings              
8004d138  FRAM_SaveSettings              
8004d154  FRAM_WriteEnable               
8004d190  FRAM_WriteDisable              
8004d1cc  FRAM_WriteStatusRegister       
8004d210  FRAM_ReadStatusRegister        
8004d250  FRAM_WriteMemory               
8004d33c  FRAM_ReadMemory                
8004d428  FRAM_WriteRead                 
8004d51c  FRAM_WriteProtect              
8004d558  FRAM_Hold                      
8004d594  FRAM_CalculateCRC              
8004d5a8  FRAM_LoadDefaultSettings       
8004d674  MSC_BufferCopy                 
8004d6ec  MSC_LowercaseChar              
8004d728  MSC_DelayUS                    
8004d79c  MSC_Round                      
8004d7d0  MSC_HEXtoBCD                   
8004d884  MSC_BCDtoHEX                   
8004d928  MSC_EndianShort                
8004d964  MSC_EndianShortArray           
8004d9a8  MSC_EndianLong                 
8004da14  MSC_EndianLongArray            
8004da94  MSC_ReverseByte                
8004db58  Init_UART                      
8004dba8  UART_Module0ClkConfig          
8004dbf0  UART_PrintChar                 
8004dc04  UART_PrintBuffer               
8004dc50  UART_PrintString               
8004dc88  UART_FIFOConfigure             
8004dcac  UART_BaudRateSet               
8004dce4  UART_LineCharacSet             
8004dd28  UART_Configure                 
8004dd74  UART_InterruptConfigure0       
8004dda0  UART_AddToRXBuffer             
8004ded0  UART_AddToTXBuffer             
8004df7c  UART_GetTXInterruptStatus      
8004dff8  CP15ICacheDisable              
8004e014  CP15DCacheDisable              
8004e030  CP15ICacheEnable               
8004e040  CP15DCacheEnable               
8004e050  CP15DCacheFlush                
8004e0e4  CP15DCacheClean                
8004e178  CP15DCacheCleanFlush           
8004e20c  CP15ICacheFlush                
8004e21c  CP15DCacheCleanBuff            
8004e270  CP15DCacheCleanFlushBuff       
8004e2c4  CP15DCacheFlushBuff            
8004e328  CP15ICacheFlushBuff            
8004e37c  CP15Ttb0Set                    
8004e388  CP15TlbInvalidate              
8004e394  CP15MMUDisable                 
8004e3ac  CP15MMUEnable                  
8004e3c0  CP15VectorBaseAddrSet          
8004e3cc  CP15BranchPredictorInvalidate  
8004e3d8  CP15BranchPredictionEnable     
8004e3e8  CP15BranchPredictionDisable    
8004e3f8  CP15DomainAccessClientSet      
8004e408  CP15ControlFeatureDisable      
8004e41c  CP15ControlFeatureEnable       
8004e430  CP15TtbCtlTtb0Config           
8004e440  CP15AuxControlFeatureEnable    
8004e454  CP15AuxControlFeatureDisable   
8004e468  CP15MainIdPrimPartNumGet       
8004e480  Init_SPI                       
8004e490  Init_SPI_Module1               
8004e5a0  Init_SPI_Module0               
8004e6b0  SPI_INTCConfigure1             
8004e6dc  SPI_1_ISR                      
8004e6e0  SPI_WriteByte0                 
8004e73c  SPI_WriteByte1                 
8004e798  SPI_ReadWriteByte0             
8004e7f4  SPI_ReadWriteByte1             
8004e850  SPI_WriteByteNoRx0             
8004e884  SPI_WriteByteNoRx1             
8004e8f0  Init_Audio                     
8004e904  AUD_PlayWAV                    
8004e9cc  AUD_StopWAV                    
8004e9f8  AUD_SetPlayingFlag             
8004ea08  AUD_ClearPlayingFlag           
8004ea18  AUD_GetPlayingFlag             
8004ea24  AUD_TransferWAVToRAMG          
8004ec88  AUD_SetPlaybackFinishedFlag    
8004ec98  AUD_ClearPlaybackFinishedFlag  
8004ecb4  AUD_GetPlaybackFinishedFlag    
8004ecc0  AUD_SetTimoutFlag              
8004ecd0  AUD_ClearTimoutFlag            
8004ece0  AUD_GetTimoutFlag              
8004ecec  AUD_IsWAVPlaying               
8004ed48  IntRegister                    
8004ed6c  IntUnRegister                  
8004ed8c  IntAINTCInit                   
8004edfc  IntPrioritySet                 
8004ee34  IntSystemEnable                
8004ee68  IntSystemDisable               
8004ee9c  IntIfClkFreeRunSet             
8004eeb0  IntIfClkAutoGateSet            
8004eec4  IntActiveIrqNumGet             
8004eed4  IntSpurIrqFlagGet              
8004eee8  IntProtectionEnable            
8004eef8  IntProtectionDisable           
8004ef0c  IntSyncClkFreeRunSet           
8004ef20  IntSyncClkAutoGateSet          
8004ef34  IntFuncClkFreeRunSet           
8004ef48  IntFuncClkAutoGateSet          
8004ef5c  IntCurrIrqPriorityGet          
8004ef6c  IntPriorityThresholdGet        
8004ef7c  IntPriorityThresholdSet        
8004ef9c  IntRawStatusGet                
8004efdc  IntSoftwareIntSet              
8004f00c  IntSoftwareIntClear            
8004f03c  IntPendingIrqMaskedStatusGet   
8004f078  IntMasterIRQEnable             
8004f084  IntMasterIRQDisable            
8004f090  IntMasterFIQEnable             
8004f09c  IntMasterFIQDisable            
8004f0a8  IntMasterStatusGet             
8004f0b4  IntDisable                     
8004f0cc  IntEnable                      
8004f128  Init_GPIO                      
8004f328  GPIO_Module0ClkConfig          
8004f390  GPIO_Module1ClkConfig          
8004f3f8  GPIO_Module2ClkConfig          
8004f460  GPIO_Module3ClkConfig          
8004f500  Init_RTC                       
8004f570  RTC_InterruptConfigure         
8004f59c  RTC_SetFlag                    
8004f5ac  RTC_ClearFlag                  
8004f5bc  RTC_GetFlag                    
8004f5c8  RTC_SetTimeDate                
8004f6ac  RTC_GetTimeDate                
8004f788  RTC_ModuleClkConfig            
8004f83c  GPIO_3A_ISR                    
8004f878  UART_0_ISR                     
8004fa18  TMR_2_ISR                      
8004fafc  RTC_ISR                        
8004fb3c  Init_WAV                       
8004fbb0  WAV_CalculateHeader            
8004fe24  Init_LED                       
8004fe28  LED_Show                       
800500e4  __aeabi_uldivmod               
8005039c  main                           
8005061c  __aeabi_dsub                   
80050628  __aeabi_dadd                   
80050830  Init_Test                      
80050880  TEST_Setpoint1                 
800508bc  TEST_Setpoint2                 
800508f8  TEST_Setpoint3                 
80050934  TEST_Togglepoint1              
80050984  TEST_Togglepoint2              
800509d4  TEST_Togglepoint3              
80050a34  InitCMD                        
80050a44  CMD_CheckMatch                 
80050bb0  CMD_Help                       
80050bc0  CMD_SetNewCommand              
80050bd0  CMD_ClearNewCommand            
80050be0  CMD_GetNewCommand              
80050c0c  RtcVersionGet                  
80050c14  RTCModuleClkConfig             
80050ddc  _Dscale                        
80050f84  Init_Timers                    
80050f90  Init_Timer2                    
80051008  TMR_CalculateReload            
80051054  TMR_InterruptConfigure2        
80051080  TMR_GetNewScreenTagTimerEnabled
8005108c  TMR_SetNewScreenTagTimerEnabled
800510c4  TMR_ResetNewScreenTagTimer     
800510d4  TMR_ResetAudioPlaybackTimer    
800510e4  TMR_ResetBacklightTimer        
80051114  __aeabi_ddiv                   
800512a4  __aeabi_memcpy                 
800512a4  __aeabi_memcpy4                
800512a4  __aeabi_memcpy8                
800512a4  memcpy                         
80051424  MMUInit                        
80051484  MMUMemRegionMap                
80051578  MMUEnable                      
80051594  _Dnorm                         
800516f4  CacheDisable                   
80051738  CacheEnable                    
80051784  CacheInstInvalidateAll         
80051790  CacheInstInvalidateBuff        
800517ac  CacheDataCleanInvalidateAll    
800517b8  CacheDataCleanAll              
800517c4  CacheDataInvalidateAll         
800517d0  CacheDataCleanBuff             
800517ec  CacheDataInvalidateBuff        
80051808  CacheDataCleanInvalidateBuff   
80051824  __aeabi_dmul                   
8005194c  GpioPinMuxSetup                
80051958  GPIO1PinMuxSetup               
80051968  GPIO1Pin23PinMuxSetup          
80051978  GPIO1ModuleClkConfig           
800519cc  GPIO0ModuleClkConfig           
80051a70  __aeabi_idiv                   
80051a70  __aeabi_idivmod                
80051ba0  SVC_Handler                    
80051bc8  IRQHandler                     
80051c74  FIQHandler                     
80051c78  AbortHandler                   
80051c78  UndefInstHandler               
80051c90  Init_Modules                   
80051d84  __aeabi_uidiv                  
80051d84  __aeabi_uidivmod               
80051e74  __aeabi_cdcmpeq                
80051e74  __aeabi_cdcmple                
80051f54  __aeabi_cdrcmple               
80052034  _Dunscale                      
800520ec  __aeabi_memclr                 
800520ec  __aeabi_memclr4                
800520ec  __aeabi_memclr8                
800520f0  __aeabi_memset                 
800520f0  __aeabi_memset4                
800520f0  __aeabi_memset8                
800520fc  memset                         
8005219c  MMU_ConfigAndEnable            
80052244  sprintf                        
800522ec  __TI_auto_init                 
80052390  atoi                           
80052414  copy_in                        
80052498  ltoa                           
80052518  ldexp                          
80052590  signal                         
800525f4  CPUirqe                        
80052604  CPUirqd                        
80052614  CPUfiqe                        
80052624  CPUfiqd                        
80052634  CPUSwitchToUserMode            
80052648  CPUSwitchToPrivilegedMode      
80052650  CPUAbortHandler                
80052654  __aeabi_d2iz                   
800526b0  __aeabi_d2uiz                  
8005270c  feraiseexcept                  
80052764  raise                          
800527b0  _Feraise                       
80052820  start_boot                     
80052838  __aeabi_i2d                    
80052874  _Dclass                        
800528ac  __aeabi_ui2d                   
800528e0  frexp                          
80052910  memccpy                        
8005293c  strchr                         
80052964  _register_unlock               
80052970  _register_lock                 
8005297c  _nop                           
80052988  strlen                         
800529a4  CPUIntStatus                   
800529b0  __aeabi_idiv0                  
80054000  bss_start                      
80058000  UART_RX_buffer                 
800587d0  UART_TX_buffer                 
80058fa0  MISC_Buffer                    
80059388  fnRAMVectors                   
80059588  Command_String                 
80059594  CurrentTimeDate                
8005959e  CurrentScreen                  
8005959f  PreviousPreviousScreen         
800595a0  dummy                          
800595a4  p_CurrentScreen                
800595a8  p_CurrentWAVFile               
800595ac  p_PreviousScreen               
800595b0  PreviousScreen                 
800595b1  bss_end                        
800595b8  WAV_PostComplete               
8005d274  Screens                        
8005d824  _Errno                         
8005d828  _Denorm                        
8005d838  _Eps                           
8005d848  _Hugeval                       
8005d858  _Inf                           
8005d868  _Nan                           
8005d878  _Snan                          
8005d888  _Rteps                         
8005d898  _Xbig                          
8005d8a0  _Zero                          
8005d8a8  WAV_Files                      
8005d90e  NumCommand                     
8005d910  CurrentSystemSettings          
8005d95a  RAM_CMD_Offset                 
8005d95c  FT_DispWidth                   
8005d95e  FT_DispHeight                  
8005d960  FT_DispHCycle                  
8005d962  FT_DispHOffset                 
8005d964  FT_DispHSync0                  
8005d966  FT_DispHSync1                  
8005d968  FT_DispVCycle                  
8005d96a  FT_DispVOffset                 
8005d96c  FT_DispVSync0                  
8005d96e  FT_DispVSync1                  
8005d970  FT_DispPCLK                    
8005d972  FT_DispSwizzle                 
8005d974  FT_DispPCLKPol                 
8005d976  FT_DispCSpread                 
8005d978  FT_DispDither                  
8005d97a  BackLightSetting               
8005d980  AudioBytesTransferred          
8005d984  AUD_AudioTimeoutCount          
8005d988  LastWritePointerAddress        
8005d990  TMR_NewScreenTagTimer          
8005d994  TMR_AudioPlaybackTimer         
8005d998  TMR_BacklightTimer             
8005d99e  DefaultTimeDate                
8005d9a8  UART_RX_place                  
8005d9ac  UART_TX_add                    
8005d9b0  UART_TX_remove                 
8005d9b4  _lock                          
8005d9b8  _unlock                        
8005d9bc  _Fenv                          
8005d9c0  _Tls_setup__Fenv               
87fffff0  __stack                        
87fffff8  __STACK_END                    
ffffffff  __binit__                      
ffffffff  __c_args__                     
ffffffff  binit                          
UNDEFED   SHT$$INIT_ARRAY$$Base          
UNDEFED   SHT$$INIT_ARRAY$$Limit         
UNDEFED   __TI_CINIT_Base                
UNDEFED   __TI_CINIT_Limit               
UNDEFED   __TI_Handler_Table_Base        
UNDEFED   __TI_Handler_Table_Limit       

[693 symbols]
