******************************************************************************
                  TI ARM Linker PC v5.2.6                      
******************************************************************************
>> Linked Wed Apr 27 15:28:58 2016

OUTPUT FILE NAME:   <BeagleBone_Smart_Controler.out>
ENTRY POINT SYMBOL: "Entry"  address: 80000000


MEMORY CONFIGURATION

         name            origin    length      used     unused   attr    fill
----------------------  --------  ---------  --------  --------  ----  --------
  DDR_MEM               80000000   07ffffff  00057a3f  07fa85c0  RWIX


SEGMENT ALLOCATION MAP

run origin  load origin   length   init length attrs members
----------  ----------- ---------- ----------- ----- -------
80000000    80000000    00051db8   00051db8    r-x
  80000000    80000000    000000d0   000000d0    r-x .text:Entry
  800000d0    800000d0    00042978   00042978    r-- .const
  80042a48    80042a48    0000f370   0000f370    r-x .text
80051db8    80051db8    000006d2   000006d2    rw-
  80051db8    80051db8    000006d2   000006d2    rw- .data
80054000    80054000    000055ad   00000000    rw-
  80054000    80054000    000055ad   00000000    rw- .bss
87fffff0    87fffff0    00000008   00000000    rw-
  87fffff0    87fffff0    00000008   00000000    rw- .stack


SECTION ALLOCATION MAP

 output                                  attributes/
section   page    origin      length       input sections
--------  ----  ----------  ----------   ----------------
.text:Entry 
*          0    80000000    000000d0     
                  80000000    000000c8     system.lib : init.obj (.text:Entry)
                  800000c8    00000008     rtsv7A8_A_le_n_eabi.lib : autoinit.obj (.tramp.__TI_auto_init.1)

.const     0    800000d0    00042978     
                  800000d0    0003fc00     BITMAP_CHARLIE_BEACH.obj (.const:.string:BITMAP_CharlieBeach)
                  8003fcd0    00002bc0     BITMAP_TV_REMOTE.obj (.const:.string:BITMAP_TVRemote)
                  80042890    00000101     rtsv7A8_A_le_n_eabi.lib : ctype.obj (.const:.string:_ctypes_)
                  80042991    00000003     --HOLE-- [fill = 0]
                  80042994    00000054     MEMORY.obj (.const)
                  800429e8    00000038     system.lib : startup.obj (.const:vecTbl)
                  80042a20    00000010     CMD.obj (.const)
                  80042a30    0000000c     BITMAP_CHARLIE_BEACH.obj (.const)
                  80042a3c    0000000c     BITMAP_TV_REMOTE.obj (.const)

.text      0    80042a48    0000f370     
                  80042a48    000029e4     LCD.obj (.text)
                  8004542c    00001d10     uart_irda_cir.obj (.text)
                  8004713c    00001a70     rtsv7A8_A_le_n_eabi.lib : _printfi.obj (.text)
                  80048bac    00001580     rtc.obj (.text)
                  8004a12c    00000ec4     mcspi.obj (.text)
                  8004aff0    00000b70     gpio_v2.obj (.text)
                  8004bb60    00000b5c     GUI.obj (.text)
                  8004c6bc    0000084c     dmtimer.obj (.text)
                  8004cf08    0000066c     FRAM.obj (.text)
                  8004d574    000004a0     UART.obj (.text)
                  8004da14    00000488     system.lib : cp15.obj (.text)
                  8004de9c    00000470     SPI.obj (.text)
                  8004e30c    000003e4     interrupt.obj (.text)
                  8004e6f0    000003d8     GPIO.obj (.text)
                  8004eac8    0000033c     RTCC.obj (.text)
                  8004ee04    000002c0     LEDS.obj (.text)
                  8004f0c4    000002bc     MISC.obj (.text)
                  8004f380    000002b8     rtsv7A8_A_le_n_eabi.lib : ull_div32.obj (.text)
                  8004f638    0000027c     INTERRUPTS.obj (.text)
                  8004f8b4    00000214     rtsv7A8_A_le_n_eabi.lib : fd_add32.obj (.text)
                  8004fac8    00000204     TEST.obj (.text)
                  8004fccc    000001d8     CMD.obj (.text)
                  8004fea4    000001d0     platform.lib : rtc.obj (.text)
                  80050074    000001a8     main.obj (.text)
                  8005021c    000001a8     rtsv7A8_A_le_n_eabi.lib : xdscale.obj (.text)
                  800503c4    00000190                             : fd_div32.obj (.text)
                  80050554    00000180                             : memcpy32.obj (.text)
                  800506d4    00000170     mmu.obj (.text)
                  80050844    00000168     TIMERS.obj (.text)
                  800509ac    00000160     rtsv7A8_A_le_n_eabi.lib : xdnorm.obj (.text)
                  80050b0c    00000130     cache.obj (.text)
                  80050c3c    00000128     rtsv7A8_A_le_n_eabi.lib : fd_mul32.obj (.text)
                  80050d64    00000124     platform.lib : gpio.obj (.text)
                  80050e88    00000114     rtsv7A8_A_le_n_eabi.lib : i_div32.obj (.text)
                  80050f9c    0000010c     system.lib : exceptionhandler.obj (.text)
                  800510a8    000000f0     rtsv7A8_A_le_n_eabi.lib : u_div32.obj (.text)
                  80051198    000000e0     SYSTEM.obj (.text)
                  80051278    000000e0     rtsv7A8_A_le_n_eabi.lib : fd_cmp32.obj (.text:__aeabi_cdcmple)
                  80051358    000000e0                             : fd_cmp32.obj (.text:__aeabi_cdrcmple)
                  80051438    000000b8                             : xdunscal.obj (.text)
                  800514f0    000000b0                             : memset32.obj (.text)
                  800515a0    000000a8     MEMORY.obj (.text)
                  80051648    000000a8     rtsv7A8_A_le_n_eabi.lib : sprintf.obj (.text)
                  800516f0    000000a4                             : autoinit.obj (.text)
                  80051794    00000084                             : atoi.obj (.text)
                  80051818    00000084                             : cpy_tbl.obj (.text)
                  8005189c    00000080                             : ltoa.obj (.text)
                  8005191c    00000078                             : ldexp.obj (.text)
                  80051994    00000064                             : signal.obj (.text)
                  800519f8    00000060     system.lib : cpu.obj (.text)
                  80051a58    0000005c     rtsv7A8_A_le_n_eabi.lib : fd_toi32.obj (.text)
                  80051ab4    0000005c                             : fd_tou32.obj (.text)
                  80051b10    00000058                             : feraiseexcept.obj (.text)
                  80051b68    0000004c                             : raise.obj (.text)
                  80051bb4    00000044                             : xferaise.obj (.text)
                  80051bf8    00000044     system.lib : startup.obj (.text)
                  80051c3c    0000003c     rtsv7A8_A_le_n_eabi.lib : i_tofd32.obj (.text)
                  80051c78    00000038                             : xdclass.obj (.text)
                  80051cb0    00000034                             : u_tofd32.obj (.text)
                  80051ce4    00000030                             : frexp.obj (.text)
                  80051d14    0000002c                             : memccpy.obj (.text)
                  80051d40    00000028                             : strchr.obj (.text)
                  80051d68    00000024                             : _lock.obj (.text)
                  80051d8c    0000001c                             : strlen.obj (.text)
                  80051da8    0000000c     system.lib : cpu.obj (.text:CPUIntStatus)
                  80051db4    00000004     rtsv7A8_A_le_n_eabi.lib : i_div0.obj (.text)

.data      0    80051db8    000006d2     
                  80051db8    00000500     GUI.obj (.data:Screens)
                  800522b8    000000b0     rtsv7A8_A_le_n_eabi.lib : signal.obj (.data:sigtable)
                  80052368    00000080                             : xvalues.obj (.data)
                  800523e8    00000048     FRAM.obj (.data:CurrentSystemSettings)
                  80052430    00000022     LCD.obj (.data)
                  80052452    0000000c     RTCC.obj (.data)
                  8005245e    00000002     CMD.obj (.data)
                  80052460    0000000c     UART.obj (.data)
                  8005246c    00000008     TIMERS.obj (.data)
                  80052474    00000008     rtsv7A8_A_le_n_eabi.lib : _lock.obj (.data)
                  8005247c    00000008                             : feraiseexcept.obj (.data)
                  80052484    00000004                             : errno.obj (.data)
                  80052488    00000002     GUI.obj (.data)

.TI.persistent 
*          0    80051db8    00000000     UNINITIALIZED

.bss       0    80054000    000055ad     UNINITIALIZED
                  80054000    00004000     MEMORY.obj (.bss:pageTable)
                  80058000    000007d0     UART.obj (.bss:UART_RX_buffer)
                  800587d0    000007d0     UART.obj (.bss:UART_TX_buffer)
                  80058fa0    000003e8     MISC.obj (.bss:MISC_Buffer)
                  80059388    00000200     interrupt.obj (.bss:fnRAMVectors)
                  80059588    0000000c     (.common:Command_String)
                  80059594    0000000a     (.common:CurrentTimeDate)
                  8005959e    00000001     (.common:CurrentScreen)
                  8005959f    00000001     (.common:PreviousPreviousScreen)
                  800595a0    00000004     (.common:dummy)
                  800595a4    00000004     (.common:p_CurrentScreen)
                  800595a8    00000004     (.common:p_PreviousScreen)
                  800595ac    00000001     (.common:PreviousScreen)

.TI.noinit 
*          0    80054000    00000000     UNINITIALIZED

.stack     0    87fffff0    00000008     UNINITIALIZED
                  87fffff0    00000008     --HOLE--


FAR CALL TRAMPOLINES

callee name               trampoline name
   callee addr  tramp addr   call addr  call info
--------------  -----------  ---------  ----------------
__TI_auto_init            $Tramp$AA$S$$__TI_auto_init
   800516f0     800000c8     800000a0   system.lib : init.obj (.text:Entry)

[1 trampolines]
[1 trampoline calls]


GLOBAL SYMBOLS: SORTED ALPHABETICALLY BY Name 

address   name                           
-------   ----                           
80051090  AbortHandler                   
800000d0  BITMAP_CharlieBeach            
8003fcd0  BITMAP_TVRemote                
8004fcdc  CMD_CheckMatch                 
8004fe68  CMD_ClearNewCommand            
8004fe78  CMD_GetNewCommand              
8004fe48  CMD_Help                       
8004fe58  CMD_SetNewCommand              
8004de70  CP15AuxControlFeatureDisable   
8004de5c  CP15AuxControlFeatureEnable    
8004de04  CP15BranchPredictionDisable    
8004ddf4  CP15BranchPredictionEnable     
8004dde8  CP15BranchPredictorInvalidate  
8004de24  CP15ControlFeatureDisable      
8004de38  CP15ControlFeatureEnable       
8004db00  CP15DCacheClean                
8004dc38  CP15DCacheCleanBuff            
8004db94  CP15DCacheCleanFlush           
8004dc8c  CP15DCacheCleanFlushBuff       
8004da30  CP15DCacheDisable              
8004da5c  CP15DCacheEnable               
8004da6c  CP15DCacheFlush                
8004dce0  CP15DCacheFlushBuff            
8004de14  CP15DomainAccessClientSet      
8004da14  CP15ICacheDisable              
8004da4c  CP15ICacheEnable               
8004dc28  CP15ICacheFlush                
8004dd44  CP15ICacheFlushBuff            
8004ddb0  CP15MMUDisable                 
8004ddc8  CP15MMUEnable                  
8004de84  CP15MainIdPrimPartNumGet       
8004dda4  CP15TlbInvalidate              
8004dd98  CP15Ttb0Set                    
8004de4c  CP15TtbCtlTtb0Config           
8004dddc  CP15VectorBaseAddrSet          
80051a54  CPUAbortHandler                
80051da8  CPUIntStatus                   
80051a4c  CPUSwitchToPrivilegedMode      
80051a38  CPUSwitchToUserMode            
80051a28  CPUfiqd                        
80051a18  CPUfiqe                        
80051a08  CPUirqd                        
800519f8  CPUirqe                        
80050bd0  CacheDataCleanAll              
80050be8  CacheDataCleanBuff             
80050bc4  CacheDataCleanInvalidateAll    
80050c20  CacheDataCleanInvalidateBuff   
80050bdc  CacheDataInvalidateAll         
80050c04  CacheDataInvalidateBuff        
80050b0c  CacheDisable                   
80050b50  CacheEnable                    
80050b9c  CacheInstInvalidateAll         
80050ba8  CacheInstInvalidateBuff        
80059588  Command_String                 
80042a20  Commands                       
8005959e  CurrentScreen                  
800523e8  CurrentSystemSettings          
80059594  CurrentTimeDate                
8004cd58  DMTimer2ModuleClkConfig        
8004c9fc  DMTimerCompareGet              
8004c9c0  DMTimerCompareSet              
8004cc1c  DMTimerContextRestore          
8004cb9c  DMTimerContextSave             
8004c8b8  DMTimerCounterGet              
8004c87c  DMTimerCounterSet              
8004c6fc  DMTimerDisable                 
8004c6bc  DMTimerEnable                  
8004c940  DMTimerGPOConfigure            
8004cab0  DMTimerIntDisable              
8004ca8c  DMTimerIntEnable               
8004cb0c  DMTimerIntEnableGet            
8004ca38  DMTimerIntRawStatusGet         
8004ca14  DMTimerIntRawStatusSet         
8004ca68  DMTimerIntStatusClear          
8004ca50  DMTimerIntStatusGet            
8004c73c  DMTimerModeConfigure           
8004ccfc  DMTimerPostedModeConfig        
8004c83c  DMTimerPreScalerClkDisable     
8004c7bc  DMTimerPreScalerClkEnable      
8004c928  DMTimerReloadGet               
8004c8ec  DMTimerReloadSet               
8004cb68  DMTimerReset                   
8004cb24  DMTimerResetConfigure          
8004cad4  DMTimerTriggerSet              
8004cd40  DMTimerWritePostedStatusGet    
80052454  DefaultTimeDate                
80000000  Entry                          
8005108c  FIQHandler                     
8004d494  FRAM_CalculateCRC              
8004d458  FRAM_Hold                      
8004d4a8  FRAM_LoadDefaultSettings       
8004d01c  FRAM_LoadSettings              
8004d23c  FRAM_ReadMemory                
8004d110  FRAM_ReadStatusRegister        
8004d038  FRAM_SaveSettings              
8004d090  FRAM_WriteDisable              
8004d054  FRAM_WriteEnable               
8004d150  FRAM_WriteMemory               
8004d41c  FRAM_WriteProtect              
8004d328  FRAM_WriteRead                 
8004d0cc  FRAM_WriteStatusRegister       
8005244e  FT_DispCSpread                 
80052450  FT_DispDither                  
80052438  FT_DispHCycle                  
8005243a  FT_DispHOffset                 
8005243c  FT_DispHSync0                  
8005243e  FT_DispHSync1                  
80052436  FT_DispHeight                  
80052448  FT_DispPCLK                    
8005244c  FT_DispPCLKPol                 
8005244a  FT_DispSwizzle                 
80052440  FT_DispVCycle                  
80052442  FT_DispVOffset                 
80052444  FT_DispVSync0                  
80052446  FT_DispVSync1                  
80052434  FT_DispWidth                   
80050de4  GPIO0ModuleClkConfig           
80050d90  GPIO1ModuleClkConfig           
80050d80  GPIO1Pin23PinMuxSetup          
80050d70  GPIO1PinMuxSetup               
8004b980  GPIOAutoIdleModeControl        
8004ba4c  GPIODebounceFuncControl        
8004ba9c  GPIODebounceTimeConfig         
8004b0cc  GPIODirModeGet                 
8004b06c  GPIODirModeSet                 
8004ba08  GPIOGatingRatioConfigure       
8004b9c4  GPIOIdleModeConfigure          
8004b638  GPIOIntTypeGet                 
8004b298  GPIOIntTypeSet                 
8004b048  GPIOModuleDisable              
8004b024  GPIOModuleEnable               
8004aff0  GPIOModuleReset                
8004b1d4  GPIOMultiplePinsRead           
8004b1a4  GPIOMultiplePinsWrite          
8004b77c  GPIOPinIntClear                
8004b248  GPIOPinIntDisable              
8004b1f8  GPIOPinIntEnable               
8004b718  GPIOPinIntStatus               
8004b920  GPIOPinIntWakeUpDisable        
8004b8c0  GPIOPinIntWakeUpEnable         
8004b15c  GPIOPinRead                    
8004b10c  GPIOPinWrite                   
8004b7cc  GPIORawIntStatus               
8004bac0  GPIORevisionInfoGet            
8004b828  GPIOTriggerPinInt              
8004b89c  GPIOWakeupGlobalDisable        
8004b878  GPIOWakeupGlobalEnable         
8004f638  GPIO_3A_ISR                    
8004e8f0  GPIO_Module0ClkConfig          
8004e958  GPIO_Module1ClkConfig          
8004e9c0  GPIO_Module2ClkConfig          
8004ea28  GPIO_Module3ClkConfig          
8004c4d4  GUI_ClearTagTimoutFlag         
8004c390  GUI_CreateTouchCalibration     
8004bd3c  GUI_DrawHomeScreen             
8004bba8  GUI_DrawInitialScreen          
8004bc30  GUI_DrawInitialScreenProgress  
8004c140  GUI_DrawNextScreen             
8004c280  GUI_DrawPreviousScreen         
8004bfa8  GUI_DrawTVRemoteScreen         
8004c504  GUI_DrawTime                   
8004c4e4  GUI_GetTagTimoutFlag           
8004c034  GUI_LoadItemToRAMG             
8004c2cc  GUI_LoadTouchCalibration       
8004c4f0  GUI_ScreenRefresh              
8004c4c4  GUI_SetTagTimoutFlag           
8004c4a8  GUI_StartNewScreenTagTimer     
8004c0b4  GUI_TouchConfig                
80050d64  GpioPinMuxSetup                
80042a30  HEADER_CharlieBeach            
80042a3c  HEADER_TVRemote                
80050fe0  IRQHandler                     
8004fccc  InitCMD                        
8004cf08  Init_FRAM                      
8004e6f0  Init_GPIO                      
8004bb60  Init_GUI                       
80042a48  Init_LCD                       
8004ee04  Init_LED                       
80051198  Init_Modules                   
8004eac8  Init_RTC                       
8004de9c  Init_SPI                       
8004dfbc  Init_SPI_Module0               
8004deac  Init_SPI_Module1               
8004fac8  Init_Test                      
80050850  Init_Timer2                    
80050844  Init_Timers                    
8004d574  Init_UART                      
8004e354  IntAINTCInit                   
8004e48c  IntActiveIrqNumGet             
8004e524  IntCurrIrqPriorityGet          
8004e67c  IntDisable                     
8004e694  IntEnable                      
8004e510  IntFuncClkAutoGateSet          
8004e4fc  IntFuncClkFreeRunSet           
8004e478  IntIfClkAutoGateSet            
8004e464  IntIfClkFreeRunSet             
8004e664  IntMasterFIQDisable            
8004e658  IntMasterFIQEnable             
8004e64c  IntMasterIRQDisable            
8004e640  IntMasterIRQEnable             
8004e670  IntMasterStatusGet             
8004e604  IntPendingIrqMaskedStatusGet   
8004e3c4  IntPrioritySet                 
8004e534  IntPriorityThresholdGet        
8004e544  IntPriorityThresholdSet        
8004e4c0  IntProtectionDisable           
8004e4b0  IntProtectionEnable            
8004e564  IntRawStatusGet                
8004e310  IntRegister                    
8004e5d4  IntSoftwareIntClear            
8004e5a4  IntSoftwareIntSet              
8004e49c  IntSpurIrqFlagGet              
8004e4e8  IntSyncClkAutoGateSet          
8004e4d4  IntSyncClkFreeRunSet           
8004e430  IntSystemDisable               
8004e3fc  IntSystemEnable                
8004e334  IntUnRegister                  
80045408  LCD_ClearInterruptFlag         
80045418  LCD_GetInterruptFlag           
800435b0  LCD_IncrementWriteOffset       
80042db4  LCD_Interrupt                  
80042cc4  LCD_InterruptConfigure         
80042d44  LCD_InteruptDisable            
80042d10  LCD_InteruptEnable             
80042d78  LCD_Reset                      
8004362c  LCD_SendRAMAddress             
800453f8  LCD_SetInterruptFlag           
800436a8  LCD_WaitCoprocessorDone        
800435f0  LCD_WriteCommandParameters     
8004352c  LCD_cmd                        
80044668  LCD_cmd_append                 
80043a48  LCD_cmd_bgcolor                
80043824  LCD_cmd_button                 
80044e1c  LCD_cmd_calibrate              
80043994  LCD_cmd_clock                  
80044d48  LCD_cmd_coldstart              
800440cc  LCD_cmd_dial                   
80043aa4  LCD_cmd_fgcolor                
80043be4  LCD_cmd_gauge                  
8004499c  LCD_cmd_getmatrix              
80044ab0  LCD_cmd_getprops               
80044a58  LCD_cmd_getptr                 
80043b30  LCD_cmd_gradcolor              
80043ca8  LCD_cmd_gradient               
800446d4  LCD_cmd_inflate                
80044d58  LCD_cmd_interrupt              
80043d4c  LCD_cmd_keys                   
800447e4  LCD_cmd_loadidentity           
80044778  LCD_cmd_loadimage              
800453b4  LCD_cmd_logo                   
80044b40  LCD_cmd_mediafifo              
800445e0  LCD_cmd_memcpy                 
800443bc  LCD_cmd_memcrc                 
800444a8  LCD_cmd_memset                 
8004452c  LCD_cmd_memwrite               
8004443c  LCD_cmd_memzero                
80044328  LCD_cmd_number                 
80044bac  LCD_cmd_playvideo              
80043ebc  LCD_cmd_progress               
80044db0  LCD_cmd_regread                
80044e74  LCD_cmd_romfont                
80044900  LCD_cmd_rotate                 
80044894  LCD_cmd_scale                  
800451d0  LCD_cmd_screensaver            
80043f68  LCD_cmd_scrollbar              
800442d0  LCD_cmd_setbase                
8004507c  LCD_cmd_setbitmap              
80044ee0  LCD_cmd_setfont                
80044f4c  LCD_cmd_setfont2               
80044958  LCD_cmd_setmatrix              
80045024  LCD_cmd_setrotate              
80044fcc  LCD_cmd_setscratch             
80045214  LCD_cmd_sketch                 
80044020  LCD_cmd_slider                 
800452b8  LCD_cmd_snapshot               
80045310  LCD_cmd_snapshot2              
80045108  LCD_cmd_spinner                
8004518c  LCD_cmd_stop                   
800436cc  LCD_cmd_text                   
80044160  LCD_cmd_toggle                 
80044cb4  LCD_cmd_track                  
80044828  LCD_cmd_translate              
80044c48  LCD_cmd_videoframe             
80044c04  LCD_cmd_videostart             
80042e44  LCD_ft810memRead16             
80042eb4  LCD_ft810memRead32             
80042df0  LCD_ft810memRead8              
80042f94  LCD_ft810memWrite16            
80043000  LCD_ft810memWrite32            
80042f54  LCD_ft810memWrite8             
800430a4  LCD_ft810memWriteBuffer        
80043554  LCD_host_command               
80043274  LCD_rd16                       
8004328c  LCD_rd32                       
80043260  LCD_rd8                        
800433f0  LCD_rd_buffer                  
800431b4  LCD_wr16                       
800431d0  LCD_wr32                       
80043198  LCD_wr8                        
800431ec  LCD_wr8s                       
800432a0  LCD_wr_buffer                  
8004ee08  LED_Show                       
80058fa0  MISC_Buffer                    
80050828  MMUEnable                      
800506d4  MMUInit                        
80050734  MMUMemRegionMap                
800515a0  MMU_ConfigAndEnable            
8004f2d4  MSC_BCDtoHEX                   
8004f0c4  MSC_BufferCopy                 
8004f178  MSC_DelayUS                    
8004f220  MSC_HEXtoBCD                   
8004f13c  MSC_LowercaseChar              
8004f1ec  MSC_Round                      
8004ae6c  McSPI0ModuleClkConfig          
8004ad10  McSPI1ModuleClkConfig          
8004a490  McSPICSAssert                  
8004a4c8  McSPICSDeAssert                
8004a398  McSPICSDisable                 
8004a374  McSPICSEnable                  
8004a3bc  McSPICSPolarityConfig          
8004a424  McSPICSTimeControlSet          
8004a7a0  McSPIChannelDisable            
8004a768  McSPIChannelEnable             
8004ac5c  McSPIChannelStatusGet          
8004a12c  McSPIClkConfig                 
8004aad0  McSPIDMADisable                
8004aa8c  McSPIDMAEnable                 
8004accc  McSPIFIFODatManagementConfig   
8004a94c  McSPIFIFOTrigLvlSet            
8004ab6c  McSPIInitDelayConfig           
8004ab40  McSPIIntDisable                
8004ab14  McSPIIntEnable                 
8004ac28  McSPIIntStatusClear            
8004ac10  McSPIIntStatusGet              
8004a5fc  McSPIMasterModeConfig          
8004a5d8  McSPIMasterModeEnable          
8004ac88  McSPIMultipleWordAccessConfig  
8004abe4  McSPIReceiveData               
8004a7d8  McSPIReset                     
8004a8e4  McSPIRxFIFOConfig              
8004a5a0  McSPIStartBitDisable           
8004a500  McSPIStartBitEnable            
8004a538  McSPIStartBitPolarityConfig    
8004abb0  McSPITransmitData              
8004a844  McSPITurboModeDisable          
8004a80c  McSPITurboModeEnable           
8004a87c  McSPITxFIFOConfig              
8004aa4c  McSPIWordCountSet              
8004a30c  McSPIWordLengthSet             
8005245f  NumCommand                     
8005959f  PreviousPreviousScreen         
800595ac  PreviousScreen                 
80052432  RAM_CMD_Offset                 
80049d8c  RTC32KClkClockControl          
80049d28  RTC32KClkSourceSelect          
8004a0cc  RTCAlarm2CalendarSet           
8004a040  RTCAlarm2IntStatusClear        
8004a024  RTCAlarm2IntStatusGet          
8004a064  RTCAlarm2TimeSet               
80049a74  RTCAlarmCalendarGet            
80049a14  RTCAlarmCalendarSet            
80049958  RTCAlarmDayOfMonthGet          
80049924  RTCAlarmDayOfMonthSet          
80049784  RTCAlarmHourGet                
800497e0  RTCAlarmHourMeridiemGet        
800497a0  RTCAlarmHourMeridiemSet        
80049750  RTCAlarmHourSet                
80048de8  RTCAlarmIntStatusClear         
80048dcc  RTCAlarmIntStatusGet           
80049734  RTCAlarmMinuteGet              
80049700  RTCAlarmMinuteSet              
800499a8  RTCAlarmMonthGet               
80049974  RTCAlarmMonthSet               
800496e4  RTCAlarmSecondGet              
800496b0  RTCAlarmSecondSet              
80049864  RTCAlarmTimeGet                
800497fc  RTCAlarmTimeSet                
800499f8  RTCAlarmYearGet                
800499c4  RTCAlarmYearSet                
80048f04  RTCAutoCompDisable             
80048ec0  RTCAutoCompEnable              
80048d94  RTCBusyStatusGet               
80049638  RTCCalendarGet                 
800495c8  RTCCalendarSet                 
80049b18  RTCCompensationGet             
80049ad4  RTCCompensationSet             
80049efc  RTCConfigPmicExtWake           
80049f54  RTCConfigPmicExtWakeDebounce   
80049e9c  RTCConfigPmicExtWakePolarity   
80049e58  RTCConfigPmicPowerEnable       
80049370  RTCDayOfMonthGet               
8004933c  RTCDayOfMonthSet               
80049460  RTCDayOfTheWeekGet             
8004942c  RTCDayOfTheWeekSet             
800490e0  RTCDisable                     
80049124  RTCEnable                      
8004918c  RTCEnableStatus                
80048e0c  RTCEventUpdateGet              
80049e14  RTCFeedbackResistanceSelect    
800492c4  RTCHourGet                     
80048fdc  RTCHourModeGet                 
80048f58  RTCHourModeSet                 
80049290  RTCHourSet                     
80049c10  RTCIdleModeConfigure           
80049ff0  RTCIntAlarm2Enable             
80048cd8  RTCIntAlarmDisable             
80048ca4  RTCIntAlarmEnable              
80048d60  RTCIntTimerDisable             
80048d0c  RTCIntTimerEnable              
80049320  RTCMeridiemGet                 
800492e0  RTCMeridiemSet                 
80048e6c  RTCMinRoundingDisable          
80048e28  RTCMinRoundingEnable           
80049274  RTCMinuteGet                   
80049240  RTCMinuteSet                   
8004feac  RTCModuleClkConfig             
800493c0  RTCMonthGet                    
8004938c  RTCMonthSet                    
80049dd0  RTCOscillatorStateControl      
80049fb4  RTCPmicExtWakeStatusClear      
80049bf8  RTCRevisionIDGet               
80048bac  RTCRun                         
80048db0  RTCRunStatusGet                
80049b9c  RTCScratchPadGet               
80049b5c  RTCScratchPadSet               
80049224  RTCSecondGet                   
800491f0  RTCSecondSet                   
80049064  RTCSet32CounterDisable         
80048ff8  RTCSet32CounterEnable          
80049bd4  RTCSoftwareReset               
800491cc  RTCSplitPwrDisable             
800491a8  RTCSplitPwrEnable              
80048bf0  RTCStop                        
80049ce4  RTCTestModeControl             
80049518  RTCTimeGet                     
8004947c  RTCTimeSet                     
80049c5c  RTCWakeUpAlarmEventControl     
80049ca0  RTCWakeUpTimerEventControl     
80048c7c  RTCWriteProtectDisable         
80048c54  RTCWriteProtectEnable          
80049410  RTCYearGet                     
800493dc  RTCYearSet                     
8004eb74  RTC_ClearFlag                  
8004eb84  RTC_GetFlag                    
8004ec74  RTC_GetTimeDate                
8004f880  RTC_ISR                        
8004eb38  RTC_InterruptConfigure         
8004ed50  RTC_ModuleClkConfig            
8004eb64  RTC_SetFlag                    
8004eb90  RTC_SetTimeDate                
8004fea4  RtcVersionGet                  
UNDEFED   SHT$$INIT_ARRAY$$Base          
UNDEFED   SHT$$INIT_ARRAY$$Limit         
8004e0f8  SPI_1_ISR                      
8004e0cc  SPI_INTCConfigure1             
8004e1b4  SPI_ReadWriteByte0             
8004e210  SPI_ReadWriteByte1             
8004e0fc  SPI_WriteByte0                 
8004e158  SPI_WriteByte1                 
8004e26c  SPI_WriteByteNoRx0             
8004e2a0  SPI_WriteByteNoRx1             
80050fb8  SVC_Handler                    
80051db8  Screens                        
8004fb18  TEST_Setpoint1                 
8004fb54  TEST_Setpoint2                 
8004fb90  TEST_Setpoint3                 
8004fbcc  TEST_Togglepoint1              
8004fc1c  TEST_Togglepoint2              
8004fc6c  TEST_Togglepoint3              
8004f814  TMR_2_ISR                      
800508c8  TMR_CalculateReload            
80050940  TMR_GetNewScreenTagTimerEnabled
80050914  TMR_InterruptConfigure2        
80052470  TMR_NewScreenTagTimer          
80050984  TMR_ResetNewScreenTagTimer     
8005094c  TMR_SetNewScreenTagTimerEnabled
80046a6c  UARTAutoIdleModeControl        
80046818  UARTAutoRTSAutoCTSControl      
80046f54  UARTAutobaudParityGet          
80046fec  UARTAutobaudSpeedGet           
80046fa0  UARTAutobaudWordLenGet         
800457b4  UARTBreakCtl                   
800464f4  UARTCharGet                    
8004649c  UARTCharGetNonBlocking         
8004654c  UARTCharGetTimeout             
800465dc  UARTCharPut                    
80046430  UARTCharPutNonBlocking         
800463dc  UARTCharsAvail                 
80046ec4  UARTDMACounterResetControl     
80045cf0  UARTDMADisable                 
80045c94  UARTDMAEnable                  
80046ddc  UARTDSRInterruptControl        
800456f8  UARTDivisorLatchDisable        
800456d4  UARTDivisorLatchEnable         
80045550  UARTDivisorLatchWrite          
8004548c  UARTDivisorValCompute          
80045e14  UARTEnhanFuncBitValRestore     
80045db4  UARTEnhanFuncEnable            
80046650  UARTFIFOCharGet                
80046630  UARTFIFOCharPut                
800458d0  UARTFIFOConfig                 
800467c4  UARTFIFOEnableStatusGet        
80045d28  UARTFIFORegisterWrite          
80046d78  UARTFIFOTrigLvlGranControl     
8004666c  UARTFIFOWrite                  
80046ab0  UARTFlowCtrlTrigLvlConfig      
800469e4  UARTIdleModeConfigure          
800462c0  UARTIntDisable                 
800461dc  UARTIntEnable                  
80046724  UARTIntIdentityGet             
80046770  UARTIntPendingStatusGet        
800457f8  UARTLineCharacConfig           
80046c24  UARTLoopbackModeControl        
80046c98  UARTModemControlClear          
80046c68  UARTModemControlSet            
80046ce4  UARTModemStatusChangeCheck     
80046cc8  UARTModemStatusGet             
800469b0  UARTModuleReset                
80047098  UARTModuleVersionNumberGet     
8004542c  UARTOperatingModeSelect        
800458b4  UARTParityModeGet              
80045870  UARTParityModeSet              
8004696c  UARTPulseShapingControl        
80046ea8  UARTRXCTSDSRTransitionStatusGet
80046e64  UARTRXCTSDSRWakeUpConfigure    
80045794  UARTRegConfModeRestore         
8004571c  UARTRegConfigModeEnable        
80046d00  UARTResumeOperation            
800466d8  UARTRxErrorGet                 
80046f3c  UARTRxFIFOLevelGet             
8004707c  UARTScratchPadRegRead          
80047038  UARTScratchPadRegWrite         
80046908  UARTSoftwareFlowCtrlOptSet     
80046388  UARTSpaceAvail                 
800468a4  UARTSpecialCharDetectControl   
80045e78  UARTSubConfigMSRSPRModeEn      
80045f50  UARTSubConfigTCRTLRModeEn      
80046028  UARTSubConfigXOFFModeEn        
80046100  UARTTCRTLRBitValRestore        
800470b4  UARTTxDMAThresholdControl      
800470f8  UARTTxDMAThresholdValConfig    
80046e20  UARTTxEmptyIntControl          
80046f08  UARTTxFIFOFullStatusGet        
80046f24  UARTTxFIFOLevelGet             
80046a28  UARTWakeUpControl              
80046d48  UARTWakeUpEventsDisable        
80046d18  UARTWakeUpEventsEnable         
80046b00  UARTXON1XOFF1ValProgram        
80046b30  UARTXON2XOFF2ValProgram        
80046b60  UARTXONAnyFeatureControl       
8004f674  UART_0_ISR                     
8004d7bc  UART_AddToRXBuffer             
8004d8ec  UART_AddToTXBuffer             
8004d6c8  UART_BaudRateSet               
8004d744  UART_Configure                 
8004d6a4  UART_FIFOConfigure             
8004d998  UART_GetTXInterruptStatus      
8004d790  UART_InterruptConfigure0       
8004d700  UART_LineCharacSet             
8004d5c4  UART_Module0ClkConfig          
8004d620  UART_PrintBuffer               
8004d60c  UART_PrintChar                 
8004d66c  UART_PrintString               
80058000  UART_RX_buffer                 
80052460  UART_RX_place                  
80052464  UART_TX_add                    
800587d0  UART_TX_buffer                 
80052468  UART_TX_remove                 
80051090  UndefInstHandler               
80051c78  _Dclass                        
80052368  _Denorm                        
800509ac  _Dnorm                         
8005021c  _Dscale                        
80051438  _Dunscale                      
80052378  _Eps                           
80052484  _Errno                         
8005247c  _Fenv                          
80051bb4  _Feraise                       
80052388  _Hugeval                       
80052398  _Inf                           
800523a8  _Nan                           
800523c8  _Rteps                         
800523b8  _Snan                          
80052480  _Tls_setup__Fenv               
800523d8  _Xbig                          
800523e0  _Zero                          
87fffff8  __STACK_END                    
00000008  __STACK_SIZE                   
UNDEFED   __TI_CINIT_Base                
UNDEFED   __TI_CINIT_Limit               
UNDEFED   __TI_Handler_Table_Base        
UNDEFED   __TI_Handler_Table_Limit       
800516f0  __TI_auto_init                 
800486b0  __TI_printfi                   
80000000  __TI_static_base__             
80051278  __aeabi_cdcmpeq                
80051278  __aeabi_cdcmple                
80051358  __aeabi_cdrcmple               
80051a58  __aeabi_d2iz                   
80051ab4  __aeabi_d2uiz                  
8004f8c0  __aeabi_dadd                   
800503c4  __aeabi_ddiv                   
80050c3c  __aeabi_dmul                   
8004f8b4  __aeabi_dsub                   
80051c3c  __aeabi_i2d                    
80050e88  __aeabi_idiv                   
80051db4  __aeabi_idiv0                  
80050e88  __aeabi_idivmod                
800514f0  __aeabi_memclr                 
800514f0  __aeabi_memclr4                
800514f0  __aeabi_memclr8                
80050554  __aeabi_memcpy                 
80050554  __aeabi_memcpy4                
80050554  __aeabi_memcpy8                
800514f4  __aeabi_memset                 
800514f4  __aeabi_memset4                
800514f4  __aeabi_memset8                
80051cb0  __aeabi_ui2d                   
800510a8  __aeabi_uidiv                  
800510a8  __aeabi_uidivmod               
8004f380  __aeabi_uldivmod               
ffffffff  __binit__                      
ffffffff  __c_args__                     
87fffff0  __stack                        
80042890  _ctypes_                       
80052474  _lock                          
80051d80  _nop                           
80051d74  _register_lock                 
80051d68  _register_unlock               
80052478  _unlock                        
80051794  atoi                           
ffffffff  binit                          
800595ad  bss_end                        
80054000  bss_start                      
80051818  copy_in                        
800595a0  dummy                          
80051b10  feraiseexcept                  
80059388  fnRAMVectors                   
80051ce4  frexp                          
8004bb1c  gpioContextRestore             
8004bad8  gpioContextSave                
8005191c  ldexp                          
8005189c  ltoa                           
80050074  main                           
80051d14  memccpy                        
80050554  memcpy                         
80051500  memset                         
800595a4  p_CurrentScreen                
800595a8  p_PreviousScreen               
80051b68  raise                          
80051994  signal                         
80051648  sprintf                        
80051c24  start_boot                     
80051d40  strchr                         
80051d8c  strlen                         


GLOBAL SYMBOLS: SORTED BY Symbol Address 

address   name                           
-------   ----                           
00000008  __STACK_SIZE                   
80000000  Entry                          
80000000  __TI_static_base__             
800000d0  BITMAP_CharlieBeach            
8003fcd0  BITMAP_TVRemote                
80042890  _ctypes_                       
80042a20  Commands                       
80042a30  HEADER_CharlieBeach            
80042a3c  HEADER_TVRemote                
80042a48  Init_LCD                       
80042cc4  LCD_InterruptConfigure         
80042d10  LCD_InteruptEnable             
80042d44  LCD_InteruptDisable            
80042d78  LCD_Reset                      
80042db4  LCD_Interrupt                  
80042df0  LCD_ft810memRead8              
80042e44  LCD_ft810memRead16             
80042eb4  LCD_ft810memRead32             
80042f54  LCD_ft810memWrite8             
80042f94  LCD_ft810memWrite16            
80043000  LCD_ft810memWrite32            
800430a4  LCD_ft810memWriteBuffer        
80043198  LCD_wr8                        
800431b4  LCD_wr16                       
800431d0  LCD_wr32                       
800431ec  LCD_wr8s                       
80043260  LCD_rd8                        
80043274  LCD_rd16                       
8004328c  LCD_rd32                       
800432a0  LCD_wr_buffer                  
800433f0  LCD_rd_buffer                  
8004352c  LCD_cmd                        
80043554  LCD_host_command               
800435b0  LCD_IncrementWriteOffset       
800435f0  LCD_WriteCommandParameters     
8004362c  LCD_SendRAMAddress             
800436a8  LCD_WaitCoprocessorDone        
800436cc  LCD_cmd_text                   
80043824  LCD_cmd_button                 
80043994  LCD_cmd_clock                  
80043a48  LCD_cmd_bgcolor                
80043aa4  LCD_cmd_fgcolor                
80043b30  LCD_cmd_gradcolor              
80043be4  LCD_cmd_gauge                  
80043ca8  LCD_cmd_gradient               
80043d4c  LCD_cmd_keys                   
80043ebc  LCD_cmd_progress               
80043f68  LCD_cmd_scrollbar              
80044020  LCD_cmd_slider                 
800440cc  LCD_cmd_dial                   
80044160  LCD_cmd_toggle                 
800442d0  LCD_cmd_setbase                
80044328  LCD_cmd_number                 
800443bc  LCD_cmd_memcrc                 
8004443c  LCD_cmd_memzero                
800444a8  LCD_cmd_memset                 
8004452c  LCD_cmd_memwrite               
800445e0  LCD_cmd_memcpy                 
80044668  LCD_cmd_append                 
800446d4  LCD_cmd_inflate                
80044778  LCD_cmd_loadimage              
800447e4  LCD_cmd_loadidentity           
80044828  LCD_cmd_translate              
80044894  LCD_cmd_scale                  
80044900  LCD_cmd_rotate                 
80044958  LCD_cmd_setmatrix              
8004499c  LCD_cmd_getmatrix              
80044a58  LCD_cmd_getptr                 
80044ab0  LCD_cmd_getprops               
80044b40  LCD_cmd_mediafifo              
80044bac  LCD_cmd_playvideo              
80044c04  LCD_cmd_videostart             
80044c48  LCD_cmd_videoframe             
80044cb4  LCD_cmd_track                  
80044d48  LCD_cmd_coldstart              
80044d58  LCD_cmd_interrupt              
80044db0  LCD_cmd_regread                
80044e1c  LCD_cmd_calibrate              
80044e74  LCD_cmd_romfont                
80044ee0  LCD_cmd_setfont                
80044f4c  LCD_cmd_setfont2               
80044fcc  LCD_cmd_setscratch             
80045024  LCD_cmd_setrotate              
8004507c  LCD_cmd_setbitmap              
80045108  LCD_cmd_spinner                
8004518c  LCD_cmd_stop                   
800451d0  LCD_cmd_screensaver            
80045214  LCD_cmd_sketch                 
800452b8  LCD_cmd_snapshot               
80045310  LCD_cmd_snapshot2              
800453b4  LCD_cmd_logo                   
800453f8  LCD_SetInterruptFlag           
80045408  LCD_ClearInterruptFlag         
80045418  LCD_GetInterruptFlag           
8004542c  UARTOperatingModeSelect        
8004548c  UARTDivisorValCompute          
80045550  UARTDivisorLatchWrite          
800456d4  UARTDivisorLatchEnable         
800456f8  UARTDivisorLatchDisable        
8004571c  UARTRegConfigModeEnable        
80045794  UARTRegConfModeRestore         
800457b4  UARTBreakCtl                   
800457f8  UARTLineCharacConfig           
80045870  UARTParityModeSet              
800458b4  UARTParityModeGet              
800458d0  UARTFIFOConfig                 
80045c94  UARTDMAEnable                  
80045cf0  UARTDMADisable                 
80045d28  UARTFIFORegisterWrite          
80045db4  UARTEnhanFuncEnable            
80045e14  UARTEnhanFuncBitValRestore     
80045e78  UARTSubConfigMSRSPRModeEn      
80045f50  UARTSubConfigTCRTLRModeEn      
80046028  UARTSubConfigXOFFModeEn        
80046100  UARTTCRTLRBitValRestore        
800461dc  UARTIntEnable                  
800462c0  UARTIntDisable                 
80046388  UARTSpaceAvail                 
800463dc  UARTCharsAvail                 
80046430  UARTCharPutNonBlocking         
8004649c  UARTCharGetNonBlocking         
800464f4  UARTCharGet                    
8004654c  UARTCharGetTimeout             
800465dc  UARTCharPut                    
80046630  UARTFIFOCharPut                
80046650  UARTFIFOCharGet                
8004666c  UARTFIFOWrite                  
800466d8  UARTRxErrorGet                 
80046724  UARTIntIdentityGet             
80046770  UARTIntPendingStatusGet        
800467c4  UARTFIFOEnableStatusGet        
80046818  UARTAutoRTSAutoCTSControl      
800468a4  UARTSpecialCharDetectControl   
80046908  UARTSoftwareFlowCtrlOptSet     
8004696c  UARTPulseShapingControl        
800469b0  UARTModuleReset                
800469e4  UARTIdleModeConfigure          
80046a28  UARTWakeUpControl              
80046a6c  UARTAutoIdleModeControl        
80046ab0  UARTFlowCtrlTrigLvlConfig      
80046b00  UARTXON1XOFF1ValProgram        
80046b30  UARTXON2XOFF2ValProgram        
80046b60  UARTXONAnyFeatureControl       
80046c24  UARTLoopbackModeControl        
80046c68  UARTModemControlSet            
80046c98  UARTModemControlClear          
80046cc8  UARTModemStatusGet             
80046ce4  UARTModemStatusChangeCheck     
80046d00  UARTResumeOperation            
80046d18  UARTWakeUpEventsEnable         
80046d48  UARTWakeUpEventsDisable        
80046d78  UARTFIFOTrigLvlGranControl     
80046ddc  UARTDSRInterruptControl        
80046e20  UARTTxEmptyIntControl          
80046e64  UARTRXCTSDSRWakeUpConfigure    
80046ea8  UARTRXCTSDSRTransitionStatusGet
80046ec4  UARTDMACounterResetControl     
80046f08  UARTTxFIFOFullStatusGet        
80046f24  UARTTxFIFOLevelGet             
80046f3c  UARTRxFIFOLevelGet             
80046f54  UARTAutobaudParityGet          
80046fa0  UARTAutobaudWordLenGet         
80046fec  UARTAutobaudSpeedGet           
80047038  UARTScratchPadRegWrite         
8004707c  UARTScratchPadRegRead          
80047098  UARTModuleVersionNumberGet     
800470b4  UARTTxDMAThresholdControl      
800470f8  UARTTxDMAThresholdValConfig    
800486b0  __TI_printfi                   
80048bac  RTCRun                         
80048bf0  RTCStop                        
80048c54  RTCWriteProtectEnable          
80048c7c  RTCWriteProtectDisable         
80048ca4  RTCIntAlarmEnable              
80048cd8  RTCIntAlarmDisable             
80048d0c  RTCIntTimerEnable              
80048d60  RTCIntTimerDisable             
80048d94  RTCBusyStatusGet               
80048db0  RTCRunStatusGet                
80048dcc  RTCAlarmIntStatusGet           
80048de8  RTCAlarmIntStatusClear         
80048e0c  RTCEventUpdateGet              
80048e28  RTCMinRoundingEnable           
80048e6c  RTCMinRoundingDisable          
80048ec0  RTCAutoCompEnable              
80048f04  RTCAutoCompDisable             
80048f58  RTCHourModeSet                 
80048fdc  RTCHourModeGet                 
80048ff8  RTCSet32CounterEnable          
80049064  RTCSet32CounterDisable         
800490e0  RTCDisable                     
80049124  RTCEnable                      
8004918c  RTCEnableStatus                
800491a8  RTCSplitPwrEnable              
800491cc  RTCSplitPwrDisable             
800491f0  RTCSecondSet                   
80049224  RTCSecondGet                   
80049240  RTCMinuteSet                   
80049274  RTCMinuteGet                   
80049290  RTCHourSet                     
800492c4  RTCHourGet                     
800492e0  RTCMeridiemSet                 
80049320  RTCMeridiemGet                 
8004933c  RTCDayOfMonthSet               
80049370  RTCDayOfMonthGet               
8004938c  RTCMonthSet                    
800493c0  RTCMonthGet                    
800493dc  RTCYearSet                     
80049410  RTCYearGet                     
8004942c  RTCDayOfTheWeekSet             
80049460  RTCDayOfTheWeekGet             
8004947c  RTCTimeSet                     
80049518  RTCTimeGet                     
800495c8  RTCCalendarSet                 
80049638  RTCCalendarGet                 
800496b0  RTCAlarmSecondSet              
800496e4  RTCAlarmSecondGet              
80049700  RTCAlarmMinuteSet              
80049734  RTCAlarmMinuteGet              
80049750  RTCAlarmHourSet                
80049784  RTCAlarmHourGet                
800497a0  RTCAlarmHourMeridiemSet        
800497e0  RTCAlarmHourMeridiemGet        
800497fc  RTCAlarmTimeSet                
80049864  RTCAlarmTimeGet                
80049924  RTCAlarmDayOfMonthSet          
80049958  RTCAlarmDayOfMonthGet          
80049974  RTCAlarmMonthSet               
800499a8  RTCAlarmMonthGet               
800499c4  RTCAlarmYearSet                
800499f8  RTCAlarmYearGet                
80049a14  RTCAlarmCalendarSet            
80049a74  RTCAlarmCalendarGet            
80049ad4  RTCCompensationSet             
80049b18  RTCCompensationGet             
80049b5c  RTCScratchPadSet               
80049b9c  RTCScratchPadGet               
80049bd4  RTCSoftwareReset               
80049bf8  RTCRevisionIDGet               
80049c10  RTCIdleModeConfigure           
80049c5c  RTCWakeUpAlarmEventControl     
80049ca0  RTCWakeUpTimerEventControl     
80049ce4  RTCTestModeControl             
80049d28  RTC32KClkSourceSelect          
80049d8c  RTC32KClkClockControl          
80049dd0  RTCOscillatorStateControl      
80049e14  RTCFeedbackResistanceSelect    
80049e58  RTCConfigPmicPowerEnable       
80049e9c  RTCConfigPmicExtWakePolarity   
80049efc  RTCConfigPmicExtWake           
80049f54  RTCConfigPmicExtWakeDebounce   
80049fb4  RTCPmicExtWakeStatusClear      
80049ff0  RTCIntAlarm2Enable             
8004a024  RTCAlarm2IntStatusGet          
8004a040  RTCAlarm2IntStatusClear        
8004a064  RTCAlarm2TimeSet               
8004a0cc  RTCAlarm2CalendarSet           
8004a12c  McSPIClkConfig                 
8004a30c  McSPIWordLengthSet             
8004a374  McSPICSEnable                  
8004a398  McSPICSDisable                 
8004a3bc  McSPICSPolarityConfig          
8004a424  McSPICSTimeControlSet          
8004a490  McSPICSAssert                  
8004a4c8  McSPICSDeAssert                
8004a500  McSPIStartBitEnable            
8004a538  McSPIStartBitPolarityConfig    
8004a5a0  McSPIStartBitDisable           
8004a5d8  McSPIMasterModeEnable          
8004a5fc  McSPIMasterModeConfig          
8004a768  McSPIChannelEnable             
8004a7a0  McSPIChannelDisable            
8004a7d8  McSPIReset                     
8004a80c  McSPITurboModeEnable           
8004a844  McSPITurboModeDisable          
8004a87c  McSPITxFIFOConfig              
8004a8e4  McSPIRxFIFOConfig              
8004a94c  McSPIFIFOTrigLvlSet            
8004aa4c  McSPIWordCountSet              
8004aa8c  McSPIDMAEnable                 
8004aad0  McSPIDMADisable                
8004ab14  McSPIIntEnable                 
8004ab40  McSPIIntDisable                
8004ab6c  McSPIInitDelayConfig           
8004abb0  McSPITransmitData              
8004abe4  McSPIReceiveData               
8004ac10  McSPIIntStatusGet              
8004ac28  McSPIIntStatusClear            
8004ac5c  McSPIChannelStatusGet          
8004ac88  McSPIMultipleWordAccessConfig  
8004accc  McSPIFIFODatManagementConfig   
8004ad10  McSPI1ModuleClkConfig          
8004ae6c  McSPI0ModuleClkConfig          
8004aff0  GPIOModuleReset                
8004b024  GPIOModuleEnable               
8004b048  GPIOModuleDisable              
8004b06c  GPIODirModeSet                 
8004b0cc  GPIODirModeGet                 
8004b10c  GPIOPinWrite                   
8004b15c  GPIOPinRead                    
8004b1a4  GPIOMultiplePinsWrite          
8004b1d4  GPIOMultiplePinsRead           
8004b1f8  GPIOPinIntEnable               
8004b248  GPIOPinIntDisable              
8004b298  GPIOIntTypeSet                 
8004b638  GPIOIntTypeGet                 
8004b718  GPIOPinIntStatus               
8004b77c  GPIOPinIntClear                
8004b7cc  GPIORawIntStatus               
8004b828  GPIOTriggerPinInt              
8004b878  GPIOWakeupGlobalEnable         
8004b89c  GPIOWakeupGlobalDisable        
8004b8c0  GPIOPinIntWakeUpEnable         
8004b920  GPIOPinIntWakeUpDisable        
8004b980  GPIOAutoIdleModeControl        
8004b9c4  GPIOIdleModeConfigure          
8004ba08  GPIOGatingRatioConfigure       
8004ba4c  GPIODebounceFuncControl        
8004ba9c  GPIODebounceTimeConfig         
8004bac0  GPIORevisionInfoGet            
8004bad8  gpioContextSave                
8004bb1c  gpioContextRestore             
8004bb60  Init_GUI                       
8004bba8  GUI_DrawInitialScreen          
8004bc30  GUI_DrawInitialScreenProgress  
8004bd3c  GUI_DrawHomeScreen             
8004bfa8  GUI_DrawTVRemoteScreen         
8004c034  GUI_LoadItemToRAMG             
8004c0b4  GUI_TouchConfig                
8004c140  GUI_DrawNextScreen             
8004c280  GUI_DrawPreviousScreen         
8004c2cc  GUI_LoadTouchCalibration       
8004c390  GUI_CreateTouchCalibration     
8004c4a8  GUI_StartNewScreenTagTimer     
8004c4c4  GUI_SetTagTimoutFlag           
8004c4d4  GUI_ClearTagTimoutFlag         
8004c4e4  GUI_GetTagTimoutFlag           
8004c4f0  GUI_ScreenRefresh              
8004c504  GUI_DrawTime                   
8004c6bc  DMTimerEnable                  
8004c6fc  DMTimerDisable                 
8004c73c  DMTimerModeConfigure           
8004c7bc  DMTimerPreScalerClkEnable      
8004c83c  DMTimerPreScalerClkDisable     
8004c87c  DMTimerCounterSet              
8004c8b8  DMTimerCounterGet              
8004c8ec  DMTimerReloadSet               
8004c928  DMTimerReloadGet               
8004c940  DMTimerGPOConfigure            
8004c9c0  DMTimerCompareSet              
8004c9fc  DMTimerCompareGet              
8004ca14  DMTimerIntRawStatusSet         
8004ca38  DMTimerIntRawStatusGet         
8004ca50  DMTimerIntStatusGet            
8004ca68  DMTimerIntStatusClear          
8004ca8c  DMTimerIntEnable               
8004cab0  DMTimerIntDisable              
8004cad4  DMTimerTriggerSet              
8004cb0c  DMTimerIntEnableGet            
8004cb24  DMTimerResetConfigure          
8004cb68  DMTimerReset                   
8004cb9c  DMTimerContextSave             
8004cc1c  DMTimerContextRestore          
8004ccfc  DMTimerPostedModeConfig        
8004cd40  DMTimerWritePostedStatusGet    
8004cd58  DMTimer2ModuleClkConfig        
8004cf08  Init_FRAM                      
8004d01c  FRAM_LoadSettings              
8004d038  FRAM_SaveSettings              
8004d054  FRAM_WriteEnable               
8004d090  FRAM_WriteDisable              
8004d0cc  FRAM_WriteStatusRegister       
8004d110  FRAM_ReadStatusRegister        
8004d150  FRAM_WriteMemory               
8004d23c  FRAM_ReadMemory                
8004d328  FRAM_WriteRead                 
8004d41c  FRAM_WriteProtect              
8004d458  FRAM_Hold                      
8004d494  FRAM_CalculateCRC              
8004d4a8  FRAM_LoadDefaultSettings       
8004d574  Init_UART                      
8004d5c4  UART_Module0ClkConfig          
8004d60c  UART_PrintChar                 
8004d620  UART_PrintBuffer               
8004d66c  UART_PrintString               
8004d6a4  UART_FIFOConfigure             
8004d6c8  UART_BaudRateSet               
8004d700  UART_LineCharacSet             
8004d744  UART_Configure                 
8004d790  UART_InterruptConfigure0       
8004d7bc  UART_AddToRXBuffer             
8004d8ec  UART_AddToTXBuffer             
8004d998  UART_GetTXInterruptStatus      
8004da14  CP15ICacheDisable              
8004da30  CP15DCacheDisable              
8004da4c  CP15ICacheEnable               
8004da5c  CP15DCacheEnable               
8004da6c  CP15DCacheFlush                
8004db00  CP15DCacheClean                
8004db94  CP15DCacheCleanFlush           
8004dc28  CP15ICacheFlush                
8004dc38  CP15DCacheCleanBuff            
8004dc8c  CP15DCacheCleanFlushBuff       
8004dce0  CP15DCacheFlushBuff            
8004dd44  CP15ICacheFlushBuff            
8004dd98  CP15Ttb0Set                    
8004dda4  CP15TlbInvalidate              
8004ddb0  CP15MMUDisable                 
8004ddc8  CP15MMUEnable                  
8004dddc  CP15VectorBaseAddrSet          
8004dde8  CP15BranchPredictorInvalidate  
8004ddf4  CP15BranchPredictionEnable     
8004de04  CP15BranchPredictionDisable    
8004de14  CP15DomainAccessClientSet      
8004de24  CP15ControlFeatureDisable      
8004de38  CP15ControlFeatureEnable       
8004de4c  CP15TtbCtlTtb0Config           
8004de5c  CP15AuxControlFeatureEnable    
8004de70  CP15AuxControlFeatureDisable   
8004de84  CP15MainIdPrimPartNumGet       
8004de9c  Init_SPI                       
8004deac  Init_SPI_Module1               
8004dfbc  Init_SPI_Module0               
8004e0cc  SPI_INTCConfigure1             
8004e0f8  SPI_1_ISR                      
8004e0fc  SPI_WriteByte0                 
8004e158  SPI_WriteByte1                 
8004e1b4  SPI_ReadWriteByte0             
8004e210  SPI_ReadWriteByte1             
8004e26c  SPI_WriteByteNoRx0             
8004e2a0  SPI_WriteByteNoRx1             
8004e310  IntRegister                    
8004e334  IntUnRegister                  
8004e354  IntAINTCInit                   
8004e3c4  IntPrioritySet                 
8004e3fc  IntSystemEnable                
8004e430  IntSystemDisable               
8004e464  IntIfClkFreeRunSet             
8004e478  IntIfClkAutoGateSet            
8004e48c  IntActiveIrqNumGet             
8004e49c  IntSpurIrqFlagGet              
8004e4b0  IntProtectionEnable            
8004e4c0  IntProtectionDisable           
8004e4d4  IntSyncClkFreeRunSet           
8004e4e8  IntSyncClkAutoGateSet          
8004e4fc  IntFuncClkFreeRunSet           
8004e510  IntFuncClkAutoGateSet          
8004e524  IntCurrIrqPriorityGet          
8004e534  IntPriorityThresholdGet        
8004e544  IntPriorityThresholdSet        
8004e564  IntRawStatusGet                
8004e5a4  IntSoftwareIntSet              
8004e5d4  IntSoftwareIntClear            
8004e604  IntPendingIrqMaskedStatusGet   
8004e640  IntMasterIRQEnable             
8004e64c  IntMasterIRQDisable            
8004e658  IntMasterFIQEnable             
8004e664  IntMasterFIQDisable            
8004e670  IntMasterStatusGet             
8004e67c  IntDisable                     
8004e694  IntEnable                      
8004e6f0  Init_GPIO                      
8004e8f0  GPIO_Module0ClkConfig          
8004e958  GPIO_Module1ClkConfig          
8004e9c0  GPIO_Module2ClkConfig          
8004ea28  GPIO_Module3ClkConfig          
8004eac8  Init_RTC                       
8004eb38  RTC_InterruptConfigure         
8004eb64  RTC_SetFlag                    
8004eb74  RTC_ClearFlag                  
8004eb84  RTC_GetFlag                    
8004eb90  RTC_SetTimeDate                
8004ec74  RTC_GetTimeDate                
8004ed50  RTC_ModuleClkConfig            
8004ee04  Init_LED                       
8004ee08  LED_Show                       
8004f0c4  MSC_BufferCopy                 
8004f13c  MSC_LowercaseChar              
8004f178  MSC_DelayUS                    
8004f1ec  MSC_Round                      
8004f220  MSC_HEXtoBCD                   
8004f2d4  MSC_BCDtoHEX                   
8004f380  __aeabi_uldivmod               
8004f638  GPIO_3A_ISR                    
8004f674  UART_0_ISR                     
8004f814  TMR_2_ISR                      
8004f880  RTC_ISR                        
8004f8b4  __aeabi_dsub                   
8004f8c0  __aeabi_dadd                   
8004fac8  Init_Test                      
8004fb18  TEST_Setpoint1                 
8004fb54  TEST_Setpoint2                 
8004fb90  TEST_Setpoint3                 
8004fbcc  TEST_Togglepoint1              
8004fc1c  TEST_Togglepoint2              
8004fc6c  TEST_Togglepoint3              
8004fccc  InitCMD                        
8004fcdc  CMD_CheckMatch                 
8004fe48  CMD_Help                       
8004fe58  CMD_SetNewCommand              
8004fe68  CMD_ClearNewCommand            
8004fe78  CMD_GetNewCommand              
8004fea4  RtcVersionGet                  
8004feac  RTCModuleClkConfig             
80050074  main                           
8005021c  _Dscale                        
800503c4  __aeabi_ddiv                   
80050554  __aeabi_memcpy                 
80050554  __aeabi_memcpy4                
80050554  __aeabi_memcpy8                
80050554  memcpy                         
800506d4  MMUInit                        
80050734  MMUMemRegionMap                
80050828  MMUEnable                      
80050844  Init_Timers                    
80050850  Init_Timer2                    
800508c8  TMR_CalculateReload            
80050914  TMR_InterruptConfigure2        
80050940  TMR_GetNewScreenTagTimerEnabled
8005094c  TMR_SetNewScreenTagTimerEnabled
80050984  TMR_ResetNewScreenTagTimer     
800509ac  _Dnorm                         
80050b0c  CacheDisable                   
80050b50  CacheEnable                    
80050b9c  CacheInstInvalidateAll         
80050ba8  CacheInstInvalidateBuff        
80050bc4  CacheDataCleanInvalidateAll    
80050bd0  CacheDataCleanAll              
80050bdc  CacheDataInvalidateAll         
80050be8  CacheDataCleanBuff             
80050c04  CacheDataInvalidateBuff        
80050c20  CacheDataCleanInvalidateBuff   
80050c3c  __aeabi_dmul                   
80050d64  GpioPinMuxSetup                
80050d70  GPIO1PinMuxSetup               
80050d80  GPIO1Pin23PinMuxSetup          
80050d90  GPIO1ModuleClkConfig           
80050de4  GPIO0ModuleClkConfig           
80050e88  __aeabi_idiv                   
80050e88  __aeabi_idivmod                
80050fb8  SVC_Handler                    
80050fe0  IRQHandler                     
8005108c  FIQHandler                     
80051090  AbortHandler                   
80051090  UndefInstHandler               
800510a8  __aeabi_uidiv                  
800510a8  __aeabi_uidivmod               
80051198  Init_Modules                   
80051278  __aeabi_cdcmpeq                
80051278  __aeabi_cdcmple                
80051358  __aeabi_cdrcmple               
80051438  _Dunscale                      
800514f0  __aeabi_memclr                 
800514f0  __aeabi_memclr4                
800514f0  __aeabi_memclr8                
800514f4  __aeabi_memset                 
800514f4  __aeabi_memset4                
800514f4  __aeabi_memset8                
80051500  memset                         
800515a0  MMU_ConfigAndEnable            
80051648  sprintf                        
800516f0  __TI_auto_init                 
80051794  atoi                           
80051818  copy_in                        
8005189c  ltoa                           
8005191c  ldexp                          
80051994  signal                         
800519f8  CPUirqe                        
80051a08  CPUirqd                        
80051a18  CPUfiqe                        
80051a28  CPUfiqd                        
80051a38  CPUSwitchToUserMode            
80051a4c  CPUSwitchToPrivilegedMode      
80051a54  CPUAbortHandler                
80051a58  __aeabi_d2iz                   
80051ab4  __aeabi_d2uiz                  
80051b10  feraiseexcept                  
80051b68  raise                          
80051bb4  _Feraise                       
80051c24  start_boot                     
80051c3c  __aeabi_i2d                    
80051c78  _Dclass                        
80051cb0  __aeabi_ui2d                   
80051ce4  frexp                          
80051d14  memccpy                        
80051d40  strchr                         
80051d68  _register_unlock               
80051d74  _register_lock                 
80051d80  _nop                           
80051d8c  strlen                         
80051da8  CPUIntStatus                   
80051db4  __aeabi_idiv0                  
80051db8  Screens                        
80052368  _Denorm                        
80052378  _Eps                           
80052388  _Hugeval                       
80052398  _Inf                           
800523a8  _Nan                           
800523b8  _Snan                          
800523c8  _Rteps                         
800523d8  _Xbig                          
800523e0  _Zero                          
800523e8  CurrentSystemSettings          
80052432  RAM_CMD_Offset                 
80052434  FT_DispWidth                   
80052436  FT_DispHeight                  
80052438  FT_DispHCycle                  
8005243a  FT_DispHOffset                 
8005243c  FT_DispHSync0                  
8005243e  FT_DispHSync1                  
80052440  FT_DispVCycle                  
80052442  FT_DispVOffset                 
80052444  FT_DispVSync0                  
80052446  FT_DispVSync1                  
80052448  FT_DispPCLK                    
8005244a  FT_DispSwizzle                 
8005244c  FT_DispPCLKPol                 
8005244e  FT_DispCSpread                 
80052450  FT_DispDither                  
80052454  DefaultTimeDate                
8005245f  NumCommand                     
80052460  UART_RX_place                  
80052464  UART_TX_add                    
80052468  UART_TX_remove                 
80052470  TMR_NewScreenTagTimer          
80052474  _lock                          
80052478  _unlock                        
8005247c  _Fenv                          
80052480  _Tls_setup__Fenv               
80052484  _Errno                         
80054000  bss_start                      
80058000  UART_RX_buffer                 
800587d0  UART_TX_buffer                 
80058fa0  MISC_Buffer                    
80059388  fnRAMVectors                   
80059588  Command_String                 
80059594  CurrentTimeDate                
8005959e  CurrentScreen                  
8005959f  PreviousPreviousScreen         
800595a0  dummy                          
800595a4  p_CurrentScreen                
800595a8  p_PreviousScreen               
800595ac  PreviousScreen                 
800595ad  bss_end                        
87fffff0  __stack                        
87fffff8  __STACK_END                    
ffffffff  __binit__                      
ffffffff  __c_args__                     
ffffffff  binit                          
UNDEFED   SHT$$INIT_ARRAY$$Base          
UNDEFED   SHT$$INIT_ARRAY$$Limit         
UNDEFED   __TI_CINIT_Base                
UNDEFED   __TI_CINIT_Limit               
UNDEFED   __TI_Handler_Table_Base        
UNDEFED   __TI_Handler_Table_Limit       

[655 symbols]
