******************************************************************************
                  TI ARM Linker PC v5.2.6                      
******************************************************************************
>> Linked Wed May 11 12:43:10 2016

OUTPUT FILE NAME:   <BeagleBone_Smart_Controler.out>
ENTRY POINT SYMBOL: "Entry"  address: 80000000


MEMORY CONFIGURATION

         name            origin    length      used     unused   attr    fill
----------------------  --------  ---------  --------  --------  ----  --------
  DDR_MEM               80000000   07ffffff  00071e93  07f8e16c  RWIX


SEGMENT ALLOCATION MAP

run origin  load origin   length   init length attrs members
----------  ----------- ---------- ----------- ----- -------
80000000    80000000    00066d78   00066d78    r-x
  80000000    80000000    000000d0   000000d0    r-x .text:Entry
  800000d0    800000d0    00043114   00043114    r-- .const
  800431e4    800431e4    00023b94   00023b94    r-x .text
80068000    80068000    00006c6c   00000000    rw-
  80068000    80068000    00006c6c   00000000    rw- .bss
8006ec70    8006ec70    000044a7   000044a7    rw-
  8006ec70    8006ec70    000044a7   000044a7    rw- .data
87fffff0    87fffff0    00000008   00000000    rw-
  87fffff0    87fffff0    00000008   00000000    rw- .stack


SECTION ALLOCATION MAP

 output                                  attributes/
section   page    origin      length       input sections
--------  ----  ----------  ----------   ----------------
.text:Entry 
*          0    80000000    000000d0     
                  80000000    000000c8     system.lib : init.obj (.text:Entry)
                  800000c8    00000008     rtsv7A8_A_le_n_eabi.lib : autoinit.obj (.tramp.__TI_auto_init.1)

.const     0    800000d0    00043114     
                  800000d0    0003fc00     BITMAP_CHARLIE_BEACH.obj (.const:.string:BITMAP_CharlieBeach)
                  8003fcd0    00002bc0     BITMAP_TV_REMOTE.obj (.const:.string:BITMAP_TVRemote)
                  80042890    000001f2     ccsbcs.obj (.const:cvt1$1)
                  80042a82    00000101     rtsv7A8_A_le_n_eabi.lib : ctype.obj (.const:.string:_ctypes_)
                  80042b83    00000001     --HOLE-- [fill = 0]
                  80042b84    00000100     ccsbcs.obj (.const:Tbl)
                  80042c84    000000cc     BITMAP_SD_CARD_SYMBOL.obj (.const:.string:BITMAP_SD_Card_Symbol)
                  80042d50    000000bc     ccsbcs.obj (.const:cvt2$2)
                  80042e0c    00000080     ff.obj (.const:.string:ExCvt)
                  80042e8c    00000078     usbdenum.obj (.const:g_sUSBDefaultFIFOConfig)
                  80042f04    00000058     BITMAP_USB_SYMBOL.obj (.const:.string:BITMAP_USB_Symbol)
                  80042f5c    00000054     MEMORY.obj (.const)
                  80042fb0    00000048     usb_msc_structs.obj (.const:g_sMSCDevice)
                  80042ff8    00000038     system.lib : startup.obj (.const:vecTbl)
                  80043030    00000034     usb_msc_structs.obj (.const:.string:g_pManufacturerString)
                  80043064    00000034     usbdenum.obj (.const:g_psUSBDStdRequests)
                  80043098    00000030     usb_msc_structs.obj (.const:.string:g_pConfigString)
                  800430c8    00000029     usbdmsc.obj (.const:.string)
                  800430f1    00000028     usb_msc_structs.obj (.const:.string:g_pDataInterfaceString)
                  80043119    00000028     usb_msc_structs.obj (.const:.string:g_pProductString)
                  80043141    00000003     --HOLE-- [fill = 0]
                  80043144    0000001d     usbdmsc.obj (.const)
                  80043161    00000003     --HOLE-- [fill = 0]
                  80043164    00000018     usb_msc_structs.obj (.const)
                  8004317c    00000016     usb_msc_structs.obj (.const:.string)
                  80043192    00000002     --HOLE-- [fill = 0]
                  80043194    00000010     CMD.obj (.const)
                  800431a4    0000000d     ff.obj (.const:.string)
                  800431b1    00000003     --HOLE-- [fill = 0]
                  800431b4    0000000c     BITMAP_CHARLIE_BEACH.obj (.const)
                  800431c0    0000000c     BITMAP_SD_CARD_SYMBOL.obj (.const)
                  800431cc    0000000c     BITMAP_TV_REMOTE.obj (.const)
                  800431d8    0000000c     BITMAP_USB_SYMBOL.obj (.const)

.text      0    800431e4    00023b94     
                  800431e4    00005388     ff.obj (.text)
                  8004856c    00003724     usbdmsc.obj (.text)
                  8004bc90    00002a68     LCD.obj (.text)
                  8004e6f8    00002268     usbdenum.obj (.text)
                  80050960    00001d10     uart_irda_cir.obj (.text)
                  80052670    00001a70     rtsv7A8_A_le_n_eabi.lib : _printfi.obj (.text)
                  800540e0    00001a40     edma.obj (.text)
                  80055b20    00001588     rtc.obj (.text)
                  800570a8    0000140c     tsc_adc.obj (.text)
                  800584b4    00000ec4     mcspi.obj (.text)
                  80059378    00000e38     GUI.obj (.text)
                  8005a1b0    00000de0     mmcsd_proto.obj (.text)
                  8005af90    00000b98     gpio_v2.obj (.text)
                  8005bb28    00000b34     hsi2c.obj (.text)
                  8005c65c    00000b10     SD.obj (.text)
                  8005d16c    00000a90     hs_mmcsd.obj (.text)
                  8005dbfc    000009e4     INTERRUPTS.obj (.text)
                  8005e5e0    000008d8     MISC.obj (.text)
                  8005eeb8    00000830     usbdconfig.obj (.text)
                  8005f6e8    00000788     dmtimer.obj (.text)
                  8005fe70    000006c4     FRAM.obj (.text)
                  80060534    00000544     usbdcdesc.obj (.text)
                  80060a78    00000510     SPI.obj (.text)
                  80060f88    00000504     AUDIO.obj (.text)
                  8006148c    000004a0     UART.obj (.text)
                  8006192c    00000498     GPIO.obj (.text)
                  80061dc4    00000488     system.lib : cp15.obj (.text)
                  8006224c    00000428     main.obj (.text)
                  80062674    000003e4     interrupt.obj (.text)
                  80062a58    00000378     hs_mmcsdlib.obj (.text)
                  80062dd0    00000360     usbdesc.obj (.text)
                  80063130    0000033c     RTCC.obj (.text)
                  8006346c    000002e8     WAV.obj (.text)
                  80063754    000002c0     LEDS.obj (.text)
                  80063a14    000002b8     rtsv7A8_A_le_n_eabi.lib : ull_div32.obj (.text)
                  80063ccc    0000029c     ADC.obj (.text)
                  80063f68    00000290     I2C.obj (.text)
                  800641f8    00000280     ccsbcs.obj (.text)
                  80064478    00000268     TIMERS.obj (.text)
                  800646e0    00000214     rtsv7A8_A_le_n_eabi.lib : fd_add32.obj (.text)
                  800648f4    00000204     TEST.obj (.text)
                  80064af8    000001d8     CMD.obj (.text)
                  80064cd0    000001cc     USB.obj (.text)
                  80064e9c    000001a8     rtsv7A8_A_le_n_eabi.lib : xdscale.obj (.text)
                  80065044    00000190                             : fd_div32.obj (.text)
                  800651d4    00000180                             : memcpy32.obj (.text)
                  80065354    00000178     POWER.obj (.text)
                  800654cc    00000170     SYSTEM.obj (.text)
                  8006563c    00000170     mmu.obj (.text)
                  800657ac    00000160     rtsv7A8_A_le_n_eabi.lib : xdnorm.obj (.text)
                  8006590c    00000144     usbtick.obj (.text)
                  80065a50    00000130     cache.obj (.text)
                  80065b80    00000128     rtsv7A8_A_le_n_eabi.lib : fd_mul32.obj (.text)
                  80065ca8    00000114                             : i_div32.obj (.text)
                  80065dbc    0000010c     system.lib : exceptionhandler.obj (.text)
                  80065ec8    000000f0     rtsv7A8_A_le_n_eabi.lib : u_div32.obj (.text)
                  80065fb8    000000e4     usbdmscglue.obj (.text)
                  8006609c    000000e0     rtsv7A8_A_le_n_eabi.lib : fd_cmp32.obj (.text:__aeabi_cdcmple)
                  8006617c    000000e0                             : fd_cmp32.obj (.text:__aeabi_cdrcmple)
                  8006625c    000000c8     usbphyGS70.obj (.text)
                  80066324    000000b8     rtsv7A8_A_le_n_eabi.lib : xdunscal.obj (.text)
                  800663dc    000000b0     PMIC.obj (.text)
                  8006648c    000000b0     rtsv7A8_A_le_n_eabi.lib : memset32.obj (.text)
                  8006653c    000000a8     MEMORY.obj (.text)
                  800665e4    000000a8     rtsv7A8_A_le_n_eabi.lib : sprintf.obj (.text)
                  8006668c    000000a4                             : autoinit.obj (.text)
                  80066730    00000084                             : atoi.obj (.text)
                  800667b4    00000084                             : cpy_tbl.obj (.text)
                  80066838    00000080                             : ltoa.obj (.text)
                  800668b8    00000078                             : ldexp.obj (.text)
                  80066930    00000064                             : signal.obj (.text)
                  80066994    00000060     system.lib : cpu.obj (.text)
                  800669f4    0000005c     rtsv7A8_A_le_n_eabi.lib : fd_toi32.obj (.text)
                  80066a50    0000005c                             : fd_tou32.obj (.text)
                  80066aac    00000058                             : feraiseexcept.obj (.text)
                  80066b04    0000004c                             : raise.obj (.text)
                  80066b50    00000044                             : xferaise.obj (.text)
                  80066b94    00000044     system.lib : startup.obj (.text)
                  80066bd8    0000003c     rtsv7A8_A_le_n_eabi.lib : i_tofd32.obj (.text)
                  80066c14    00000038                             : xdclass.obj (.text)
                  80066c4c    00000034                             : u_tofd32.obj (.text)
                  80066c80    00000030                             : frexp.obj (.text)
                  80066cb0    0000002c                             : memccpy.obj (.text)
                  80066cdc    00000028                             : strchr.obj (.text)
                  80066d04    00000024                             : _lock.obj (.text)
                  80066d28    00000024                             : ll_lsr32.obj (.text)
                  80066d4c    0000001c                             : strlen.obj (.text)
                  80066d68    0000000c     system.lib : cpu.obj (.text:CPUIntStatus)
                  80066d74    00000004     rtsv7A8_A_le_n_eabi.lib : i_div0.obj (.text)

.bss       0    80068000    00006c6c     UNINITIALIZED
                  80068000    00004000     MEMORY.obj (.bss:pageTable)
                  8006c000    00000830     usb_msc_structs.obj (.bss:g_sMSCInstance)
                  8006c830    000007d0     UART.obj (.bss:UART_RX_buffer)
                  8006d000    000007d0     UART.obj (.bss:UART_TX_buffer)
                  8006d7d0    00000400     SD.obj (.bss:FileDataBuffer)
                  8006dbd0    000003e8     MISC.obj (.bss:MISC_Buffer)
                  8006dfb8    00000004     (.common:BytesWritten)
                  8006dfbc    00000004     (.common:FatFs)
                  8006dfc0    00000280     main.obj (.bss:fileWrite)
                  8006e240    00000240     SD.obj (.bss:g_sFatFs)
                  8006e480    00000200     ff.obj (.bss:LfnBuf)
                  8006e680    00000200     interrupt.obj (.bss:fnRAMVectors)
                  8006e880    00000100     SD.obj (.bss:cb_Fxn)
                  8006e980    000000a8     usbdenum.obj (.bss:g_psUSBDevice)
                  8006ea28    00000050     SD.obj (.bss:ctrlInfo)
                  8006ea78    00000050     SD.obj (.bss:sdCard)
                  8006eac8    00000040     POWER.obj (.bss:Voltage)
                  8006eb08    00000030     usbdata.obj (.bss:g_USBInstance)
                  8006eb38    00000004     (.common:dummy)
                  8006eb3c    00000004     (.common:g_sDriveInformation)
                  8006eb40    00000040     mmcsd_proto.obj (.bss:dataBuffer)
                  8006eb80    00000040     usbdmsc.obj (.bss:g_pucCommand)
                  8006ebc0    00000040     usbdenum.obj (.bss:g_pucDataBufferIn)
                  8006ec00    00000018     (.common:fat_devices)
                  8006ec18    00000010     (.common:I2C_0_Buffers)
                  8006ec28    0000000c     (.common:Command_String)
                  8006ec34    0000000c     (.common:g_pfTickHandlers)
                  8006ec40    0000000c     (.common:g_pvTickInstance)
                  8006ec4c    0000000a     (.common:CurrentTimeDate)
                  8006ec56    00000002     (.common:Fsid)
                  8006ec58    00000004     (.common:p_CurrentScreen)
                  8006ec5c    00000004     (.common:p_CurrentWAVFile)
                  8006ec60    00000004     (.common:p_PreviousScreen)
                  8006ec64    00000004     (.common:regionId)
                  8006ec68    00000001     (.common:CurrentScreen)
                  8006ec69    00000001     (.common:PreviousPreviousScreen)
                  8006ec6a    00000001     (.common:PreviousScreen)
                  8006ec6b    00000001     (.common:Result)

.TI.noinit 
*          0    80068000    00000000     UNINITIALIZED

.data      0    8006ec70    000044a7     
                  8006ec70    00003cbc     WAV_POST_COMPLETE.obj (.data:WAV_PostComplete)
                  8007292c    00000500     GUI.obj (.data:Screens)
                  80072e2c    000000b0     rtsv7A8_A_le_n_eabi.lib : signal.obj (.data:sigtable)
                  80072edc    00000004                             : errno.obj (.data)
                  80072ee0    00000080                             : xvalues.obj (.data)
                  80072f60    00000062     WAV.obj (.data:WAV_Files)
                  80072fc2    00000002     CMD.obj (.data)
                  80072fc4    0000004c     usbdmsc.obj (.data:g_sMSCDeviceInfo)
                  80073010    00000030     usbdmsc.obj (.data)
                  80073040    00000028     SD.obj (.data)
                  80073068    00000023     LCD.obj (.data)
                  8007308b    0000001f     FRAM.obj (.data)
                  800730aa    00000001     ADC.obj (.data)
                  800730ab    00000001     I2C.obj (.data)
                  800730ac    00000010     AUDIO.obj (.data)
                  800730bc    00000010     TIMERS.obj (.data)
                  800730cc    0000000c     RTCC.obj (.data)
                  800730d8    0000000c     UART.obj (.data)
                  800730e4    0000000c     USB.obj (.data)
                  800730f0    0000000c     usbtick.obj (.data)
                  800730fc    00000008     rtsv7A8_A_le_n_eabi.lib : _lock.obj (.data)
                  80073104    00000008                             : feraiseexcept.obj (.data)
                  8007310c    00000008     usbdenum.obj (.data)
                  80073114    00000003     GUI.obj (.data)

.TI.persistent 
*          0    8006ec70    00000000     UNINITIALIZED

.stack     0    87fffff0    00000008     UNINITIALIZED
                  87fffff0    00000008     --HOLE--


FAR CALL TRAMPOLINES

callee name               trampoline name
   callee addr  tramp addr   call addr  call info
--------------  -----------  ---------  ----------------
__TI_auto_init            $Tramp$AA$S$$__TI_auto_init
   8006668c     800000c8     800000a0   system.lib : init.obj (.text:Entry)

[1 trampolines]
[1 trampoline calls]


GLOBAL SYMBOLS: SORTED ALPHABETICALLY BY Name 

address   name                                 
-------   ----                                 
8005e07c  ADC_0_ISR                            
80063f38  ADC_ClearFinishedFlag                
80063e80  ADC_ConfigureInterrupt               
80063f48  ADC_GetFinishedFlag                  
80063eac  ADC_ReadChannels                     
80063f28  ADC_SetFinishedFlag                  
800613e8  AUD_AmpShutdown                      
800730b4  AUD_AudioTimeoutCount                
80061320  AUD_ClearPlaybackFinishedFlag        
80061090  AUD_ClearPlayingFlag                 
80061358  AUD_ClearTimoutFlag                  
8006133c  AUD_GetPlaybackFinishedFlag          
800610a0  AUD_GetPlayingFlag                   
80061368  AUD_GetTimoutFlag                    
80061374  AUD_IsWAVPlaying                     
80060f8c  AUD_PlayWAV                          
80061310  AUD_SetPlaybackFinishedFlag          
80061080  AUD_SetPlayingFlag                   
80061348  AUD_SetTimoutFlag                    
80061054  AUD_StopWAV                          
8006138c  AUD_TestAudio                        
800610ac  AUD_TransferWAVToRAMG                
80065eb0  AbortHandler                         
800730b0  AudioBytesTransferred                
800000d0  BITMAP_CharlieBeach                  
80042c84  BITMAP_SD_Card_Symbol                
8003fcd0  BITMAP_TVRemote                      
80042f04  BITMAP_USB_Symbol                    
8007308a  BackLightSetting                     
8006dfb8  BytesWritten                         
80064b08  CMD_CheckMatch                       
80064c94  CMD_ClearNewCommand                  
80064ca4  CMD_GetNewCommand                    
80064c74  CMD_Help                             
80064c84  CMD_SetNewCommand                    
80062220  CP15AuxControlFeatureDisable         
8006220c  CP15AuxControlFeatureEnable          
800621b4  CP15BranchPredictionDisable          
800621a4  CP15BranchPredictionEnable           
80062198  CP15BranchPredictorInvalidate        
800621d4  CP15ControlFeatureDisable            
800621e8  CP15ControlFeatureEnable             
80061eb0  CP15DCacheClean                      
80061fe8  CP15DCacheCleanBuff                  
80061f44  CP15DCacheCleanFlush                 
8006203c  CP15DCacheCleanFlushBuff             
80061de0  CP15DCacheDisable                    
80061e0c  CP15DCacheEnable                     
80061e1c  CP15DCacheFlush                      
80062090  CP15DCacheFlushBuff                  
800621c4  CP15DomainAccessClientSet            
80061dc4  CP15ICacheDisable                    
80061dfc  CP15ICacheEnable                     
80061fd8  CP15ICacheFlush                      
800620f4  CP15ICacheFlushBuff                  
80062160  CP15MMUDisable                       
80062178  CP15MMUEnable                        
80062234  CP15MainIdPrimPartNumGet             
80062154  CP15TlbInvalidate                    
80062148  CP15Ttb0Set                          
800621fc  CP15TtbCtlTtb0Config                 
8006218c  CP15VectorBaseAddrSet                
800669f0  CPUAbortHandler                      
80066d68  CPUIntStatus                         
800669e8  CPUSwitchToPrivilegedMode            
800669d4  CPUSwitchToUserMode                  
800669c4  CPUfiqd                              
800669b4  CPUfiqe                              
800669a4  CPUirqd                              
80066994  CPUirqe                              
80065b14  CacheDataCleanAll                    
80065b2c  CacheDataCleanBuff                   
80065b08  CacheDataCleanInvalidateAll          
80065b64  CacheDataCleanInvalidateBuff         
80065b20  CacheDataInvalidateAll               
80065b48  CacheDataInvalidateBuff              
80065a50  CacheDisable                         
80065a94  CacheEnable                          
80065ae0  CacheInstInvalidateAll               
80065aec  CacheInstInvalidateBuff              
8006ec28  Command_String                       
80043194  Commands                             
8006ec68  CurrentScreen                        
8007308b  CurrentSystemSettings                
8006ec4c  CurrentTimeDate                      
8005fd84  DMTimer2ModuleClkConfig              
8005fdf0  DMTimer3ModuleClkConfig              
8005fa28  DMTimerCompareGet                    
8005f9ec  DMTimerCompareSet                    
8005fc48  DMTimerContextRestore                
8005fbc8  DMTimerContextSave                   
8005f8e4  DMTimerCounterGet                    
8005f8a8  DMTimerCounterSet                    
8005f728  DMTimerDisable                       
8005f6e8  DMTimerEnable                        
8005f96c  DMTimerGPOConfigure                  
8005fadc  DMTimerIntDisable                    
8005fab8  DMTimerIntEnable                     
8005fb38  DMTimerIntEnableGet                  
8005fa64  DMTimerIntRawStatusGet               
8005fa40  DMTimerIntRawStatusSet               
8005fa94  DMTimerIntStatusClear                
8005fa7c  DMTimerIntStatusGet                  
8005f768  DMTimerModeConfigure                 
8005fd28  DMTimerPostedModeConfig              
8005f868  DMTimerPreScalerClkDisable           
8005f7e8  DMTimerPreScalerClkEnable            
8005f954  DMTimerReloadGet                     
8005f918  DMTimerReloadSet                     
8005fb94  DMTimerReset                         
8005fb50  DMTimerResetConfigure                
8005fb00  DMTimerTriggerSet                    
8005fd6c  DMTimerWritePostedStatusGet          
800730ce  DefaultTimeDate                      
8005552c  EDMA3CCErrorEvaluate                 
80054474  EDMA3ChannelToParamMap               
80055398  EDMA3ClearErrorBits                  
800547f8  EDMA3ClrCCErr                        
80054898  EDMA3ClrEvt                          
80054c94  EDMA3ClrIntr                         
800546f8  EDMA3ClrMissEvt                      
80055818  EDMA3ContextRestore                  
80055668  EDMA3ContextSave                     
80055548  EDMA3Deinit                          
800543b4  EDMA3DisableChInShadowReg            
80054998  EDMA3DisableDmaEvt                   
80054c14  EDMA3DisableEvtIntr                  
80054a4c  EDMA3DisableQdmaEvt                  
800552c8  EDMA3DisableTransfer                 
800542f4  EDMA3EnableChInShadowReg             
80054918  EDMA3EnableDmaEvt                    
80054b94  EDMA3EnableEvtIntr                   
80054a14  EDMA3EnableQdmaEvt                   
800551f8  EDMA3EnableTransfer                  
80054b44  EDMA3ErrIntrHighStatusGet            
80055134  EDMA3FreeChannel                     
80054a84  EDMA3GetCCErrStatus                  
80054b1c  EDMA3GetErrIntrStatus                
80054aac  EDMA3GetIntrStatus                   
80054d04  EDMA3GetPaRAM                        
800540e0  EDMA3Init                            
80054ae4  EDMA3IntrStatusHighGet               
800544a4  EDMA3MapChToEvtQ                     
800545f0  EDMA3MapQdmaChToPaRAM                
800542dc  EDMA3PeripheralIdGet                 
800547a4  EDMA3QdmaClrMissEvt                  
80054b6c  EDMA3QdmaGetErrIntrStatus            
80054d88  EDMA3QdmaGetPaRAM                    
80054f9c  EDMA3QdmaGetPaRAMEntry               
80054eb4  EDMA3QdmaSetPaRAM                    
80054f48  EDMA3QdmaSetPaRAMEntry               
80054ffc  EDMA3RequestChannel                  
80054818  EDMA3SetEvt                          
80054e1c  EDMA3SetPaRAM                        
800546bc  EDMA3SetQdmaTrigWord                 
80054564  EDMA3UnmapChToEvtQ                   
800559d0  EDMAModuleClkConfig                  
800559c8  EDMAVersionGet                       
80000000  Entry                                
80065eac  FIQHandler                           
800603f8  FRAM_CalculateCRC                    
800603bc  FRAM_Hold                            
80060410  FRAM_LoadDefaultSettings             
8005ff70  FRAM_LoadSettings                    
800601a0  FRAM_ReadMemory                      
80060074  FRAM_ReadStatusRegister              
8005ff8c  FRAM_SaveSettings                    
8006048c  FRAM_Test                            
8005fff4  FRAM_WriteDisable                    
8005ffb8  FRAM_WriteEnable                     
800600b4  FRAM_WriteMemory                     
80060380  FRAM_WriteProtect                    
8006028c  FRAM_WriteRead                       
80060030  FRAM_WriteStatusRegister             
80073086  FT_DispCSpread                       
80073088  FT_DispDither                        
80073070  FT_DispHCycle                        
80073072  FT_DispHOffset                       
80073074  FT_DispHSync0                        
80073076  FT_DispHSync1                        
8007306e  FT_DispHeight                        
80073080  FT_DispPCLK                          
80073084  FT_DispPCLKPol                       
80073082  FT_DispSwizzle                       
80073078  FT_DispVCycle                        
8007307a  FT_DispVOffset                       
8007307c  FT_DispVSync0                        
8007307e  FT_DispVSync1                        
8007306c  FT_DispWidth                         
8006d7d0  FileDataBuffer                       
8005b920  GPIOAutoIdleModeControl              
8005b9ec  GPIODebounceFuncControl              
8005ba3c  GPIODebounceTimeConfig               
8005b06c  GPIODirModeGet                       
8005b00c  GPIODirModeSet                       
8005b9a8  GPIOGatingRatioConfigure             
8005b964  GPIOIdleModeConfigure                
8005b5d8  GPIOIntTypeGet                       
8005b238  GPIOIntTypeSet                       
8005afe8  GPIOModuleDisable                    
8005afc4  GPIOModuleEnable                     
8005af90  GPIOModuleReset                      
8005b174  GPIOMultiplePinsRead                 
8005b144  GPIOMultiplePinsWrite                
8005b71c  GPIOPinIntClear                      
8005b1e8  GPIOPinIntDisable                    
8005b198  GPIOPinIntEnable                     
8005b6b8  GPIOPinIntStatus                     
8005b8c0  GPIOPinIntWakeUpDisable              
8005b860  GPIOPinIntWakeUpEnable               
8005b0fc  GPIOPinRead                          
8005b0ac  GPIOPinWrite                         
8005b76c  GPIORawIntStatus                     
8005ba60  GPIORevisionInfoGet                  
8005b7c8  GPIOTriggerPinInt                    
8005b83c  GPIOWakeupGlobalDisable              
8005b818  GPIOWakeupGlobalEnable               
8005dbfc  GPIO_3A_ISR                          
80061bbc  GPIO_Module0ClkConfig                
80061c24  GPIO_Module1ClkConfig                
80061c8c  GPIO_Module2ClkConfig                
80061cf4  GPIO_Module3ClkConfig                
80059fcc  GUI_Backlight                        
8005a014  GUI_ClearBacklightTimeout            
80059f00  GUI_ClearTagTimoutFlag               
80059dbc  GUI_CreateTouchCalibration           
80059564  GUI_DrawHomeScreen                   
800593c0  GUI_DrawInitialScreen                
80059448  GUI_DrawInitialScreenProgress        
80059bb8  GUI_DrawNextScreen                   
80059cf4  GUI_DrawPreviousScreen               
800599a8  GUI_DrawTVRemoteScreen               
80059f30  GUI_DrawTime                         
8005a024  GUI_GetBacklightTimeout              
8005a04c  GUI_GetCurrentTag                    
80059f10  GUI_GetTagTimoutFlag                 
80059a34  GUI_LoadItemToRAMG                   
80059d40  GUI_LoadTouchCalibration             
80059f1c  GUI_ScreenRefresh                    
8005a004  GUI_SetBacklightTimeout              
8005a030  GUI_SetCurrentTag                    
80059ef0  GUI_SetTagTimoutFlag                 
80059ed4  GUI_StartNewScreenTagTimer           
80059b2c  GUI_TouchConfig                      
8005bb00  GpioPinMuxSetup                      
800431b4  HEADER_CharlieBeach                  
800431c0  HEADER_SD_Card_Symbol                
800431cc  HEADER_TVRemote                      
800431d8  HEADER_USB_Symbol                    
8005d8a4  HSMMCSDBlkLenSet                     
80062da4  HSMMCSDBusFreqConfig                 
8005d568  HSMMCSDBusFreqSet                    
8005d38c  HSMMCSDBusPower                      
8005d34c  HSMMCSDBusVoltSet                    
80062d64  HSMMCSDBusWidthConfig                
8005d294  HSMMCSDBusWidthSet                   
80062a58  HSMMCSDCardPresent                   
80062b68  HSMMCSDCmdSend                       
8005d8e4  HSMMCSDCommandSend                   
80062a90  HSMMCSDControllerInit                
8005d9d4  HSMMCSDDataGet                       
8005d528  HSMMCSDDataTimeoutSet                
8005d6a4  HSMMCSDInitStreamSend                
8005d40c  HSMMCSDIntClock                      
80062a70  HSMMCSDIntEnable                     
8005d768  HSMMCSDIntrEnable                    
8005d7c0  HSMMCSDIntrStatusClear               
8005d73c  HSMMCSDIntrStatusDisable             
8005d710  HSMMCSDIntrStatusEnable              
8005d79c  HSMMCSDIntrStatusGet                 
8005da28  HSMMCSDIsCardInserted                
8005da48  HSMMCSDIsCardWriteProtected          
8005d7e0  HSMMCSDIsCmdComplete                 
8005d508  HSMMCSDIsHSupported                  
8005d464  HSMMCSDIsIntClockStable              
8005d840  HSMMCSDIsXferComplete                
8005d1d4  HSMMCSDLinesReset                    
8005dba8  HSMMCSDModuleClkConfig               
8005db50  HSMMCSDPinMuxSetup                   
8005d978  HSMMCSDResponseGet                   
8005d16c  HSMMCSDSoftReset                     
8005d4c8  HSMMCSDSupportedVoltSet              
8005d250  HSMMCSDSystemConfig                  
8005c5f8  I2C0ModuleClkConfig                  
8005c060  I2CActiveOwnAddressGet               
8005c270  I2CAutoIdleDisable                   
8005c24c  I2CAutoIdleEnable                    
8005bfdc  I2CBufferStatus                      
8005c31c  I2CClockActivitySelect               
8005c0e4  I2CClockBlockingControl              
8005c524  I2CContextRestore                    
8005c4d0  I2CContextSave                       
8005bfac  I2CDMARxEventDisable                 
8005bf4c  I2CDMARxEventEnable                  
8005bf7c  I2CDMATxEventDisable                 
8005bf1c  I2CDMATxEventEnable                  
8005be38  I2CDataCountGet                      
8005bed0  I2CFIFOClear                         
8005be50  I2CFIFOThresholdConfig               
8005c2b8  I2CGlobalWakeUpDisable               
8005c294  I2CGlobalWakeUpEnable                
8005c2dc  I2CIdleModeSelect                    
8005bbec  I2CMasterBusBusy                     
8005bc24  I2CMasterBusy                        
8005bc68  I2CMasterControl                     
8005c4b0  I2CMasterDataGet                     
8005c490  I2CMasterDataPut                     
8005bbc8  I2CMasterDisable                     
8005bba4  I2CMasterEnable                      
8005bc40  I2CMasterErr                         
8005bb28  I2CMasterInitExpClk                  
8005bd98  I2CMasterIntClearEx                  
8005bd00  I2CMasterIntDisableEx                
8005bcd4  I2CMasterIntEnableEx                 
8005bd5c  I2CMasterIntRawStatus                
8005bdb8  I2CMasterIntRawStatusClearEx         
8005bd74  I2CMasterIntRawStatusEx              
8005bd20  I2CMasterIntStatus                   
8005bd38  I2CMasterIntStatusEx                 
8005bdf8  I2CMasterSlaveAddrGet                
8005bdd8  I2CMasterSlaveAddrSet                
8005bc8c  I2CMasterStart                       
8005bcb0  I2CMasterStop                        
8005c1b0  I2COwnAddressSet                     
8005be18  I2CSetDataCount                      
8005c228  I2CSoftReset                         
8005c474  I2CSystemStatusGet                   
8005c3e8  I2CWakeUpDisable                     
8005c35c  I2CWakeUpEnable                      
8006ec18  I2C_0_Buffers                        
8005df08  I2C_0_ISR                            
800641ac  I2C_ClearFailFlag0                   
800641bc  I2C_GetFailFlag0                     
80063fbc  I2C_InterruptConfigure0              
80063fe8  I2C_SendReceiveData0                 
8006419c  I2C_SetFailFlag0                     
80065e00  IRQHandler                           
80064af8  InitCMD                              
80063ccc  Init_ADC                             
80060f88  Init_Audio                           
8005fe70  Init_FRAM                            
8006192c  Init_GPIO                            
80059378  Init_GUI                             
80063f68  Init_I2C                             
80063f74  Init_I2C_Module0                     
8004bc90  Init_LCD                             
80063754  Init_LED                             
800654cc  Init_Modules                         
800663dc  Init_PMIC                            
80065354  Init_Power                           
80063130  Init_RTC                             
8005c65c  Init_SD                              
80060a78  Init_SPI                             
80060c34  Init_SPI_Module0                     
80060a88  Init_SPI_Module1                     
800648f4  Init_Test                            
80064488  Init_Timer2                          
80064500  Init_Timer3                          
80064478  Init_Timers                          
8006148c  Init_UART                            
80064cd0  Init_USB                             
80064cd4  Init_USB0                            
8006346c  Init_WAV                             
800626bc  IntAINTCInit                         
800627f4  IntActiveIrqNumGet                   
8006288c  IntCurrIrqPriorityGet                
800629e4  IntDisable                           
800629fc  IntEnable                            
80062878  IntFuncClkAutoGateSet                
80062864  IntFuncClkFreeRunSet                 
800627e0  IntIfClkAutoGateSet                  
800627cc  IntIfClkFreeRunSet                   
800629cc  IntMasterFIQDisable                  
800629c0  IntMasterFIQEnable                   
800629b4  IntMasterIRQDisable                  
800629a8  IntMasterIRQEnable                   
800629d8  IntMasterStatusGet                   
8006296c  IntPendingIrqMaskedStatusGet         
8006272c  IntPrioritySet                       
8006289c  IntPriorityThresholdGet              
800628ac  IntPriorityThresholdSet              
80062828  IntProtectionDisable                 
80062818  IntProtectionEnable                  
800628cc  IntRawStatusGet                      
80062678  IntRegister                          
8006293c  IntSoftwareIntClear                  
8006290c  IntSoftwareIntSet                    
80062804  IntSpurIrqFlagGet                    
80062850  IntSyncClkAutoGateSet                
8006283c  IntSyncClkFreeRunSet                 
80062798  IntSystemDisable                     
80062764  IntSystemEnable                      
8006269c  IntUnRegister                        
80065980  InternalUSBRegisterTickHandler       
800659b8  InternalUSBStartOfFrameTick          
8006590c  InternalUSBTickInit                  
8004e6d4  LCD_ClearInterruptFlag               
8004e6e4  LCD_GetInterruptFlag                 
8004c870  LCD_IncrementWriteOffset             
8004c014  LCD_Interrupt                        
8004bf24  LCD_InterruptConfigure               
8004bfa4  LCD_InteruptDisable                  
8004bf70  LCD_InteruptEnable                   
8004bfd8  LCD_Reset                            
8004c8ec  LCD_SendRAMAddress                   
8004e6c4  LCD_SetInterruptFlag                 
8004c968  LCD_WaitCoprocessorDone              
8004c8b0  LCD_WriteCommandParameters           
8004c7ec  LCD_cmd                              
8004d934  LCD_cmd_append                       
8004cd10  LCD_cmd_bgcolor                      
8004cae4  LCD_cmd_button                       
8004e0e8  LCD_cmd_calibrate                    
8004cc58  LCD_cmd_clock                        
8004e014  LCD_cmd_coldstart                    
8004d398  LCD_cmd_dial                         
8004cdb4  LCD_cmd_fgcolor                      
8004cec0  LCD_cmd_gauge                        
8004dc68  LCD_cmd_getmatrix                    
8004dd7c  LCD_cmd_getprops                     
8004dd24  LCD_cmd_getptr                       
8004ce50  LCD_cmd_gradcolor                    
8004cf74  LCD_cmd_gradient                     
8004d9a0  LCD_cmd_inflate                      
8004e024  LCD_cmd_interrupt                    
8004d018  LCD_cmd_keys                         
8004dab0  LCD_cmd_loadidentity                 
8004da44  LCD_cmd_loadimage                    
8004e680  LCD_cmd_logo                         
8004de0c  LCD_cmd_mediafifo                    
8004d8ac  LCD_cmd_memcpy                       
8004d688  LCD_cmd_memcrc                       
8004d774  LCD_cmd_memset                       
8004d7f8  LCD_cmd_memwrite                     
8004d708  LCD_cmd_memzero                      
8004d5f4  LCD_cmd_number                       
8004de78  LCD_cmd_playvideo                    
8004d188  LCD_cmd_progress                     
8004e07c  LCD_cmd_regread                      
8004e140  LCD_cmd_romfont                      
8004dbcc  LCD_cmd_rotate                       
8004db60  LCD_cmd_scale                        
8004e49c  LCD_cmd_screensaver                  
8004d234  LCD_cmd_scrollbar                    
8004d59c  LCD_cmd_setbase                      
8004e348  LCD_cmd_setbitmap                    
8004e1ac  LCD_cmd_setfont                      
8004e218  LCD_cmd_setfont2                     
8004dc24  LCD_cmd_setmatrix                    
8004e2f0  LCD_cmd_setrotate                    
8004e298  LCD_cmd_setscratch                   
8004e4e0  LCD_cmd_sketch                       
8004d2ec  LCD_cmd_slider                       
8004e584  LCD_cmd_snapshot                     
8004e5dc  LCD_cmd_snapshot2                    
8004e3d4  LCD_cmd_spinner                      
8004e458  LCD_cmd_stop                         
8004c98c  LCD_cmd_text                         
8004d42c  LCD_cmd_toggle                       
8004df80  LCD_cmd_track                        
8004daf4  LCD_cmd_translate                    
8004df14  LCD_cmd_videoframe                   
8004ded0  LCD_cmd_videostart                   
8004c0a4  LCD_ft810memRead16                   
8004c114  LCD_ft810memRead32                   
8004c050  LCD_ft810memRead8                    
8004c1f4  LCD_ft810memWrite16                  
8004c260  LCD_ft810memWrite32                  
8004c1b4  LCD_ft810memWrite8                   
8004c304  LCD_ft810memWriteBuffer              
8004c814  LCD_host_command                     
8004c4d4  LCD_rd16                             
8004c4ec  LCD_rd32                             
8004c4c0  LCD_rd8                              
8004c6b0  LCD_rd_buffer                        
8004c414  LCD_wr16                             
8004c430  LCD_wr32                             
8004c3f8  LCD_wr8                              
8004c44c  LCD_wr8s                             
8004c500  LCD_wr_buffer                        
80063758  LED_Show                             
800730b8  LastWritePointerAddress              
8006dbd0  MISC_Buffer                          
8005eb24  MISC_CRC_CRC16                       
8005ed48  MISC_Calculate_CRC16                 
8005a1d4  MMCSDAppCmdSend                      
8005a250  MMCSDBusWidthSet                     
8005a5b8  MMCSDCardInit                        
8005a580  MMCSDCardPresent                     
8005a484  MMCSDCardReset                       
8005a524  MMCSDCardTypeCheck                   
8005a1b0  MMCSDCmdSend                         
8005dadc  MMCSDContextRestore                  
8005da68  MMCSDContextSave                     
8005a564  MMCSDCtrlInit                        
8005a59c  MMCSDIntEnable                       
8005ae04  MMCSDReadCmdSend                     
8005a4cc  MMCSDStopCmdSend                     
8005a31c  MMCSDTranSpeedSet                    
8005acac  MMCSDWriteCmdSend                    
80065790  MMUEnable                            
8006563c  MMUInit                              
8006569c  MMUMemRegionMap                      
8006653c  MMU_ConfigAndEnable                  
8005e840  MSC_BCDtoHEX                         
8005e5e0  MSC_BufferCopy                       
8005e720  MSC_DelayNOP                         
8005e694  MSC_DelayUS                          
8005e964  MSC_EndianLong                       
8005e9d0  MSC_EndianLongArray                  
8005e8e4  MSC_EndianShort                      
8005e920  MSC_EndianShortArray                 
8005e78c  MSC_HEXtoBCD                         
8005e658  MSC_LowercaseChar                    
8005ea60  MSC_ReverseByte                      
8005e758  MSC_Round                            
800591f4  McSPI0ModuleClkConfig                
80059098  McSPI1ModuleClkConfig                
80058818  McSPICSAssert                        
80058850  McSPICSDeAssert                      
80058720  McSPICSDisable                       
800586fc  McSPICSEnable                        
80058744  McSPICSPolarityConfig                
800587ac  McSPICSTimeControlSet                
80058b28  McSPIChannelDisable                  
80058af0  McSPIChannelEnable                   
80058fe4  McSPIChannelStatusGet                
800584b4  McSPIClkConfig                       
80058e58  McSPIDMADisable                      
80058e14  McSPIDMAEnable                       
80059054  McSPIFIFODatManagementConfig         
80058cd4  McSPIFIFOTrigLvlSet                  
80058ef4  McSPIInitDelayConfig                 
80058ec8  McSPIIntDisable                      
80058e9c  McSPIIntEnable                       
80058fb0  McSPIIntStatusClear                  
80058f98  McSPIIntStatusGet                    
80058984  McSPIMasterModeConfig                
80058960  McSPIMasterModeEnable                
80059010  McSPIMultipleWordAccessConfig        
80058f6c  McSPIReceiveData                     
80058b60  McSPIReset                           
80058c6c  McSPIRxFIFOConfig                    
80058928  McSPIStartBitDisable                 
80058888  McSPIStartBitEnable                  
800588c0  McSPIStartBitPolarityConfig          
80058f38  McSPITransmitData                    
80058bcc  McSPITurboModeDisable                
80058b94  McSPITurboModeEnable                 
80058c04  McSPITxFIFOConfig                    
80058dd4  McSPIWordCountSet                    
80058694  McSPIWordLengthSet                   
80072fc3  NumCommand                           
800663fc  PMIC_ReadRegister                    
8006643c  PMIC_WriteRegister                   
80065360  PWR_ReadVoltages                     
8006ec69  PreviousPreviousScreen               
8006ec6a  PreviousScreen                       
8007306a  RAM_CMD_Offset                       
80056d00  RTC32KClkClockControl                
80056c9c  RTC32KClkSourceSelect                
80057040  RTCAlarm2CalendarSet                 
80056fb4  RTCAlarm2IntStatusClear              
80056f98  RTCAlarm2IntStatusGet                
80056fd8  RTCAlarm2TimeSet                     
800569e8  RTCAlarmCalendarGet                  
80056988  RTCAlarmCalendarSet                  
800568cc  RTCAlarmDayOfMonthGet                
80056898  RTCAlarmDayOfMonthSet                
800566f8  RTCAlarmHourGet                      
80056754  RTCAlarmHourMeridiemGet              
80056714  RTCAlarmHourMeridiemSet              
800566c4  RTCAlarmHourSet                      
80055d5c  RTCAlarmIntStatusClear               
80055d40  RTCAlarmIntStatusGet                 
800566a8  RTCAlarmMinuteGet                    
80056674  RTCAlarmMinuteSet                    
8005691c  RTCAlarmMonthGet                     
800568e8  RTCAlarmMonthSet                     
80056658  RTCAlarmSecondGet                    
80056624  RTCAlarmSecondSet                    
800567d8  RTCAlarmTimeGet                      
80056770  RTCAlarmTimeSet                      
8005696c  RTCAlarmYearGet                      
80056938  RTCAlarmYearSet                      
80055e78  RTCAutoCompDisable                   
80055e34  RTCAutoCompEnable                    
80055d08  RTCBusyStatusGet                     
800565ac  RTCCalendarGet                       
8005653c  RTCCalendarSet                       
80056a8c  RTCCompensationGet                   
80056a48  RTCCompensationSet                   
80056e70  RTCConfigPmicExtWake                 
80056ec8  RTCConfigPmicExtWakeDebounce         
80056e10  RTCConfigPmicExtWakePolarity         
80056dcc  RTCConfigPmicPowerEnable             
800562e4  RTCDayOfMonthGet                     
800562b0  RTCDayOfMonthSet                     
800563d4  RTCDayOfTheWeekGet                   
800563a0  RTCDayOfTheWeekSet                   
80056054  RTCDisable                           
80056098  RTCEnable                            
80056100  RTCEnableStatus                      
80055d80  RTCEventUpdateGet                    
80056d88  RTCFeedbackResistanceSelect          
80056238  RTCHourGet                           
80055f50  RTCHourModeGet                       
80055ecc  RTCHourModeSet                       
80056204  RTCHourSet                           
80056b84  RTCIdleModeConfigure                 
80056f64  RTCIntAlarm2Enable                   
80055c4c  RTCIntAlarmDisable                   
80055c18  RTCIntAlarmEnable                    
80055cd4  RTCIntTimerDisable                   
80055c80  RTCIntTimerEnable                    
80056294  RTCMeridiemGet                       
80056254  RTCMeridiemSet                       
80055de0  RTCMinRoundingDisable                
80055d9c  RTCMinRoundingEnable                 
800561e8  RTCMinuteGet                         
800561b4  RTCMinuteSet                         
80056334  RTCMonthGet                          
80056300  RTCMonthSet                          
80056d44  RTCOscillatorStateControl            
80056f28  RTCPmicExtWakeStatusClear            
80056b6c  RTCRevisionIDGet                     
80055b20  RTCRun                               
80055d24  RTCRunStatusGet                      
80056b10  RTCScratchPadGet                     
80056ad0  RTCScratchPadSet                     
80056198  RTCSecondGet                         
80056164  RTCSecondSet                         
80055fd8  RTCSet32CounterDisable               
80055f6c  RTCSet32CounterEnable                
80056b48  RTCSoftwareReset                     
80056140  RTCSplitPwrDisable                   
8005611c  RTCSplitPwrEnable                    
80055b64  RTCStop                              
80056c58  RTCTestModeControl                   
8005648c  RTCTimeGet                           
800563f0  RTCTimeSet                           
80056bd0  RTCWakeUpAlarmEventControl           
80056c14  RTCWakeUpTimerEventControl           
80055bf0  RTCWriteProtectDisable               
80055bc8  RTCWriteProtectEnable                
80056384  RTCYearGet                           
80056350  RTCYearSet                           
800631dc  RTC_ClearFlag                        
800631ec  RTC_GetFlag                          
800632dc  RTC_GetTimeDate                      
8005def4  RTC_ISR                              
800631a0  RTC_InterruptConfigure               
800633b8  RTC_ModuleClkConfig                  
800631cc  RTC_SetFlag                          
800631f8  RTC_SetTimeDate                      
8006ec6b  Result                               
800570a0  RtcVersionGet                        
8005e4a8  SD_0_ISR                             
8005d014  SD_ClearCardActionFlag               
8005d068  SD_ClearInitialized                  
8005cd60  SD_DMA_Callback                      
8005cd8c  SD_DMA_ConfigureInterrupt            
8005ce18  SD_DMA_HSMMCSD                       
8005e17c  SD_DMA_ISR_EDMA3Complete             
8005e26c  SD_DMA_ISR_EDMA3Error                
8005ce00  SD_DMA_Init                          
8005c8b0  SD_DiskIOCTL                         
8005c708  SD_DiskInitialize                    
8005c7d0  SD_DiskRead                          
8005c7bc  SD_DiskStatus                        
8005c840  SD_DiskWrite                         
8005d024  SD_GetCardActionFlag                 
8005d04c  SD_GetCardStatus                     
8005c8cc  SD_GetFatTime                        
8005c960  SD_HSMMCSDCmdStatusGet               
8005ce74  SD_HSMMCSDControllerSetup            
8005cf98  SD_HSMMCSDFsMount                    
8005cb04  SD_HSMMCSDRxDmaConfig                
8005cbf0  SD_HSMMCSDTxDmaConfig                
8005ccdc  SD_HSMMCSDXferSetup                  
8005c9fc  SD_HSMMCSDXferStatusGet              
8005c68c  SD_IsCardInserted                    
8005d078  SD_IsInitialized                     
8005c6b0  SD_ReInitialize                      
8005d004  SD_SetCardActionFlag                 
8005d030  SD_SetCardStatus                     
8005d058  SD_SetInitialized                    
80073048  SD_callbackOccured                   
UNDEFED   SHT$$INIT_ARRAY$$Base                
UNDEFED   SHT$$INIT_ARRAY$$Limit               
8005e0fc  SPI_1_ISR                            
80060d44  SPI_INTCConfigure1                   
80060e28  SPI_ReadWriteByte0                   
80060e84  SPI_ReadWriteByte1                   
80060d70  SPI_WriteByte0                       
80060dcc  SPI_WriteByte1                       
80060ee0  SPI_WriteByteNoRx0                   
80060f14  SPI_WriteByteNoRx1                   
80065dd8  SVC_Handler                          
8007292c  Screens                              
80064944  TEST_Setpoint1                       
80064980  TEST_Setpoint2                       
800649bc  TEST_Setpoint3                       
800649f8  TEST_Togglepoint1                    
80064a48  TEST_Togglepoint2                    
80064a98  TEST_Togglepoint3                    
8005ddd8  TMR_2_ISR                            
8005debc  TMR_3_ISR                            
800730c4  TMR_AudioPlaybackTimer               
800730c8  TMR_BacklightTimer                   
8006456c  TMR_CalculateReload                  
80064694  TMR_ClearMISCTimerFlag               
800646a4  TMR_GetMISCTimerFlag                 
80064610  TMR_GetNewScreenTagTimerEnabled      
800645b8  TMR_InterruptConfigure2              
800645e4  TMR_InterruptConfigure3              
800730c0  TMR_NewScreenTagTimer                
80064664  TMR_ResetAudioPlaybackTimer          
80064674  TMR_ResetBacklightTimer              
80064654  TMR_ResetNewScreenTagTimer           
80064684  TMR_SetMISCTimerFlag                 
8006461c  TMR_SetNewScreenTagTimerEnabled      
80057414  TSCADCBiasConfig                     
80057b58  TSCADCChargeStepAnalogGroundConfig   
80057ab8  TSCADCChargeStepAnalogSupplyConfig   
800579ec  TSCADCChargeStepConfig               
800579a0  TSCADCChargeStepOperationModeControl 
800572b8  TSCADCConfigHWEventPrempt            
8005760c  TSCADCConfigureAFEClock              
8005765c  TSCADCConfigureMisc                  
800576cc  TSCADCConfigureStepEnable            
80057260  TSCADCDMAFIFODisable                 
80057230  TSCADCDMAFIFOEnable                  
800571f0  TSCADCEventInterruptDisable          
800571c4  TSCADCEventInterruptEnable           
800581bc  TSCADCFIFOADCDataRead                
80058190  TSCADCFIFOChannelIDRead              
80058248  TSCADCFIFODMAThresholdLevelConfig    
80058210  TSCADCFIFOIRQThresholdLevelConfig    
800581e4  TSCADCFIFOWordCountRead              
800570a8  TSCADCGetRevision                    
800572f8  TSCADCHWEventMapSet                  
800570c0  TSCADCIdleModeSet                    
800578d4  TSCADCIdleStepAnalogGroundConfig     
80057834  TSCADCIdleStepAnalogSupplyConfig     
80057768  TSCADCIdleStepConfig                 
8005771c  TSCADCIdleStepOperationModeControl   
800571ac  TSCADCIntStatus                      
80057168  TSCADCIntStatusClear                 
80057188  TSCADCIntStatusRead                  
80057290  TSCADCIsDMAFIFOEnabled               
80058280  TSCADCModuleClkConfig                
800574dc  TSCADCModuleStateSet                 
8005759c  TSCADCOutputRangeConfig              
80057150  TSCADCRawIntStatus                   
8005712c  TSCADCRawIntStatusRead               
80057100  TSCADCRawIntStatusSet                
80057580  TSCADCSequencerCurrentStepID         
80057560  TSCADCSequencerFSMBusyStatus         
8005751c  TSCADCSequencerPenIrqStatusRead      
800573b8  TSCADCSetADCPowerDown                
800573f0  TSCADCSetADCPowerUp                  
80057478  TSCADCStepConfigProtectionDisable    
80057454  TSCADCStepConfigProtectionEnable     
8005749c  TSCADCStepIDTagConfig                
80057c24  TSCADCTSChargeStepOpenDelayConfig    
80057378  TSCADCTSModeConfig                   
80057e80  TSCADCTSStepAnalogGroundConfig       
80057db0  TSCADCTSStepAnalogSupplyConfig       
80058040  TSCADCTSStepAverageConfig            
80057ca4  TSCADCTSStepConfig                   
80057fec  TSCADCTSStepFIFOSelConfig            
80058094  TSCADCTSStepModeConfig               
8005813c  TSCADCTSStepOpenDelayConfig          
80057c44  TSCADCTSStepOperationModeControl     
80057fbc  TSCADCTSStepOutOfRangeCheckDisable   
80057f8c  TSCADCTSStepOutOfRangeCheckEnable    
800580e8  TSCADCTSStepSampleDelayConfig        
80057338  TSCADCTSTransistorConfig             
80057210  TSCADCWakeUpPenEventConfig           
80051fa0  UARTAutoIdleModeControl              
80051d4c  UARTAutoRTSAutoCTSControl            
80052488  UARTAutobaudParityGet                
80052520  UARTAutobaudSpeedGet                 
800524d4  UARTAutobaudWordLenGet               
80050ce8  UARTBreakCtl                         
80051a28  UARTCharGet                          
800519d0  UARTCharGetNonBlocking               
80051a80  UARTCharGetTimeout                   
80051b10  UARTCharPut                          
80051964  UARTCharPutNonBlocking               
80051910  UARTCharsAvail                       
800523f8  UARTDMACounterResetControl           
80051224  UARTDMADisable                       
800511c8  UARTDMAEnable                        
80052310  UARTDSRInterruptControl              
80050c2c  UARTDivisorLatchDisable              
80050c08  UARTDivisorLatchEnable               
80050a84  UARTDivisorLatchWrite                
800509c0  UARTDivisorValCompute                
80051348  UARTEnhanFuncBitValRestore           
800512e8  UARTEnhanFuncEnable                  
80051b84  UARTFIFOCharGet                      
80051b64  UARTFIFOCharPut                      
80050e04  UARTFIFOConfig                       
80051cf8  UARTFIFOEnableStatusGet              
8005125c  UARTFIFORegisterWrite                
800522ac  UARTFIFOTrigLvlGranControl           
80051ba0  UARTFIFOWrite                        
80051fe4  UARTFlowCtrlTrigLvlConfig            
80051f18  UARTIdleModeConfigure                
800517f4  UARTIntDisable                       
80051710  UARTIntEnable                        
80051c58  UARTIntIdentityGet                   
80051ca4  UARTIntPendingStatusGet              
80050d2c  UARTLineCharacConfig                 
80052158  UARTLoopbackModeControl              
800521cc  UARTModemControlClear                
8005219c  UARTModemControlSet                  
80052218  UARTModemStatusChangeCheck           
800521fc  UARTModemStatusGet                   
80051ee4  UARTModuleReset                      
800525cc  UARTModuleVersionNumberGet           
80050960  UARTOperatingModeSelect              
80050de8  UARTParityModeGet                    
80050da4  UARTParityModeSet                    
80051ea0  UARTPulseShapingControl              
800523dc  UARTRXCTSDSRTransitionStatusGet      
80052398  UARTRXCTSDSRWakeUpConfigure          
80050cc8  UARTRegConfModeRestore               
80050c50  UARTRegConfigModeEnable              
80052234  UARTResumeOperation                  
80051c0c  UARTRxErrorGet                       
80052470  UARTRxFIFOLevelGet                   
800525b0  UARTScratchPadRegRead                
8005256c  UARTScratchPadRegWrite               
80051e3c  UARTSoftwareFlowCtrlOptSet           
800518bc  UARTSpaceAvail                       
80051dd8  UARTSpecialCharDetectControl         
800513ac  UARTSubConfigMSRSPRModeEn            
80051484  UARTSubConfigTCRTLRModeEn            
8005155c  UARTSubConfigXOFFModeEn              
80051634  UARTTCRTLRBitValRestore              
800525e8  UARTTxDMAThresholdControl            
8005262c  UARTTxDMAThresholdValConfig          
80052354  UARTTxEmptyIntControl                
8005243c  UARTTxFIFOFullStatusGet              
80052458  UARTTxFIFOLevelGet                   
80051f5c  UARTWakeUpControl                    
8005227c  UARTWakeUpEventsDisable              
8005224c  UARTWakeUpEventsEnable               
80052034  UARTXON1XOFF1ValProgram              
80052064  UARTXON2XOFF2ValProgram              
80052094  UARTXONAnyFeatureControl             
8005dc38  UART_0_ISR                           
800616d4  UART_AddToRXBuffer                   
80061804  UART_AddToTXBuffer                   
800615e0  UART_BaudRateSet                     
8006165c  UART_Configure                       
800615bc  UART_FIFOConfigure                   
800618b0  UART_GetTXInterruptStatus            
800616a8  UART_InterruptConfigure0             
80061618  UART_LineCharacSet                   
800614dc  UART_Module0ClkConfig                
80061538  UART_PrintBuffer                     
80061524  UART_PrintChar                       
80061584  UART_PrintString                     
8006c830  UART_RX_buffer                       
800730d8  UART_RX_place                        
800730dc  UART_TX_add                          
8006d000  UART_TX_buffer                       
800730e0  UART_TX_remove                       
8004bbac  USB0ModuleClkConfig                  
8004bc28  USBClearInt                          
8004bb90  USBClearOtgIntr                      
800607b0  USBDCDConfigDescGet                  
80060724  USBDCDConfigDescGetNum               
800606bc  USBDCDConfigDescGetSize              
8006094c  USBDCDConfigGetInterface             
800609a4  USBDCDConfigGetInterfaceEndpoint     
800608b0  USBDCDConfigGetNumAlternateInterfaces
8004e6f8  USBDCDInit                           
8004ec44  USBDCDPowerStatusSet                 
8004ecac  USBDCDRemoteWakeupRequest            
8004eaf8  USBDCDRequestDataEP0                 
8004eb70  USBDCDSendDataEP0                    
8004ebd4  USBDCDSetDefaultConfiguration        
8004ec00  USBDCDStallEP0                       
8004e9dc  USBDCDTerm                           
80048bc4  USBDMSCCompositeInit                 
80048b90  USBDMSCInit                          
8004856c  USBDMSCMediaChange                   
80065fd8  USBDMSCStorageClose                  
8006606c  USBDMSCStorageNumBlocks              
80065fb8  USBDMSCStorageOpen                   
80065ff4  USBDMSCStorageRead                   
80066030  USBDMSCStorageWrite                  
80048ed4  USBDMSCTerm                          
80049b70  USBDSCSICommand                      
80062e7c  USBDescGet                           
800630a0  USBDescGetInterface                  
800630ec  USBDescGetInterfaceEndpoint          
80062dd0  USBDescGetNum                        
80062f44  USBDescGetNumAlternateInterfaces     
8004a7a0  USBDevAddrGet                        
8004a780  USBDevAddrSet                        
8004a738  USBDevConnect                        
8004a75c  USBDevDisconnect                     
8004aba0  USBDevEndpointConfigGet              
8004aa20  USBDevEndpointConfigSet              
8004b108  USBDevEndpointDataAck                
8004a5d8  USBDevEndpointStall                  
8004a668  USBDevEndpointStallClear             
8004a370  USBDevEndpointStatusClear            
8005f084  USBDeviceConfig                      
8005f524  USBDeviceConfigAlternate             
8004ef6c  USBDeviceEnumHandler                 
8004f1e4  USBDeviceEnumResetHandler            
800506a4  USBDeviceIntHandlerInternal          
8004ed48  USBDeviceResumeTickHandler           
8004b604  USBDmaTxChDisable                    
8004b65c  USBDmaTxChTeardown                   
8004bbf4  USBEnableInt                         
8004bb14  USBEnableOtgIntr                     
8004baac  USBEndpointDMAChannel                
8004af28  USBEndpointDMADisable                
8004aec0  USBEndpointDMAEnable                 
8004af90  USBEndpointDataAvail                 
8004affc  USBEndpointDataGet                   
8004b1d0  USBEndpointDataPut                   
8004b280  USBEndpointDataSend                  
8004a570  USBEndpointDataToggleClear           
8004a294  USBEndpointStatus                    
8004ba6c  USBFIFOAddrGet                       
8004ae08  USBFIFOConfigGet                     
8004ad50  USBFIFOConfigSet                     
8004b2f8  USBFIFOFlush                         
8004ba08  USBFrameNumberGet                    
8004b848  USBHostAddrGet                       
8004b7f4  USBHostAddrSet                       
8004b4b0  USBHostAutoReqClear                  
8004b45c  USBHostAutoReqSet                    
8004a7b8  USBHostEndpointConfig                
8004b174  USBHostEndpointDataAck               
8004a454  USBHostEndpointDataToggle            
8004a2e4  USBHostEndpointStatusClear           
8004b8e4  USBHostHubAddrGet                    
8004b890  USBHostHubAddrSet                    
8004b92c  USBHostPwrConfig                     
8004b9e4  USBHostPwrDisable                    
8004b9c0  USBHostPwrEnable                     
8004b99c  USBHostPwrFaultDisable               
8004b978  USBHostPwrFaultEnable                
8004b3bc  USBHostRequestIN                     
8004b408  USBHostRequestINClear                
8004b7d8  USBHostRequestStatus                 
80049f1c  USBHostReset                         
80049f74  USBHostResume                        
80049fd0  USBHostSpeedGet                      
80049ef4  USBHostSuspend                       
8004b6f4  USBHostTxFifoFlush                   
8004a02c  USBIntDisableControl                 
8004a184  USBIntDisableEndpoint                
8004a098  USBIntEnableControl                  
8004a1e0  USBIntEnableEndpoint                 
8004a260  USBIntRegister                       
8004a100  USBIntStatusControl                  
8004a22c  USBIntStatusEndpoint                 
8004a284  USBIntUnregister                     
8004ba90  USBModeGet                           
8004bc4c  USBModuleClkDisable                  
8004bc38  USBModuleClkEnable                   
8004ba20  USBOTGSessionRequest                 
8004bb4c  USBReset                             
8004b504  USBRxChAbort                         
8004bba4  USBVersionGet                        
8005e100  USB_0_ISR                            
80064e68  USB_ClearUSBMSCFlag0                 
80064e3c  USB_ClearUSBStatusFlag0              
80064d58  USB_DMSCEventCallback0               
80064de8  USB_GetMSCState0                     
80064e78  USB_GetUSBMSCFlag0                   
80064e20  USB_GetUSBStatus0                    
80064e4c  USB_GetUSBStatusFlag0                
80064d00  USB_InterruptConfigure0              
80064d2c  USB_InterruptEnable0                 
80064dcc  USB_SetMSCState0                     
80064e58  USB_SetUSBMSCFlag0                   
80064df4  USB_SetUSBStatus0                    
80064e2c  USB_SetUSBStatusFlag0                
80065eb0  UndefInstHandler                     
800662c4  UsbPhyOff                            
8006625c  UsbPhyOn                             
8006eac8  Voltage                              
800634c4  WAV_CalculateHeader                  
80072f60  WAV_Files                            
8006ec70  WAV_PostComplete                     
80066c14  _Dclass                              
80072ee0  _Denorm                              
800657ac  _Dnorm                               
80064e9c  _Dscale                              
80066324  _Dunscale                            
80072ef0  _Eps                                 
80072edc  _Errno                               
80073104  _Fenv                                
80066b50  _Feraise                             
80072f00  _Hugeval                             
80072f10  _Inf                                 
80072f20  _Nan                                 
80072f40  _Rteps                               
80072f30  _Snan                                
80073108  _Tls_setup__Fenv                     
80072f50  _Xbig                                
80072f58  _Zero                                
87fffff8  __STACK_END                          
00000008  __STACK_SIZE                         
UNDEFED   __TI_CINIT_Base                      
UNDEFED   __TI_CINIT_Limit                     
UNDEFED   __TI_Handler_Table_Base              
UNDEFED   __TI_Handler_Table_Limit             
8006668c  __TI_auto_init                       
80053be4  __TI_printfi                         
80000000  __TI_static_base__                   
8006609c  __aeabi_cdcmpeq                      
8006609c  __aeabi_cdcmple                      
8006617c  __aeabi_cdrcmple                     
800669f4  __aeabi_d2iz                         
80066a50  __aeabi_d2uiz                        
800646ec  __aeabi_dadd                         
80065044  __aeabi_ddiv                         
80065b80  __aeabi_dmul                         
800646e0  __aeabi_dsub                         
80066bd8  __aeabi_i2d                          
80065ca8  __aeabi_idiv                         
80066d74  __aeabi_idiv0                        
80065ca8  __aeabi_idivmod                      
80066d28  __aeabi_llsr                         
8006648c  __aeabi_memclr                       
8006648c  __aeabi_memclr4                      
8006648c  __aeabi_memclr8                      
800651d4  __aeabi_memcpy                       
800651d4  __aeabi_memcpy4                      
800651d4  __aeabi_memcpy8                      
80066490  __aeabi_memset                       
80066490  __aeabi_memset4                      
80066490  __aeabi_memset8                      
80066c4c  __aeabi_ui2d                         
80065ec8  __aeabi_uidiv                        
80065ec8  __aeabi_uidivmod                     
80063a14  __aeabi_uldivmod                     
ffffffff  __binit__                            
ffffffff  __c_args__                           
87fffff0  __stack                              
80042a82  _ctypes_                             
800730fc  _lock                                
80066d1c  _nop                                 
80066d10  _register_lock                       
80066d04  _register_unlock                     
80073100  _unlock                              
80066730  atoi                                 
ffffffff  binit                                
8006ec6c  bss_end                              
80068000  bss_start                            
8006e880  cb_Fxn                               
80073054  cmdCompFlag                          
80073058  cmdTimeout                           
800667b4  copy_in                              
8006ea28  ctrlInfo                             
80073050  dataTimeout                          
8006eb38  dummy                                
800730ec  epStatus                             
8007305c  errFlag                              
80047380  f_close                              
80047920  f_closedir                           
80047ac4  f_getfree                            
800473e0  f_lseek                              
80048064  f_mkdir                              
800465ac  f_mount                              
80046678  f_open                               
800477e8  f_opendir                            
80046988  f_read                               
80047958  f_readdir                            
80048350  f_rename                             
80047a28  f_stat                               
80047234  f_sync                               
80047d00  f_truncate                           
80047ed4  f_unlink                             
80046d88  f_write                              
8006ec00  fat_devices                          
80066aac  feraiseexcept                        
800641f8  ff_convert                           
800642bc  ff_wtoupper                          
8006e680  fnRAMVectors                         
80066c80  frexp                                
8007302a  gDMAflag                             
8006eb08  g_USBInstance                        
800730f0  g_bUSBTimerInitialized               
80073014  g_bytesRead                          
80073018  g_bytesWritten                       
80043098  g_pConfigString                      
800430f1  g_pDataInterfaceString               
8004317c  g_pLangDescriptor                    
8004315c  g_pMSCConfigDescriptors              
800430da  g_pMSCInterface                      
80043030  g_pManufacturerString                
80043119  g_pProductString                     
80043180  g_pSerialNumberString                
80043164  g_pStringDescriptors                 
8006ec34  g_pfTickHandlers                     
80073038  g_psMSCSections                      
8006e980  g_psUSBDevice                        
8006eb80  g_pucCommand                         
8006ec40  g_pvTickInstance                     
80073064  g_sCState                            
8006eb3c  g_sDriveInformation                  
80043154  g_sMSCConfigHeader                   
80043144  g_sMSCConfigSection                  
80042fb0  g_sMSCDevice                         
80072fc4  g_sMSCDeviceInfo                     
8006c000  g_sMSCInstance                       
8004314c  g_sMSCInterfaceSection               
80073060  g_sPState                            
80042e8c  g_sUSBDefaultFIFOConfig              
800730f4  g_ulCurrentUSBTick                   
800730f8  g_ulUSBSOFCount                      
8005babc  gpioContextRestore                   
8005ba78  gpioContextSave                      
80073010  intStatus                            
800668b8  ldexp                                
80066838  ltoa                                 
8006224c  main                                 
80066cb0  memccpy                              
800651d4  memcpy                               
8006649c  memset                               
8006ec58  p_CurrentScreen                      
8006ec5c  p_CurrentWAVFile                     
8006ec60  p_PreviousScreen                     
80066b04  raise                                
8006ec64  regionId                             
80073044  sdBlkSize                            
8006ea78  sdCard                               
80066930  signal                               
800665e4  sprintf                              
80066bc0  start_boot                           
80066cdc  strchr                               
80066d4c  strlen                               
800730e8  ulStatus                             
8007304c  xferCompFlag                         


GLOBAL SYMBOLS: SORTED BY Symbol Address 

address   name                                 
-------   ----                                 
00000008  __STACK_SIZE                         
80000000  Entry                                
80000000  __TI_static_base__                   
800000d0  BITMAP_CharlieBeach                  
8003fcd0  BITMAP_TVRemote                      
80042a82  _ctypes_                             
80042c84  BITMAP_SD_Card_Symbol                
80042e8c  g_sUSBDefaultFIFOConfig              
80042f04  BITMAP_USB_Symbol                    
80042fb0  g_sMSCDevice                         
80043030  g_pManufacturerString                
80043098  g_pConfigString                      
800430da  g_pMSCInterface                      
800430f1  g_pDataInterfaceString               
80043119  g_pProductString                     
80043144  g_sMSCConfigSection                  
8004314c  g_sMSCInterfaceSection               
80043154  g_sMSCConfigHeader                   
8004315c  g_pMSCConfigDescriptors              
80043164  g_pStringDescriptors                 
8004317c  g_pLangDescriptor                    
80043180  g_pSerialNumberString                
80043194  Commands                             
800431b4  HEADER_CharlieBeach                  
800431c0  HEADER_SD_Card_Symbol                
800431cc  HEADER_TVRemote                      
800431d8  HEADER_USB_Symbol                    
800465ac  f_mount                              
80046678  f_open                               
80046988  f_read                               
80046d88  f_write                              
80047234  f_sync                               
80047380  f_close                              
800473e0  f_lseek                              
800477e8  f_opendir                            
80047920  f_closedir                           
80047958  f_readdir                            
80047a28  f_stat                               
80047ac4  f_getfree                            
80047d00  f_truncate                           
80047ed4  f_unlink                             
80048064  f_mkdir                              
80048350  f_rename                             
8004856c  USBDMSCMediaChange                   
80048b90  USBDMSCInit                          
80048bc4  USBDMSCCompositeInit                 
80048ed4  USBDMSCTerm                          
80049b70  USBDSCSICommand                      
80049ef4  USBHostSuspend                       
80049f1c  USBHostReset                         
80049f74  USBHostResume                        
80049fd0  USBHostSpeedGet                      
8004a02c  USBIntDisableControl                 
8004a098  USBIntEnableControl                  
8004a100  USBIntStatusControl                  
8004a184  USBIntDisableEndpoint                
8004a1e0  USBIntEnableEndpoint                 
8004a22c  USBIntStatusEndpoint                 
8004a260  USBIntRegister                       
8004a284  USBIntUnregister                     
8004a294  USBEndpointStatus                    
8004a2e4  USBHostEndpointStatusClear           
8004a370  USBDevEndpointStatusClear            
8004a454  USBHostEndpointDataToggle            
8004a570  USBEndpointDataToggleClear           
8004a5d8  USBDevEndpointStall                  
8004a668  USBDevEndpointStallClear             
8004a738  USBDevConnect                        
8004a75c  USBDevDisconnect                     
8004a780  USBDevAddrSet                        
8004a7a0  USBDevAddrGet                        
8004a7b8  USBHostEndpointConfig                
8004aa20  USBDevEndpointConfigSet              
8004aba0  USBDevEndpointConfigGet              
8004ad50  USBFIFOConfigSet                     
8004ae08  USBFIFOConfigGet                     
8004aec0  USBEndpointDMAEnable                 
8004af28  USBEndpointDMADisable                
8004af90  USBEndpointDataAvail                 
8004affc  USBEndpointDataGet                   
8004b108  USBDevEndpointDataAck                
8004b174  USBHostEndpointDataAck               
8004b1d0  USBEndpointDataPut                   
8004b280  USBEndpointDataSend                  
8004b2f8  USBFIFOFlush                         
8004b3bc  USBHostRequestIN                     
8004b408  USBHostRequestINClear                
8004b45c  USBHostAutoReqSet                    
8004b4b0  USBHostAutoReqClear                  
8004b504  USBRxChAbort                         
8004b604  USBDmaTxChDisable                    
8004b65c  USBDmaTxChTeardown                   
8004b6f4  USBHostTxFifoFlush                   
8004b7d8  USBHostRequestStatus                 
8004b7f4  USBHostAddrSet                       
8004b848  USBHostAddrGet                       
8004b890  USBHostHubAddrSet                    
8004b8e4  USBHostHubAddrGet                    
8004b92c  USBHostPwrConfig                     
8004b978  USBHostPwrFaultEnable                
8004b99c  USBHostPwrFaultDisable               
8004b9c0  USBHostPwrEnable                     
8004b9e4  USBHostPwrDisable                    
8004ba08  USBFrameNumberGet                    
8004ba20  USBOTGSessionRequest                 
8004ba6c  USBFIFOAddrGet                       
8004ba90  USBModeGet                           
8004baac  USBEndpointDMAChannel                
8004bb14  USBEnableOtgIntr                     
8004bb4c  USBReset                             
8004bb90  USBClearOtgIntr                      
8004bba4  USBVersionGet                        
8004bbac  USB0ModuleClkConfig                  
8004bbf4  USBEnableInt                         
8004bc28  USBClearInt                          
8004bc38  USBModuleClkEnable                   
8004bc4c  USBModuleClkDisable                  
8004bc90  Init_LCD                             
8004bf24  LCD_InterruptConfigure               
8004bf70  LCD_InteruptEnable                   
8004bfa4  LCD_InteruptDisable                  
8004bfd8  LCD_Reset                            
8004c014  LCD_Interrupt                        
8004c050  LCD_ft810memRead8                    
8004c0a4  LCD_ft810memRead16                   
8004c114  LCD_ft810memRead32                   
8004c1b4  LCD_ft810memWrite8                   
8004c1f4  LCD_ft810memWrite16                  
8004c260  LCD_ft810memWrite32                  
8004c304  LCD_ft810memWriteBuffer              
8004c3f8  LCD_wr8                              
8004c414  LCD_wr16                             
8004c430  LCD_wr32                             
8004c44c  LCD_wr8s                             
8004c4c0  LCD_rd8                              
8004c4d4  LCD_rd16                             
8004c4ec  LCD_rd32                             
8004c500  LCD_wr_buffer                        
8004c6b0  LCD_rd_buffer                        
8004c7ec  LCD_cmd                              
8004c814  LCD_host_command                     
8004c870  LCD_IncrementWriteOffset             
8004c8b0  LCD_WriteCommandParameters           
8004c8ec  LCD_SendRAMAddress                   
8004c968  LCD_WaitCoprocessorDone              
8004c98c  LCD_cmd_text                         
8004cae4  LCD_cmd_button                       
8004cc58  LCD_cmd_clock                        
8004cd10  LCD_cmd_bgcolor                      
8004cdb4  LCD_cmd_fgcolor                      
8004ce50  LCD_cmd_gradcolor                    
8004cec0  LCD_cmd_gauge                        
8004cf74  LCD_cmd_gradient                     
8004d018  LCD_cmd_keys                         
8004d188  LCD_cmd_progress                     
8004d234  LCD_cmd_scrollbar                    
8004d2ec  LCD_cmd_slider                       
8004d398  LCD_cmd_dial                         
8004d42c  LCD_cmd_toggle                       
8004d59c  LCD_cmd_setbase                      
8004d5f4  LCD_cmd_number                       
8004d688  LCD_cmd_memcrc                       
8004d708  LCD_cmd_memzero                      
8004d774  LCD_cmd_memset                       
8004d7f8  LCD_cmd_memwrite                     
8004d8ac  LCD_cmd_memcpy                       
8004d934  LCD_cmd_append                       
8004d9a0  LCD_cmd_inflate                      
8004da44  LCD_cmd_loadimage                    
8004dab0  LCD_cmd_loadidentity                 
8004daf4  LCD_cmd_translate                    
8004db60  LCD_cmd_scale                        
8004dbcc  LCD_cmd_rotate                       
8004dc24  LCD_cmd_setmatrix                    
8004dc68  LCD_cmd_getmatrix                    
8004dd24  LCD_cmd_getptr                       
8004dd7c  LCD_cmd_getprops                     
8004de0c  LCD_cmd_mediafifo                    
[...]
8005fb00  DMTimerTriggerSet                    
8005fb38  DMTimerIntEnableGet                  
8005fb50  DMTimerResetConfigure                
8005fb94  DMTimerReset                         
8005fbc8  DMTimerContextSave                   
8005fc48  DMTimerContextRestore                
8005fd28  DMTimerPostedModeConfig              
8005fd6c  DMTimerWritePostedStatusGet          
8005fd84  DMTimer2ModuleClkConfig              
8005fdf0  DMTimer3ModuleClkConfig              
8005fe70  Init_FRAM                            
8005ff70  FRAM_LoadSettings                    
8005ff8c  FRAM_SaveSettings                    
8005ffb8  FRAM_WriteEnable                     
8005fff4  FRAM_WriteDisable                    
80060030  FRAM_WriteStatusRegister             
80060074  FRAM_ReadStatusRegister              
800600b4  FRAM_WriteMemory                     
800601a0  FRAM_ReadMemory                      
8006028c  FRAM_WriteRead                       
80060380  FRAM_WriteProtect                    
800603bc  FRAM_Hold                            
800603f8  FRAM_CalculateCRC                    
80060410  FRAM_LoadDefaultSettings             
8006048c  FRAM_Test                            
800606bc  USBDCDConfigDescGetSize              
80060724  USBDCDConfigDescGetNum               
800607b0  USBDCDConfigDescGet                  
800608b0  USBDCDConfigGetNumAlternateInterfaces
8006094c  USBDCDConfigGetInterface             
800609a4  USBDCDConfigGetInterfaceEndpoint     
80060a78  Init_SPI                             
80060a88  Init_SPI_Module1                     
80060c34  Init_SPI_Module0                     
80060d44  SPI_INTCConfigure1                   
80060d70  SPI_WriteByte0                       
80060dcc  SPI_WriteByte1                       
80060e28  SPI_ReadWriteByte0                   
80060e84  SPI_ReadWriteByte1                   
80060ee0  SPI_WriteByteNoRx0                   
80060f14  SPI_WriteByteNoRx1                   
80060f88  Init_Audio                           
80060f8c  AUD_PlayWAV                          
80061054  AUD_StopWAV                          
80061080  AUD_SetPlayingFlag                   
80061090  AUD_ClearPlayingFlag                 
800610a0  AUD_GetPlayingFlag                   
800610ac  AUD_TransferWAVToRAMG                
80061310  AUD_SetPlaybackFinishedFlag          
80061320  AUD_ClearPlaybackFinishedFlag        
8006133c  AUD_GetPlaybackFinishedFlag          
80061348  AUD_SetTimoutFlag                    
80061358  AUD_ClearTimoutFlag                  
80061368  AUD_GetTimoutFlag                    
80061374  AUD_IsWAVPlaying                     
8006138c  AUD_TestAudio                        
800613e8  AUD_AmpShutdown                      
8006148c  Init_UART                            
800614dc  UART_Module0ClkConfig                
80061524  UART_PrintChar                       
80061538  UART_PrintBuffer                     
80061584  UART_PrintString                     
800615bc  UART_FIFOConfigure                   
800615e0  UART_BaudRateSet                     
80061618  UART_LineCharacSet                   
8006165c  UART_Configure                       
800616a8  UART_InterruptConfigure0             
800616d4  UART_AddToRXBuffer                   
80061804  UART_AddToTXBuffer                   
800618b0  UART_GetTXInterruptStatus            
8006192c  Init_GPIO                            
80061bbc  GPIO_Module0ClkConfig                
80061c24  GPIO_Module1ClkConfig                
80061c8c  GPIO_Module2ClkConfig                
80061cf4  GPIO_Module3ClkConfig                
80061dc4  CP15ICacheDisable                    
80061de0  CP15DCacheDisable                    
80061dfc  CP15ICacheEnable                     
80061e0c  CP15DCacheEnable                     
80061e1c  CP15DCacheFlush                      
80061eb0  CP15DCacheClean                      
80061f44  CP15DCacheCleanFlush                 
80061fd8  CP15ICacheFlush                      
80061fe8  CP15DCacheCleanBuff                  
8006203c  CP15DCacheCleanFlushBuff             
80062090  CP15DCacheFlushBuff                  
800620f4  CP15ICacheFlushBuff                  
80062148  CP15Ttb0Set                          
80062154  CP15TlbInvalidate                    
80062160  CP15MMUDisable                       
80062178  CP15MMUEnable                        
8006218c  CP15VectorBaseAddrSet                
80062198  CP15BranchPredictorInvalidate        
800621a4  CP15BranchPredictionEnable           
800621b4  CP15BranchPredictionDisable          
800621c4  CP15DomainAccessClientSet            
800621d4  CP15ControlFeatureDisable            
800621e8  CP15ControlFeatureEnable             
800621fc  CP15TtbCtlTtb0Config                 
8006220c  CP15AuxControlFeatureEnable          
80062220  CP15AuxControlFeatureDisable         
80062234  CP15MainIdPrimPartNumGet             
8006224c  main                                 
80062678  IntRegister                          
8006269c  IntUnRegister                        
800626bc  IntAINTCInit                         
8006272c  IntPrioritySet                       
80062764  IntSystemEnable                      
80062798  IntSystemDisable                     
800627cc  IntIfClkFreeRunSet                   
800627e0  IntIfClkAutoGateSet                  
800627f4  IntActiveIrqNumGet                   
80062804  IntSpurIrqFlagGet                    
80062818  IntProtectionEnable                  
80062828  IntProtectionDisable                 
8006283c  IntSyncClkFreeRunSet                 
80062850  IntSyncClkAutoGateSet                
80062864  IntFuncClkFreeRunSet                 
80062878  IntFuncClkAutoGateSet                
8006288c  IntCurrIrqPriorityGet                
8006289c  IntPriorityThresholdGet              
800628ac  IntPriorityThresholdSet              
800628cc  IntRawStatusGet                      
8006290c  IntSoftwareIntSet                    
8006293c  IntSoftwareIntClear                  
8006296c  IntPendingIrqMaskedStatusGet         
800629a8  IntMasterIRQEnable                   
800629b4  IntMasterIRQDisable                  
800629c0  IntMasterFIQEnable                   
800629cc  IntMasterFIQDisable                  
800629d8  IntMasterStatusGet                   
800629e4  IntDisable                           
800629fc  IntEnable                            
80062a58  HSMMCSDCardPresent                   
80062a70  HSMMCSDIntEnable                     
80062a90  HSMMCSDControllerInit                
80062b68  HSMMCSDCmdSend                       
80062d64  HSMMCSDBusWidthConfig                
80062da4  HSMMCSDBusFreqConfig                 
80062dd0  USBDescGetNum                        
80062e7c  USBDescGet                           
80062f44  USBDescGetNumAlternateInterfaces     
800630a0  USBDescGetInterface                  
800630ec  USBDescGetInterfaceEndpoint          
80063130  Init_RTC                             
800631a0  RTC_InterruptConfigure               
800631cc  RTC_SetFlag                          
800631dc  RTC_ClearFlag                        
800631ec  RTC_GetFlag                          
800631f8  RTC_SetTimeDate                      
800632dc  RTC_GetTimeDate                      
800633b8  RTC_ModuleClkConfig                  
8006346c  Init_WAV                             
800634c4  WAV_CalculateHeader                  
80063754  Init_LED                             
80063758  LED_Show                             
80063a14  __aeabi_uldivmod                     
80063ccc  Init_ADC                             
80063e80  ADC_ConfigureInterrupt               
80063eac  ADC_ReadChannels                     
80063f28  ADC_SetFinishedFlag                  
80063f38  ADC_ClearFinishedFlag                
80063f48  ADC_GetFinishedFlag                  
80063f68  Init_I2C                             
80063f74  Init_I2C_Module0                     
80063fbc  I2C_InterruptConfigure0              
80063fe8  I2C_SendReceiveData0                 
8006419c  I2C_SetFailFlag0                     
800641ac  I2C_ClearFailFlag0                   
800641bc  I2C_GetFailFlag0                     
800641f8  ff_convert                           
800642bc  ff_wtoupper                          
80064478  Init_Timers                          
80064488  Init_Timer2                          
80064500  Init_Timer3                          
8006456c  TMR_CalculateReload                  
800645b8  TMR_InterruptConfigure2              
800645e4  TMR_InterruptConfigure3              
80064610  TMR_GetNewScreenTagTimerEnabled      
8006461c  TMR_SetNewScreenTagTimerEnabled      
80064654  TMR_ResetNewScreenTagTimer           
80064664  TMR_ResetAudioPlaybackTimer          
80064674  TMR_ResetBacklightTimer              
80064684  TMR_SetMISCTimerFlag                 
80064694  TMR_ClearMISCTimerFlag               
800646a4  TMR_GetMISCTimerFlag                 
800646e0  __aeabi_dsub                         
800646ec  __aeabi_dadd                         
800648f4  Init_Test                            
80064944  TEST_Setpoint1                       
80064980  TEST_Setpoint2                       
800649bc  TEST_Setpoint3                       
800649f8  TEST_Togglepoint1                    
80064a48  TEST_Togglepoint2                    
80064a98  TEST_Togglepoint3                    
80064af8  InitCMD                              
80064b08  CMD_CheckMatch                       
80064c74  CMD_Help                             
80064c84  CMD_SetNewCommand                    
80064c94  CMD_ClearNewCommand                  
80064ca4  CMD_GetNewCommand                    
80064cd0  Init_USB                             
80064cd4  Init_USB0                            
80064d00  USB_InterruptConfigure0              
80064d2c  USB_InterruptEnable0                 
80064d58  USB_DMSCEventCallback0               
80064dcc  USB_SetMSCState0                     
80064de8  USB_GetMSCState0                     
80064df4  USB_SetUSBStatus0                    
80064e20  USB_GetUSBStatus0                    
80064e2c  USB_SetUSBStatusFlag0                
80064e3c  USB_ClearUSBStatusFlag0              
80064e4c  USB_GetUSBStatusFlag0                
80064e58  USB_SetUSBMSCFlag0                   
80064e68  USB_ClearUSBMSCFlag0                 
80064e78  USB_GetUSBMSCFlag0                   
80064e9c  _Dscale                              
80065044  __aeabi_ddiv                         
800651d4  __aeabi_memcpy                       
800651d4  __aeabi_memcpy4                      
800651d4  __aeabi_memcpy8                      
800651d4  memcpy                               
80065354  Init_Power                           
80065360  PWR_ReadVoltages                     
800654cc  Init_Modules                         
8006563c  MMUInit                              
8006569c  MMUMemRegionMap                      
80065790  MMUEnable                            
800657ac  _Dnorm                               
8006590c  InternalUSBTickInit                  
80065980  InternalUSBRegisterTickHandler       
800659b8  InternalUSBStartOfFrameTick          
80065a50  CacheDisable                         
80065a94  CacheEnable                          
80065ae0  CacheInstInvalidateAll               
80065aec  CacheInstInvalidateBuff              
80065b08  CacheDataCleanInvalidateAll          
80065b14  CacheDataCleanAll                    
80065b20  CacheDataInvalidateAll               
80065b2c  CacheDataCleanBuff                   
80065b48  CacheDataInvalidateBuff              
80065b64  CacheDataCleanInvalidateBuff         
80065b80  __aeabi_dmul                         
80065ca8  __aeabi_idiv                         
80065ca8  __aeabi_idivmod                      
80065dd8  SVC_Handler                          
80065e00  IRQHandler                           
80065eac  FIQHandler                           
80065eb0  AbortHandler                         
80065eb0  UndefInstHandler                     
80065ec8  __aeabi_uidiv                        
80065ec8  __aeabi_uidivmod                     
80065fb8  USBDMSCStorageOpen                   
80065fd8  USBDMSCStorageClose                  
80065ff4  USBDMSCStorageRead                   
80066030  USBDMSCStorageWrite                  
8006606c  USBDMSCStorageNumBlocks              
8006609c  __aeabi_cdcmpeq                      
8006609c  __aeabi_cdcmple                      
8006617c  __aeabi_cdrcmple                     
8006625c  UsbPhyOn                             
800662c4  UsbPhyOff                            
80066324  _Dunscale                            
800663dc  Init_PMIC                            
800663fc  PMIC_ReadRegister                    
8006643c  PMIC_WriteRegister                   
8006648c  __aeabi_memclr                       
8006648c  __aeabi_memclr4                      
8006648c  __aeabi_memclr8                      
80066490  __aeabi_memset                       
80066490  __aeabi_memset4                      
80066490  __aeabi_memset8                      
8006649c  memset                               
8006653c  MMU_ConfigAndEnable                  
800665e4  sprintf                              
8006668c  __TI_auto_init                       
80066730  atoi                                 
800667b4  copy_in                              
80066838  ltoa                                 
800668b8  ldexp                                
80066930  signal                               
80066994  CPUirqe                              
800669a4  CPUirqd                              
800669b4  CPUfiqe                              
800669c4  CPUfiqd                              
800669d4  CPUSwitchToUserMode                  
800669e8  CPUSwitchToPrivilegedMode            
800669f0  CPUAbortHandler                      
800669f4  __aeabi_d2iz                         
80066a50  __aeabi_d2uiz                        
80066aac  feraiseexcept                        
80066b04  raise                                
80066b50  _Feraise                             
80066bc0  start_boot                           
80066bd8  __aeabi_i2d                          
80066c14  _Dclass                              
80066c4c  __aeabi_ui2d                         
80066c80  frexp                                
80066cb0  memccpy                              
80066cdc  strchr                               
80066d04  _register_unlock                     
80066d10  _register_lock                       
80066d1c  _nop                                 
80066d28  __aeabi_llsr                         
80066d4c  strlen                               
80066d68  CPUIntStatus                         
80066d74  __aeabi_idiv0                        
80068000  bss_start                            
8006c000  g_sMSCInstance                       
8006c830  UART_RX_buffer                       
8006d000  UART_TX_buffer                       
8006d7d0  FileDataBuffer                       
8006dbd0  MISC_Buffer                          
8006dfb8  BytesWritten                         
8006e680  fnRAMVectors                         
8006e880  cb_Fxn                               
8006e980  g_psUSBDevice                        
8006ea28  ctrlInfo                             
8006ea78  sdCard                               
8006eac8  Voltage                              
8006eb08  g_USBInstance                        
8006eb38  dummy                                
8006eb3c  g_sDriveInformation                  
8006eb80  g_pucCommand                         
8006ec00  fat_devices                          
8006ec18  I2C_0_Buffers                        
8006ec28  Command_String                       
8006ec34  g_pfTickHandlers                     
8006ec40  g_pvTickInstance                     
8006ec4c  CurrentTimeDate                      
8006ec58  p_CurrentScreen                      
8006ec5c  p_CurrentWAVFile                     
8006ec60  p_PreviousScreen                     
8006ec64  regionId                             
8006ec68  CurrentScreen                        
8006ec69  PreviousPreviousScreen               
8006ec6a  PreviousScreen                       
8006ec6b  Result                               
8006ec6c  bss_end                              
8006ec70  WAV_PostComplete                     
8007292c  Screens                              
80072edc  _Errno                               
80072ee0  _Denorm                              
80072ef0  _Eps                                 
80072f00  _Hugeval                             
80072f10  _Inf                                 
80072f20  _Nan                                 
80072f30  _Snan                                
80072f40  _Rteps                               
80072f50  _Xbig                                
80072f58  _Zero                                
80072f60  WAV_Files                            
80072fc3  NumCommand                           
80072fc4  g_sMSCDeviceInfo                     
80073010  intStatus                            
80073014  g_bytesRead                          
80073018  g_bytesWritten                       
8007302a  gDMAflag                             
80073038  g_psMSCSections                      
80073044  sdBlkSize                            
80073048  SD_callbackOccured                   
8007304c  xferCompFlag                         
80073050  dataTimeout                          
80073054  cmdCompFlag                          
80073058  cmdTimeout                           
8007305c  errFlag                              
80073060  g_sPState                            
80073064  g_sCState                            
8007306a  RAM_CMD_Offset                       
8007306c  FT_DispWidth                         
8007306e  FT_DispHeight                        
80073070  FT_DispHCycle                        
80073072  FT_DispHOffset                       
80073074  FT_DispHSync0                        
80073076  FT_DispHSync1                        
80073078  FT_DispVCycle                        
8007307a  FT_DispVOffset                       
8007307c  FT_DispVSync0                        
8007307e  FT_DispVSync1                        
80073080  FT_DispPCLK                          
80073082  FT_DispSwizzle                       
80073084  FT_DispPCLKPol                       
80073086  FT_DispCSpread                       
80073088  FT_DispDither                        
8007308a  BackLightSetting                     
8007308b  CurrentSystemSettings                
800730b0  AudioBytesTransferred                
800730b4  AUD_AudioTimeoutCount                
800730b8  LastWritePointerAddress              
800730c0  TMR_NewScreenTagTimer                
800730c4  TMR_AudioPlaybackTimer               
800730c8  TMR_BacklightTimer                   
800730ce  DefaultTimeDate                      
800730d8  UART_RX_place                        
800730dc  UART_TX_add                          
800730e0  UART_TX_remove                       
800730e8  ulStatus                             
800730ec  epStatus                             
800730f0  g_bUSBTimerInitialized               
800730f4  g_ulCurrentUSBTick                   
800730f8  g_ulUSBSOFCount                      
800730fc  _lock                                
80073100  _unlock                              
80073104  _Fenv                                
80073108  _Tls_setup__Fenv                     
87fffff0  __stack                              
87fffff8  __STACK_END                          
ffffffff  __binit__                            
ffffffff  __c_args__                           
ffffffff  binit                                
UNDEFED   SHT$$INIT_ARRAY$$Base                
UNDEFED   SHT$$INIT_ARRAY$$Limit               
UNDEFED   __TI_CINIT_Base                      
UNDEFED   __TI_CINIT_Limit                     
UNDEFED   __TI_Handler_Table_Base              
UNDEFED   __TI_Handler_Table_Limit             

[1148 symbols]
