<?xml version="1.0"?>
<link_info>
   <banner>TI ARM Linker PC v5.2.5</banner>
   <copyright>Copyright (c) 1996-2015 Texas Instruments Incorporated</copyright>
   <link_time>0x57e1d5eb</link_time>
   <link_errors>0x0</link_errors>
   <output_file>BeagleBone_Smart_Controler.out</output_file>
   <entry_point>
      <name>Entry</name>
      <address>0x80000000</address>
   </entry_point>
   <input_file_list>
      <input_file id="fl-2">
         <path>.\</path>
         <kind>object</kind>
         <file>ADC.obj</file>
         <name>ADC.obj</name>
      </input_file>
      <input_file id="fl-3">
         <path>.\</path>
         <kind>object</kind>
         <file>AUDIO.obj</file>
         <name>AUDIO.obj</name>
      </input_file>
      <input_file id="fl-4">
         <path>.\</path>
         <kind>object</kind>
         <file>BMP.obj</file>
         <name>BMP.obj</name>
      </input_file>
      <input_file id="fl-5">
         <path>.\</path>
         <kind>object</kind>
         <file>CMD.obj</file>
         <name>CMD.obj</name>
      </input_file>
      <input_file id="fl-6">
         <path>.\</path>
         <kind>object</kind>
         <file>EEPROM.obj</file>
         <name>EEPROM.obj</name>
      </input_file>
      <input_file id="fl-7">
         <path>.\</path>
         <kind>object</kind>
         <file>EMMC.obj</file>
         <name>EMMC.obj</name>
      </input_file>
      <input_file id="fl-8">
         <path>.\</path>
         <kind>object</kind>
         <file>FRAM.obj</file>
         <name>FRAM.obj</name>
      </input_file>
      <input_file id="fl-9">
         <path>.\</path>
         <kind>object</kind>
         <file>GPIO.obj</file>
         <name>GPIO.obj</name>
      </input_file>
      <input_file id="fl-a">
         <path>.\</path>
         <kind>object</kind>
         <file>GUI.obj</file>
         <name>GUI.obj</name>
      </input_file>
      <input_file id="fl-b">
         <path>.\</path>
         <kind>object</kind>
         <file>I2C.obj</file>
         <name>I2C.obj</name>
      </input_file>
      <input_file id="fl-c">
         <path>.\</path>
         <kind>object</kind>
         <file>INTERRUPTS.obj</file>
         <name>INTERRUPTS.obj</name>
      </input_file>
      <input_file id="fl-d">
         <path>.\</path>
         <kind>object</kind>
         <file>IR.obj</file>
         <name>IR.obj</name>
      </input_file>
      <input_file id="fl-e">
         <path>.\</path>
         <kind>object</kind>
         <file>LCD.obj</file>
         <name>LCD.obj</name>
      </input_file>
      <input_file id="fl-f">
         <path>.\</path>
         <kind>object</kind>
         <file>LEDS.obj</file>
         <name>LEDS.obj</name>
      </input_file>
      <input_file id="fl-10">
         <path>.\</path>
         <kind>object</kind>
         <file>MEMORY.obj</file>
         <name>MEMORY.obj</name>
      </input_file>
      <input_file id="fl-11">
         <path>.\</path>
         <kind>object</kind>
         <file>MISC.obj</file>
         <name>MISC.obj</name>
      </input_file>
      <input_file id="fl-12">
         <path>.\</path>
         <kind>object</kind>
         <file>PMIC.obj</file>
         <name>PMIC.obj</name>
      </input_file>
      <input_file id="fl-13">
         <path>.\</path>
         <kind>object</kind>
         <file>POWER.obj</file>
         <name>POWER.obj</name>
      </input_file>
      <input_file id="fl-14">
         <path>.\</path>
         <kind>object</kind>
         <file>PWM.obj</file>
         <name>PWM.obj</name>
      </input_file>
      <input_file id="fl-15">
         <path>.\</path>
         <kind>object</kind>
         <file>RF.obj</file>
         <name>RF.obj</name>
      </input_file>
      <input_file id="fl-16">
         <path>.\</path>
         <kind>object</kind>
         <file>RTCC.obj</file>
         <name>RTCC.obj</name>
      </input_file>
      <input_file id="fl-17">
         <path>.\</path>
         <kind>object</kind>
         <file>SD.obj</file>
         <name>SD.obj</name>
      </input_file>
      <input_file id="fl-18">
         <path>.\</path>
         <kind>object</kind>
         <file>SPI.obj</file>
         <name>SPI.obj</name>
      </input_file>
      <input_file id="fl-19">
         <path>.\</path>
         <kind>object</kind>
         <file>SYSTEM.obj</file>
         <name>SYSTEM.obj</name>
      </input_file>
      <input_file id="fl-1a">
         <path>.\</path>
         <kind>object</kind>
         <file>TEST.obj</file>
         <name>TEST.obj</name>
      </input_file>
      <input_file id="fl-1b">
         <path>.\</path>
         <kind>object</kind>
         <file>TIMERS.obj</file>
         <name>TIMERS.obj</name>
      </input_file>
      <input_file id="fl-1c">
         <path>.\</path>
         <kind>object</kind>
         <file>UART.obj</file>
         <name>UART.obj</name>
      </input_file>
      <input_file id="fl-1d">
         <path>.\</path>
         <kind>object</kind>
         <file>USB.obj</file>
         <name>USB.obj</name>
      </input_file>
      <input_file id="fl-1e">
         <path>.\</path>
         <kind>object</kind>
         <file>WAV.obj</file>
         <name>WAV.obj</name>
      </input_file>
      <input_file id="fl-1f">
         <path>.\</path>
         <kind>object</kind>
         <file>main.obj</file>
         <name>main.obj</name>
      </input_file>
      <input_file id="fl-20">
         <path>.\AM335X_StarterWare_02_00_01_01\drivers\</path>
         <kind>object</kind>
         <file>cache.obj</file>
         <name>cache.obj</name>
      </input_file>
      <input_file id="fl-21">
         <path>.\AM335X_StarterWare_02_00_01_01\drivers\</path>
         <kind>object</kind>
         <file>cppi41dma.obj</file>
         <name>cppi41dma.obj</name>
      </input_file>
      <input_file id="fl-22">
         <path>.\AM335X_StarterWare_02_00_01_01\drivers\</path>
         <kind>object</kind>
         <file>dmtimer.obj</file>
         <name>dmtimer.obj</name>
      </input_file>
      <input_file id="fl-23">
         <path>.\AM335X_StarterWare_02_00_01_01\drivers\</path>
         <kind>object</kind>
         <file>edma.obj</file>
         <name>edma.obj</name>
      </input_file>
      <input_file id="fl-24">
         <path>.\AM335X_StarterWare_02_00_01_01\drivers\</path>
         <kind>object</kind>
         <file>gpio_v2.obj</file>
         <name>gpio_v2.obj</name>
      </input_file>
      <input_file id="fl-25">
         <path>.\AM335X_StarterWare_02_00_01_01\drivers\</path>
         <kind>object</kind>
         <file>hs_mmcsd.obj</file>
         <name>hs_mmcsd.obj</name>
      </input_file>
      <input_file id="fl-26">
         <path>.\AM335X_StarterWare_02_00_01_01\drivers\</path>
         <kind>object</kind>
         <file>hs_mmcsdlib.obj</file>
         <name>hs_mmcsdlib.obj</name>
      </input_file>
      <input_file id="fl-27">
         <path>.\AM335X_StarterWare_02_00_01_01\drivers\</path>
         <kind>object</kind>
         <file>hsi2c.obj</file>
         <name>hsi2c.obj</name>
      </input_file>
      <input_file id="fl-28">
         <path>.\AM335X_StarterWare_02_00_01_01\drivers\</path>
         <kind>object</kind>
         <file>interrupt.obj</file>
         <name>interrupt.obj</name>
      </input_file>
      <input_file id="fl-29">
         <path>.\AM335X_StarterWare_02_00_01_01\drivers\</path>
         <kind>object</kind>
         <file>mcspi.obj</file>
         <name>mcspi.obj</name>
      </input_file>
      <input_file id="fl-2a">
         <path>.\AM335X_StarterWare_02_00_01_01\drivers\</path>
         <kind>object</kind>
         <file>mmcsd_proto.obj</file>
         <name>mmcsd_proto.obj</name>
      </input_file>
      <input_file id="fl-2b">
         <path>.\AM335X_StarterWare_02_00_01_01\drivers\</path>
         <kind>object</kind>
         <file>mmu.obj</file>
         <name>mmu.obj</name>
      </input_file>
      <input_file id="fl-2c">
         <path>.\AM335X_StarterWare_02_00_01_01\drivers\</path>
         <kind>object</kind>
         <file>ramdisk.obj</file>
         <name>ramdisk.obj</name>
      </input_file>
      <input_file id="fl-2d">
         <path>.\AM335X_StarterWare_02_00_01_01\drivers\</path>
         <kind>object</kind>
         <file>rtc.obj</file>
         <name>rtc.obj</name>
      </input_file>
      <input_file id="fl-2e">
         <path>.\AM335X_StarterWare_02_00_01_01\drivers\</path>
         <kind>object</kind>
         <file>tsc_adc.obj</file>
         <name>tsc_adc.obj</name>
      </input_file>
      <input_file id="fl-2f">
         <path>.\AM335X_StarterWare_02_00_01_01\drivers\</path>
         <kind>object</kind>
         <file>uart_irda_cir.obj</file>
         <name>uart_irda_cir.obj</name>
      </input_file>
      <input_file id="fl-30">
         <path>.\AM335X_StarterWare_02_00_01_01\drivers\</path>
         <kind>object</kind>
         <file>usb_msc_structs.obj</file>
         <name>usb_msc_structs.obj</name>
      </input_file>
      <input_file id="fl-31">
         <path>.\AM335X_StarterWare_02_00_01_01\drivers\</path>
         <kind>object</kind>
         <file>usbdata.obj</file>
         <name>usbdata.obj</name>
      </input_file>
      <input_file id="fl-32">
         <path>.\AM335X_StarterWare_02_00_01_01\drivers\</path>
         <kind>object</kind>
         <file>usbdcdesc.obj</file>
         <name>usbdcdesc.obj</name>
      </input_file>
      <input_file id="fl-33">
         <path>.\AM335X_StarterWare_02_00_01_01\drivers\</path>
         <kind>object</kind>
         <file>usbdconfig.obj</file>
         <name>usbdconfig.obj</name>
      </input_file>
      <input_file id="fl-34">
         <path>.\AM335X_StarterWare_02_00_01_01\drivers\</path>
         <kind>object</kind>
         <file>usbdenum.obj</file>
         <name>usbdenum.obj</name>
      </input_file>
      <input_file id="fl-35">
         <path>.\AM335X_StarterWare_02_00_01_01\drivers\</path>
         <kind>object</kind>
         <file>usbdesc.obj</file>
         <name>usbdesc.obj</name>
      </input_file>
      <input_file id="fl-36">
         <path>.\AM335X_StarterWare_02_00_01_01\drivers\</path>
         <kind>object</kind>
         <file>usbdhandler.obj</file>
         <name>usbdhandler.obj</name>
      </input_file>
      <input_file id="fl-37">
         <path>.\AM335X_StarterWare_02_00_01_01\drivers\</path>
         <kind>object</kind>
         <file>usbdmsc.obj</file>
         <name>usbdmsc.obj</name>
      </input_file>
      <input_file id="fl-38">
         <path>.\AM335X_StarterWare_02_00_01_01\drivers\</path>
         <kind>object</kind>
         <file>usbdmscglue.obj</file>
         <name>usbdmscglue.obj</name>
      </input_file>
      <input_file id="fl-39">
         <path>.\AM335X_StarterWare_02_00_01_01\drivers\</path>
         <kind>object</kind>
         <file>usbphyGS70.obj</file>
         <name>usbphyGS70.obj</name>
      </input_file>
      <input_file id="fl-3a">
         <path>.\AM335X_StarterWare_02_00_01_01\drivers\</path>
         <kind>object</kind>
         <file>usbtick.obj</file>
         <name>usbtick.obj</name>
      </input_file>
      <input_file id="fl-3b">
         <path>.\AM335X_StarterWare_02_00_01_01\drivers\</path>
         <kind>object</kind>
         <file>ustdlib.obj</file>
         <name>ustdlib.obj</name>
      </input_file>
      <input_file id="fl-3c">
         <path>.\Bitmaps\</path>
         <kind>object</kind>
         <file>BITMAP_CHARLIE_BEACH.obj</file>
         <name>BITMAP_CHARLIE_BEACH.obj</name>
      </input_file>
      <input_file id="fl-3d">
         <path>.\Bitmaps\</path>
         <kind>object</kind>
         <file>BITMAP_SD_CARD_SYMBOL.obj</file>
         <name>BITMAP_SD_CARD_SYMBOL.obj</name>
      </input_file>
      <input_file id="fl-3e">
         <path>.\Bitmaps\</path>
         <kind>object</kind>
         <file>BITMAP_TV_REMOTE.obj</file>
         <name>BITMAP_TV_REMOTE.obj</name>
      </input_file>
      <input_file id="fl-3f">
         <path>.\Bitmaps\</path>
         <kind>object</kind>
         <file>BITMAP_USB_SYMBOL.obj</file>
         <name>BITMAP_USB_SYMBOL.obj</name>
      </input_file>
      <input_file id="fl-40">
         <path>.\WAV_Audio\</path>
         <kind>object</kind>
         <file>WAV_POST_COMPLETE.obj</file>
         <name>WAV_POST_COMPLETE.obj</name>
      </input_file>
      <input_file id="fl-41">
         <path>.\fatfs\ff12\src\</path>
         <kind>object</kind>
         <file>ff.obj</file>
         <name>ff.obj</name>
      </input_file>
      <input_file id="fl-42">
         <path>.\fatfs\ff12\src\option\</path>
         <kind>object</kind>
         <file>ccsbcs.obj</file>
         <name>ccsbcs.obj</name>
      </input_file>
      <input_file id="fl-48">
         <path>C:\Users\dwhitfield\Documents\GitHub\BeagleBone_Smart_Controler\AM335X_StarterWare_02_00_01_01\binary\armv7a\cgt_ccs\am335x\system_config\Release\</path>
         <kind>archive</kind>
         <file>system.lib</file>
         <name>init.obj</name>
      </input_file>
      <input_file id="fl-49">
         <path>C:\Users\dwhitfield\Documents\GitHub\BeagleBone_Smart_Controler\AM335X_StarterWare_02_00_01_01\binary\armv7a\cgt_ccs\am335x\system_config\Release\</path>
         <kind>archive</kind>
         <file>system.lib</file>
         <name>cpu.obj</name>
      </input_file>
      <input_file id="fl-4a">
         <path>C:\Users\dwhitfield\Documents\GitHub\BeagleBone_Smart_Controler\AM335X_StarterWare_02_00_01_01\binary\armv7a\cgt_ccs\am335x\system_config\Release\</path>
         <kind>archive</kind>
         <file>system.lib</file>
         <name>cp15.obj</name>
      </input_file>
      <input_file id="fl-4b">
         <path>C:\Users\dwhitfield\Documents\GitHub\BeagleBone_Smart_Controler\AM335X_StarterWare_02_00_01_01\binary\armv7a\cgt_ccs\am335x\system_config\Release\</path>
         <kind>archive</kind>
         <file>system.lib</file>
         <name>startup.obj</name>
      </input_file>
      <input_file id="fl-4c">
         <path>C:\Users\dwhitfield\Documents\GitHub\BeagleBone_Smart_Controler\AM335X_StarterWare_02_00_01_01\binary\armv7a\cgt_ccs\am335x\system_config\Release\</path>
         <kind>archive</kind>
         <file>system.lib</file>
         <name>exceptionhandler.obj</name>
      </input_file>
      <input_file id="fl-16e">
         <path>C:\ti\ccsv6\tools\compiler\ti-cgt-arm_5.2.5\lib\</path>
         <kind>archive</kind>
         <file>rtsv7A8_A_le_n_eabi.lib</file>
         <name>autoinit.obj</name>
      </input_file>
      <input_file id="fl-16f">
         <path>C:\ti\ccsv6\tools\compiler\ti-cgt-arm_5.2.5\lib\</path>
         <kind>archive</kind>
         <file>rtsv7A8_A_le_n_eabi.lib</file>
         <name>boot.obj</name>
      </input_file>
      <input_file id="fl-170">
         <path>C:\ti\ccsv6\tools\compiler\ti-cgt-arm_5.2.5\lib\</path>
         <kind>archive</kind>
         <file>rtsv7A8_A_le_n_eabi.lib</file>
         <name>cpy_tbl.obj</name>
      </input_file>
      <input_file id="fl-171">
         <path>C:\ti\ccsv6\tools\compiler\ti-cgt-arm_5.2.5\lib\</path>
         <kind>archive</kind>
         <file>rtsv7A8_A_le_n_eabi.lib</file>
         <name>exit.obj</name>
      </input_file>
      <input_file id="fl-172">
         <path>C:\ti\ccsv6\tools\compiler\ti-cgt-arm_5.2.5\lib\</path>
         <kind>archive</kind>
         <file>rtsv7A8_A_le_n_eabi.lib</file>
         <name>fd_add32.obj</name>
      </input_file>
      <input_file id="fl-173">
         <path>C:\ti\ccsv6\tools\compiler\ti-cgt-arm_5.2.5\lib\</path>
         <kind>archive</kind>
         <file>rtsv7A8_A_le_n_eabi.lib</file>
         <name>fd_div32.obj</name>
      </input_file>
      <input_file id="fl-174">
         <path>C:\ti\ccsv6\tools\compiler\ti-cgt-arm_5.2.5\lib\</path>
         <kind>archive</kind>
         <file>rtsv7A8_A_le_n_eabi.lib</file>
         <name>fd_mul32.obj</name>
      </input_file>
      <input_file id="fl-175">
         <path>C:\ti\ccsv6\tools\compiler\ti-cgt-arm_5.2.5\lib\</path>
         <kind>archive</kind>
         <file>rtsv7A8_A_le_n_eabi.lib</file>
         <name>fd_toi32.obj</name>
      </input_file>
      <input_file id="fl-176">
         <path>C:\ti\ccsv6\tools\compiler\ti-cgt-arm_5.2.5\lib\</path>
         <kind>archive</kind>
         <file>rtsv7A8_A_le_n_eabi.lib</file>
         <name>fd_tou32.obj</name>
      </input_file>
      <input_file id="fl-177">
         <path>C:\ti\ccsv6\tools\compiler\ti-cgt-arm_5.2.5\lib\</path>
         <kind>archive</kind>
         <file>rtsv7A8_A_le_n_eabi.lib</file>
         <name>i_div32.obj</name>
      </input_file>
      <input_file id="fl-178">
         <path>C:\ti\ccsv6\tools\compiler\ti-cgt-arm_5.2.5\lib\</path>
         <kind>archive</kind>
         <file>rtsv7A8_A_le_n_eabi.lib</file>
         <name>i_tofd32.obj</name>
      </input_file>
      <input_file id="fl-179">
         <path>C:\ti\ccsv6\tools\compiler\ti-cgt-arm_5.2.5\lib\</path>
         <kind>archive</kind>
         <file>rtsv7A8_A_le_n_eabi.lib</file>
         <name>ll_lsr32.obj</name>
      </input_file>
      <input_file id="fl-17a">
         <path>C:\ti\ccsv6\tools\compiler\ti-cgt-arm_5.2.5\lib\</path>
         <kind>archive</kind>
         <file>rtsv7A8_A_le_n_eabi.lib</file>
         <name>memcpy32.obj</name>
      </input_file>
      <input_file id="fl-17b">
         <path>C:\ti\ccsv6\tools\compiler\ti-cgt-arm_5.2.5\lib\</path>
         <kind>archive</kind>
         <file>rtsv7A8_A_le_n_eabi.lib</file>
         <name>memset32.obj</name>
      </input_file>
      <input_file id="fl-17c">
         <path>C:\ti\ccsv6\tools\compiler\ti-cgt-arm_5.2.5\lib\</path>
         <kind>archive</kind>
         <file>rtsv7A8_A_le_n_eabi.lib</file>
         <name>pre_init.obj</name>
      </input_file>
      <input_file id="fl-17d">
         <path>C:\ti\ccsv6\tools\compiler\ti-cgt-arm_5.2.5\lib\</path>
         <kind>archive</kind>
         <file>rtsv7A8_A_le_n_eabi.lib</file>
         <name>sprintf.obj</name>
      </input_file>
      <input_file id="fl-17e">
         <path>C:\ti\ccsv6\tools\compiler\ti-cgt-arm_5.2.5\lib\</path>
         <kind>archive</kind>
         <file>rtsv7A8_A_le_n_eabi.lib</file>
         <name>stkdepth_vars.obj</name>
      </input_file>
      <input_file id="fl-17f">
         <path>C:\ti\ccsv6\tools\compiler\ti-cgt-arm_5.2.5\lib\</path>
         <kind>archive</kind>
         <file>rtsv7A8_A_le_n_eabi.lib</file>
         <name>strlen.obj</name>
      </input_file>
      <input_file id="fl-180">
         <path>C:\ti\ccsv6\tools\compiler\ti-cgt-arm_5.2.5\lib\</path>
         <kind>archive</kind>
         <file>rtsv7A8_A_le_n_eabi.lib</file>
         <name>strncmp.obj</name>
      </input_file>
      <input_file id="fl-181">
         <path>C:\ti\ccsv6\tools\compiler\ti-cgt-arm_5.2.5\lib\</path>
         <kind>archive</kind>
         <file>rtsv7A8_A_le_n_eabi.lib</file>
         <name>strncpy.obj</name>
      </input_file>
      <input_file id="fl-182">
         <path>C:\ti\ccsv6\tools\compiler\ti-cgt-arm_5.2.5\lib\</path>
         <kind>archive</kind>
         <file>rtsv7A8_A_le_n_eabi.lib</file>
         <name>u_div32.obj</name>
      </input_file>
      <input_file id="fl-183">
         <path>C:\ti\ccsv6\tools\compiler\ti-cgt-arm_5.2.5\lib\</path>
         <kind>archive</kind>
         <file>rtsv7A8_A_le_n_eabi.lib</file>
         <name>u_tofd32.obj</name>
      </input_file>
      <input_file id="fl-184">
         <path>C:\ti\ccsv6\tools\compiler\ti-cgt-arm_5.2.5\lib\</path>
         <kind>archive</kind>
         <file>rtsv7A8_A_le_n_eabi.lib</file>
         <name>ull_div32.obj</name>
      </input_file>
      <input_file id="fl-185">
         <path>C:\ti\ccsv6\tools\compiler\ti-cgt-arm_5.2.5\lib\</path>
         <kind>archive</kind>
         <file>rtsv7A8_A_le_n_eabi.lib</file>
         <name>_lock.obj</name>
      </input_file>
      <input_file id="fl-186">
         <path>C:\ti\ccsv6\tools\compiler\ti-cgt-arm_5.2.5\lib\</path>
         <kind>archive</kind>
         <file>rtsv7A8_A_le_n_eabi.lib</file>
         <name>_printfi.obj</name>
      </input_file>
      <input_file id="fl-187">
         <path>C:\ti\ccsv6\tools\compiler\ti-cgt-arm_5.2.5\lib\</path>
         <kind>archive</kind>
         <file>rtsv7A8_A_le_n_eabi.lib</file>
         <name>args_main.obj</name>
      </input_file>
      <input_file id="fl-188">
         <path>C:\ti\ccsv6\tools\compiler\ti-cgt-arm_5.2.5\lib\</path>
         <kind>archive</kind>
         <file>rtsv7A8_A_le_n_eabi.lib</file>
         <name>atoi.obj</name>
      </input_file>
      <input_file id="fl-189">
         <path>C:\ti\ccsv6\tools\compiler\ti-cgt-arm_5.2.5\lib\</path>
         <kind>archive</kind>
         <file>rtsv7A8_A_le_n_eabi.lib</file>
         <name>ctype.obj</name>
      </input_file>
      <input_file id="fl-18a">
         <path>C:\ti\ccsv6\tools\compiler\ti-cgt-arm_5.2.5\lib\</path>
         <kind>archive</kind>
         <file>rtsv7A8_A_le_n_eabi.lib</file>
         <name>fd_cmp32.obj</name>
      </input_file>
      <input_file id="fl-18b">
         <path>C:\ti\ccsv6\tools\compiler\ti-cgt-arm_5.2.5\lib\</path>
         <kind>archive</kind>
         <file>rtsv7A8_A_le_n_eabi.lib</file>
         <name>frexp.obj</name>
      </input_file>
      <input_file id="fl-18c">
         <path>C:\ti\ccsv6\tools\compiler\ti-cgt-arm_5.2.5\lib\</path>
         <kind>archive</kind>
         <file>rtsv7A8_A_le_n_eabi.lib</file>
         <name>i_div0.obj</name>
      </input_file>
      <input_file id="fl-18d">
         <path>C:\ti\ccsv6\tools\compiler\ti-cgt-arm_5.2.5\lib\</path>
         <kind>archive</kind>
         <file>rtsv7A8_A_le_n_eabi.lib</file>
         <name>ldexp.obj</name>
      </input_file>
      <input_file id="fl-18e">
         <path>C:\ti\ccsv6\tools\compiler\ti-cgt-arm_5.2.5\lib\</path>
         <kind>archive</kind>
         <file>rtsv7A8_A_le_n_eabi.lib</file>
         <name>ltoa.obj</name>
      </input_file>
      <input_file id="fl-18f">
         <path>C:\ti\ccsv6\tools\compiler\ti-cgt-arm_5.2.5\lib\</path>
         <kind>archive</kind>
         <file>rtsv7A8_A_le_n_eabi.lib</file>
         <name>memccpy.obj</name>
      </input_file>
      <input_file id="fl-190">
         <path>C:\ti\ccsv6\tools\compiler\ti-cgt-arm_5.2.5\lib\</path>
         <kind>archive</kind>
         <file>rtsv7A8_A_le_n_eabi.lib</file>
         <name>strchr.obj</name>
      </input_file>
      <input_file id="fl-191">
         <path>C:\ti\ccsv6\tools\compiler\ti-cgt-arm_5.2.5\lib\</path>
         <kind>archive</kind>
         <file>rtsv7A8_A_le_n_eabi.lib</file>
         <name>xdclass.obj</name>
      </input_file>
      <input_file id="fl-192">
         <path>C:\ti\ccsv6\tools\compiler\ti-cgt-arm_5.2.5\lib\</path>
         <kind>archive</kind>
         <file>rtsv7A8_A_le_n_eabi.lib</file>
         <name>xdscale.obj</name>
      </input_file>
      <input_file id="fl-193">
         <path>C:\ti\ccsv6\tools\compiler\ti-cgt-arm_5.2.5\lib\</path>
         <kind>archive</kind>
         <file>rtsv7A8_A_le_n_eabi.lib</file>
         <name>xdunscal.obj</name>
      </input_file>
      <input_file id="fl-194">
         <path>C:\ti\ccsv6\tools\compiler\ti-cgt-arm_5.2.5\lib\</path>
         <kind>archive</kind>
         <file>rtsv7A8_A_le_n_eabi.lib</file>
         <name>xferaise.obj</name>
      </input_file>
      <input_file id="fl-195">
         <path>C:\ti\ccsv6\tools\compiler\ti-cgt-arm_5.2.5\lib\</path>
         <kind>archive</kind>
         <file>rtsv7A8_A_le_n_eabi.lib</file>
         <name>xvalues.obj</name>
      </input_file>
      <input_file id="fl-196">
         <path>C:\ti\ccsv6\tools\compiler\ti-cgt-arm_5.2.5\lib\</path>
         <kind>archive</kind>
         <file>rtsv7A8_A_le_n_eabi.lib</file>
         <name>errno.obj</name>
      </input_file>
      <input_file id="fl-197">
         <path>C:\ti\ccsv6\tools\compiler\ti-cgt-arm_5.2.5\lib\</path>
         <kind>archive</kind>
         <file>rtsv7A8_A_le_n_eabi.lib</file>
         <name>feraiseexcept.obj</name>
      </input_file>
      <input_file id="fl-198">
         <path>C:\ti\ccsv6\tools\compiler\ti-cgt-arm_5.2.5\lib\</path>
         <kind>archive</kind>
         <file>rtsv7A8_A_le_n_eabi.lib</file>
         <name>raise.obj</name>
      </input_file>
      <input_file id="fl-199">
         <path>C:\ti\ccsv6\tools\compiler\ti-cgt-arm_5.2.5\lib\</path>
         <kind>archive</kind>
         <file>rtsv7A8_A_le_n_eabi.lib</file>
         <name>signal.obj</name>
      </input_file>
      <input_file id="fl-19a">
         <path>C:\ti\ccsv6\tools\compiler\ti-cgt-arm_5.2.5\lib\</path>
         <kind>archive</kind>
         <file>rtsv7A8_A_le_n_eabi.lib</file>
         <name>xdnorm.obj</name>
      </input_file>
   </input_file_list>
   <object_component_list>
      <object_component id="oc-a">
         <name>.text:Entry</name>
         <load_address>0x80000000</load_address>
         <run_address>0x80000000</run_address>
         <size>0xc8</size>
         <input_file_ref idref="fl-48"/>
      </object_component>
      <object_component id="oc-593">
         <name>.tramp.__TI_auto_init.1</name>
         <load_address>0x800000c8</load_address>
         <run_address>0x800000c8</run_address>
         <size>0x8</size>
         <input_file_ref idref="fl-16e"/>
      </object_component>
      <object_component id="oc-1d3">
         <name>.text</name>
         <load_address>0x8004319c</load_address>
         <run_address>0x8004319c</run_address>
         <size>0x5388</size>
         <input_file_ref idref="fl-41"/>
      </object_component>
      <object_component id="oc-1ab">
         <name>.text</name>
         <load_address>0x80048524</load_address>
         <run_address>0x80048524</run_address>
         <size>0x3714</size>
         <input_file_ref idref="fl-37"/>
      </object_component>
      <object_component id="oc-7c">
         <name>.text</name>
         <load_address>0x8004bc38</load_address>
         <run_address>0x8004bc38</run_address>
         <size>0x2a68</size>
         <input_file_ref idref="fl-e"/>
      </object_component>
      <object_component id="oc-277">
         <name>.text</name>
         <load_address>0x8004e6a0</load_address>
         <run_address>0x8004e6a0</run_address>
         <size>0x2268</size>
         <input_file_ref idref="fl-34"/>
      </object_component>
      <object_component id="oc-11f">
         <name>.text</name>
         <load_address>0x80050908</load_address>
         <run_address>0x80050908</run_address>
         <size>0x1d10</size>
         <input_file_ref idref="fl-2f"/>
      </object_component>
      <object_component id="oc-293">
         <name>.text</name>
         <load_address>0x80052618</load_address>
         <run_address>0x80052618</run_address>
         <size>0x1a70</size>
         <input_file_ref idref="fl-186"/>
      </object_component>
      <object_component id="oc-1a1">
         <name>.text</name>
         <load_address>0x80054088</load_address>
         <run_address>0x80054088</run_address>
         <size>0x1588</size>
         <input_file_ref idref="fl-2d"/>
      </object_component>
      <object_component id="oc-22b">
         <name>.text</name>
         <load_address>0x80055610</load_address>
         <run_address>0x80055610</run_address>
         <size>0x140c</size>
         <input_file_ref idref="fl-2e"/>
      </object_component>
      <object_component id="oc-146">
         <name>.text</name>
         <load_address>0x80056a1c</load_address>
         <run_address>0x80056a1c</run_address>
         <size>0xec4</size>
         <input_file_ref idref="fl-29"/>
      </object_component>
      <object_component id="oc-1cd">
         <name>.text</name>
         <load_address>0x800578e0</load_address>
         <run_address>0x800578e0</run_address>
         <size>0xe44</size>
         <input_file_ref idref="fl-2a"/>
      </object_component>
      <object_component id="oc-82">
         <name>.text</name>
         <load_address>0x80058724</load_address>
         <run_address>0x80058724</run_address>
         <size>0xe38</size>
         <input_file_ref idref="fl-a"/>
      </object_component>
      <object_component id="oc-114">
         <name>.text</name>
         <load_address>0x8005955c</load_address>
         <run_address>0x8005955c</run_address>
         <size>0xb98</size>
         <input_file_ref idref="fl-24"/>
      </object_component>
      <object_component id="oc-210">
         <name>.text</name>
         <load_address>0x8005a0f4</load_address>
         <run_address>0x8005a0f4</run_address>
         <size>0xb34</size>
         <input_file_ref idref="fl-27"/>
      </object_component>
      <object_component id="oc-a0">
         <name>.text</name>
         <load_address>0x8005ac28</load_address>
         <run_address>0x8005ac28</run_address>
         <size>0xa98</size>
         <input_file_ref idref="fl-17"/>
      </object_component>
      <object_component id="oc-1c7">
         <name>.text</name>
         <load_address>0x8005b6c0</load_address>
         <run_address>0x8005b6c0</run_address>
         <size>0xa90</size>
         <input_file_ref idref="fl-25"/>
      </object_component>
      <object_component id="oc-125">
         <name>.text</name>
         <load_address>0x8005c150</load_address>
         <run_address>0x8005c150</run_address>
         <size>0x8d8</size>
         <input_file_ref idref="fl-11"/>
      </object_component>
      <object_component id="oc-39f">
         <name>.text</name>
         <load_address>0x8005ca28</load_address>
         <run_address>0x8005ca28</run_address>
         <size>0x830</size>
         <input_file_ref idref="fl-33"/>
      </object_component>
      <object_component id="oc-18d">
         <name>.text</name>
         <load_address>0x8005d258</load_address>
         <run_address>0x8005d258</run_address>
         <size>0x788</size>
         <input_file_ref idref="fl-22"/>
      </object_component>
      <object_component id="oc-f6">
         <name>.text</name>
         <load_address>0x8005d9e0</load_address>
         <run_address>0x8005d9e0</run_address>
         <size>0x6c4</size>
         <input_file_ref idref="fl-8"/>
      </object_component>
      <object_component id="oc-130">
         <name>.text</name>
         <load_address>0x8005e0a4</load_address>
         <run_address>0x8005e0a4</run_address>
         <size>0x5e0</size>
         <input_file_ref idref="fl-c"/>
      </object_component>
      <object_component id="oc-399">
         <name>.text</name>
         <load_address>0x8005e684</load_address>
         <run_address>0x8005e684</run_address>
         <size>0x544</size>
         <input_file_ref idref="fl-32"/>
      </object_component>
      <object_component id="oc-e4">
         <name>.text</name>
         <load_address>0x8005ebc8</load_address>
         <run_address>0x8005ebc8</run_address>
         <size>0x510</size>
         <input_file_ref idref="fl-18"/>
      </object_component>
      <object_component id="oc-9a">
         <name>.text</name>
         <load_address>0x8005f0d8</load_address>
         <run_address>0x8005f0d8</run_address>
         <size>0x504</size>
         <input_file_ref idref="fl-3"/>
      </object_component>
      <object_component id="oc-6a">
         <name>.text</name>
         <load_address>0x8005f5dc</load_address>
         <run_address>0x8005f5dc</run_address>
         <size>0x4a0</size>
         <input_file_ref idref="fl-1c"/>
      </object_component>
      <object_component id="oc-de">
         <name>.text</name>
         <load_address>0x8005fa7c</load_address>
         <run_address>0x8005fa7c</run_address>
         <size>0x498</size>
         <input_file_ref idref="fl-9"/>
      </object_component>
      <object_component id="oc-25">
         <name>.text</name>
         <load_address>0x8005ff14</load_address>
         <run_address>0x8005ff14</run_address>
         <size>0x488</size>
         <input_file_ref idref="fl-4a"/>
      </object_component>
      <object_component id="oc-d8">
         <name>.text</name>
         <load_address>0x8006039c</load_address>
         <run_address>0x8006039c</run_address>
         <size>0x3e4</size>
         <input_file_ref idref="fl-28"/>
      </object_component>
      <object_component id="oc-476">
         <name>.text</name>
         <load_address>0x80060780</load_address>
         <run_address>0x80060780</run_address>
         <size>0x360</size>
         <input_file_ref idref="fl-35"/>
      </object_component>
      <object_component id="oc-8e">
         <name>.text</name>
         <load_address>0x80060ae0</load_address>
         <run_address>0x80060ae0</run_address>
         <size>0x33c</size>
         <input_file_ref idref="fl-16"/>
      </object_component>
      <object_component id="oc-2a">
         <name>.text</name>
         <load_address>0x80060e1c</load_address>
         <run_address>0x80060e1c</run_address>
         <size>0x31c</size>
         <input_file_ref idref="fl-1f"/>
      </object_component>
      <object_component id="oc-10e">
         <name>.text</name>
         <load_address>0x80061138</load_address>
         <run_address>0x80061138</run_address>
         <size>0x2e8</size>
         <input_file_ref idref="fl-1e"/>
      </object_component>
      <object_component id="oc-64">
         <name>.text</name>
         <load_address>0x80061420</load_address>
         <run_address>0x80061420</run_address>
         <size>0x2c0</size>
         <input_file_ref idref="fl-f"/>
      </object_component>
      <object_component id="oc-32f">
         <name>.text</name>
         <load_address>0x800616e0</load_address>
         <run_address>0x800616e0</run_address>
         <size>0x2b8</size>
         <input_file_ref idref="fl-184"/>
      </object_component>
      <object_component id="oc-fc">
         <name>.text</name>
         <load_address>0x80061998</load_address>
         <run_address>0x80061998</run_address>
         <size>0x29c</size>
         <input_file_ref idref="fl-2"/>
      </object_component>
      <object_component id="oc-ea">
         <name>.text</name>
         <load_address>0x80061c34</load_address>
         <run_address>0x80061c34</run_address>
         <size>0x290</size>
         <input_file_ref idref="fl-b"/>
      </object_component>
      <object_component id="oc-33e">
         <name>.text</name>
         <load_address>0x80061ec4</load_address>
         <run_address>0x80061ec4</run_address>
         <size>0x280</size>
         <input_file_ref idref="fl-42"/>
      </object_component>
      <object_component id="oc-88">
         <name>.text</name>
         <load_address>0x80062144</load_address>
         <run_address>0x80062144</run_address>
         <size>0x268</size>
         <input_file_ref idref="fl-1b"/>
      </object_component>
      <object_component id="oc-256">
         <name>.text</name>
         <load_address>0x800623ac</load_address>
         <run_address>0x800623ac</run_address>
         <size>0x214</size>
         <input_file_ref idref="fl-172"/>
      </object_component>
      <object_component id="oc-70">
         <name>.text</name>
         <load_address>0x800625c0</load_address>
         <run_address>0x800625c0</run_address>
         <size>0x204</size>
         <input_file_ref idref="fl-1a"/>
      </object_component>
      <object_component id="oc-94">
         <name>.text</name>
         <load_address>0x800627c4</load_address>
         <run_address>0x800627c4</run_address>
         <size>0x1f0</size>
         <input_file_ref idref="fl-1d"/>
      </object_component>
      <object_component id="oc-76">
         <name>.text</name>
         <load_address>0x800629b4</load_address>
         <run_address>0x800629b4</run_address>
         <size>0x1d8</size>
         <input_file_ref idref="fl-5"/>
      </object_component>
      <object_component id="oc-108">
         <name>.text</name>
         <load_address>0x80062b8c</load_address>
         <run_address>0x80062b8c</run_address>
         <size>0x1d4</size>
         <input_file_ref idref="fl-6"/>
      </object_component>
      <object_component id="oc-f0">
         <name>.text</name>
         <load_address>0x80062d60</load_address>
         <run_address>0x80062d60</run_address>
         <size>0x1d0</size>
         <input_file_ref idref="fl-12"/>
      </object_component>
      <object_component id="oc-4a7">
         <name>.text</name>
         <load_address>0x80062f30</load_address>
         <run_address>0x80062f30</run_address>
         <size>0x1a8</size>
         <input_file_ref idref="fl-192"/>
      </object_component>
      <object_component id="oc-23a">
         <name>.text</name>
         <load_address>0x800630d8</load_address>
         <run_address>0x800630d8</run_address>
         <size>0x190</size>
         <input_file_ref idref="fl-173"/>
      </object_component>
      <object_component id="oc-39">
         <name>.text</name>
         <load_address>0x80063268</load_address>
         <run_address>0x80063268</run_address>
         <size>0x180</size>
         <input_file_ref idref="fl-17a"/>
      </object_component>
      <object_component id="oc-5e">
         <name>.text</name>
         <load_address>0x800633e8</load_address>
         <run_address>0x800633e8</run_address>
         <size>0x17c</size>
         <input_file_ref idref="fl-19"/>
      </object_component>
      <object_component id="oc-102">
         <name>.text</name>
         <load_address>0x80063564</load_address>
         <run_address>0x80063564</run_address>
         <size>0x178</size>
         <input_file_ref idref="fl-13"/>
      </object_component>
      <object_component id="oc-c5">
         <name>.text</name>
         <load_address>0x800636dc</load_address>
         <run_address>0x800636dc</run_address>
         <size>0x170</size>
         <input_file_ref idref="fl-2b"/>
      </object_component>
      <object_component id="oc-4fb">
         <name>.text</name>
         <load_address>0x8006384c</load_address>
         <run_address>0x8006384c</run_address>
         <size>0x160</size>
         <input_file_ref idref="fl-19a"/>
      </object_component>
      <object_component id="oc-3ab">
         <name>.text</name>
         <load_address>0x800639ac</load_address>
         <run_address>0x800639ac</run_address>
         <size>0x144</size>
         <input_file_ref idref="fl-3a"/>
      </object_component>
      <object_component id="oc-58">
         <name>.text</name>
         <load_address>0x80063af0</load_address>
         <run_address>0x80063af0</run_address>
         <size>0x130</size>
         <input_file_ref idref="fl-20"/>
      </object_component>
      <object_component id="oc-235">
         <name>.text</name>
         <load_address>0x80063c20</load_address>
         <run_address>0x80063c20</run_address>
         <size>0x128</size>
         <input_file_ref idref="fl-174"/>
      </object_component>
      <object_component id="oc-265">
         <name>.text</name>
         <load_address>0x80063d48</load_address>
         <run_address>0x80063d48</run_address>
         <size>0x114</size>
         <input_file_ref idref="fl-177"/>
      </object_component>
      <object_component id="oc-b0">
         <name>.text</name>
         <load_address>0x80063e5c</load_address>
         <run_address>0x80063e5c</run_address>
         <size>0x10c</size>
         <input_file_ref idref="fl-4c"/>
      </object_component>
      <object_component id="oc-12b">
         <name>.text</name>
         <load_address>0x80063f68</load_address>
         <run_address>0x80063f68</run_address>
         <size>0xf0</size>
         <input_file_ref idref="fl-182"/>
      </object_component>
      <object_component id="oc-309">
         <name>.text</name>
         <load_address>0x80064058</load_address>
         <run_address>0x80064058</run_address>
         <size>0xe4</size>
         <input_file_ref idref="fl-38"/>
      </object_component>
      <object_component id="oc-3bf">
         <name>.text:__aeabi_cdcmple</name>
         <load_address>0x8006413c</load_address>
         <run_address>0x8006413c</run_address>
         <size>0xe0</size>
         <input_file_ref idref="fl-18a"/>
      </object_component>
      <object_component id="oc-3c4">
         <name>.text:__aeabi_cdrcmple</name>
         <load_address>0x8006421c</load_address>
         <run_address>0x8006421c</run_address>
         <size>0xe0</size>
         <input_file_ref idref="fl-18a"/>
      </object_component>
      <object_component id="oc-2e8">
         <name>.text</name>
         <load_address>0x800642fc</load_address>
         <run_address>0x800642fc</run_address>
         <size>0xc8</size>
         <input_file_ref idref="fl-39"/>
      </object_component>
      <object_component id="oc-49f">
         <name>.text</name>
         <load_address>0x800643c4</load_address>
         <run_address>0x800643c4</run_address>
         <size>0xb8</size>
         <input_file_ref idref="fl-193"/>
      </object_component>
      <object_component id="oc-2e3">
         <name>.text</name>
         <load_address>0x8006447c</load_address>
         <run_address>0x8006447c</run_address>
         <size>0xb0</size>
         <input_file_ref idref="fl-17b"/>
      </object_component>
      <object_component id="oc-52">
         <name>.text</name>
         <load_address>0x8006452c</load_address>
         <run_address>0x8006452c</run_address>
         <size>0xa8</size>
         <input_file_ref idref="fl-10"/>
      </object_component>
      <object_component id="oc-153">
         <name>.text</name>
         <load_address>0x800645d4</load_address>
         <run_address>0x800645d4</run_address>
         <size>0xa8</size>
         <input_file_ref idref="fl-17d"/>
      </object_component>
      <object_component id="oc-10">
         <name>.text</name>
         <load_address>0x8006467c</load_address>
         <run_address>0x8006467c</run_address>
         <size>0xa4</size>
         <input_file_ref idref="fl-16e"/>
      </object_component>
      <object_component id="oc-3ed">
         <name>.text</name>
         <load_address>0x80064720</load_address>
         <run_address>0x80064720</run_address>
         <size>0x84</size>
         <input_file_ref idref="fl-188"/>
      </object_component>
      <object_component id="oc-1d">
         <name>.text</name>
         <load_address>0x800647a4</load_address>
         <run_address>0x800647a4</run_address>
         <size>0x84</size>
         <input_file_ref idref="fl-170"/>
      </object_component>
      <object_component id="oc-3c9">
         <name>.text</name>
         <load_address>0x80064828</load_address>
         <run_address>0x80064828</run_address>
         <size>0x80</size>
         <input_file_ref idref="fl-18e"/>
      </object_component>
      <object_component id="oc-3d5">
         <name>.text</name>
         <load_address>0x800648a8</load_address>
         <run_address>0x800648a8</run_address>
         <size>0x78</size>
         <input_file_ref idref="fl-18d"/>
      </object_component>
      <object_component id="oc-540">
         <name>.text</name>
         <load_address>0x80064920</load_address>
         <run_address>0x80064920</run_address>
         <size>0x64</size>
         <input_file_ref idref="fl-199"/>
      </object_component>
      <object_component id="oc-1fb">
         <name>.text</name>
         <load_address>0x80064984</load_address>
         <run_address>0x80064984</run_address>
         <size>0x60</size>
         <input_file_ref idref="fl-49"/>
      </object_component>
      <object_component id="oc-25b">
         <name>.text</name>
         <load_address>0x800649e4</load_address>
         <run_address>0x800649e4</run_address>
         <size>0x5c</size>
         <input_file_ref idref="fl-175"/>
      </object_component>
      <object_component id="oc-198">
         <name>.text</name>
         <load_address>0x80064a40</load_address>
         <run_address>0x80064a40</run_address>
         <size>0x5c</size>
         <input_file_ref idref="fl-176"/>
      </object_component>
      <object_component id="oc-50a">
         <name>.text</name>
         <load_address>0x80064a9c</load_address>
         <run_address>0x80064a9c</run_address>
         <size>0x58</size>
         <input_file_ref idref="fl-197"/>
      </object_component>
      <object_component id="oc-530">
         <name>.text</name>
         <load_address>0x80064af4</load_address>
         <run_address>0x80064af4</run_address>
         <size>0x4c</size>
         <input_file_ref idref="fl-198"/>
      </object_component>
      <object_component id="oc-4ad">
         <name>.text</name>
         <load_address>0x80064b40</load_address>
         <run_address>0x80064b40</run_address>
         <size>0x44</size>
         <input_file_ref idref="fl-194"/>
      </object_component>
      <object_component id="oc-16">
         <name>.text</name>
         <load_address>0x80064b84</load_address>
         <run_address>0x80064b84</run_address>
         <size>0x44</size>
         <input_file_ref idref="fl-4b"/>
      </object_component>
      <object_component id="oc-260">
         <name>.text</name>
         <load_address>0x80064bc8</load_address>
         <run_address>0x80064bc8</run_address>
         <size>0x3c</size>
         <input_file_ref idref="fl-178"/>
      </object_component>
      <object_component id="oc-3e1">
         <name>.text</name>
         <load_address>0x80064c04</load_address>
         <run_address>0x80064c04</run_address>
         <size>0x38</size>
         <input_file_ref idref="fl-191"/>
      </object_component>
      <object_component id="oc-193">
         <name>.text</name>
         <load_address>0x80064c3c</load_address>
         <run_address>0x80064c3c</run_address>
         <size>0x34</size>
         <input_file_ref idref="fl-183"/>
      </object_component>
      <object_component id="oc-3cf">
         <name>.text</name>
         <load_address>0x80064c70</load_address>
         <run_address>0x80064c70</run_address>
         <size>0x30</size>
         <input_file_ref idref="fl-18b"/>
      </object_component>
      <object_component id="oc-3e7">
         <name>.text</name>
         <load_address>0x80064ca0</load_address>
         <run_address>0x80064ca0</run_address>
         <size>0x2c</size>
         <input_file_ref idref="fl-18f"/>
      </object_component>
      <object_component id="oc-3db">
         <name>.text</name>
         <load_address>0x80064ccc</load_address>
         <run_address>0x80064ccc</run_address>
         <size>0x28</size>
         <input_file_ref idref="fl-190"/>
      </object_component>
      <object_component id="oc-562">
         <name>.text</name>
         <load_address>0x80064cf4</load_address>
         <run_address>0x80064cf4</run_address>
         <size>0x24</size>
         <input_file_ref idref="fl-185"/>
      </object_component>
      <object_component id="oc-26a">
         <name>.text</name>
         <load_address>0x80064d18</load_address>
         <run_address>0x80064d18</run_address>
         <size>0x24</size>
         <input_file_ref idref="fl-179"/>
      </object_component>
      <object_component id="oc-3b9">
         <name>.text</name>
         <load_address>0x80064d3c</load_address>
         <run_address>0x80064d3c</run_address>
         <size>0x1c</size>
         <input_file_ref idref="fl-17f"/>
      </object_component>
      <object_component id="oc-20b">
         <name>.text:CPUIntStatus</name>
         <load_address>0x80064d58</load_address>
         <run_address>0x80064d58</run_address>
         <size>0xc</size>
         <input_file_ref idref="fl-49"/>
      </object_component>
      <object_component id="oc-270">
         <name>.text</name>
         <load_address>0x80064d64</load_address>
         <run_address>0x80064d64</run_address>
         <size>0x4</size>
         <input_file_ref idref="fl-18c"/>
      </object_component>
      <object_component id="oc-16c">
         <name>.const:.string:BITMAP_CharlieBeach</name>
         <load_address>0x800000d0</load_address>
         <run_address>0x800000d0</run_address>
         <size>0x3fc00</size>
         <input_file_ref idref="fl-3c"/>
      </object_component>
      <object_component id="oc-16f">
         <name>.const:.string:BITMAP_TVRemote</name>
         <load_address>0x8003fcd0</load_address>
         <run_address>0x8003fcd0</run_address>
         <size>0x2bc0</size>
         <input_file_ref idref="fl-3e"/>
      </object_component>
      <object_component id="oc-45a">
         <name>.const:cvt1$1</name>
         <load_address>0x80042890</load_address>
         <run_address>0x80042890</run_address>
         <size>0x1f2</size>
         <input_file_ref idref="fl-42"/>
      </object_component>
      <object_component id="oc-4bb">
         <name>.const:.string:_ctypes_</name>
         <load_address>0x80042a82</load_address>
         <run_address>0x80042a82</run_address>
         <size>0x101</size>
         <input_file_ref idref="fl-189"/>
      </object_component>
      <object_component id="oc-457">
         <name>.const:Tbl</name>
         <load_address>0x80042b84</load_address>
         <run_address>0x80042b84</run_address>
         <size>0x100</size>
         <input_file_ref idref="fl-42"/>
      </object_component>
      <object_component id="oc-175">
         <name>.const:.string:BITMAP_SD_Card_Symbol</name>
         <load_address>0x80042c84</load_address>
         <run_address>0x80042c84</run_address>
         <size>0xcc</size>
         <input_file_ref idref="fl-3d"/>
      </object_component>
      <object_component id="oc-45b">
         <name>.const:cvt2$2</name>
         <load_address>0x80042d50</load_address>
         <run_address>0x80042d50</run_address>
         <size>0xbc</size>
         <input_file_ref idref="fl-42"/>
      </object_component>
      <object_component id="oc-347">
         <name>.const:.string:ExCvt</name>
         <load_address>0x80042e0c</load_address>
         <run_address>0x80042e0c</run_address>
         <size>0x80</size>
         <input_file_ref idref="fl-41"/>
      </object_component>
      <object_component id="oc-426">
         <name>.const:g_sUSBDefaultFIFOConfig</name>
         <load_address>0x80042e8c</load_address>
         <run_address>0x80042e8c</run_address>
         <size>0x78</size>
         <input_file_ref idref="fl-34"/>
      </object_component>
      <object_component id="oc-172">
         <name>.const:.string:BITMAP_USB_Symbol</name>
         <load_address>0x80042f04</load_address>
         <run_address>0x80042f04</run_address>
         <size>0x58</size>
         <input_file_ref idref="fl-3f"/>
      </object_component>
      <object_component id="oc-cb">
         <name>.const</name>
         <load_address>0x80042f5c</load_address>
         <run_address>0x80042f5c</run_address>
         <size>0x54</size>
         <input_file_ref idref="fl-10"/>
      </object_component>
      <object_component id="oc-30">
         <name>.const:vecTbl</name>
         <load_address>0x80042fb0</load_address>
         <run_address>0x80042fb0</run_address>
         <size>0x38</size>
         <input_file_ref idref="fl-4b"/>
      </object_component>
      <object_component id="oc-432">
         <name>.const:.string:g_pManufacturerString</name>
         <load_address>0x80042fe8</load_address>
         <run_address>0x80042fe8</run_address>
         <size>0x34</size>
         <input_file_ref idref="fl-30"/>
      </object_component>
      <object_component id="oc-3a8">
         <name>.const:g_psUSBDStdRequests</name>
         <load_address>0x8004301c</load_address>
         <run_address>0x8004301c</run_address>
         <size>0x34</size>
         <input_file_ref idref="fl-34"/>
      </object_component>
      <object_component id="oc-43b">
         <name>.const:.string:g_pConfigString</name>
         <load_address>0x80043050</load_address>
         <run_address>0x80043050</run_address>
         <size>0x30</size>
         <input_file_ref idref="fl-30"/>
      </object_component>
      <object_component id="oc-423">
         <name>.const:.string</name>
         <load_address>0x80043080</load_address>
         <run_address>0x80043080</run_address>
         <size>0x29</size>
         <input_file_ref idref="fl-37"/>
      </object_component>
      <object_component id="oc-438">
         <name>.const:.string:g_pDataInterfaceString</name>
         <load_address>0x800430a9</load_address>
         <run_address>0x800430a9</run_address>
         <size>0x28</size>
         <input_file_ref idref="fl-30"/>
      </object_component>
      <object_component id="oc-435">
         <name>.const:.string:g_pProductString</name>
         <load_address>0x800430d1</load_address>
         <run_address>0x800430d1</run_address>
         <size>0x28</size>
         <input_file_ref idref="fl-30"/>
      </object_component>
      <object_component id="oc-2f7">
         <name>.const</name>
         <load_address>0x800430fc</load_address>
         <run_address>0x800430fc</run_address>
         <size>0x1d</size>
         <input_file_ref idref="fl-37"/>
      </object_component>
      <object_component id="oc-306">
         <name>.const</name>
         <load_address>0x8004311c</load_address>
         <run_address>0x8004311c</run_address>
         <size>0x18</size>
         <input_file_ref idref="fl-30"/>
      </object_component>
      <object_component id="oc-42f">
         <name>.const:.string</name>
         <load_address>0x80043134</load_address>
         <run_address>0x80043134</run_address>
         <size>0x16</size>
         <input_file_ref idref="fl-30"/>
      </object_component>
      <object_component id="oc-a9">
         <name>.const</name>
         <load_address>0x8004314c</load_address>
         <run_address>0x8004314c</run_address>
         <size>0x10</size>
         <input_file_ref idref="fl-5"/>
      </object_component>
      <object_component id="oc-344">
         <name>.const:.string</name>
         <load_address>0x8004315c</load_address>
         <run_address>0x8004315c</run_address>
         <size>0xd</size>
         <input_file_ref idref="fl-41"/>
      </object_component>
      <object_component id="oc-160">
         <name>.const</name>
         <load_address>0x8004316c</load_address>
         <run_address>0x8004316c</run_address>
         <size>0xc</size>
         <input_file_ref idref="fl-3c"/>
      </object_component>
      <object_component id="oc-169">
         <name>.const</name>
         <load_address>0x80043178</load_address>
         <run_address>0x80043178</run_address>
         <size>0xc</size>
         <input_file_ref idref="fl-3d"/>
      </object_component>
      <object_component id="oc-163">
         <name>.const</name>
         <load_address>0x80043184</load_address>
         <run_address>0x80043184</run_address>
         <size>0xc</size>
         <input_file_ref idref="fl-3e"/>
      </object_component>
      <object_component id="oc-166">
         <name>.const</name>
         <load_address>0x80043190</load_address>
         <run_address>0x80043190</run_address>
         <size>0xc</size>
         <input_file_ref idref="fl-3f"/>
      </object_component>
      <object_component id="oc-f">
         <name>.stack</name>
         <uninitialized>true</uninitialized>
         <run_address>0x87fffff0</run_address>
         <size>0x0</size>
         <input_file_ref idref="fl-16f"/>
      </object_component>
      <object_component id="oc-592">
         <name>.stack</name>
         <uninitialized>true</uninitialized>
         <run_address>0x87fffff0</run_address>
         <size>0x0</size>
      </object_component>
      <object_component id="oc-30f">
         <name>.l3_memory:uninit</name>
         <load_address>0x40300000</load_address>
         <run_address>0x40300000</run_address>
         <size>0x830</size>
         <input_file_ref idref="fl-30"/>
      </object_component>
      <object_component id="oc-1dc">
         <name>.l3_memory</name>
         <load_address>0x40300840</load_address>
         <run_address>0x40300840</run_address>
         <size>0x240</size>
         <input_file_ref idref="fl-17"/>
      </object_component>
      <object_component id="oc-1b1">
         <name>.l3_memory:init</name>
         <load_address>0x40300a80</load_address>
         <run_address>0x40300a80</run_address>
         <size>0x48</size>
         <input_file_ref idref="fl-30"/>
      </object_component>
      <object_component id="oc-27d">
         <name>.l3_memory</name>
         <load_address>0x40300b00</load_address>
         <run_address>0x40300b00</run_address>
         <size>0x30</size>
         <input_file_ref idref="fl-31"/>
      </object_component>
      <object_component id="oc-ce">
         <name>.bss:pageTable</name>
         <uninitialized>true</uninitialized>
         <run_address>0x80068000</run_address>
         <size>0x4000</size>
         <input_file_ref idref="fl-10"/>
      </object_component>
      <object_component id="oc-184">
         <name>.bss:MISC_Buffer</name>
         <uninitialized>true</uninitialized>
         <run_address>0x8006cfa0</run_address>
         <size>0x3e8</size>
         <input_file_ref idref="fl-11"/>
      </object_component>
      <object_component id="oc-23f">
         <name>.bss:Voltage</name>
         <uninitialized>true</uninitialized>
         <run_address>0x8006d880</run_address>
         <size>0x40</size>
         <input_file_ref idref="fl-13"/>
      </object_component>
      <object_component id="oc-444">
         <name>.bss:sdCard</name>
         <uninitialized>true</uninitialized>
         <run_address>0x8006d830</run_address>
         <size>0x50</size>
         <input_file_ref idref="fl-17"/>
      </object_component>
      <object_component id="oc-13c">
         <name>.bss:UART_TX_buffer</name>
         <uninitialized>true</uninitialized>
         <run_address>0x8006c7d0</run_address>
         <size>0x7d0</size>
         <input_file_ref idref="fl-1c"/>
      </object_component>
      <object_component id="oc-139">
         <name>.bss:UART_RX_buffer</name>
         <uninitialized>true</uninitialized>
         <run_address>0x8006c000</run_address>
         <size>0x7d0</size>
         <input_file_ref idref="fl-1c"/>
      </object_component>
      <object_component id="oc-1f8">
         <name>.bss:fnRAMVectors</name>
         <uninitialized>true</uninitialized>
         <run_address>0x8006d588</run_address>
         <size>0x200</size>
         <input_file_ref idref="fl-28"/>
      </object_component>
      <object_component id="oc-334">
         <name>.bss:dataBuffer</name>
         <uninitialized>true</uninitialized>
         <run_address>0x8006d8c0</run_address>
         <size>0x40</size>
         <input_file_ref idref="fl-2a"/>
      </object_component>
      <object_component id="oc-3a5">
         <name>.bss:g_pucDataBufferIn</name>
         <uninitialized>true</uninitialized>
         <run_address>0x8006d940</run_address>
         <size>0x40</size>
         <input_file_ref idref="fl-34"/>
      </object_component>
      <object_component id="oc-393">
         <name>.bss:g_psUSBDevice</name>
         <uninitialized>true</uninitialized>
         <run_address>0x8006d788</run_address>
         <size>0xa8</size>
         <input_file_ref idref="fl-34"/>
      </object_component>
      <object_component id="oc-2f1">
         <name>.bss:g_pucCommand</name>
         <uninitialized>true</uninitialized>
         <run_address>0x8006d900</run_address>
         <size>0x40</size>
         <input_file_ref idref="fl-37"/>
      </object_component>
      <object_component id="oc-34e">
         <name>.bss:LfnBuf</name>
         <uninitialized>true</uninitialized>
         <run_address>0x8006d388</run_address>
         <size>0x200</size>
         <input_file_ref idref="fl-41"/>
      </object_component>
      <object_component id="oc-a6">
         <name>.common:Command_String</name>
         <uninitialized>true</uninitialized>
         <run_address>0x8006d9b8</run_address>
         <size>0xc</size>
      </object_component>
      <object_component id="oc-243">
         <name>.common:EEPROM_Contents</name>
         <uninitialized>true</uninitialized>
         <run_address>0x8006d998</run_address>
         <size>0x10</size>
      </object_component>
      <object_component id="oc-159">
         <name>.common:CurrentScreen</name>
         <uninitialized>true</uninitialized>
         <run_address>0x8006da00</run_address>
         <size>0x1</size>
      </object_component>
      <object_component id="oc-15c">
         <name>.common:PreviousScreen</name>
         <uninitialized>true</uninitialized>
         <run_address>0x8006da02</run_address>
         <size>0x1</size>
      </object_component>
      <object_component id="oc-15d">
         <name>.common:PreviousPreviousScreen</name>
         <uninitialized>true</uninitialized>
         <run_address>0x8006da01</run_address>
         <size>0x1</size>
      </object_component>
      <object_component id="oc-15e">
         <name>.common:p_PreviousScreen</name>
         <uninitialized>true</uninitialized>
         <run_address>0x8006d9fc</run_address>
         <size>0x4</size>
      </object_component>
      <object_component id="oc-15f">
         <name>.common:p_CurrentScreen</name>
         <uninitialized>true</uninitialized>
         <run_address>0x8006d9f4</run_address>
         <size>0x4</size>
      </object_component>
      <object_component id="oc-216">
         <name>.common:I2C_0_Buffers</name>
         <uninitialized>true</uninitialized>
         <run_address>0x8006d9a8</run_address>
         <size>0x10</size>
      </object_component>
      <object_component id="oc-11a">
         <name>.common:dummy</name>
         <uninitialized>true</uninitialized>
         <run_address>0x8006d9ec</run_address>
         <size>0x4</size>
      </object_component>
      <object_component id="oc-181">
         <name>.common:CurrentTimeDate</name>
         <uninitialized>true</uninitialized>
         <run_address>0x8006d9dc</run_address>
         <size>0xa</size>
      </object_component>
      <object_component id="oc-1d9">
         <name>.common:fat_devices</name>
         <uninitialized>true</uninitialized>
         <run_address>0x8006d980</run_address>
         <size>0x18</size>
      </object_component>
      <object_component id="oc-1c2">
         <name>.common:p_CurrentWAVFile</name>
         <uninitialized>true</uninitialized>
         <run_address>0x8006d9f8</run_address>
         <size>0x4</size>
      </object_component>
      <object_component id="oc-441">
         <name>.common:g_sDriveInformation</name>
         <uninitialized>true</uninitialized>
         <run_address>0x8006d9f0</run_address>
         <size>0x4</size>
      </object_component>
      <object_component id="oc-484">
         <name>.common:g_pfTickHandlers</name>
         <uninitialized>true</uninitialized>
         <run_address>0x8006d9c4</run_address>
         <size>0xc</size>
      </object_component>
      <object_component id="oc-487">
         <name>.common:g_pvTickInstance</name>
         <uninitialized>true</uninitialized>
         <run_address>0x8006d9d0</run_address>
         <size>0xc</size>
      </object_component>
      <object_component id="oc-34a">
         <name>.common:FatFs</name>
         <uninitialized>true</uninitialized>
         <run_address>0x8006d9e8</run_address>
         <size>0x4</size>
      </object_component>
      <object_component id="oc-34d">
         <name>.common:Fsid</name>
         <uninitialized>true</uninitialized>
         <run_address>0x8006d9e6</run_address>
         <size>0x2</size>
      </object_component>
      <object_component id="oc-37e">
         <name>.data:WAV_PostComplete</name>
         <load_address>0x8006da08</load_address>
         <run_address>0x8006da08</run_address>
         <size>0x3cbc</size>
         <input_file_ref idref="fl-40"/>
      </object_component>
      <object_component id="oc-17b">
         <name>.data:Screens</name>
         <load_address>0x800716c4</load_address>
         <run_address>0x800716c4</run_address>
         <size>0x500</size>
         <input_file_ref idref="fl-a"/>
      </object_component>
      <object_component id="oc-554">
         <name>.data:sigtable</name>
         <load_address>0x80071bc4</load_address>
         <run_address>0x80071bc4</run_address>
         <size>0xb0</size>
         <input_file_ref idref="fl-199"/>
      </object_component>
      <object_component id="oc-1b4">
         <name>.data</name>
         <load_address>0x80071c74</load_address>
         <run_address>0x80071c74</run_address>
         <size>0x4</size>
         <input_file_ref idref="fl-1d"/>
      </object_component>
      <object_component id="oc-505">
         <name>.data</name>
         <load_address>0x80071c78</load_address>
         <run_address>0x80071c78</run_address>
         <size>0x80</size>
         <input_file_ref idref="fl-195"/>
      </object_component>
      <object_component id="oc-247">
         <name>.data:WAV_Files</name>
         <load_address>0x80071cf8</load_address>
         <run_address>0x80071cf8</run_address>
         <size>0x62</size>
         <input_file_ref idref="fl-1e"/>
      </object_component>
      <object_component id="oc-142">
         <name>.data</name>
         <load_address>0x80071d5a</load_address>
         <run_address>0x80071d5a</run_address>
         <size>0x2</size>
         <input_file_ref idref="fl-5"/>
      </object_component>
      <object_component id="oc-2f4">
         <name>.data:g_sMSCDeviceInfo</name>
         <load_address>0x80071d5c</load_address>
         <run_address>0x80071d5c</run_address>
         <size>0x4c</size>
         <input_file_ref idref="fl-37"/>
      </object_component>
      <object_component id="oc-2ee">
         <name>.data</name>
         <load_address>0x80071da8</load_address>
         <run_address>0x80071da8</run_address>
         <size>0x30</size>
         <input_file_ref idref="fl-37"/>
      </object_component>
      <object_component id="oc-ac">
         <name>.data</name>
         <load_address>0x80071dd8</load_address>
         <run_address>0x80071dd8</run_address>
         <size>0x23</size>
         <input_file_ref idref="fl-e"/>
      </object_component>
      <object_component id="oc-178">
         <name>.data</name>
         <load_address>0x80071dfb</load_address>
         <run_address>0x80071dfb</run_address>
         <size>0x1f</size>
         <input_file_ref idref="fl-8"/>
      </object_component>
      <object_component id="oc-231">
         <name>.data</name>
         <load_address>0x80071e1a</load_address>
         <run_address>0x80071e1a</run_address>
         <size>0x1</size>
         <input_file_ref idref="fl-2"/>
      </object_component>
      <object_component id="oc-219">
         <name>.data</name>
         <load_address>0x80071e1b</load_address>
         <run_address>0x80071e1b</run_address>
         <size>0x1</size>
         <input_file_ref idref="fl-b"/>
      </object_component>
      <object_component id="oc-1bf">
         <name>.data</name>
         <load_address>0x80071e1c</load_address>
         <run_address>0x80071e1c</run_address>
         <size>0x10</size>
         <input_file_ref idref="fl-3"/>
      </object_component>
      <object_component id="oc-19d">
         <name>.data</name>
         <load_address>0x80071e2c</load_address>
         <run_address>0x80071e2c</run_address>
         <size>0x10</size>
         <input_file_ref idref="fl-1b"/>
      </object_component>
      <object_component id="oc-1a7">
         <name>.data</name>
         <load_address>0x80071e3c</load_address>
         <run_address>0x80071e3c</run_address>
         <size>0xc</size>
         <input_file_ref idref="fl-16"/>
      </object_component>
      <object_component id="oc-136">
         <name>.data</name>
         <load_address>0x80071e48</load_address>
         <run_address>0x80071e48</run_address>
         <size>0xc</size>
         <input_file_ref idref="fl-1c"/>
      </object_component>
      <object_component id="oc-3b1">
         <name>.data</name>
         <load_address>0x80071e54</load_address>
         <run_address>0x80071e54</run_address>
         <size>0xc</size>
         <input_file_ref idref="fl-3a"/>
      </object_component>
      <object_component id="oc-551">
         <name>.data</name>
         <load_address>0x80071e60</load_address>
         <run_address>0x80071e60</run_address>
         <size>0x8</size>
         <input_file_ref idref="fl-185"/>
      </object_component>
      <object_component id="oc-536">
         <name>.data</name>
         <load_address>0x80071e68</load_address>
         <run_address>0x80071e68</run_address>
         <size>0x8</size>
         <input_file_ref idref="fl-197"/>
      </object_component>
      <object_component id="oc-396">
         <name>.data</name>
         <load_address>0x80071e70</load_address>
         <run_address>0x80071e70</run_address>
         <size>0x8</size>
         <input_file_ref idref="fl-34"/>
      </object_component>
      <object_component id="oc-510">
         <name>.data</name>
         <load_address>0x80071e78</load_address>
         <run_address>0x80071e78</run_address>
         <size>0x4</size>
         <input_file_ref idref="fl-196"/>
      </object_component>
      <object_component id="oc-17e">
         <name>.data</name>
         <load_address>0x80071e7c</load_address>
         <run_address>0x80071e7c</run_address>
         <size>0x3</size>
         <input_file_ref idref="fl-a"/>
      </object_component>
      <object_component id="oc-1df">
         <name>.data</name>
         <load_address>0x80071e7f</load_address>
         <run_address>0x80071e7f</run_address>
         <size>0x3</size>
         <input_file_ref idref="fl-17"/>
      </object_component>
      <object_component id="oc-38a">
         <name>.debug_info</name>
         <load_address>0x0</load_address>
         <run_address>0x0</run_address>
         <size>0x579</size>
         <input_file_ref idref="fl-2"/>
      </object_component>
      <object_component id="oc-232">
         <name>.debug_info</name>
         <load_address>0x579</load_address>
         <run_address>0x579</run_address>
         <size>0xf1</size>
         <input_file_ref idref="fl-2"/>
      </object_component>
      <object_component id="oc-fd">
         <name>.debug_info</name>
         <load_address>0x66a</load_address>
         <run_address>0x66a</run_address>
         <size>0x708</size>
         <input_file_ref idref="fl-2"/>
      </object_component>
      <object_component id="oc-40">
         <name>.debug_info</name>
         <load_address>0xd72</load_address>
         <run_address>0xd72</run_address>
         <size>0x84</size>
         <input_file_ref idref="fl-2"/>
      </object_component>
      <object_component id="oc-301">
         <name>.debug_info</name>
         <load_address>0xdf6</load_address>
         <run_address>0xdf6</run_address>
         <size>0x2c</size>
         <input_file_ref idref="fl-2"/>
      </object_component>
      <object_component id="oc-24f">
         <name>.debug_info</name>
         <load_address>0xe22</load_address>
         <run_address>0xe22</run_address>
         <size>0xba</size>
         <input_file_ref idref="fl-2"/>
      </object_component>
      <object_component id="oc-385">
         <name>.debug_info</name>
         <load_address>0xedc</load_address>
         <run_address>0xedc</run_address>
         <size>0x76</size>
         <input_file_ref idref="fl-2"/>
      </object_component>
      <object_component id="oc-1c6">
         <name>.debug_info</name>
         <load_address>0xf52</load_address>
         <run_address>0xf52</run_address>
         <size>0x286</size>
         <input_file_ref idref="fl-3"/>
      </object_component>
      <object_component id="oc-1c0">
         <name>.debug_info</name>
         <load_address>0x11d8</load_address>
         <run_address>0x11d8</run_address>
         <size>0x202</size>
         <input_file_ref idref="fl-3"/>
      </object_component>
      <object_component id="oc-9b">
         <name>.debug_info</name>
         <load_address>0x13da</load_address>
         <run_address>0x13da</run_address>
         <size>0x9dd</size>
         <input_file_ref idref="fl-3"/>
      </object_component>
      <object_component id="oc-14d">
         <name>.debug_info</name>
         <load_address>0x1db7</load_address>
         <run_address>0x1db7</run_address>
         <size>0x12e</size>
         <input_file_ref idref="fl-3"/>
      </object_component>
      <object_component id="oc-326">
         <name>.debug_info</name>
         <load_address>0x1ee5</load_address>
         <run_address>0x1ee5</run_address>
         <size>0x1b6</size>
         <input_file_ref idref="fl-3"/>
      </object_component>
      <object_component id="oc-a7">
         <name>.debug_info</name>
         <load_address>0x209b</load_address>
         <run_address>0x209b</run_address>
         <size>0x1ad</size>
         <input_file_ref idref="fl-5"/>
      </object_component>
      <object_component id="oc-143">
         <name>.debug_info</name>
         <load_address>0x2248</load_address>
         <run_address>0x2248</run_address>
         <size>0x110</size>
         <input_file_ref idref="fl-5"/>
      </object_component>
      <object_component id="oc-aa">
         <name>.debug_info</name>
         <load_address>0x2358</load_address>
         <run_address>0x2358</run_address>
         <size>0xde</size>
         <input_file_ref idref="fl-5"/>
      </object_component>
      <object_component id="oc-77">
         <name>.debug_info</name>
         <load_address>0x2436</load_address>
         <run_address>0x2436</run_address>
         <size>0x384</size>
         <input_file_ref idref="fl-5"/>
      </object_component>
      <object_component id="oc-1ef">
         <name>.debug_info</name>
         <load_address>0x27ba</load_address>
         <run_address>0x27ba</run_address>
         <size>0x62</size>
         <input_file_ref idref="fl-5"/>
      </object_component>
      <object_component id="oc-28e">
         <name>.debug_info</name>
         <load_address>0x281c</load_address>
         <run_address>0x281c</run_address>
         <size>0x2c</size>
         <input_file_ref idref="fl-5"/>
      </object_component>
      <object_component id="oc-244">
         <name>.debug_info</name>
         <load_address>0x2848</load_address>
         <run_address>0x2848</run_address>
         <size>0x19c</size>
         <input_file_ref idref="fl-6"/>
      </object_component>
      <object_component id="oc-109">
         <name>.debug_info</name>
         <load_address>0x29e4</load_address>
         <run_address>0x29e4</run_address>
         <size>0x514</size>
         <input_file_ref idref="fl-6"/>
      </object_component>
      <object_component id="oc-bb">
         <name>.debug_info</name>
         <load_address>0x2ef8</load_address>
         <run_address>0x2ef8</run_address>
         <size>0x2c</size>
         <input_file_ref idref="fl-6"/>
      </object_component>
      <object_component id="oc-365">
         <name>.debug_info</name>
         <load_address>0x2f24</load_address>
         <run_address>0x2f24</run_address>
         <size>0xb2</size>
         <input_file_ref idref="fl-6"/>
      </object_component>
      <object_component id="oc-406">
         <name>.debug_info</name>
         <load_address>0x2fd6</load_address>
         <run_address>0x2fd6</run_address>
         <size>0x29b</size>
         <input_file_ref idref="fl-7"/>
      </object_component>
      <object_component id="oc-2a7">
         <name>.debug_info</name>
         <load_address>0x3271</load_address>
         <run_address>0x3271</run_address>
         <size>0x256</size>
         <input_file_ref idref="fl-7"/>
      </object_component>
      <object_component id="oc-44d">
         <name>.debug_info</name>
         <load_address>0x34c7</load_address>
         <run_address>0x34c7</run_address>
         <size>0xb6</size>
         <input_file_ref idref="fl-7"/>
      </object_component>
      <object_component id="oc-339">
         <name>.debug_info</name>
         <load_address>0x357d</load_address>
         <run_address>0x357d</run_address>
         <size>0x18b</size>
         <input_file_ref idref="fl-7"/>
      </object_component>
      <object_component id="oc-29b">
         <name>.debug_info</name>
         <load_address>0x3708</load_address>
         <run_address>0x3708</run_address>
         <size>0x4e</size>
         <input_file_ref idref="fl-7"/>
      </object_component>
      <object_component id="oc-2b1">
         <name>.debug_info</name>
         <load_address>0x3756</load_address>
         <run_address>0x3756</run_address>
         <size>0x390</size>
         <input_file_ref idref="fl-7"/>
      </object_component>
      <object_component id="oc-225">
         <name>.debug_info</name>
         <load_address>0x3ae6</load_address>
         <run_address>0x3ae6</run_address>
         <size>0x2bf</size>
         <input_file_ref idref="fl-8"/>
      </object_component>
      <object_component id="oc-179">
         <name>.debug_info</name>
         <load_address>0x3da5</load_address>
         <run_address>0x3da5</run_address>
         <size>0xf9</size>
         <input_file_ref idref="fl-8"/>
      </object_component>
      <object_component id="oc-f7">
         <name>.debug_info</name>
         <load_address>0x3e9e</load_address>
         <run_address>0x3e9e</run_address>
         <size>0xf2d</size>
         <input_file_ref idref="fl-8"/>
      </object_component>
      <object_component id="oc-226">
         <name>.debug_info</name>
         <load_address>0x4dcb</load_address>
         <run_address>0x4dcb</run_address>
         <size>0xfd</size>
         <input_file_ref idref="fl-8"/>
      </object_component>
      <object_component id="oc-188">
         <name>.debug_info</name>
         <load_address>0x4ec8</load_address>
         <run_address>0x4ec8</run_address>
         <size>0x238</size>
         <input_file_ref idref="fl-8"/>
      </object_component>
      <object_component id="oc-df">
         <name>.debug_info</name>
         <load_address>0x5100</load_address>
         <run_address>0x5100</run_address>
         <size>0x538</size>
         <input_file_ref idref="fl-9"/>
      </object_component>
      <object_component id="oc-15a">
         <name>.debug_info</name>
         <load_address>0x5638</load_address>
         <run_address>0x5638</run_address>
         <size>0xaaa</size>
         <input_file_ref idref="fl-a"/>
      </object_component>
      <object_component id="oc-17f">
         <name>.debug_info</name>
         <load_address>0x60e2</load_address>
         <run_address>0x60e2</run_address>
         <size>0x14d</size>
         <input_file_ref idref="fl-a"/>
      </object_component>
      <object_component id="oc-17c">
         <name>.debug_info</name>
         <load_address>0x622f</load_address>
         <run_address>0x622f</run_address>
         <size>0xdc</size>
         <input_file_ref idref="fl-a"/>
      </object_component>
      <object_component id="oc-83">
         <name>.debug_info</name>
         <load_address>0x630b</load_address>
         <run_address>0x630b</run_address>
         <size>0x153b</size>
         <input_file_ref idref="fl-a"/>
      </object_component>
      <object_component id="oc-2a2">
         <name>.debug_info</name>
         <load_address>0x7846</load_address>
         <run_address>0x7846</run_address>
         <size>0x58c</size>
         <input_file_ref idref="fl-a"/>
      </object_component>
      <object_component id="oc-2ac">
         <name>.debug_info</name>
         <load_address>0x7dd2</load_address>
         <run_address>0x7dd2</run_address>
         <size>0x87</size>
         <input_file_ref idref="fl-a"/>
      </object_component>
      <object_component id="oc-1e3">
         <name>.debug_info</name>
         <load_address>0x7e59</load_address>
[...]
         <name>f_truncate</name>
         <value>0x80047cb8</value>
         <object_component_ref idref="oc-1d3"/>
      </symbol>
      <symbol id="sm-1504">
         <name>f_close</name>
         <value>0x80047338</value>
         <object_component_ref idref="oc-1d3"/>
      </symbol>
      <symbol id="sm-1505">
         <name>f_rename</name>
         <value>0x80048308</value>
         <object_component_ref idref="oc-1d3"/>
      </symbol>
      <symbol id="sm-1506">
         <name>f_open</name>
         <value>0x80046630</value>
         <object_component_ref idref="oc-1d3"/>
      </symbol>
      <symbol id="sm-1507">
         <name>f_lseek</name>
         <value>0x80047398</value>
         <object_component_ref idref="oc-1d3"/>
      </symbol>
      <symbol id="sm-1508">
         <name>f_stat</name>
         <value>0x800479e0</value>
         <object_component_ref idref="oc-1d3"/>
      </symbol>
      <symbol id="sm-1509">
         <name>f_mount</name>
         <value>0x80046564</value>
         <object_component_ref idref="oc-1d3"/>
      </symbol>
      <symbol id="sm-150a">
         <name>f_readdir</name>
         <value>0x80047910</value>
         <object_component_ref idref="oc-1d3"/>
      </symbol>
      <symbol id="sm-1543">
         <name>ff_convert</name>
         <value>0x80061ec4</value>
         <object_component_ref idref="oc-33e"/>
      </symbol>
      <symbol id="sm-1544">
         <name>ff_wtoupper</name>
         <value>0x80061f88</value>
         <object_component_ref idref="oc-33e"/>
      </symbol>
      <symbol id="sm-1566">
         <name>Entry</name>
         <value>0x80000000</value>
         <object_component_ref idref="oc-a"/>
      </symbol>
      <symbol id="sm-157d">
         <name>CPUSwitchToPrivilegedMode</name>
         <value>0x800649d8</value>
         <object_component_ref idref="oc-1fb"/>
      </symbol>
      <symbol id="sm-157e">
         <name>CPUAbortHandler</name>
         <value>0x800649e0</value>
         <object_component_ref idref="oc-1fb"/>
      </symbol>
      <symbol id="sm-157f">
         <name>CPUirqd</name>
         <value>0x80064994</value>
         <object_component_ref idref="oc-1fb"/>
      </symbol>
      <symbol id="sm-1580">
         <name>CPUirqe</name>
         <value>0x80064984</value>
         <object_component_ref idref="oc-1fb"/>
      </symbol>
      <symbol id="sm-1581">
         <name>CPUfiqd</name>
         <value>0x800649b4</value>
         <object_component_ref idref="oc-1fb"/>
      </symbol>
      <symbol id="sm-1582">
         <name>CPUfiqe</name>
         <value>0x800649a4</value>
         <object_component_ref idref="oc-1fb"/>
      </symbol>
      <symbol id="sm-1583">
         <name>CPUSwitchToUserMode</name>
         <value>0x800649c4</value>
         <object_component_ref idref="oc-1fb"/>
      </symbol>
      <symbol id="sm-1584">
         <name>CPUIntStatus</name>
         <value>0x80064d58</value>
         <object_component_ref idref="oc-20b"/>
      </symbol>
      <symbol id="sm-15a5">
         <name>CP15DCacheEnable</name>
         <value>0x8005ff5c</value>
         <object_component_ref idref="oc-25"/>
      </symbol>
      <symbol id="sm-15a6">
         <name>CP15MMUEnable</name>
         <value>0x800602c8</value>
         <object_component_ref idref="oc-25"/>
      </symbol>
      <symbol id="sm-15a7">
         <name>CP15DCacheClean</name>
         <value>0x80060000</value>
         <object_component_ref idref="oc-25"/>
      </symbol>
      <symbol id="sm-15a8">
         <name>CP15ICacheEnable</name>
         <value>0x8005ff4c</value>
         <object_component_ref idref="oc-25"/>
      </symbol>
      <symbol id="sm-15a9">
         <name>CP15TtbCtlTtb0Config</name>
         <value>0x8006034c</value>
         <object_component_ref idref="oc-25"/>
      </symbol>
      <symbol id="sm-15aa">
         <name>CP15VectorBaseAddrSet</name>
         <value>0x800602dc</value>
         <object_component_ref idref="oc-25"/>
      </symbol>
      <symbol id="sm-15ab">
         <name>CP15ICacheDisable</name>
         <value>0x8005ff14</value>
         <object_component_ref idref="oc-25"/>
      </symbol>
      <symbol id="sm-15ac">
         <name>CP15BranchPredictorInvalidate</name>
         <value>0x800602e8</value>
         <object_component_ref idref="oc-25"/>
      </symbol>
      <symbol id="sm-15ad">
         <name>CP15ControlFeatureEnable</name>
         <value>0x80060338</value>
         <object_component_ref idref="oc-25"/>
      </symbol>
      <symbol id="sm-15ae">
         <name>CP15DomainAccessClientSet</name>
         <value>0x80060314</value>
         <object_component_ref idref="oc-25"/>
      </symbol>
      <symbol id="sm-15af">
         <name>CP15BranchPredictionEnable</name>
         <value>0x800602f4</value>
         <object_component_ref idref="oc-25"/>
      </symbol>
      <symbol id="sm-15b0">
         <name>CP15DCacheDisable</name>
         <value>0x8005ff30</value>
         <object_component_ref idref="oc-25"/>
      </symbol>
      <symbol id="sm-15b1">
         <name>CP15AuxControlFeatureDisable</name>
         <value>0x80060370</value>
         <object_component_ref idref="oc-25"/>
      </symbol>
      <symbol id="sm-15b2">
         <name>CP15BranchPredictionDisable</name>
         <value>0x80060304</value>
         <object_component_ref idref="oc-25"/>
      </symbol>
      <symbol id="sm-15b3">
         <name>CP15MainIdPrimPartNumGet</name>
         <value>0x80060384</value>
         <object_component_ref idref="oc-25"/>
      </symbol>
      <symbol id="sm-15b4">
         <name>CP15Ttb0Set</name>
         <value>0x80060298</value>
         <object_component_ref idref="oc-25"/>
      </symbol>
      <symbol id="sm-15b5">
         <name>CP15DCacheCleanFlushBuff</name>
         <value>0x8006018c</value>
         <object_component_ref idref="oc-25"/>
      </symbol>
      <symbol id="sm-15b6">
         <name>CP15DCacheCleanBuff</name>
         <value>0x80060138</value>
         <object_component_ref idref="oc-25"/>
      </symbol>
      <symbol id="sm-15b7">
         <name>CP15MMUDisable</name>
         <value>0x800602b0</value>
         <object_component_ref idref="oc-25"/>
      </symbol>
      <symbol id="sm-15b8">
         <name>CP15DCacheFlush</name>
         <value>0x8005ff6c</value>
         <object_component_ref idref="oc-25"/>
      </symbol>
      <symbol id="sm-15b9">
         <name>CP15AuxControlFeatureEnable</name>
         <value>0x8006035c</value>
         <object_component_ref idref="oc-25"/>
      </symbol>
      <symbol id="sm-15ba">
         <name>CP15TlbInvalidate</name>
         <value>0x800602a4</value>
         <object_component_ref idref="oc-25"/>
      </symbol>
      <symbol id="sm-15bb">
         <name>CP15ICacheFlushBuff</name>
         <value>0x80060244</value>
         <object_component_ref idref="oc-25"/>
      </symbol>
      <symbol id="sm-15bc">
         <name>CP15ICacheFlush</name>
         <value>0x80060128</value>
         <object_component_ref idref="oc-25"/>
      </symbol>
      <symbol id="sm-15bd">
         <name>CP15DCacheFlushBuff</name>
         <value>0x800601e0</value>
         <object_component_ref idref="oc-25"/>
      </symbol>
      <symbol id="sm-15be">
         <name>CP15DCacheCleanFlush</name>
         <value>0x80060094</value>
         <object_component_ref idref="oc-25"/>
      </symbol>
      <symbol id="sm-15bf">
         <name>CP15ControlFeatureDisable</name>
         <value>0x80060324</value>
         <object_component_ref idref="oc-25"/>
      </symbol>
      <symbol id="sm-15e0">
         <name>start_boot</name>
         <value>0x80064bb0</value>
         <object_component_ref idref="oc-16"/>
      </symbol>
      <symbol id="sm-15fa">
         <name>SVC_Handler</name>
         <value>0x80063e78</value>
         <object_component_ref idref="oc-b0"/>
      </symbol>
      <symbol id="sm-15fb">
         <name>IRQHandler</name>
         <value>0x80063ea0</value>
         <object_component_ref idref="oc-b0"/>
      </symbol>
      <symbol id="sm-15fc">
         <name>AbortHandler</name>
         <value>0x80063f50</value>
         <object_component_ref idref="oc-b0"/>
      </symbol>
      <symbol id="sm-15fd">
         <name>UndefInstHandler</name>
         <value>0x80063f50</value>
         <object_component_ref idref="oc-b0"/>
      </symbol>
      <symbol id="sm-15fe">
         <name>FIQHandler</name>
         <value>0x80063f4c</value>
         <object_component_ref idref="oc-b0"/>
      </symbol>
      <symbol id="sm-1623">
         <name>__TI_auto_init</name>
         <value>0x8006467c</value>
         <object_component_ref idref="oc-10"/>
      </symbol>
      <symbol id="sm-1628">
         <name>__stack</name>
         <value>0x87fffff0</value>
         <object_component_ref idref="oc-f"/>
      </symbol>
      <symbol id="sm-1642">
         <name>copy_in</name>
         <value>0x800647a4</value>
         <object_component_ref idref="oc-1d"/>
      </symbol>
      <symbol id="sm-1667">
         <name>__aeabi_dsub</name>
         <value>0x800623ac</value>
         <object_component_ref idref="oc-256"/>
      </symbol>
      <symbol id="sm-1668">
         <name>__aeabi_dadd</name>
         <value>0x800623b8</value>
         <object_component_ref idref="oc-256"/>
      </symbol>
      <symbol id="sm-1688">
         <name>__aeabi_ddiv</name>
         <value>0x800630d8</value>
         <object_component_ref idref="oc-23a"/>
      </symbol>
      <symbol id="sm-169f">
         <name>__aeabi_dmul</name>
         <value>0x80063c20</value>
         <object_component_ref idref="oc-235"/>
      </symbol>
      <symbol id="sm-16ad">
         <name>__aeabi_d2iz</name>
         <value>0x800649e4</value>
         <object_component_ref idref="oc-25b"/>
      </symbol>
      <symbol id="sm-16ba">
         <name>__aeabi_d2uiz</name>
         <value>0x80064a40</value>
         <object_component_ref idref="oc-198"/>
      </symbol>
      <symbol id="sm-16cf">
         <name>__aeabi_idivmod</name>
         <value>0x80063d48</value>
         <object_component_ref idref="oc-265"/>
      </symbol>
      <symbol id="sm-16d0">
         <name>__aeabi_idiv</name>
         <value>0x80063d48</value>
         <object_component_ref idref="oc-265"/>
      </symbol>
      <symbol id="sm-16dc">
         <name>__aeabi_i2d</name>
         <value>0x80064bc8</value>
         <object_component_ref idref="oc-260"/>
      </symbol>
      <symbol id="sm-16e8">
         <name>__aeabi_llsr</name>
         <value>0x80064d18</value>
         <object_component_ref idref="oc-26a"/>
      </symbol>
      <symbol id="sm-1701">
         <name>memcpy</name>
         <value>0x80063268</value>
         <object_component_ref idref="oc-39"/>
      </symbol>
      <symbol id="sm-1702">
         <name>__aeabi_memcpy</name>
         <value>0x80063268</value>
         <object_component_ref idref="oc-39"/>
      </symbol>
      <symbol id="sm-1703">
         <name>__aeabi_memcpy8</name>
         <value>0x80063268</value>
         <object_component_ref idref="oc-39"/>
      </symbol>
      <symbol id="sm-1704">
         <name>__aeabi_memcpy4</name>
         <value>0x80063268</value>
         <object_component_ref idref="oc-39"/>
      </symbol>
      <symbol id="sm-1713">
         <name>__aeabi_memset</name>
         <value>0x80064480</value>
         <object_component_ref idref="oc-2e3"/>
      </symbol>
      <symbol id="sm-1714">
         <name>memset</name>
         <value>0x8006448c</value>
         <object_component_ref idref="oc-2e3"/>
      </symbol>
      <symbol id="sm-1715">
         <name>__aeabi_memset8</name>
         <value>0x80064480</value>
         <object_component_ref idref="oc-2e3"/>
      </symbol>
      <symbol id="sm-1716">
         <name>__aeabi_memset4</name>
         <value>0x80064480</value>
         <object_component_ref idref="oc-2e3"/>
      </symbol>
      <symbol id="sm-1717">
         <name>__aeabi_memclr8</name>
         <value>0x8006447c</value>
         <object_component_ref idref="oc-2e3"/>
      </symbol>
      <symbol id="sm-1718">
         <name>__aeabi_memclr4</name>
         <value>0x8006447c</value>
         <object_component_ref idref="oc-2e3"/>
      </symbol>
      <symbol id="sm-1719">
         <name>__aeabi_memclr</name>
         <value>0x8006447c</value>
         <object_component_ref idref="oc-2e3"/>
      </symbol>
      <symbol id="sm-1733">
         <name>sprintf</name>
         <value>0x800645d4</value>
         <object_component_ref idref="oc-153"/>
      </symbol>
      <symbol id="sm-1742">
         <name>strlen</name>
         <value>0x80064d3c</value>
         <object_component_ref idref="oc-3b9"/>
      </symbol>
      <symbol id="sm-1758">
         <name>__aeabi_uidivmod</name>
         <value>0x80063f68</value>
         <object_component_ref idref="oc-12b"/>
      </symbol>
      <symbol id="sm-1759">
         <name>__aeabi_uidiv</name>
         <value>0x80063f68</value>
         <object_component_ref idref="oc-12b"/>
      </symbol>
      <symbol id="sm-1765">
         <name>__aeabi_ui2d</name>
         <value>0x80064c3c</value>
         <object_component_ref idref="oc-193"/>
      </symbol>
      <symbol id="sm-178f">
         <name>__aeabi_uldivmod</name>
         <value>0x800616e0</value>
         <object_component_ref idref="oc-32f"/>
      </symbol>
      <symbol id="sm-17a9">
         <name>_nop</name>
         <value>0x80064d0c</value>
         <object_component_ref idref="oc-562"/>
      </symbol>
      <symbol id="sm-17aa">
         <name>_lock</name>
         <value>0x80071e60</value>
         <object_component_ref idref="oc-551"/>
      </symbol>
      <symbol id="sm-17ab">
         <name>_unlock</name>
         <value>0x80071e64</value>
         <object_component_ref idref="oc-551"/>
      </symbol>
      <symbol id="sm-17ac">
         <name>_register_lock</name>
         <value>0x80064d00</value>
         <object_component_ref idref="oc-562"/>
      </symbol>
      <symbol id="sm-17ad">
         <name>_register_unlock</name>
         <value>0x80064cf4</value>
         <object_component_ref idref="oc-562"/>
      </symbol>
      <symbol id="sm-18a1">
         <name>__TI_printfi</name>
         <value>0x80053b8c</value>
         <object_component_ref idref="oc-293"/>
      </symbol>
      <symbol id="sm-18b8">
         <name>atoi</name>
         <value>0x80064720</value>
         <object_component_ref idref="oc-3ed"/>
      </symbol>
      <symbol id="sm-18c3">
         <name>_ctypes_</name>
         <value>0x80042a82</value>
         <object_component_ref idref="oc-4bb"/>
      </symbol>
      <symbol id="sm-18ea">
         <name>__aeabi_cdcmpeq</name>
         <value>0x8006413c</value>
         <object_component_ref idref="oc-3bf"/>
      </symbol>
      <symbol id="sm-18eb">
         <name>__aeabi_cdcmple</name>
         <value>0x8006413c</value>
         <object_component_ref idref="oc-3bf"/>
      </symbol>
      <symbol id="sm-18ec">
         <name>__aeabi_cdrcmple</name>
         <value>0x8006421c</value>
         <object_component_ref idref="oc-3c4"/>
      </symbol>
      <symbol id="sm-18f9">
         <name>frexp</name>
         <value>0x80064c70</value>
         <object_component_ref idref="oc-3cf"/>
      </symbol>
      <symbol id="sm-1903">
         <name>__aeabi_idiv0</name>
         <value>0x80064d64</value>
         <object_component_ref idref="oc-270"/>
      </symbol>
      <symbol id="sm-1913">
         <name>ldexp</name>
         <value>0x800648a8</value>
         <object_component_ref idref="oc-3d5"/>
      </symbol>
      <symbol id="sm-1921">
         <name>ltoa</name>
         <value>0x80064828</value>
         <object_component_ref idref="oc-3c9"/>
      </symbol>
      <symbol id="sm-1930">
         <name>memccpy</name>
         <value>0x80064ca0</value>
         <object_component_ref idref="oc-3e7"/>
      </symbol>
      <symbol id="sm-193f">
         <name>strchr</name>
         <value>0x80064ccc</value>
         <object_component_ref idref="oc-3db"/>
      </symbol>
      <symbol id="sm-194d">
         <name>_Dclass</name>
         <value>0x80064c04</value>
         <object_component_ref idref="oc-3e1"/>
      </symbol>
      <symbol id="sm-196b">
         <name>_Dscale</name>
         <value>0x80062f30</value>
         <object_component_ref idref="oc-4a7"/>
      </symbol>
      <symbol id="sm-197f">
         <name>_Dunscale</name>
         <value>0x800643c4</value>
         <object_component_ref idref="oc-49f"/>
      </symbol>
      <symbol id="sm-198d">
         <name>_Feraise</name>
         <value>0x80064b40</value>
         <object_component_ref idref="oc-4ad"/>
      </symbol>
      <symbol id="sm-199d">
         <name>_Rteps</name>
         <value>0x80071cd8</value>
         <object_component_ref idref="oc-505"/>
      </symbol>
      <symbol id="sm-199e">
         <name>_Zero</name>
         <value>0x80071cf0</value>
         <object_component_ref idref="oc-505"/>
      </symbol>
      <symbol id="sm-199f">
         <name>_Hugeval</name>
         <value>0x80071c98</value>
         <object_component_ref idref="oc-505"/>
      </symbol>
      <symbol id="sm-19a0">
         <name>_Snan</name>
         <value>0x80071cc8</value>
         <object_component_ref idref="oc-505"/>
      </symbol>
      <symbol id="sm-19a1">
         <name>_Nan</name>
         <value>0x80071cb8</value>
         <object_component_ref idref="oc-505"/>
      </symbol>
      <symbol id="sm-19a2">
         <name>_Inf</name>
         <value>0x80071ca8</value>
         <object_component_ref idref="oc-505"/>
      </symbol>
      <symbol id="sm-19a3">
         <name>_Xbig</name>
         <value>0x80071ce8</value>
         <object_component_ref idref="oc-505"/>
      </symbol>
      <symbol id="sm-19a4">
         <name>_Eps</name>
         <value>0x80071c88</value>
         <object_component_ref idref="oc-505"/>
      </symbol>
      <symbol id="sm-19a5">
         <name>_Denorm</name>
         <value>0x80071c78</value>
         <object_component_ref idref="oc-505"/>
      </symbol>
      <symbol id="sm-19ad">
         <name>_Errno</name>
         <value>0x80071e78</value>
         <object_component_ref idref="oc-510"/>
      </symbol>
      <symbol id="sm-19cc">
         <name>feraiseexcept</name>
         <value>0x80064a9c</value>
         <object_component_ref idref="oc-50a"/>
      </symbol>
      <symbol id="sm-19cd">
         <name>_Tls_setup__Fenv</name>
         <value>0x80071e6c</value>
         <object_component_ref idref="oc-536"/>
      </symbol>
      <symbol id="sm-19ce">
         <name>_Fenv</name>
         <value>0x80071e68</value>
         <object_component_ref idref="oc-536"/>
      </symbol>
      <symbol id="sm-19e1">
         <name>raise</name>
         <value>0x80064af4</value>
         <object_component_ref idref="oc-530"/>
      </symbol>
      <symbol id="sm-19fb">
         <name>signal</name>
         <value>0x80064920</value>
         <object_component_ref idref="oc-540"/>
      </symbol>
      <symbol id="sm-1a10">
         <name>_Dnorm</name>
         <value>0x8006384c</value>
         <object_component_ref idref="oc-4fb"/>
      </symbol>
      <symbol id="sm-1a11">
         <name>__TI_Handler_Table_Base</name>
         <value>0x0</value>
      </symbol>
      <symbol id="sm-1a12">
         <name>__TI_Handler_Table_Limit</name>
         <value>0x0</value>
      </symbol>
      <symbol id="sm-1a13">
         <name>__TI_CINIT_Limit</name>
         <value>0x0</value>
      </symbol>
      <symbol id="sm-1a14">
         <name>__TI_CINIT_Base</name>
         <value>0x0</value>
      </symbol>
      <symbol id="sm-1a15">
         <name>SHT$$INIT_ARRAY$$Limit</name>
         <value>0x0</value>
      </symbol>
      <symbol id="sm-1a16">
         <name>SHT$$INIT_ARRAY$$Base</name>
         <value>0x0</value>
      </symbol>
   </symbol_table>
   <title>Link successful</title>
</link_info>
