******************************************************************************
                  TI ARM Linker PC v5.2.6                      
******************************************************************************
>> Linked Wed May 04 19:05:02 2016

OUTPUT FILE NAME:   <BeagleBone_Smart_Controler.out>
ENTRY POINT SYMBOL: "Entry"  address: 80000000


MEMORY CONFIGURATION

         name            origin    length      used     unused   attr    fill
----------------------  --------  ---------  --------  --------  ----  --------
  DDR_MEM               80000000   07ffffff  0005f03c  07fa0fc3  RWIX


SEGMENT ALLOCATION MAP

run origin  load origin   length   init length attrs members
----------  ----------- ---------- ----------- ----- -------
80000000    80000000    00055650   00055650    r-x
  80000000    80000000    000000d0   000000d0    r-x .text:Entry
  800000d0    800000d0    00042978   00042978    r-- .const
  80042a48    80042a48    00012c08   00012c08    r-x .text
80058000    80058000    00005601   00000000    rw-
  80058000    80058000    00005601   00000000    rw- .bss
8005d608    8005d608    000043e3   000043e3    rw-
  8005d608    8005d608    000043e3   000043e3    rw- .data
87fffff0    87fffff0    00000008   00000000    rw-
  87fffff0    87fffff0    00000008   00000000    rw- .stack


SECTION ALLOCATION MAP

 output                                  attributes/
section   page    origin      length       input sections
--------  ----  ----------  ----------   ----------------
.text:Entry 
*          0    80000000    000000d0     
                  80000000    000000c8     system.lib : init.obj (.text:Entry)
                  800000c8    00000008     rtsv7A8_A_le_n_eabi.lib : autoinit.obj (.tramp.__TI_auto_init.1)

.const     0    800000d0    00042978     
                  800000d0    0003fc00     BITMAP_CHARLIE_BEACH.obj (.const:.string:BITMAP_CharlieBeach)
                  8003fcd0    00002bc0     BITMAP_TV_REMOTE.obj (.const:.string:BITMAP_TVRemote)
                  80042890    00000101     rtsv7A8_A_le_n_eabi.lib : ctype.obj (.const:.string:_ctypes_)
                  80042991    00000003     --HOLE-- [fill = 0]
                  80042994    00000054     MEMORY.obj (.const)
                  800429e8    00000038     system.lib : startup.obj (.const:vecTbl)
                  80042a20    00000010     CMD.obj (.const)
                  80042a30    0000000c     BITMAP_CHARLIE_BEACH.obj (.const)
                  80042a3c    0000000c     BITMAP_TV_REMOTE.obj (.const)

.text      0    80042a48    00012c08     
                  80042a48    00002a68     LCD.obj (.text)
                  800454b0    00001d10     uart_irda_cir.obj (.text)
                  800471c0    00001a70     rtsv7A8_A_le_n_eabi.lib : _printfi.obj (.text)
                  80048c30    00001588     rtc.obj (.text)
                  8004a1b8    0000140c     tsc_adc.obj (.text)
                  8004b5c4    00000ec4     mcspi.obj (.text)
                  8004c488    00000bb0     GUI.obj (.text)
                  8004d038    00000b98     gpio_v2.obj (.text)
                  8004dbd0    00000b34     hsi2c.obj (.text)
                  8004e704    000008a0     MISC.obj (.text)
                  8004efa4    00000788     dmtimer.obj (.text)
                  8004f72c    000006c4     FRAM.obj (.text)
                  8004fdf0    00000564     INTERRUPTS.obj (.text)
                  80050354    00000518     AUDIO.obj (.text)
                  8005086c    00000510     SPI.obj (.text)
                  80050d7c    000004a0     UART.obj (.text)
                  8005121c    00000498     GPIO.obj (.text)
                  800516b4    00000488     system.lib : cp15.obj (.text)
                  80051b3c    000003e4     interrupt.obj (.text)
                  80051f20    0000033c     RTCC.obj (.text)
                  8005225c    000002e8     WAV.obj (.text)
                  80052544    000002c0     LEDS.obj (.text)
                  80052804    000002b8     rtsv7A8_A_le_n_eabi.lib : ull_div32.obj (.text)
                  80052abc    0000029c     ADC.obj (.text)
                  80052d58    00000290     I2C.obj (.text)
                  80052fe8    00000290     main.obj (.text)
                  80053278    00000268     TIMERS.obj (.text)
                  800534e0    00000214     rtsv7A8_A_le_n_eabi.lib : fd_add32.obj (.text)
                  800536f4    00000204     TEST.obj (.text)
                  800538f8    000001d8     CMD.obj (.text)
                  80053ad0    000001a8     rtsv7A8_A_le_n_eabi.lib : xdscale.obj (.text)
                  80053c78    00000190                             : fd_div32.obj (.text)
                  80053e08    00000180                             : memcpy32.obj (.text)
                  80053f88    00000178     POWER.obj (.text)
                  80054100    00000170     mmu.obj (.text)
                  80054270    00000160     rtsv7A8_A_le_n_eabi.lib : xdnorm.obj (.text)
                  800543d0    00000130     cache.obj (.text)
                  80054500    00000128     rtsv7A8_A_le_n_eabi.lib : fd_mul32.obj (.text)
                  80054628    00000114                             : i_div32.obj (.text)
                  8005473c    0000010c     system.lib : exceptionhandler.obj (.text)
                  80054848    00000104     SYSTEM.obj (.text)
                  8005494c    000000f0     rtsv7A8_A_le_n_eabi.lib : u_div32.obj (.text)
                  80054a3c    000000e0                             : fd_cmp32.obj (.text:__aeabi_cdcmple)
                  80054b1c    000000e0                             : fd_cmp32.obj (.text:__aeabi_cdrcmple)
                  80054bfc    000000b8                             : xdunscal.obj (.text)
                  80054cb4    000000b0     PMIC.obj (.text)
                  80054d64    000000b0     rtsv7A8_A_le_n_eabi.lib : memset32.obj (.text)
                  80054e14    000000a8     MEMORY.obj (.text)
                  80054ebc    000000a8     rtsv7A8_A_le_n_eabi.lib : sprintf.obj (.text)
                  80054f64    000000a4                             : autoinit.obj (.text)
                  80055008    00000084                             : atoi.obj (.text)
                  8005508c    00000084                             : cpy_tbl.obj (.text)
                  80055110    00000080                             : ltoa.obj (.text)
                  80055190    00000078                             : ldexp.obj (.text)
                  80055208    00000064                             : signal.obj (.text)
                  8005526c    00000060     system.lib : cpu.obj (.text)
                  800552cc    0000005c     rtsv7A8_A_le_n_eabi.lib : fd_toi32.obj (.text)
                  80055328    0000005c                             : fd_tou32.obj (.text)
                  80055384    00000058                             : feraiseexcept.obj (.text)
                  800553dc    0000004c                             : raise.obj (.text)
                  80055428    00000044                             : xferaise.obj (.text)
                  8005546c    00000044     system.lib : startup.obj (.text)
                  800554b0    0000003c     rtsv7A8_A_le_n_eabi.lib : i_tofd32.obj (.text)
                  800554ec    00000038                             : xdclass.obj (.text)
                  80055524    00000034                             : u_tofd32.obj (.text)
                  80055558    00000030                             : frexp.obj (.text)
                  80055588    0000002c                             : memccpy.obj (.text)
                  800555b4    00000028                             : strchr.obj (.text)
                  800555dc    00000024                             : _lock.obj (.text)
                  80055600    00000024                             : ll_lsr32.obj (.text)
                  80055624    0000001c                             : strlen.obj (.text)
                  80055640    0000000c     system.lib : cpu.obj (.text:CPUIntStatus)
                  8005564c    00000004     rtsv7A8_A_le_n_eabi.lib : i_div0.obj (.text)

.bss       0    80058000    00005601     UNINITIALIZED
                  80058000    00004000     MEMORY.obj (.bss:pageTable)
                  8005c000    000007d0     UART.obj (.bss:UART_RX_buffer)
                  8005c7d0    000007d0     UART.obj (.bss:UART_TX_buffer)
                  8005cfa0    000003e8     MISC.obj (.bss:MISC_Buffer)
                  8005d388    00000200     interrupt.obj (.bss:fnRAMVectors)
                  8005d588    00000040     POWER.obj (.bss:Voltage)
                  8005d5c8    00000010     (.common:I2C_0_Buffers)
                  8005d5d8    0000000c     (.common:Command_String)
                  8005d5e4    0000000a     (.common:CurrentTimeDate)
                  8005d5ee    00000001     (.common:CurrentScreen)
                  8005d5ef    00000001     (.common:PreviousPreviousScreen)
                  8005d5f0    00000004     (.common:dummy)
                  8005d5f4    00000004     (.common:p_CurrentScreen)
                  8005d5f8    00000004     (.common:p_CurrentWAVFile)
                  8005d5fc    00000004     (.common:p_PreviousScreen)
                  8005d600    00000001     (.common:PreviousScreen)

.TI.noinit 
*          0    80058000    00000000     UNINITIALIZED

.data      0    8005d608    000043e3     
                  8005d608    00003cbc     WAV_POST_COMPLETE.obj (.data:WAV_PostComplete)
                  800612c4    00000500     GUI.obj (.data:Screens)
                  800617c4    000000b0     rtsv7A8_A_le_n_eabi.lib : signal.obj (.data:sigtable)
                  80061874    00000004                             : errno.obj (.data)
                  80061878    00000080                             : xvalues.obj (.data)
                  800618f8    00000062     WAV.obj (.data:WAV_Files)
                  8006195a    00000023     LCD.obj (.data)
                  8006197d    0000001f     FRAM.obj (.data)
                  8006199c    00000010     AUDIO.obj (.data)
                  800619ac    00000010     TIMERS.obj (.data)
                  800619bc    0000000c     RTCC.obj (.data)
                  800619c8    0000000c     UART.obj (.data)
                  800619d4    00000008     rtsv7A8_A_le_n_eabi.lib : _lock.obj (.data)
                  800619dc    00000008                             : feraiseexcept.obj (.data)
                  800619e4    00000003     GUI.obj (.data)
                  800619e7    00000002     CMD.obj (.data)
                  800619e9    00000001     ADC.obj (.data)
                  800619ea    00000001     I2C.obj (.data)

.TI.persistent 
*          0    8005d608    00000000     UNINITIALIZED

.stack     0    87fffff0    00000008     UNINITIALIZED
                  87fffff0    00000008     --HOLE--


FAR CALL TRAMPOLINES

callee name               trampoline name
   callee addr  tramp addr   call addr  call info
--------------  -----------  ---------  ----------------
__TI_auto_init            $Tramp$AA$S$$__TI_auto_init
   80054f64     800000c8     800000a0   system.lib : init.obj (.text:Entry)

[1 trampolines]
[1 trampoline calls]


GLOBAL SYMBOLS: SORTED ALPHABETICALLY BY Name 

address   name                                
-------   ----                                
80050270  ADC_0_ISR                           
80052d28  ADC_ClearFinishedFlag               
80052c70  ADC_ConfigureInterrupt              
80052d38  ADC_GetFinishedFlag                 
80052c9c  ADC_ReadChannels                    
80052d18  ADC_SetFinishedFlag                 
800507c4  AUD_AmpShutdown                     
800619a4  AUD_AudioTimeoutCount               
800506fc  AUD_ClearPlaybackFinishedFlag       
8005046c  AUD_ClearPlayingFlag                
80050734  AUD_ClearTimoutFlag                 
80050718  AUD_GetPlaybackFinishedFlag         
8005047c  AUD_GetPlayingFlag                  
80050744  AUD_GetTimoutFlag                   
80050750  AUD_IsWAVPlaying                    
80050368  AUD_PlayWAV                         
800506ec  AUD_SetPlaybackFinishedFlag         
8005045c  AUD_SetPlayingFlag                  
80050724  AUD_SetTimoutFlag                   
80050430  AUD_StopWAV                         
80050768  AUD_TestAudio                       
80050488  AUD_TransferWAVToRAMG               
80054830  AbortHandler                        
800619a0  AudioBytesTransferred               
800000d0  BITMAP_CharlieBeach                 
8003fcd0  BITMAP_TVRemote                     
8006197c  BackLightSetting                    
80053908  CMD_CheckMatch                      
80053a94  CMD_ClearNewCommand                 
80053aa4  CMD_GetNewCommand                   
80053a74  CMD_Help                            
80053a84  CMD_SetNewCommand                   
80051b10  CP15AuxControlFeatureDisable        
80051afc  CP15AuxControlFeatureEnable         
80051aa4  CP15BranchPredictionDisable         
80051a94  CP15BranchPredictionEnable          
80051a88  CP15BranchPredictorInvalidate       
80051ac4  CP15ControlFeatureDisable           
80051ad8  CP15ControlFeatureEnable            
800517a0  CP15DCacheClean                     
800518d8  CP15DCacheCleanBuff                 
80051834  CP15DCacheCleanFlush                
8005192c  CP15DCacheCleanFlushBuff            
800516d0  CP15DCacheDisable                   
800516fc  CP15DCacheEnable                    
8005170c  CP15DCacheFlush                     
80051980  CP15DCacheFlushBuff                 
80051ab4  CP15DomainAccessClientSet           
800516b4  CP15ICacheDisable                   
800516ec  CP15ICacheEnable                    
800518c8  CP15ICacheFlush                     
800519e4  CP15ICacheFlushBuff                 
80051a50  CP15MMUDisable                      
80051a68  CP15MMUEnable                       
80051b24  CP15MainIdPrimPartNumGet            
80051a44  CP15TlbInvalidate                   
80051a38  CP15Ttb0Set                         
80051aec  CP15TtbCtlTtb0Config                
80051a7c  CP15VectorBaseAddrSet               
800552c8  CPUAbortHandler                     
80055640  CPUIntStatus                        
800552c0  CPUSwitchToPrivilegedMode           
800552ac  CPUSwitchToUserMode                 
8005529c  CPUfiqd                             
8005528c  CPUfiqe                             
8005527c  CPUirqd                             
8005526c  CPUirqe                             
80054494  CacheDataCleanAll                   
800544ac  CacheDataCleanBuff                  
80054488  CacheDataCleanInvalidateAll         
800544e4  CacheDataCleanInvalidateBuff        
800544a0  CacheDataInvalidateAll              
800544c8  CacheDataInvalidateBuff             
800543d0  CacheDisable                        
80054414  CacheEnable                         
80054460  CacheInstInvalidateAll              
8005446c  CacheInstInvalidateBuff             
8005d5d8  Command_String                      
80042a20  Commands                            
8005d5ee  CurrentScreen                       
8006197d  CurrentSystemSettings               
8005d5e4  CurrentTimeDate                     
8004f640  DMTimer2ModuleClkConfig             
8004f6ac  DMTimer3ModuleClkConfig             
8004f2e4  DMTimerCompareGet                   
8004f2a8  DMTimerCompareSet                   
8004f504  DMTimerContextRestore               
8004f484  DMTimerContextSave                  
8004f1a0  DMTimerCounterGet                   
8004f164  DMTimerCounterSet                   
8004efe4  DMTimerDisable                      
8004efa4  DMTimerEnable                       
8004f228  DMTimerGPOConfigure                 
8004f398  DMTimerIntDisable                   
8004f374  DMTimerIntEnable                    
8004f3f4  DMTimerIntEnableGet                 
8004f320  DMTimerIntRawStatusGet              
8004f2fc  DMTimerIntRawStatusSet              
8004f350  DMTimerIntStatusClear               
8004f338  DMTimerIntStatusGet                 
8004f024  DMTimerModeConfigure                
8004f5e4  DMTimerPostedModeConfig             
8004f124  DMTimerPreScalerClkDisable          
8004f0a4  DMTimerPreScalerClkEnable           
8004f210  DMTimerReloadGet                    
8004f1d4  DMTimerReloadSet                    
8004f450  DMTimerReset                        
8004f40c  DMTimerResetConfigure               
8004f3bc  DMTimerTriggerSet                   
8004f628  DMTimerWritePostedStatusGet         
800619be  DefaultTimeDate                     
80000000  Entry                               
8005482c  FIQHandler                          
8004fcb4  FRAM_CalculateCRC                   
8004fc78  FRAM_Hold                           
8004fccc  FRAM_LoadDefaultSettings            
8004f82c  FRAM_LoadSettings                   
8004fa5c  FRAM_ReadMemory                     
8004f930  FRAM_ReadStatusRegister             
8004f848  FRAM_SaveSettings                   
8004fd48  FRAM_Test                           
8004f8b0  FRAM_WriteDisable                   
8004f874  FRAM_WriteEnable                    
8004f970  FRAM_WriteMemory                    
8004fc3c  FRAM_WriteProtect                   
8004fb48  FRAM_WriteRead                      
8004f8ec  FRAM_WriteStatusRegister            
80061978  FT_DispCSpread                      
8006197a  FT_DispDither                       
80061962  FT_DispHCycle                       
80061964  FT_DispHOffset                      
80061966  FT_DispHSync0                       
80061968  FT_DispHSync1                       
80061960  FT_DispHeight                       
80061972  FT_DispPCLK                         
80061976  FT_DispPCLKPol                      
80061974  FT_DispSwizzle                      
8006196a  FT_DispVCycle                       
8006196c  FT_DispVOffset                      
8006196e  FT_DispVSync0                       
80061970  FT_DispVSync1                       
8006195e  FT_DispWidth                        
8004d9c8  GPIOAutoIdleModeControl             
8004da94  GPIODebounceFuncControl             
8004dae4  GPIODebounceTimeConfig              
8004d114  GPIODirModeGet                      
8004d0b4  GPIODirModeSet                      
8004da50  GPIOGatingRatioConfigure            
8004da0c  GPIOIdleModeConfigure               
8004d680  GPIOIntTypeGet                      
8004d2e0  GPIOIntTypeSet                      
8004d090  GPIOModuleDisable                   
8004d06c  GPIOModuleEnable                    
8004d038  GPIOModuleReset                     
8004d21c  GPIOMultiplePinsRead                
8004d1ec  GPIOMultiplePinsWrite               
8004d7c4  GPIOPinIntClear                     
8004d290  GPIOPinIntDisable                   
8004d240  GPIOPinIntEnable                    
8004d760  GPIOPinIntStatus                    
8004d968  GPIOPinIntWakeUpDisable             
8004d908  GPIOPinIntWakeUpEnable              
8004d1a4  GPIOPinRead                         
8004d154  GPIOPinWrite                        
8004d814  GPIORawIntStatus                    
8004db08  GPIORevisionInfoGet                 
8004d870  GPIOTriggerPinInt                   
8004d8e4  GPIOWakeupGlobalDisable             
8004d8c0  GPIOWakeupGlobalEnable              
8004fdf0  GPIO_3A_ISR                         
800514ac  GPIO_Module0ClkConfig               
80051514  GPIO_Module1ClkConfig               
8005157c  GPIO_Module2ClkConfig               
800515e4  GPIO_Module3ClkConfig               
8004ce84  GUI_Backlight                       
8004cecc  GUI_ClearBacklightTimeout           
8004cdb8  GUI_ClearTagTimoutFlag              
8004cc74  GUI_CreateTouchCalibration          
8004c664  GUI_DrawHomeScreen                  
8004c4d0  GUI_DrawInitialScreen               
8004c558  GUI_DrawInitialScreenProgress       
8004ca70  GUI_DrawNextScreen                  
8004cbac  GUI_DrawPreviousScreen              
8004c8d0  GUI_DrawTVRemoteScreen              
8004cde8  GUI_DrawTime                        
8004cedc  GUI_GetBacklightTimeout             
8004cf04  GUI_GetCurrentTag                   
8004cdc8  GUI_GetTagTimoutFlag                
8004c95c  GUI_LoadItemToRAMG                  
8004cbf8  GUI_LoadTouchCalibration            
8004cdd4  GUI_ScreenRefresh                   
8004cebc  GUI_SetBacklightTimeout             
8004cee8  GUI_SetCurrentTag                   
8004cda8  GUI_SetTagTimoutFlag                
8004cd8c  GUI_StartNewScreenTagTimer          
8004c9e4  GUI_TouchConfig                     
8004dba8  GpioPinMuxSetup                     
80042a30  HEADER_CharlieBeach                 
80042a3c  HEADER_TVRemote                     
8004e6a0  I2C0ModuleClkConfig                 
8004e108  I2CActiveOwnAddressGet              
8004e318  I2CAutoIdleDisable                  
8004e2f4  I2CAutoIdleEnable                   
8004e084  I2CBufferStatus                     
8004e3c4  I2CClockActivitySelect              
8004e18c  I2CClockBlockingControl             
8004e5cc  I2CContextRestore                   
8004e578  I2CContextSave                      
8004e054  I2CDMARxEventDisable                
8004dff4  I2CDMARxEventEnable                 
8004e024  I2CDMATxEventDisable                
8004dfc4  I2CDMATxEventEnable                 
8004dee0  I2CDataCountGet                     
8004df78  I2CFIFOClear                        
8004def8  I2CFIFOThresholdConfig              
8004e360  I2CGlobalWakeUpDisable              
8004e33c  I2CGlobalWakeUpEnable               
8004e384  I2CIdleModeSelect                   
8004dc94  I2CMasterBusBusy                    
8004dccc  I2CMasterBusy                       
8004dd10  I2CMasterControl                    
8004e558  I2CMasterDataGet                    
8004e538  I2CMasterDataPut                    
8004dc70  I2CMasterDisable                    
8004dc4c  I2CMasterEnable                     
8004dce8  I2CMasterErr                        
8004dbd0  I2CMasterInitExpClk                 
8004de40  I2CMasterIntClearEx                 
8004dda8  I2CMasterIntDisableEx               
8004dd7c  I2CMasterIntEnableEx                
8004de04  I2CMasterIntRawStatus               
8004de60  I2CMasterIntRawStatusClearEx        
8004de1c  I2CMasterIntRawStatusEx             
8004ddc8  I2CMasterIntStatus                  
8004dde0  I2CMasterIntStatusEx                
8004dea0  I2CMasterSlaveAddrGet               
8004de80  I2CMasterSlaveAddrSet               
8004dd34  I2CMasterStart                      
8004dd58  I2CMasterStop                       
8004e258  I2COwnAddressSet                    
8004dec0  I2CSetDataCount                     
8004e2d0  I2CSoftReset                        
8004e51c  I2CSystemStatusGet                  
8004e490  I2CWakeUpDisable                    
8004e404  I2CWakeUpEnable                     
8005d5c8  I2C_0_Buffers                       
800500fc  I2C_0_ISR                           
80052f9c  I2C_ClearFailFlag0                  
80052fac  I2C_GetFailFlag0                    
80052dac  I2C_InterruptConfigure0             
80052dd8  I2C_SendReceiveData0                
80052f8c  I2C_SetFailFlag0                    
80054780  IRQHandler                          
800538f8  InitCMD                             
80052abc  Init_ADC                            
80050354  Init_Audio                          
8004f72c  Init_FRAM                           
8005121c  Init_GPIO                           
8004c488  Init_GUI                            
80052d58  Init_I2C                            
80052d64  Init_I2C_Module0                    
80042a48  Init_LCD                            
80052544  Init_LED                            
80054848  Init_Modules                        
80054cb4  Init_PMIC                           
80053f88  Init_Power                          
80051f20  Init_RTC                            
8005086c  Init_SPI                            
80050a28  Init_SPI_Module0                    
8005087c  Init_SPI_Module1                    
800536f4  Init_Test                           
80053288  Init_Timer2                         
80053300  Init_Timer3                         
80053278  Init_Timers                         
80050d7c  Init_UART                           
8005225c  Init_WAV                            
80051b84  IntAINTCInit                        
80051cbc  IntActiveIrqNumGet                  
80051d54  IntCurrIrqPriorityGet               
80051eac  IntDisable                          
80051ec4  IntEnable                           
80051d40  IntFuncClkAutoGateSet               
80051d2c  IntFuncClkFreeRunSet                
80051ca8  IntIfClkAutoGateSet                 
80051c94  IntIfClkFreeRunSet                  
80051e94  IntMasterFIQDisable                 
80051e88  IntMasterFIQEnable                  
80051e7c  IntMasterIRQDisable                 
80051e70  IntMasterIRQEnable                  
80051ea0  IntMasterStatusGet                  
80051e34  IntPendingIrqMaskedStatusGet        
80051bf4  IntPrioritySet                      
80051d64  IntPriorityThresholdGet             
80051d74  IntPriorityThresholdSet             
80051cf0  IntProtectionDisable                
80051ce0  IntProtectionEnable                 
80051d94  IntRawStatusGet                     
80051b40  IntRegister                         
80051e04  IntSoftwareIntClear                 
80051dd4  IntSoftwareIntSet                   
80051ccc  IntSpurIrqFlagGet                   
80051d18  IntSyncClkAutoGateSet               
80051d04  IntSyncClkFreeRunSet                
80051c60  IntSystemDisable                    
80051c2c  IntSystemEnable                     
80051b64  IntUnRegister                       
8004548c  LCD_ClearInterruptFlag              
8004549c  LCD_GetInterruptFlag                
80043628  LCD_IncrementWriteOffset            
80042dcc  LCD_Interrupt                       
80042cdc  LCD_InterruptConfigure              
80042d5c  LCD_InteruptDisable                 
80042d28  LCD_InteruptEnable                  
80042d90  LCD_Reset                           
800436a4  LCD_SendRAMAddress                  
8004547c  LCD_SetInterruptFlag                
80043720  LCD_WaitCoprocessorDone             
80043668  LCD_WriteCommandParameters          
800435a4  LCD_cmd                             
800446ec  LCD_cmd_append                      
80043ac8  LCD_cmd_bgcolor                     
8004389c  LCD_cmd_button                      
80044ea0  LCD_cmd_calibrate                   
80043a10  LCD_cmd_clock                       
80044dcc  LCD_cmd_coldstart                   
80044150  LCD_cmd_dial                        
80043b6c  LCD_cmd_fgcolor                     
80043c78  LCD_cmd_gauge                       
80044a20  LCD_cmd_getmatrix                   
80044b34  LCD_cmd_getprops                    
80044adc  LCD_cmd_getptr                      
80043c08  LCD_cmd_gradcolor                   
80043d2c  LCD_cmd_gradient                    
80044758  LCD_cmd_inflate                     
80044ddc  LCD_cmd_interrupt                   
80043dd0  LCD_cmd_keys                        
80044868  LCD_cmd_loadidentity                
800447fc  LCD_cmd_loadimage                   
80045438  LCD_cmd_logo                        
80044bc4  LCD_cmd_mediafifo                   
80044664  LCD_cmd_memcpy                      
80044440  LCD_cmd_memcrc                      
8004452c  LCD_cmd_memset                      
800445b0  LCD_cmd_memwrite                    
800444c0  LCD_cmd_memzero                     
800443ac  LCD_cmd_number                      
80044c30  LCD_cmd_playvideo                   
80043f40  LCD_cmd_progress                    
80044e34  LCD_cmd_regread                     
80044ef8  LCD_cmd_romfont                     
80044984  LCD_cmd_rotate                      
80044918  LCD_cmd_scale                       
80045254  LCD_cmd_screensaver                 
80043fec  LCD_cmd_scrollbar                   
80044354  LCD_cmd_setbase                     
80045100  LCD_cmd_setbitmap                   
80044f64  LCD_cmd_setfont                     
80044fd0  LCD_cmd_setfont2                    
800449dc  LCD_cmd_setmatrix                   
800450a8  LCD_cmd_setrotate                   
80045050  LCD_cmd_setscratch                  
80045298  LCD_cmd_sketch                      
800440a4  LCD_cmd_slider                      
8004533c  LCD_cmd_snapshot                    
80045394  LCD_cmd_snapshot2                   
8004518c  LCD_cmd_spinner                     
80045210  LCD_cmd_stop                        
80043744  LCD_cmd_text                        
800441e4  LCD_cmd_toggle                      
80044d38  LCD_cmd_track                       
800448ac  LCD_cmd_translate                   
80044ccc  LCD_cmd_videoframe                  
80044c88  LCD_cmd_videostart                  
80042e5c  LCD_ft810memRead16                  
80042ecc  LCD_ft810memRead32                  
80042e08  LCD_ft810memRead8                   
80042fac  LCD_ft810memWrite16                 
80043018  LCD_ft810memWrite32                 
80042f6c  LCD_ft810memWrite8                  
800430bc  LCD_ft810memWriteBuffer             
800435cc  LCD_host_command                    
8004328c  LCD_rd16                            
800432a4  LCD_rd32                            
80043278  LCD_rd8                             
80043468  LCD_rd_buffer                       
800431cc  LCD_wr16                            
800431e8  LCD_wr32                            
800431b0  LCD_wr8                             
80043204  LCD_wr8s                            
800432b8  LCD_wr_buffer                       
80052548  LED_Show                            
800619a8  LastWritePointerAddress             
8005cfa0  MISC_Buffer                         
8004ec10  MISC_CRC_CRC16                      
8004ee34  MISC_Calculate_CRC16                
80054254  MMUEnable                           
80054100  MMUInit                             
80054160  MMUMemRegionMap                     
80054e14  MMU_ConfigAndEnable                 
8004e92c  MSC_BCDtoHEX                        
8004e704  MSC_BufferCopy                      
8004e7b8  MSC_DelayUS                         
8004ea50  MSC_EndianLong                      
8004eabc  MSC_EndianLongArray                 
8004e9d0  MSC_EndianShort                     
8004ea0c  MSC_EndianShortArray                
8004e878  MSC_HEXtoBCD                        
8004e77c  MSC_LowercaseChar                   
8004eb4c  MSC_ReverseByte                     
8004e844  MSC_Round                           
8004c304  McSPI0ModuleClkConfig               
8004c1a8  McSPI1ModuleClkConfig               
8004b928  McSPICSAssert                       
8004b960  McSPICSDeAssert                     
8004b830  McSPICSDisable                      
8004b80c  McSPICSEnable                       
8004b854  McSPICSPolarityConfig               
8004b8bc  McSPICSTimeControlSet               
8004bc38  McSPIChannelDisable                 
8004bc00  McSPIChannelEnable                  
8004c0f4  McSPIChannelStatusGet               
8004b5c4  McSPIClkConfig                      
8004bf68  McSPIDMADisable                     
8004bf24  McSPIDMAEnable                      
8004c164  McSPIFIFODatManagementConfig        
8004bde4  McSPIFIFOTrigLvlSet                 
8004c004  McSPIInitDelayConfig                
8004bfd8  McSPIIntDisable                     
8004bfac  McSPIIntEnable                      
8004c0c0  McSPIIntStatusClear                 
8004c0a8  McSPIIntStatusGet                   
8004ba94  McSPIMasterModeConfig               
8004ba70  McSPIMasterModeEnable               
8004c120  McSPIMultipleWordAccessConfig       
8004c07c  McSPIReceiveData                    
8004bc70  McSPIReset                          
8004bd7c  McSPIRxFIFOConfig                   
8004ba38  McSPIStartBitDisable                
8004b998  McSPIStartBitEnable                 
8004b9d0  McSPIStartBitPolarityConfig         
8004c048  McSPITransmitData                   
8004bcdc  McSPITurboModeDisable               
8004bca4  McSPITurboModeEnable                
8004bd14  McSPITxFIFOConfig                   
8004bee4  McSPIWordCountSet                   
8004b7a4  McSPIWordLengthSet                  
800619e8  NumCommand                          
80054cd4  PMIC_ReadRegister                   
80054d14  PMIC_WriteRegister                  
80053f94  PWR_ReadVoltages                    
8005d5ef  PreviousPreviousScreen              
8005d600  PreviousScreen                      
8006195c  RAM_CMD_Offset                      
80049e10  RTC32KClkClockControl               
80049dac  RTC32KClkSourceSelect               
8004a150  RTCAlarm2CalendarSet                
8004a0c4  RTCAlarm2IntStatusClear             
8004a0a8  RTCAlarm2IntStatusGet               
8004a0e8  RTCAlarm2TimeSet                    
80049af8  RTCAlarmCalendarGet                 
80049a98  RTCAlarmCalendarSet                 
800499dc  RTCAlarmDayOfMonthGet               
800499a8  RTCAlarmDayOfMonthSet               
80049808  RTCAlarmHourGet                     
80049864  RTCAlarmHourMeridiemGet             
80049824  RTCAlarmHourMeridiemSet             
800497d4  RTCAlarmHourSet                     
80048e6c  RTCAlarmIntStatusClear              
80048e50  RTCAlarmIntStatusGet                
800497b8  RTCAlarmMinuteGet                   
80049784  RTCAlarmMinuteSet                   
80049a2c  RTCAlarmMonthGet                    
800499f8  RTCAlarmMonthSet                    
80049768  RTCAlarmSecondGet                   
80049734  RTCAlarmSecondSet                   
800498e8  RTCAlarmTimeGet                     
80049880  RTCAlarmTimeSet                     
80049a7c  RTCAlarmYearGet                     
80049a48  RTCAlarmYearSet                     
80048f88  RTCAutoCompDisable                  
80048f44  RTCAutoCompEnable                   
80048e18  RTCBusyStatusGet                    
800496bc  RTCCalendarGet                      
8004964c  RTCCalendarSet                      
80049b9c  RTCCompensationGet                  
80049b58  RTCCompensationSet                  
80049f80  RTCConfigPmicExtWake                
80049fd8  RTCConfigPmicExtWakeDebounce        
80049f20  RTCConfigPmicExtWakePolarity        
80049edc  RTCConfigPmicPowerEnable            
800493f4  RTCDayOfMonthGet                    
800493c0  RTCDayOfMonthSet                    
800494e4  RTCDayOfTheWeekGet                  
800494b0  RTCDayOfTheWeekSet                  
80049164  RTCDisable                          
800491a8  RTCEnable                           
80049210  RTCEnableStatus                     
80048e90  RTCEventUpdateGet                   
80049e98  RTCFeedbackResistanceSelect         
80049348  RTCHourGet                          
80049060  RTCHourModeGet                      
80048fdc  RTCHourModeSet                      
80049314  RTCHourSet                          
80049c94  RTCIdleModeConfigure                
8004a074  RTCIntAlarm2Enable                  
80048d5c  RTCIntAlarmDisable                  
80048d28  RTCIntAlarmEnable                   
80048de4  RTCIntTimerDisable                  
80048d90  RTCIntTimerEnable                   
800493a4  RTCMeridiemGet                      
80049364  RTCMeridiemSet                      
80048ef0  RTCMinRoundingDisable               
80048eac  RTCMinRoundingEnable                
800492f8  RTCMinuteGet                        
800492c4  RTCMinuteSet                        
80049444  RTCMonthGet                         
80049410  RTCMonthSet                         
80049e54  RTCOscillatorStateControl           
8004a038  RTCPmicExtWakeStatusClear           
80049c7c  RTCRevisionIDGet                    
80048c30  RTCRun                              
80048e34  RTCRunStatusGet                     
80049c20  RTCScratchPadGet                    
80049be0  RTCScratchPadSet                    
800492a8  RTCSecondGet                        
80049274  RTCSecondSet                        
800490e8  RTCSet32CounterDisable              
8004907c  RTCSet32CounterEnable               
80049c58  RTCSoftwareReset                    
80049250  RTCSplitPwrDisable                  
8004922c  RTCSplitPwrEnable                   
80048c74  RTCStop                             
80049d68  RTCTestModeControl                  
8004959c  RTCTimeGet                          
80049500  RTCTimeSet                          
80049ce0  RTCWakeUpAlarmEventControl          
80049d24  RTCWakeUpTimerEventControl          
80048d00  RTCWriteProtectDisable              
80048cd8  RTCWriteProtectEnable               
80049494  RTCYearGet                          
80049460  RTCYearSet                          
80051fcc  RTC_ClearFlag                       
80051fdc  RTC_GetFlag                         
800520cc  RTC_GetTimeDate                     
800500e8  RTC_ISR                             
80051f90  RTC_InterruptConfigure              
800521a8  RTC_ModuleClkConfig                 
80051fbc  RTC_SetFlag                         
80051fe8  RTC_SetTimeDate                     
8004a1b0  RtcVersionGet                       
UNDEFED   SHT$$INIT_ARRAY$$Base               
UNDEFED   SHT$$INIT_ARRAY$$Limit              
800502f0  SPI_1_ISR                           
80050b38  SPI_INTCConfigure1                  
80050c1c  SPI_ReadWriteByte0                  
80050c78  SPI_ReadWriteByte1                  
80050b64  SPI_WriteByte0                      
80050bc0  SPI_WriteByte1                      
80050cd4  SPI_WriteByteNoRx0                  
80050d08  SPI_WriteByteNoRx1                  
80054758  SVC_Handler                         
800612c4  Screens                             
80053744  TEST_Setpoint1                      
80053780  TEST_Setpoint2                      
800537bc  TEST_Setpoint3                      
800537f8  TEST_Togglepoint1                   
80053848  TEST_Togglepoint2                   
80053898  TEST_Togglepoint3                   
8004ffcc  TMR_2_ISR                           
800500b0  TMR_3_ISR                           
800619b4  TMR_AudioPlaybackTimer              
800619b8  TMR_BacklightTimer                  
8005336c  TMR_CalculateReload                 
80053494  TMR_ClearMISCTimerFlag              
800534a4  TMR_GetMISCTimerFlag                
80053410  TMR_GetNewScreenTagTimerEnabled     
800533b8  TMR_InterruptConfigure2             
800533e4  TMR_InterruptConfigure3             
800619b0  TMR_NewScreenTagTimer               
80053464  TMR_ResetAudioPlaybackTimer         
80053474  TMR_ResetBacklightTimer             
80053454  TMR_ResetNewScreenTagTimer          
80053484  TMR_SetMISCTimerFlag                
8005341c  TMR_SetNewScreenTagTimerEnabled     
8004a524  TSCADCBiasConfig                    
8004ac68  TSCADCChargeStepAnalogGroundConfig  
8004abc8  TSCADCChargeStepAnalogSupplyConfig  
8004aafc  TSCADCChargeStepConfig              
8004aab0  TSCADCChargeStepOperationModeControl
8004a3c8  TSCADCConfigHWEventPrempt           
8004a71c  TSCADCConfigureAFEClock             
8004a76c  TSCADCConfigureMisc                 
8004a7dc  TSCADCConfigureStepEnable           
8004a370  TSCADCDMAFIFODisable                
8004a340  TSCADCDMAFIFOEnable                 
8004a300  TSCADCEventInterruptDisable         
8004a2d4  TSCADCEventInterruptEnable          
8004b2cc  TSCADCFIFOADCDataRead               
8004b2a0  TSCADCFIFOChannelIDRead             
8004b358  TSCADCFIFODMAThresholdLevelConfig   
8004b320  TSCADCFIFOIRQThresholdLevelConfig   
8004b2f4  TSCADCFIFOWordCountRead             
8004a1b8  TSCADCGetRevision                   
8004a408  TSCADCHWEventMapSet                 
8004a1d0  TSCADCIdleModeSet                   
8004a9e4  TSCADCIdleStepAnalogGroundConfig    
8004a944  TSCADCIdleStepAnalogSupplyConfig    
8004a878  TSCADCIdleStepConfig                
8004a82c  TSCADCIdleStepOperationModeControl  
8004a2bc  TSCADCIntStatus                     
8004a278  TSCADCIntStatusClear                
8004a298  TSCADCIntStatusRead                 
8004a3a0  TSCADCIsDMAFIFOEnabled              
8004b390  TSCADCModuleClkConfig               
8004a5ec  TSCADCModuleStateSet                
8004a6ac  TSCADCOutputRangeConfig             
8004a260  TSCADCRawIntStatus                  
8004a23c  TSCADCRawIntStatusRead              
8004a210  TSCADCRawIntStatusSet               
8004a690  TSCADCSequencerCurrentStepID        
8004a670  TSCADCSequencerFSMBusyStatus        
8004a62c  TSCADCSequencerPenIrqStatusRead     
8004a4c8  TSCADCSetADCPowerDown               
8004a500  TSCADCSetADCPowerUp                 
8004a588  TSCADCStepConfigProtectionDisable   
8004a564  TSCADCStepConfigProtectionEnable    
8004a5ac  TSCADCStepIDTagConfig               
8004ad34  TSCADCTSChargeStepOpenDelayConfig   
8004a488  TSCADCTSModeConfig                  
8004af90  TSCADCTSStepAnalogGroundConfig      
8004aec0  TSCADCTSStepAnalogSupplyConfig      
8004b150  TSCADCTSStepAverageConfig           
8004adb4  TSCADCTSStepConfig                  
8004b0fc  TSCADCTSStepFIFOSelConfig           
8004b1a4  TSCADCTSStepModeConfig              
8004b24c  TSCADCTSStepOpenDelayConfig         
8004ad54  TSCADCTSStepOperationModeControl    
8004b0cc  TSCADCTSStepOutOfRangeCheckDisable  
8004b09c  TSCADCTSStepOutOfRangeCheckEnable   
8004b1f8  TSCADCTSStepSampleDelayConfig       
8004a448  TSCADCTSTransistorConfig            
8004a320  TSCADCWakeUpPenEventConfig          
80046af0  UARTAutoIdleModeControl             
8004689c  UARTAutoRTSAutoCTSControl           
80046fd8  UARTAutobaudParityGet               
80047070  UARTAutobaudSpeedGet                
80047024  UARTAutobaudWordLenGet              
80045838  UARTBreakCtl                        
80046578  UARTCharGet                         
80046520  UARTCharGetNonBlocking              
800465d0  UARTCharGetTimeout                  
80046660  UARTCharPut                         
800464b4  UARTCharPutNonBlocking              
80046460  UARTCharsAvail                      
80046f48  UARTDMACounterResetControl          
80045d74  UARTDMADisable                      
80045d18  UARTDMAEnable                       
80046e60  UARTDSRInterruptControl             
8004577c  UARTDivisorLatchDisable             
80045758  UARTDivisorLatchEnable              
800455d4  UARTDivisorLatchWrite               
80045510  UARTDivisorValCompute               
80045e98  UARTEnhanFuncBitValRestore          
80045e38  UARTEnhanFuncEnable                 
800466d4  UARTFIFOCharGet                     
800466b4  UARTFIFOCharPut                     
80045954  UARTFIFOConfig                      
80046848  UARTFIFOEnableStatusGet             
80045dac  UARTFIFORegisterWrite               
80046dfc  UARTFIFOTrigLvlGranControl          
800466f0  UARTFIFOWrite                       
80046b34  UARTFlowCtrlTrigLvlConfig           
80046a68  UARTIdleModeConfigure               
80046344  UARTIntDisable                      
80046260  UARTIntEnable                       
800467a8  UARTIntIdentityGet                  
800467f4  UARTIntPendingStatusGet             
8004587c  UARTLineCharacConfig                
80046ca8  UARTLoopbackModeControl             
80046d1c  UARTModemControlClear               
80046cec  UARTModemControlSet                 
80046d68  UARTModemStatusChangeCheck          
80046d4c  UARTModemStatusGet                  
80046a34  UARTModuleReset                     
8004711c  UARTModuleVersionNumberGet          
800454b0  UARTOperatingModeSelect             
80045938  UARTParityModeGet                   
800458f4  UARTParityModeSet                   
800469f0  UARTPulseShapingControl             
80046f2c  UARTRXCTSDSRTransitionStatusGet     
80046ee8  UARTRXCTSDSRWakeUpConfigure         
80045818  UARTRegConfModeRestore              
800457a0  UARTRegConfigModeEnable             
80046d84  UARTResumeOperation                 
8004675c  UARTRxErrorGet                      
80046fc0  UARTRxFIFOLevelGet                  
80047100  UARTScratchPadRegRead               
800470bc  UARTScratchPadRegWrite              
8004698c  UARTSoftwareFlowCtrlOptSet          
8004640c  UARTSpaceAvail                      
80046928  UARTSpecialCharDetectControl        
80045efc  UARTSubConfigMSRSPRModeEn           
80045fd4  UARTSubConfigTCRTLRModeEn           
800460ac  UARTSubConfigXOFFModeEn             
80046184  UARTTCRTLRBitValRestore             
80047138  UARTTxDMAThresholdControl           
8004717c  UARTTxDMAThresholdValConfig         
80046ea4  UARTTxEmptyIntControl               
80046f8c  UARTTxFIFOFullStatusGet             
80046fa8  UARTTxFIFOLevelGet                  
80046aac  UARTWakeUpControl                   
80046dcc  UARTWakeUpEventsDisable             
80046d9c  UARTWakeUpEventsEnable              
80046b84  UARTXON1XOFF1ValProgram             
80046bb4  UARTXON2XOFF2ValProgram             
80046be4  UARTXONAnyFeatureControl            
8004fe2c  UART_0_ISR                          
80050fc4  UART_AddToRXBuffer                  
800510f4  UART_AddToTXBuffer                  
80050ed0  UART_BaudRateSet                    
80050f4c  UART_Configure                      
80050eac  UART_FIFOConfigure                  
800511a0  UART_GetTXInterruptStatus           
80050f98  UART_InterruptConfigure0            
80050f08  UART_LineCharacSet                  
80050dcc  UART_Module0ClkConfig               
80050e28  UART_PrintBuffer                    
80050e14  UART_PrintChar                      
80050e74  UART_PrintString                    
8005c000  UART_RX_buffer                      
800619c8  UART_RX_place                       
800619cc  UART_TX_add                         
8005c7d0  UART_TX_buffer                      
800619d0  UART_TX_remove                      
80054830  UndefInstHandler                    
8005d588  Voltage                             
800522b4  WAV_CalculateHeader                 
800618f8  WAV_Files                           
8005d608  WAV_PostComplete                    
800554ec  _Dclass                             
80061878  _Denorm                             
80054270  _Dnorm                              
80053ad0  _Dscale                             
80054bfc  _Dunscale                           
80061888  _Eps                                
80061874  _Errno                              
800619dc  _Fenv                               
80055428  _Feraise                            
80061898  _Hugeval                            
800618a8  _Inf                                
800618b8  _Nan                                
800618d8  _Rteps                              
800618c8  _Snan                               
800619e0  _Tls_setup__Fenv                    
800618e8  _Xbig                               
800618f0  _Zero                               
87fffff8  __STACK_END                         
00000008  __STACK_SIZE                        
UNDEFED   __TI_CINIT_Base                     
UNDEFED   __TI_CINIT_Limit                    
UNDEFED   __TI_Handler_Table_Base             
UNDEFED   __TI_Handler_Table_Limit            
80054f64  __TI_auto_init                      
80048734  __TI_printfi                        
80000000  __TI_static_base__                  
80054a3c  __aeabi_cdcmpeq                     
80054a3c  __aeabi_cdcmple                     
80054b1c  __aeabi_cdrcmple                    
800552cc  __aeabi_d2iz                        
80055328  __aeabi_d2uiz                       
800534ec  __aeabi_dadd                        
80053c78  __aeabi_ddiv                        
80054500  __aeabi_dmul                        
800534e0  __aeabi_dsub                        
800554b0  __aeabi_i2d                         
80054628  __aeabi_idiv                        
8005564c  __aeabi_idiv0                       
80054628  __aeabi_idivmod                     
80055600  __aeabi_llsr                        
80054d64  __aeabi_memclr                      
80054d64  __aeabi_memclr4                     
80054d64  __aeabi_memclr8                     
80053e08  __aeabi_memcpy                      
80053e08  __aeabi_memcpy4                     
80053e08  __aeabi_memcpy8                     
80054d68  __aeabi_memset                      
80054d68  __aeabi_memset4                     
80054d68  __aeabi_memset8                     
80055524  __aeabi_ui2d                        
8005494c  __aeabi_uidiv                       
8005494c  __aeabi_uidivmod                    
80052804  __aeabi_uldivmod                    
ffffffff  __binit__                           
ffffffff  __c_args__                          
87fffff0  __stack                             
80042890  _ctypes_                            
800619d4  _lock                               
800555f4  _nop                                
800555e8  _register_lock                      
800555dc  _register_unlock                    
800619d8  _unlock                             
80055008  atoi                                
ffffffff  binit                               
8005d601  bss_end                             
80058000  bss_start                           
8005508c  copy_in                             
8005d5f0  dummy                               
80055384  feraiseexcept                       
8005d388  fnRAMVectors                        
80055558  frexp                               
8004db64  gpioContextRestore                  
8004db20  gpioContextSave                     
80055190  ldexp                               
80055110  ltoa                                
80052fe8  main                                
80055588  memccpy                             
80053e08  memcpy                              
80054d74  memset                              
8005d5f4  p_CurrentScreen                     
8005d5f8  p_CurrentWAVFile                    
8005d5fc  p_PreviousScreen                    
800553dc  raise                               
80055208  signal                              
80054ebc  sprintf                             
80055498  start_boot                          
800555b4  strchr                              
80055624  strlen                              


GLOBAL SYMBOLS: SORTED BY Symbol Address 

address   name                                
-------   ----                                
00000008  __STACK_SIZE                        
80000000  Entry                               
80000000  __TI_static_base__                  
800000d0  BITMAP_CharlieBeach                 
8003fcd0  BITMAP_TVRemote                     
80042890  _ctypes_                            
80042a20  Commands                            
80042a30  HEADER_CharlieBeach                 
80042a3c  HEADER_TVRemote                     
80042a48  Init_LCD                            
80042cdc  LCD_InterruptConfigure              
80042d28  LCD_InteruptEnable                  
80042d5c  LCD_InteruptDisable                 
80042d90  LCD_Reset                           
80042dcc  LCD_Interrupt                       
80042e08  LCD_ft810memRead8                   
80042e5c  LCD_ft810memRead16                  
80042ecc  LCD_ft810memRead32                  
80042f6c  LCD_ft810memWrite8                  
80042fac  LCD_ft810memWrite16                 
80043018  LCD_ft810memWrite32                 
800430bc  LCD_ft810memWriteBuffer             
800431b0  LCD_wr8                             
800431cc  LCD_wr16                            
800431e8  LCD_wr32                            
80043204  LCD_wr8s                            
80043278  LCD_rd8                             
8004328c  LCD_rd16                            
800432a4  LCD_rd32                            
800432b8  LCD_wr_buffer                       
80043468  LCD_rd_buffer                       
800435a4  LCD_cmd                             
800435cc  LCD_host_command                    
80043628  LCD_IncrementWriteOffset            
80043668  LCD_WriteCommandParameters          
800436a4  LCD_SendRAMAddress                  
80043720  LCD_WaitCoprocessorDone             
80043744  LCD_cmd_text                        
8004389c  LCD_cmd_button                      
80043a10  LCD_cmd_clock                       
80043ac8  LCD_cmd_bgcolor                     
80043b6c  LCD_cmd_fgcolor                     
80043c08  LCD_cmd_gradcolor                   
80043c78  LCD_cmd_gauge                       
80043d2c  LCD_cmd_gradient                    
80043dd0  LCD_cmd_keys                        
80043f40  LCD_cmd_progress                    
80043fec  LCD_cmd_scrollbar                   
800440a4  LCD_cmd_slider                      
80044150  LCD_cmd_dial                        
800441e4  LCD_cmd_toggle                      
80044354  LCD_cmd_setbase                     
800443ac  LCD_cmd_number                      
80044440  LCD_cmd_memcrc                      
800444c0  LCD_cmd_memzero                     
8004452c  LCD_cmd_memset                      
800445b0  LCD_cmd_memwrite                    
80044664  LCD_cmd_memcpy                      
800446ec  LCD_cmd_append                      
80044758  LCD_cmd_inflate                     
800447fc  LCD_cmd_loadimage                   
80044868  LCD_cmd_loadidentity                
800448ac  LCD_cmd_translate                   
80044918  LCD_cmd_scale                       
80044984  LCD_cmd_rotate                      
800449dc  LCD_cmd_setmatrix                   
80044a20  LCD_cmd_getmatrix                   
80044adc  LCD_cmd_getptr                      
80044b34  LCD_cmd_getprops                    
80044bc4  LCD_cmd_mediafifo                   
80044c30  LCD_cmd_playvideo                   
80044c88  LCD_cmd_videostart                  
80044ccc  LCD_cmd_videoframe                  
80044d38  LCD_cmd_track                       
80044dcc  LCD_cmd_coldstart                   
80044ddc  LCD_cmd_interrupt                   
80044e34  LCD_cmd_regread                     
80044ea0  LCD_cmd_calibrate                   
80044ef8  LCD_cmd_romfont                     
80044f64  LCD_cmd_setfont                     
80044fd0  LCD_cmd_setfont2                    
80045050  LCD_cmd_setscratch                  
800450a8  LCD_cmd_setrotate                   
80045100  LCD_cmd_setbitmap                   
8004518c  LCD_cmd_spinner                     
80045210  LCD_cmd_stop                        
80045254  LCD_cmd_screensaver                 
80045298  LCD_cmd_sketch                      
8004533c  LCD_cmd_snapshot                    
80045394  LCD_cmd_snapshot2                   
80045438  LCD_cmd_logo                        
8004547c  LCD_SetInterruptFlag                
8004548c  LCD_ClearInterruptFlag              
8004549c  LCD_GetInterruptFlag                
800454b0  UARTOperatingModeSelect             
80045510  UARTDivisorValCompute               
800455d4  UARTDivisorLatchWrite               
80045758  UARTDivisorLatchEnable              
8004577c  UARTDivisorLatchDisable             
800457a0  UARTRegConfigModeEnable             
80045818  UARTRegConfModeRestore              
80045838  UARTBreakCtl                        
8004587c  UARTLineCharacConfig                
800458f4  UARTParityModeSet                   
80045938  UARTParityModeGet                   
80045954  UARTFIFOConfig                      
80045d18  UARTDMAEnable                       
80045d74  UARTDMADisable                      
80045dac  UARTFIFORegisterWrite               
80045e38  UARTEnhanFuncEnable                 
80045e98  UARTEnhanFuncBitValRestore          
80045efc  UARTSubConfigMSRSPRModeEn           
80045fd4  UARTSubConfigTCRTLRModeEn           
800460ac  UARTSubConfigXOFFModeEn             
80046184  UARTTCRTLRBitValRestore             
80046260  UARTIntEnable                       
80046344  UARTIntDisable                      
8004640c  UARTSpaceAvail                      
80046460  UARTCharsAvail                      
800464b4  UARTCharPutNonBlocking              
80046520  UARTCharGetNonBlocking              
80046578  UARTCharGet                         
800465d0  UARTCharGetTimeout                  
80046660  UARTCharPut                         
800466b4  UARTFIFOCharPut                     
800466d4  UARTFIFOCharGet                     
800466f0  UARTFIFOWrite                       
8004675c  UARTRxErrorGet                      
800467a8  UARTIntIdentityGet                  
800467f4  UARTIntPendingStatusGet             
80046848  UARTFIFOEnableStatusGet             
8004689c  UARTAutoRTSAutoCTSControl           
80046928  UARTSpecialCharDetectControl        
8004698c  UARTSoftwareFlowCtrlOptSet          
800469f0  UARTPulseShapingControl             
80046a34  UARTModuleReset                     
80046a68  UARTIdleModeConfigure               
80046aac  UARTWakeUpControl                   
80046af0  UARTAutoIdleModeControl             
80046b34  UARTFlowCtrlTrigLvlConfig           
80046b84  UARTXON1XOFF1ValProgram             
80046bb4  UARTXON2XOFF2ValProgram             
80046be4  UARTXONAnyFeatureControl            
80046ca8  UARTLoopbackModeControl             
80046cec  UARTModemControlSet                 
80046d1c  UARTModemControlClear               
80046d4c  UARTModemStatusGet                  
80046d68  UARTModemStatusChangeCheck          
80046d84  UARTResumeOperation                 
80046d9c  UARTWakeUpEventsEnable              
80046dcc  UARTWakeUpEventsDisable             
80046dfc  UARTFIFOTrigLvlGranControl          
80046e60  UARTDSRInterruptControl             
80046ea4  UARTTxEmptyIntControl               
80046ee8  UARTRXCTSDSRWakeUpConfigure         
80046f2c  UARTRXCTSDSRTransitionStatusGet     
80046f48  UARTDMACounterResetControl          
80046f8c  UARTTxFIFOFullStatusGet             
80046fa8  UARTTxFIFOLevelGet                  
80046fc0  UARTRxFIFOLevelGet                  
80046fd8  UARTAutobaudParityGet               
80047024  UARTAutobaudWordLenGet              
80047070  UARTAutobaudSpeedGet                
800470bc  UARTScratchPadRegWrite              
80047100  UARTScratchPadRegRead               
8004711c  UARTModuleVersionNumberGet          
80047138  UARTTxDMAThresholdControl           
8004717c  UARTTxDMAThresholdValConfig         
80048734  __TI_printfi                        
80048c30  RTCRun                              
80048c74  RTCStop                             
80048cd8  RTCWriteProtectEnable               
80048d00  RTCWriteProtectDisable              
80048d28  RTCIntAlarmEnable                   
80048d5c  RTCIntAlarmDisable                  
80048d90  RTCIntTimerEnable                   
80048de4  RTCIntTimerDisable                  
80048e18  RTCBusyStatusGet                    
80048e34  RTCRunStatusGet                     
80048e50  RTCAlarmIntStatusGet                
80048e6c  RTCAlarmIntStatusClear              
80048e90  RTCEventUpdateGet                   
80048eac  RTCMinRoundingEnable                
80048ef0  RTCMinRoundingDisable               
80048f44  RTCAutoCompEnable                   
80048f88  RTCAutoCompDisable                  
80048fdc  RTCHourModeSet                      
80049060  RTCHourModeGet                      
8004907c  RTCSet32CounterEnable               
800490e8  RTCSet32CounterDisable              
80049164  RTCDisable                          
800491a8  RTCEnable                           
80049210  RTCEnableStatus                     
8004922c  RTCSplitPwrEnable                   
80049250  RTCSplitPwrDisable                  
80049274  RTCSecondSet                        
800492a8  RTCSecondGet                        
800492c4  RTCMinuteSet                        
800492f8  RTCMinuteGet                        
80049314  RTCHourSet                          
80049348  RTCHourGet                          
80049364  RTCMeridiemSet                      
800493a4  RTCMeridiemGet                      
800493c0  RTCDayOfMonthSet                    
800493f4  RTCDayOfMonthGet                    
80049410  RTCMonthSet                         
80049444  RTCMonthGet                         
80049460  RTCYearSet                          
80049494  RTCYearGet                          
800494b0  RTCDayOfTheWeekSet                  
800494e4  RTCDayOfTheWeekGet                  
80049500  RTCTimeSet                          
8004959c  RTCTimeGet                          
8004964c  RTCCalendarSet                      
800496bc  RTCCalendarGet                      
80049734  RTCAlarmSecondSet                   
80049768  RTCAlarmSecondGet                   
80049784  RTCAlarmMinuteSet                   
800497b8  RTCAlarmMinuteGet                   
800497d4  RTCAlarmHourSet                     
80049808  RTCAlarmHourGet                     
80049824  RTCAlarmHourMeridiemSet             
80049864  RTCAlarmHourMeridiemGet             
80049880  RTCAlarmTimeSet                     
800498e8  RTCAlarmTimeGet                     
800499a8  RTCAlarmDayOfMonthSet               
800499dc  RTCAlarmDayOfMonthGet               
800499f8  RTCAlarmMonthSet                    
80049a2c  RTCAlarmMonthGet                    
80049a48  RTCAlarmYearSet                     
80049a7c  RTCAlarmYearGet                     
80049a98  RTCAlarmCalendarSet                 
80049af8  RTCAlarmCalendarGet                 
80049b58  RTCCompensationSet                  
80049b9c  RTCCompensationGet                  
80049be0  RTCScratchPadSet                    
80049c20  RTCScratchPadGet                    
80049c58  RTCSoftwareReset                    
80049c7c  RTCRevisionIDGet                    
80049c94  RTCIdleModeConfigure                
80049ce0  RTCWakeUpAlarmEventControl          
80049d24  RTCWakeUpTimerEventControl          
80049d68  RTCTestModeControl                  
80049dac  RTC32KClkSourceSelect               
80049e10  RTC32KClkClockControl               
80049e54  RTCOscillatorStateControl           
80049e98  RTCFeedbackResistanceSelect         
80049edc  RTCConfigPmicPowerEnable            
80049f20  RTCConfigPmicExtWakePolarity        
80049f80  RTCConfigPmicExtWake                
80049fd8  RTCConfigPmicExtWakeDebounce        
8004a038  RTCPmicExtWakeStatusClear           
8004a074  RTCIntAlarm2Enable                  
8004a0a8  RTCAlarm2IntStatusGet               
8004a0c4  RTCAlarm2IntStatusClear             
8004a0e8  RTCAlarm2TimeSet                    
8004a150  RTCAlarm2CalendarSet                
8004a1b0  RtcVersionGet                       
8004a1b8  TSCADCGetRevision                   
8004a1d0  TSCADCIdleModeSet                   
8004a210  TSCADCRawIntStatusSet               
8004a23c  TSCADCRawIntStatusRead              
8004a260  TSCADCRawIntStatus                  
8004a278  TSCADCIntStatusClear                
8004a298  TSCADCIntStatusRead                 
8004a2bc  TSCADCIntStatus                     
8004a2d4  TSCADCEventInterruptEnable          
8004a300  TSCADCEventInterruptDisable         
8004a320  TSCADCWakeUpPenEventConfig          
8004a340  TSCADCDMAFIFOEnable                 
8004a370  TSCADCDMAFIFODisable                
8004a3a0  TSCADCIsDMAFIFOEnabled              
8004a3c8  TSCADCConfigHWEventPrempt           
8004a408  TSCADCHWEventMapSet                 
8004a448  TSCADCTSTransistorConfig            
8004a488  TSCADCTSModeConfig                  
8004a4c8  TSCADCSetADCPowerDown               
8004a500  TSCADCSetADCPowerUp                 
8004a524  TSCADCBiasConfig                    
8004a564  TSCADCStepConfigProtectionEnable    
8004a588  TSCADCStepConfigProtectionDisable   
8004a5ac  TSCADCStepIDTagConfig               
8004a5ec  TSCADCModuleStateSet                
8004a62c  TSCADCSequencerPenIrqStatusRead     
8004a670  TSCADCSequencerFSMBusyStatus        
8004a690  TSCADCSequencerCurrentStepID        
8004a6ac  TSCADCOutputRangeConfig             
8004a71c  TSCADCConfigureAFEClock             
8004a76c  TSCADCConfigureMisc                 
8004a7dc  TSCADCConfigureStepEnable           
8004a82c  TSCADCIdleStepOperationModeControl  
8004a878  TSCADCIdleStepConfig                
8004a944  TSCADCIdleStepAnalogSupplyConfig    
8004a9e4  TSCADCIdleStepAnalogGroundConfig    
8004aab0  TSCADCChargeStepOperationModeControl
8004aafc  TSCADCChargeStepConfig              
8004abc8  TSCADCChargeStepAnalogSupplyConfig  
8004ac68  TSCADCChargeStepAnalogGroundConfig  
8004ad34  TSCADCTSChargeStepOpenDelayConfig   
8004ad54  TSCADCTSStepOperationModeControl    
8004adb4  TSCADCTSStepConfig                  
8004aec0  TSCADCTSStepAnalogSupplyConfig      
8004af90  TSCADCTSStepAnalogGroundConfig      
8004b09c  TSCADCTSStepOutOfRangeCheckEnable   
8004b0cc  TSCADCTSStepOutOfRangeCheckDisable  
8004b0fc  TSCADCTSStepFIFOSelConfig           
8004b150  TSCADCTSStepAverageConfig           
8004b1a4  TSCADCTSStepModeConfig              
8004b1f8  TSCADCTSStepSampleDelayConfig       
8004b24c  TSCADCTSStepOpenDelayConfig         
8004b2a0  TSCADCFIFOChannelIDRead             
8004b2cc  TSCADCFIFOADCDataRead               
8004b2f4  TSCADCFIFOWordCountRead             
8004b320  TSCADCFIFOIRQThresholdLevelConfig   
8004b358  TSCADCFIFODMAThresholdLevelConfig   
8004b390  TSCADCModuleClkConfig               
8004b5c4  McSPIClkConfig                      
8004b7a4  McSPIWordLengthSet                  
8004b80c  McSPICSEnable                       
8004b830  McSPICSDisable                      
8004b854  McSPICSPolarityConfig               
8004b8bc  McSPICSTimeControlSet               
8004b928  McSPICSAssert                       
8004b960  McSPICSDeAssert                     
8004b998  McSPIStartBitEnable                 
8004b9d0  McSPIStartBitPolarityConfig         
8004ba38  McSPIStartBitDisable                
8004ba70  McSPIMasterModeEnable               
8004ba94  McSPIMasterModeConfig               
8004bc00  McSPIChannelEnable                  
8004bc38  McSPIChannelDisable                 
8004bc70  McSPIReset                          
8004bca4  McSPITurboModeEnable                
8004bcdc  McSPITurboModeDisable               
8004bd14  McSPITxFIFOConfig                   
8004bd7c  McSPIRxFIFOConfig                   
8004bde4  McSPIFIFOTrigLvlSet                 
8004bee4  McSPIWordCountSet                   
8004bf24  McSPIDMAEnable                      
8004bf68  McSPIDMADisable                     
8004bfac  McSPIIntEnable                      
8004bfd8  McSPIIntDisable                     
8004c004  McSPIInitDelayConfig                
8004c048  McSPITransmitData                   
8004c07c  McSPIReceiveData                    
8004c0a8  McSPIIntStatusGet                   
8004c0c0  McSPIIntStatusClear                 
8004c0f4  McSPIChannelStatusGet               
8004c120  McSPIMultipleWordAccessConfig       
8004c164  McSPIFIFODatManagementConfig        
8004c1a8  McSPI1ModuleClkConfig               
8004c304  McSPI0ModuleClkConfig               
8004c488  Init_GUI                            
8004c4d0  GUI_DrawInitialScreen               
8004c558  GUI_DrawInitialScreenProgress       
8004c664  GUI_DrawHomeScreen                  
8004c8d0  GUI_DrawTVRemoteScreen              
8004c95c  GUI_LoadItemToRAMG                  
8004c9e4  GUI_TouchConfig                     
8004ca70  GUI_DrawNextScreen                  
8004cbac  GUI_DrawPreviousScreen              
8004cbf8  GUI_LoadTouchCalibration            
8004cc74  GUI_CreateTouchCalibration          
8004cd8c  GUI_StartNewScreenTagTimer          
8004cda8  GUI_SetTagTimoutFlag                
8004cdb8  GUI_ClearTagTimoutFlag              
8004cdc8  GUI_GetTagTimoutFlag                
8004cdd4  GUI_ScreenRefresh                   
8004cde8  GUI_DrawTime                        
8004ce84  GUI_Backlight                       
8004cebc  GUI_SetBacklightTimeout             
8004cecc  GUI_ClearBacklightTimeout           
8004cedc  GUI_GetBacklightTimeout             
8004cee8  GUI_SetCurrentTag                   
8004cf04  GUI_GetCurrentTag                   
8004d038  GPIOModuleReset                     
8004d06c  GPIOModuleEnable                    
8004d090  GPIOModuleDisable                   
8004d0b4  GPIODirModeSet                      
8004d114  GPIODirModeGet                      
8004d154  GPIOPinWrite                        
8004d1a4  GPIOPinRead                         
8004d1ec  GPIOMultiplePinsWrite               
8004d21c  GPIOMultiplePinsRead                
8004d240  GPIOPinIntEnable                    
8004d290  GPIOPinIntDisable                   
8004d2e0  GPIOIntTypeSet                      
8004d680  GPIOIntTypeGet                      
8004d760  GPIOPinIntStatus                    
8004d7c4  GPIOPinIntClear                     
8004d814  GPIORawIntStatus                    
8004d870  GPIOTriggerPinInt                   
8004d8c0  GPIOWakeupGlobalEnable              
8004d8e4  GPIOWakeupGlobalDisable             
8004d908  GPIOPinIntWakeUpEnable              
8004d968  GPIOPinIntWakeUpDisable             
8004d9c8  GPIOAutoIdleModeControl             
8004da0c  GPIOIdleModeConfigure               
8004da50  GPIOGatingRatioConfigure            
8004da94  GPIODebounceFuncControl             
8004dae4  GPIODebounceTimeConfig              
8004db08  GPIORevisionInfoGet                 
8004db20  gpioContextSave                     
8004db64  gpioContextRestore                  
8004dba8  GpioPinMuxSetup                     
8004dbd0  I2CMasterInitExpClk                 
8004dc4c  I2CMasterEnable                     
8004dc70  I2CMasterDisable                    
8004dc94  I2CMasterBusBusy                    
8004dccc  I2CMasterBusy                       
8004dce8  I2CMasterErr                        
8004dd10  I2CMasterControl                    
8004dd34  I2CMasterStart                      
8004dd58  I2CMasterStop                       
8004dd7c  I2CMasterIntEnableEx                
8004dda8  I2CMasterIntDisableEx               
8004ddc8  I2CMasterIntStatus                  
8004dde0  I2CMasterIntStatusEx                
8004de04  I2CMasterIntRawStatus               
8004de1c  I2CMasterIntRawStatusEx             
8004de40  I2CMasterIntClearEx                 
8004de60  I2CMasterIntRawStatusClearEx        
8004de80  I2CMasterSlaveAddrSet               
8004dea0  I2CMasterSlaveAddrGet               
8004dec0  I2CSetDataCount                     
8004dee0  I2CDataCountGet                     
8004def8  I2CFIFOThresholdConfig              
8004df78  I2CFIFOClear                        
8004dfc4  I2CDMATxEventEnable                 
8004dff4  I2CDMARxEventEnable                 
8004e024  I2CDMATxEventDisable                
8004e054  I2CDMARxEventDisable                
8004e084  I2CBufferStatus                     
8004e108  I2CActiveOwnAddressGet              
8004e18c  I2CClockBlockingControl             
8004e258  I2COwnAddressSet                    
8004e2d0  I2CSoftReset                        
8004e2f4  I2CAutoIdleEnable                   
8004e318  I2CAutoIdleDisable                  
8004e33c  I2CGlobalWakeUpEnable               
8004e360  I2CGlobalWakeUpDisable              
8004e384  I2CIdleModeSelect                   
8004e3c4  I2CClockActivitySelect              
8004e404  I2CWakeUpEnable                     
8004e490  I2CWakeUpDisable                    
8004e51c  I2CSystemStatusGet                  
8004e538  I2CMasterDataPut                    
8004e558  I2CMasterDataGet                    
8004e578  I2CContextSave                      
8004e5cc  I2CContextRestore                   
8004e6a0  I2C0ModuleClkConfig                 
8004e704  MSC_BufferCopy                      
8004e77c  MSC_LowercaseChar                   
8004e7b8  MSC_DelayUS                         
8004e844  MSC_Round                           
8004e878  MSC_HEXtoBCD                        
8004e92c  MSC_BCDtoHEX                        
8004e9d0  MSC_EndianShort                     
8004ea0c  MSC_EndianShortArray                
8004ea50  MSC_EndianLong                      
8004eabc  MSC_EndianLongArray                 
8004eb4c  MSC_ReverseByte                     
8004ec10  MISC_CRC_CRC16                      
8004ee34  MISC_Calculate_CRC16                
8004efa4  DMTimerEnable                       
8004efe4  DMTimerDisable                      
8004f024  DMTimerModeConfigure                
8004f0a4  DMTimerPreScalerClkEnable           
8004f124  DMTimerPreScalerClkDisable          
8004f164  DMTimerCounterSet                   
8004f1a0  DMTimerCounterGet                   
8004f1d4  DMTimerReloadSet                    
8004f210  DMTimerReloadGet                    
8004f228  DMTimerGPOConfigure                 
8004f2a8  DMTimerCompareSet                   
8004f2e4  DMTimerCompareGet                   
8004f2fc  DMTimerIntRawStatusSet              
8004f320  DMTimerIntRawStatusGet              
8004f338  DMTimerIntStatusGet                 
8004f350  DMTimerIntStatusClear               
8004f374  DMTimerIntEnable                    
8004f398  DMTimerIntDisable                   
8004f3bc  DMTimerTriggerSet                   
8004f3f4  DMTimerIntEnableGet                 
8004f40c  DMTimerResetConfigure               
8004f450  DMTimerReset                        
8004f484  DMTimerContextSave                  
8004f504  DMTimerContextRestore               
8004f5e4  DMTimerPostedModeConfig             
8004f628  DMTimerWritePostedStatusGet         
8004f640  DMTimer2ModuleClkConfig             
8004f6ac  DMTimer3ModuleClkConfig             
8004f72c  Init_FRAM                           
8004f82c  FRAM_LoadSettings                   
8004f848  FRAM_SaveSettings                   
8004f874  FRAM_WriteEnable                    
8004f8b0  FRAM_WriteDisable                   
8004f8ec  FRAM_WriteStatusRegister            
8004f930  FRAM_ReadStatusRegister             
8004f970  FRAM_WriteMemory                    
8004fa5c  FRAM_ReadMemory                     
8004fb48  FRAM_WriteRead                      
8004fc3c  FRAM_WriteProtect                   
8004fc78  FRAM_Hold                           
8004fcb4  FRAM_CalculateCRC                   
8004fccc  FRAM_LoadDefaultSettings            
8004fd48  FRAM_Test                           
8004fdf0  GPIO_3A_ISR                         
8004fe2c  UART_0_ISR                          
8004ffcc  TMR_2_ISR                           
800500b0  TMR_3_ISR                           
800500e8  RTC_ISR                             
800500fc  I2C_0_ISR                           
80050270  ADC_0_ISR                           
800502f0  SPI_1_ISR                           
80050354  Init_Audio                          
80050368  AUD_PlayWAV                         
80050430  AUD_StopWAV                         
8005045c  AUD_SetPlayingFlag                  
8005046c  AUD_ClearPlayingFlag                
8005047c  AUD_GetPlayingFlag                  
80050488  AUD_TransferWAVToRAMG               
800506ec  AUD_SetPlaybackFinishedFlag         
800506fc  AUD_ClearPlaybackFinishedFlag       
80050718  AUD_GetPlaybackFinishedFlag         
80050724  AUD_SetTimoutFlag                   
80050734  AUD_ClearTimoutFlag                 
80050744  AUD_GetTimoutFlag                   
80050750  AUD_IsWAVPlaying                    
80050768  AUD_TestAudio                       
800507c4  AUD_AmpShutdown                     
8005086c  Init_SPI                            
8005087c  Init_SPI_Module1                    
80050a28  Init_SPI_Module0                    
80050b38  SPI_INTCConfigure1                  
80050b64  SPI_WriteByte0                      
80050bc0  SPI_WriteByte1                      
80050c1c  SPI_ReadWriteByte0                  
80050c78  SPI_ReadWriteByte1                  
80050cd4  SPI_WriteByteNoRx0                  
80050d08  SPI_WriteByteNoRx1                  
80050d7c  Init_UART                           
80050dcc  UART_Module0ClkConfig               
80050e14  UART_PrintChar                      
80050e28  UART_PrintBuffer                    
80050e74  UART_PrintString                    
80050eac  UART_FIFOConfigure                  
80050ed0  UART_BaudRateSet                    
80050f08  UART_LineCharacSet                  
80050f4c  UART_Configure                      
80050f98  UART_InterruptConfigure0            
80050fc4  UART_AddToRXBuffer                  
800510f4  UART_AddToTXBuffer                  
800511a0  UART_GetTXInterruptStatus           
8005121c  Init_GPIO                           
800514ac  GPIO_Module0ClkConfig               
80051514  GPIO_Module1ClkConfig               
8005157c  GPIO_Module2ClkConfig               
800515e4  GPIO_Module3ClkConfig               
800516b4  CP15ICacheDisable                   
800516d0  CP15DCacheDisable                   
800516ec  CP15ICacheEnable                    
800516fc  CP15DCacheEnable                    
8005170c  CP15DCacheFlush                     
800517a0  CP15DCacheClean                     
80051834  CP15DCacheCleanFlush                
800518c8  CP15ICacheFlush                     
800518d8  CP15DCacheCleanBuff                 
8005192c  CP15DCacheCleanFlushBuff            
80051980  CP15DCacheFlushBuff                 
800519e4  CP15ICacheFlushBuff                 
80051a38  CP15Ttb0Set                         
80051a44  CP15TlbInvalidate                   
80051a50  CP15MMUDisable                      
80051a68  CP15MMUEnable                       
80051a7c  CP15VectorBaseAddrSet               
80051a88  CP15BranchPredictorInvalidate       
80051a94  CP15BranchPredictionEnable          
80051aa4  CP15BranchPredictionDisable         
80051ab4  CP15DomainAccessClientSet           
80051ac4  CP15ControlFeatureDisable           
80051ad8  CP15ControlFeatureEnable            
80051aec  CP15TtbCtlTtb0Config                
80051afc  CP15AuxControlFeatureEnable         
80051b10  CP15AuxControlFeatureDisable        
80051b24  CP15MainIdPrimPartNumGet            
80051b40  IntRegister                         
80051b64  IntUnRegister                       
80051b84  IntAINTCInit                        
80051bf4  IntPrioritySet                      
80051c2c  IntSystemEnable                     
80051c60  IntSystemDisable                    
80051c94  IntIfClkFreeRunSet                  
80051ca8  IntIfClkAutoGateSet                 
80051cbc  IntActiveIrqNumGet                  
80051ccc  IntSpurIrqFlagGet                   
80051ce0  IntProtectionEnable                 
80051cf0  IntProtectionDisable                
80051d04  IntSyncClkFreeRunSet                
80051d18  IntSyncClkAutoGateSet               
80051d2c  IntFuncClkFreeRunSet                
80051d40  IntFuncClkAutoGateSet               
80051d54  IntCurrIrqPriorityGet               
80051d64  IntPriorityThresholdGet             
80051d74  IntPriorityThresholdSet             
80051d94  IntRawStatusGet                     
80051dd4  IntSoftwareIntSet                   
80051e04  IntSoftwareIntClear                 
80051e34  IntPendingIrqMaskedStatusGet        
80051e70  IntMasterIRQEnable                  
80051e7c  IntMasterIRQDisable                 
80051e88  IntMasterFIQEnable                  
80051e94  IntMasterFIQDisable                 
80051ea0  IntMasterStatusGet                  
80051eac  IntDisable                          
80051ec4  IntEnable                           
80051f20  Init_RTC                            
80051f90  RTC_InterruptConfigure              
80051fbc  RTC_SetFlag                         
80051fcc  RTC_ClearFlag                       
80051fdc  RTC_GetFlag                         
80051fe8  RTC_SetTimeDate                     
800520cc  RTC_GetTimeDate                     
800521a8  RTC_ModuleClkConfig                 
8005225c  Init_WAV                            
800522b4  WAV_CalculateHeader                 
80052544  Init_LED                            
80052548  LED_Show                            
80052804  __aeabi_uldivmod                    
80052abc  Init_ADC                            
80052c70  ADC_ConfigureInterrupt              
80052c9c  ADC_ReadChannels                    
80052d18  ADC_SetFinishedFlag                 
80052d28  ADC_ClearFinishedFlag               
80052d38  ADC_GetFinishedFlag                 
80052d58  Init_I2C                            
80052d64  Init_I2C_Module0                    
80052dac  I2C_InterruptConfigure0             
80052dd8  I2C_SendReceiveData0                
80052f8c  I2C_SetFailFlag0                    
80052f9c  I2C_ClearFailFlag0                  
80052fac  I2C_GetFailFlag0                    
80052fe8  main                                
80053278  Init_Timers                         
80053288  Init_Timer2                         
80053300  Init_Timer3                         
8005336c  TMR_CalculateReload                 
800533b8  TMR_InterruptConfigure2             
800533e4  TMR_InterruptConfigure3             
80053410  TMR_GetNewScreenTagTimerEnabled     
8005341c  TMR_SetNewScreenTagTimerEnabled     
80053454  TMR_ResetNewScreenTagTimer          
80053464  TMR_ResetAudioPlaybackTimer         
80053474  TMR_ResetBacklightTimer             
80053484  TMR_SetMISCTimerFlag                
80053494  TMR_ClearMISCTimerFlag              
800534a4  TMR_GetMISCTimerFlag                
800534e0  __aeabi_dsub                        
800534ec  __aeabi_dadd                        
800536f4  Init_Test                           
80053744  TEST_Setpoint1                      
80053780  TEST_Setpoint2                      
800537bc  TEST_Setpoint3                      
800537f8  TEST_Togglepoint1                   
80053848  TEST_Togglepoint2                   
80053898  TEST_Togglepoint3                   
800538f8  InitCMD                             
80053908  CMD_CheckMatch                      
80053a74  CMD_Help                            
80053a84  CMD_SetNewCommand                   
80053a94  CMD_ClearNewCommand                 
80053aa4  CMD_GetNewCommand                   
80053ad0  _Dscale                             
80053c78  __aeabi_ddiv                        
80053e08  __aeabi_memcpy                      
80053e08  __aeabi_memcpy4                     
80053e08  __aeabi_memcpy8                     
80053e08  memcpy                              
80053f88  Init_Power                          
80053f94  PWR_ReadVoltages                    
80054100  MMUInit                             
80054160  MMUMemRegionMap                     
80054254  MMUEnable                           
80054270  _Dnorm                              
800543d0  CacheDisable                        
80054414  CacheEnable                         
80054460  CacheInstInvalidateAll              
8005446c  CacheInstInvalidateBuff             
80054488  CacheDataCleanInvalidateAll         
80054494  CacheDataCleanAll                   
800544a0  CacheDataInvalidateAll              
800544ac  CacheDataCleanBuff                  
800544c8  CacheDataInvalidateBuff             
800544e4  CacheDataCleanInvalidateBuff        
80054500  __aeabi_dmul                        
80054628  __aeabi_idiv                        
80054628  __aeabi_idivmod                     
80054758  SVC_Handler                         
80054780  IRQHandler                          
8005482c  FIQHandler                          
80054830  AbortHandler                        
80054830  UndefInstHandler                    
80054848  Init_Modules                        
8005494c  __aeabi_uidiv                       
8005494c  __aeabi_uidivmod                    
80054a3c  __aeabi_cdcmpeq                     
80054a3c  __aeabi_cdcmple                     
80054b1c  __aeabi_cdrcmple                    
80054bfc  _Dunscale                           
80054cb4  Init_PMIC                           
80054cd4  PMIC_ReadRegister                   
80054d14  PMIC_WriteRegister                  
80054d64  __aeabi_memclr                      
80054d64  __aeabi_memclr4                     
80054d64  __aeabi_memclr8                     
80054d68  __aeabi_memset                      
80054d68  __aeabi_memset4                     
80054d68  __aeabi_memset8                     
80054d74  memset                              
80054e14  MMU_ConfigAndEnable                 
80054ebc  sprintf                             
80054f64  __TI_auto_init                      
80055008  atoi                                
8005508c  copy_in                             
80055110  ltoa                                
80055190  ldexp                               
80055208  signal                              
8005526c  CPUirqe                             
8005527c  CPUirqd                             
8005528c  CPUfiqe                             
8005529c  CPUfiqd                             
800552ac  CPUSwitchToUserMode                 
800552c0  CPUSwitchToPrivilegedMode           
800552c8  CPUAbortHandler                     
800552cc  __aeabi_d2iz                        
80055328  __aeabi_d2uiz                       
80055384  feraiseexcept                       
800553dc  raise                               
80055428  _Feraise                            
80055498  start_boot                          
800554b0  __aeabi_i2d                         
800554ec  _Dclass                             
80055524  __aeabi_ui2d                        
80055558  frexp                               
80055588  memccpy                             
800555b4  strchr                              
800555dc  _register_unlock                    
800555e8  _register_lock                      
800555f4  _nop                                
80055600  __aeabi_llsr                        
80055624  strlen                              
80055640  CPUIntStatus                        
8005564c  __aeabi_idiv0                       
80058000  bss_start                           
8005c000  UART_RX_buffer                      
8005c7d0  UART_TX_buffer                      
8005cfa0  MISC_Buffer                         
8005d388  fnRAMVectors                        
8005d588  Voltage                             
8005d5c8  I2C_0_Buffers                       
8005d5d8  Command_String                      
8005d5e4  CurrentTimeDate                     
8005d5ee  CurrentScreen                       
8005d5ef  PreviousPreviousScreen              
8005d5f0  dummy                               
8005d5f4  p_CurrentScreen                     
8005d5f8  p_CurrentWAVFile                    
8005d5fc  p_PreviousScreen                    
8005d600  PreviousScreen                      
8005d601  bss_end                             
8005d608  WAV_PostComplete                    
800612c4  Screens                             
80061874  _Errno                              
80061878  _Denorm                             
80061888  _Eps                                
80061898  _Hugeval                            
800618a8  _Inf                                
800618b8  _Nan                                
800618c8  _Snan                               
800618d8  _Rteps                              
800618e8  _Xbig                               
800618f0  _Zero                               
800618f8  WAV_Files                           
8006195c  RAM_CMD_Offset                      
8006195e  FT_DispWidth                        
80061960  FT_DispHeight                       
80061962  FT_DispHCycle                       
80061964  FT_DispHOffset                      
80061966  FT_DispHSync0                       
80061968  FT_DispHSync1                       
8006196a  FT_DispVCycle                       
8006196c  FT_DispVOffset                      
8006196e  FT_DispVSync0                       
80061970  FT_DispVSync1                       
80061972  FT_DispPCLK                         
80061974  FT_DispSwizzle                      
80061976  FT_DispPCLKPol                      
80061978  FT_DispCSpread                      
8006197a  FT_DispDither                       
8006197c  BackLightSetting                    
8006197d  CurrentSystemSettings               
800619a0  AudioBytesTransferred               
800619a4  AUD_AudioTimeoutCount               
800619a8  LastWritePointerAddress             
800619b0  TMR_NewScreenTagTimer               
800619b4  TMR_AudioPlaybackTimer              
800619b8  TMR_BacklightTimer                  
800619be  DefaultTimeDate                     
800619c8  UART_RX_place                       
800619cc  UART_TX_add                         
800619d0  UART_TX_remove                      
800619d4  _lock                               
800619d8  _unlock                             
800619dc  _Fenv                               
800619e0  _Tls_setup__Fenv                    
800619e8  NumCommand                          
87fffff0  __stack                             
87fffff8  __STACK_END                         
ffffffff  __binit__                           
ffffffff  __c_args__                          
ffffffff  binit                               
UNDEFED   SHT$$INIT_ARRAY$$Base               
UNDEFED   SHT$$INIT_ARRAY$$Limit              
UNDEFED   __TI_CINIT_Base                     
UNDEFED   __TI_CINIT_Limit                    
UNDEFED   __TI_Handler_Table_Base             
UNDEFED   __TI_Handler_Table_Limit            

[827 symbols]
