******************************************************************************
                  TI ARM Linker PC v5.2.6                      
******************************************************************************
>> Linked Mon May 02 13:29:36 2016

OUTPUT FILE NAME:   <BeagleBone_Smart_Controler.out>
ENTRY POINT SYMBOL: "Entry"  address: 80000000


MEMORY CONFIGURATION

         name            origin    length      used     unused   attr    fill
----------------------  --------  ---------  --------  --------  ----  --------
  DDR_MEM               80000000   07ffffff  0005eec1  07fa113e  RWIX


SEGMENT ALLOCATION MAP

run origin  load origin   length   init length attrs members
----------  ----------- ---------- ----------- ----- -------
80000000    80000000    000554ac   000554ac    r-x
  80000000    80000000    000000d0   000000d0    r-x .text:Entry
  800000d0    800000d0    00042978   00042978    r-- .const
  80042a48    80042a48    00012a64   00012a64    r-x .text
80058000    80058000    00005601   00000000    rw-
  80058000    80058000    00005601   00000000    rw- .bss
8005d608    8005d608    0000440c   0000440c    rw-
  8005d608    8005d608    0000440c   0000440c    rw- .data
87fffff0    87fffff0    00000008   00000000    rw-
  87fffff0    87fffff0    00000008   00000000    rw- .stack


SECTION ALLOCATION MAP

 output                                  attributes/
section   page    origin      length       input sections
--------  ----  ----------  ----------   ----------------
.text:Entry 
*          0    80000000    000000d0     
                  80000000    000000c8     system.lib : init.obj (.text:Entry)
                  800000c8    00000008     rtsv7A8_A_le_n_eabi.lib : autoinit.obj (.tramp.__TI_auto_init.1)

.const     0    800000d0    00042978     
                  800000d0    0003fc00     BITMAP_CHARLIE_BEACH.obj (.const:.string:BITMAP_CharlieBeach)
                  8003fcd0    00002bc0     BITMAP_TV_REMOTE.obj (.const:.string:BITMAP_TVRemote)
                  80042890    00000101     rtsv7A8_A_le_n_eabi.lib : ctype.obj (.const:.string:_ctypes_)
                  80042991    00000003     --HOLE-- [fill = 0]
                  80042994    00000054     MEMORY.obj (.const)
                  800429e8    00000038     system.lib : startup.obj (.const:vecTbl)
                  80042a20    00000010     CMD.obj (.const)
                  80042a30    0000000c     BITMAP_CHARLIE_BEACH.obj (.const)
                  80042a3c    0000000c     BITMAP_TV_REMOTE.obj (.const)

.text      0    80042a48    00012a64     
                  80042a48    00002a68     LCD.obj (.text)
                  800454b0    00001d10     uart_irda_cir.obj (.text)
                  800471c0    00001a70     rtsv7A8_A_le_n_eabi.lib : _printfi.obj (.text)
                  80048c30    00001580     rtc.obj (.text)
                  8004a1b0    0000140c     tsc_adc.obj (.text)
                  8004b5bc    00000ec4     mcspi.obj (.text)
                  8004c480    00000bf8     GUI.obj (.text)
                  8004d078    00000b70     gpio_v2.obj (.text)
                  8004dbe8    00000b34     hsi2c.obj (.text)
                  8004e71c    00000788     dmtimer.obj (.text)
                  8004eea4    0000066c     FRAM.obj (.text)
                  8004f510    00000560     INTERRUPTS.obj (.text)
                  8004fa70    00000518     AUDIO.obj (.text)
                  8004ff88    00000510     MISC.obj (.text)
                  80050498    000004a0     UART.obj (.text)
                  80050938    00000498     GPIO.obj (.text)
                  80050dd0    00000488     system.lib : cp15.obj (.text)
                  80051258    00000470     SPI.obj (.text)
                  800516c8    000003e4     interrupt.obj (.text)
                  80051aac    0000033c     RTCC.obj (.text)
                  80051de8    000002e8     WAV.obj (.text)
                  800520d0    000002c0     LEDS.obj (.text)
                  80052390    000002b8     rtsv7A8_A_le_n_eabi.lib : ull_div32.obj (.text)
                  80052648    0000029c     ADC.obj (.text)
                  800528e4    00000290     I2C.obj (.text)
                  80052b74    00000290     main.obj (.text)
                  80052e04    00000268     TIMERS.obj (.text)
                  8005306c    00000214     rtsv7A8_A_le_n_eabi.lib : fd_add32.obj (.text)
                  80053280    00000204     TEST.obj (.text)
                  80053484    000001d8     CMD.obj (.text)
                  8005365c    000001d0     platform.lib : rtc.obj (.text)
                  8005382c    000001a8     rtsv7A8_A_le_n_eabi.lib : xdscale.obj (.text)
                  800539d4    00000190                             : fd_div32.obj (.text)
                  80053b64    00000180                             : memcpy32.obj (.text)
                  80053ce4    00000178     POWER.obj (.text)
                  80053e5c    00000170     mmu.obj (.text)
                  80053fcc    00000160     rtsv7A8_A_le_n_eabi.lib : xdnorm.obj (.text)
                  8005412c    00000130     cache.obj (.text)
                  8005425c    00000128     rtsv7A8_A_le_n_eabi.lib : fd_mul32.obj (.text)
                  80054384    00000124     platform.lib : gpio.obj (.text)
                  800544a8    00000114     rtsv7A8_A_le_n_eabi.lib : i_div32.obj (.text)
                  800545bc    0000010c     system.lib : exceptionhandler.obj (.text)
                  800546c8    00000104     SYSTEM.obj (.text)
                  800547cc    000000f0     rtsv7A8_A_le_n_eabi.lib : u_div32.obj (.text)
                  800548bc    000000e0                             : fd_cmp32.obj (.text:__aeabi_cdcmple)
                  8005499c    000000e0                             : fd_cmp32.obj (.text:__aeabi_cdrcmple)
                  80054a7c    000000b8                             : xdunscal.obj (.text)
                  80054b34    000000b0     PMIC.obj (.text)
                  80054be4    000000b0     rtsv7A8_A_le_n_eabi.lib : memset32.obj (.text)
                  80054c94    000000a8     MEMORY.obj (.text)
                  80054d3c    000000a8     rtsv7A8_A_le_n_eabi.lib : sprintf.obj (.text)
                  80054de4    000000a4                             : autoinit.obj (.text)
                  80054e88    00000084                             : atoi.obj (.text)
                  80054f0c    00000084                             : cpy_tbl.obj (.text)
                  80054f90    00000080                             : ltoa.obj (.text)
                  80055010    00000078                             : ldexp.obj (.text)
                  80055088    00000064                             : signal.obj (.text)
                  800550ec    00000060     system.lib : cpu.obj (.text)
                  8005514c    0000005c     rtsv7A8_A_le_n_eabi.lib : fd_toi32.obj (.text)
                  800551a8    0000005c                             : fd_tou32.obj (.text)
                  80055204    00000058                             : feraiseexcept.obj (.text)
                  8005525c    0000004c                             : raise.obj (.text)
                  800552a8    00000044                             : xferaise.obj (.text)
                  800552ec    00000044     system.lib : startup.obj (.text)
                  80055330    0000003c     rtsv7A8_A_le_n_eabi.lib : i_tofd32.obj (.text)
                  8005536c    00000038                             : xdclass.obj (.text)
                  800553a4    00000034                             : u_tofd32.obj (.text)
                  800553d8    00000030                             : frexp.obj (.text)
                  80055408    0000002c                             : memccpy.obj (.text)
                  80055434    00000028                             : strchr.obj (.text)
                  8005545c    00000024                             : _lock.obj (.text)
                  80055480    0000001c                             : strlen.obj (.text)
                  8005549c    0000000c     system.lib : cpu.obj (.text:CPUIntStatus)
                  800554a8    00000004     rtsv7A8_A_le_n_eabi.lib : i_div0.obj (.text)

.bss       0    80058000    00005601     UNINITIALIZED
                  80058000    00004000     MEMORY.obj (.bss:pageTable)
                  8005c000    000007d0     UART.obj (.bss:UART_RX_buffer)
                  8005c7d0    000007d0     UART.obj (.bss:UART_TX_buffer)
                  8005cfa0    000003e8     MISC.obj (.bss:MISC_Buffer)
                  8005d388    00000200     interrupt.obj (.bss:fnRAMVectors)
                  8005d588    00000040     POWER.obj (.bss:Voltage)
                  8005d5c8    00000010     (.common:I2C_0_Buffers)
                  8005d5d8    0000000c     (.common:Command_String)
                  8005d5e4    0000000a     (.common:CurrentTimeDate)
                  8005d5ee    00000001     (.common:CurrentScreen)
                  8005d5ef    00000001     (.common:PreviousPreviousScreen)
                  8005d5f0    00000004     (.common:dummy)
                  8005d5f4    00000004     (.common:p_CurrentScreen)
                  8005d5f8    00000004     (.common:p_CurrentWAVFile)
                  8005d5fc    00000004     (.common:p_PreviousScreen)
                  8005d600    00000001     (.common:PreviousScreen)

.TI.noinit 
*          0    80058000    00000000     UNINITIALIZED

.data      0    8005d608    0000440c     
                  8005d608    00003cbc     WAV_POST_COMPLETE.obj (.data:WAV_PostComplete)
                  800612c4    00000500     GUI.obj (.data:Screens)
                  800617c4    000000b0     rtsv7A8_A_le_n_eabi.lib : signal.obj (.data:sigtable)
                  80061874    00000004                             : errno.obj (.data)
                  80061878    00000080                             : xvalues.obj (.data)
                  800618f8    00000062     WAV.obj (.data:WAV_Files)
                  8006195a    00000003     GUI.obj (.data)
                  8006195d    00000002     CMD.obj (.data)
                  8006195f    00000001     ADC.obj (.data)
                  80061960    00000048     FRAM.obj (.data:CurrentSystemSettings)
                  800619a8    00000023     LCD.obj (.data)
                  800619cb    00000001     I2C.obj (.data)
                  800619cc    00000010     AUDIO.obj (.data)
                  800619dc    00000010     TIMERS.obj (.data)
                  800619ec    0000000c     RTCC.obj (.data)
                  800619f8    0000000c     UART.obj (.data)
                  80061a04    00000008     rtsv7A8_A_le_n_eabi.lib : _lock.obj (.data)
                  80061a0c    00000008                             : feraiseexcept.obj (.data)

.TI.persistent 
*          0    8005d608    00000000     UNINITIALIZED

.stack     0    87fffff0    00000008     UNINITIALIZED
                  87fffff0    00000008     --HOLE--


FAR CALL TRAMPOLINES

callee name               trampoline name
   callee addr  tramp addr   call addr  call info
--------------  -----------  ---------  ----------------
__TI_auto_init            $Tramp$AA$S$$__TI_auto_init
   80054de4     800000c8     800000a0   system.lib : init.obj (.text:Entry)

[1 trampolines]
[1 trampoline calls]


GLOBAL SYMBOLS: SORTED ALPHABETICALLY BY Name 

address   name                                
-------   ----                                
8004f990  ADC_0_ISR                           
800528b4  ADC_ClearFinishedFlag               
800527fc  ADC_ConfigureInterrupt              
800528c4  ADC_GetFinishedFlag                 
80052828  ADC_ReadChannels                    
800528a4  ADC_SetFinishedFlag                 
8004fee0  AUD_AmpShutdown                     
800619d4  AUD_AudioTimeoutCount               
8004fe18  AUD_ClearPlaybackFinishedFlag       
8004fb88  AUD_ClearPlayingFlag                
8004fe50  AUD_ClearTimoutFlag                 
8004fe34  AUD_GetPlaybackFinishedFlag         
8004fb98  AUD_GetPlayingFlag                  
8004fe60  AUD_GetTimoutFlag                   
8004fe6c  AUD_IsWAVPlaying                    
8004fa84  AUD_PlayWAV                         
8004fe08  AUD_SetPlaybackFinishedFlag         
8004fb78  AUD_SetPlayingFlag                  
8004fe40  AUD_SetTimoutFlag                   
8004fb4c  AUD_StopWAV                         
8004fe84  AUD_TestAudio                       
8004fba4  AUD_TransferWAVToRAMG               
800546b0  AbortHandler                        
800619d0  AudioBytesTransferred               
800000d0  BITMAP_CharlieBeach                 
8003fcd0  BITMAP_TVRemote                     
800619ca  BackLightSetting                    
80053494  CMD_CheckMatch                      
80053620  CMD_ClearNewCommand                 
80053630  CMD_GetNewCommand                   
80053600  CMD_Help                            
80053610  CMD_SetNewCommand                   
8005122c  CP15AuxControlFeatureDisable        
80051218  CP15AuxControlFeatureEnable         
800511c0  CP15BranchPredictionDisable         
800511b0  CP15BranchPredictionEnable          
800511a4  CP15BranchPredictorInvalidate       
800511e0  CP15ControlFeatureDisable           
800511f4  CP15ControlFeatureEnable            
80050ebc  CP15DCacheClean                     
80050ff4  CP15DCacheCleanBuff                 
80050f50  CP15DCacheCleanFlush                
80051048  CP15DCacheCleanFlushBuff            
80050dec  CP15DCacheDisable                   
80050e18  CP15DCacheEnable                    
80050e28  CP15DCacheFlush                     
8005109c  CP15DCacheFlushBuff                 
800511d0  CP15DomainAccessClientSet           
80050dd0  CP15ICacheDisable                   
80050e08  CP15ICacheEnable                    
80050fe4  CP15ICacheFlush                     
80051100  CP15ICacheFlushBuff                 
8005116c  CP15MMUDisable                      
80051184  CP15MMUEnable                       
80051240  CP15MainIdPrimPartNumGet            
80051160  CP15TlbInvalidate                   
80051154  CP15Ttb0Set                         
80051208  CP15TtbCtlTtb0Config                
80051198  CP15VectorBaseAddrSet               
80055148  CPUAbortHandler                     
8005549c  CPUIntStatus                        
80055140  CPUSwitchToPrivilegedMode           
8005512c  CPUSwitchToUserMode                 
8005511c  CPUfiqd                             
8005510c  CPUfiqe                             
800550fc  CPUirqd                             
800550ec  CPUirqe                             
800541f0  CacheDataCleanAll                   
80054208  CacheDataCleanBuff                  
800541e4  CacheDataCleanInvalidateAll         
80054240  CacheDataCleanInvalidateBuff        
800541fc  CacheDataInvalidateAll              
80054224  CacheDataInvalidateBuff             
8005412c  CacheDisable                        
80054170  CacheEnable                         
800541bc  CacheInstInvalidateAll              
800541c8  CacheInstInvalidateBuff             
8005d5d8  Command_String                      
80042a20  Commands                            
8005d5ee  CurrentScreen                       
80061960  CurrentSystemSettings               
8005d5e4  CurrentTimeDate                     
8004edb8  DMTimer2ModuleClkConfig             
8004ee24  DMTimer3ModuleClkConfig             
8004ea5c  DMTimerCompareGet                   
8004ea20  DMTimerCompareSet                   
8004ec7c  DMTimerContextRestore               
8004ebfc  DMTimerContextSave                  
8004e918  DMTimerCounterGet                   
8004e8dc  DMTimerCounterSet                   
8004e75c  DMTimerDisable                      
8004e71c  DMTimerEnable                       
8004e9a0  DMTimerGPOConfigure                 
8004eb10  DMTimerIntDisable                   
8004eaec  DMTimerIntEnable                    
8004eb6c  DMTimerIntEnableGet                 
8004ea98  DMTimerIntRawStatusGet              
8004ea74  DMTimerIntRawStatusSet              
8004eac8  DMTimerIntStatusClear               
8004eab0  DMTimerIntStatusGet                 
8004e79c  DMTimerModeConfigure                
8004ed5c  DMTimerPostedModeConfig             
8004e89c  DMTimerPreScalerClkDisable          
8004e81c  DMTimerPreScalerClkEnable           
8004e988  DMTimerReloadGet                    
8004e94c  DMTimerReloadSet                    
8004ebc8  DMTimerReset                        
8004eb84  DMTimerResetConfigure               
8004eb34  DMTimerTriggerSet                   
8004eda0  DMTimerWritePostedStatusGet         
800619ee  DefaultTimeDate                     
80000000  Entry                               
800546ac  FIQHandler                          
8004f430  FRAM_CalculateCRC                   
8004f3f4  FRAM_Hold                           
8004f444  FRAM_LoadDefaultSettings            
8004efb8  FRAM_LoadSettings                   
8004f1d8  FRAM_ReadMemory                     
8004f0ac  FRAM_ReadStatusRegister             
8004efd4  FRAM_SaveSettings                   
8004f02c  FRAM_WriteDisable                   
8004eff0  FRAM_WriteEnable                    
8004f0ec  FRAM_WriteMemory                    
8004f3b8  FRAM_WriteProtect                   
8004f2c4  FRAM_WriteRead                      
8004f068  FRAM_WriteStatusRegister            
800619c6  FT_DispCSpread                      
800619c8  FT_DispDither                       
800619b0  FT_DispHCycle                       
800619b2  FT_DispHOffset                      
800619b4  FT_DispHSync0                       
800619b6  FT_DispHSync1                       
800619ae  FT_DispHeight                       
800619c0  FT_DispPCLK                         
800619c4  FT_DispPCLKPol                      
800619c2  FT_DispSwizzle                      
800619b8  FT_DispVCycle                       
800619ba  FT_DispVOffset                      
800619bc  FT_DispVSync0                       
800619be  FT_DispVSync1                       
800619ac  FT_DispWidth                        
80054404  GPIO0ModuleClkConfig                
800543b0  GPIO1ModuleClkConfig                
800543a0  GPIO1Pin23PinMuxSetup               
80054390  GPIO1PinMuxSetup                    
8004da08  GPIOAutoIdleModeControl             
8004dad4  GPIODebounceFuncControl             
8004db24  GPIODebounceTimeConfig              
8004d154  GPIODirModeGet                      
8004d0f4  GPIODirModeSet                      
8004da90  GPIOGatingRatioConfigure            
8004da4c  GPIOIdleModeConfigure               
8004d6c0  GPIOIntTypeGet                      
8004d320  GPIOIntTypeSet                      
8004d0d0  GPIOModuleDisable                   
8004d0ac  GPIOModuleEnable                    
8004d078  GPIOModuleReset                     
8004d25c  GPIOMultiplePinsRead                
8004d22c  GPIOMultiplePinsWrite               
8004d804  GPIOPinIntClear                     
8004d2d0  GPIOPinIntDisable                   
8004d280  GPIOPinIntEnable                    
8004d7a0  GPIOPinIntStatus                    
8004d9a8  GPIOPinIntWakeUpDisable             
8004d948  GPIOPinIntWakeUpEnable              
8004d1e4  GPIOPinRead                         
8004d194  GPIOPinWrite                        
8004d854  GPIORawIntStatus                    
8004db48  GPIORevisionInfoGet                 
8004d8b0  GPIOTriggerPinInt                   
8004d924  GPIOWakeupGlobalDisable             
8004d900  GPIOWakeupGlobalEnable              
8004f510  GPIO_3A_ISR                         
80050bc8  GPIO_Module0ClkConfig               
80050c30  GPIO_Module1ClkConfig               
80050c98  GPIO_Module2ClkConfig               
80050d00  GPIO_Module3ClkConfig               
8004cec4  GUI_Backlight                       
8004cf0c  GUI_ClearBacklightTimeout           
8004cdf8  GUI_ClearTagTimoutFlag              
8004ccb4  GUI_CreateTouchCalibration          
8004c65c  GUI_DrawHomeScreen                  
8004c4c8  GUI_DrawInitialScreen               
8004c550  GUI_DrawInitialScreenProgress       
8004ca68  GUI_DrawNextScreen                  
8004cba4  GUI_DrawPreviousScreen              
8004c8c8  GUI_DrawTVRemoteScreen              
8004ce28  GUI_DrawTime                        
8004cf1c  GUI_GetBacklightTimeout             
8004cf44  GUI_GetCurrentTag                   
8004ce08  GUI_GetTagTimoutFlag                
8004c954  GUI_LoadItemToRAMG                  
8004cbf0  GUI_LoadTouchCalibration            
8004ce14  GUI_ScreenRefresh                   
8004cefc  GUI_SetBacklightTimeout             
8004cf28  GUI_SetCurrentTag                   
8004cde8  GUI_SetTagTimoutFlag                
8004cdcc  GUI_StartNewScreenTagTimer          
8004c9dc  GUI_TouchConfig                     
80054384  GpioPinMuxSetup                     
80042a30  HEADER_CharlieBeach                 
80042a3c  HEADER_TVRemote                     
8004e6b8  I2C0ModuleClkConfig                 
8004e120  I2CActiveOwnAddressGet              
8004e330  I2CAutoIdleDisable                  
8004e30c  I2CAutoIdleEnable                   
8004e09c  I2CBufferStatus                     
8004e3dc  I2CClockActivitySelect              
8004e1a4  I2CClockBlockingControl             
8004e5e4  I2CContextRestore                   
8004e590  I2CContextSave                      
8004e06c  I2CDMARxEventDisable                
8004e00c  I2CDMARxEventEnable                 
8004e03c  I2CDMATxEventDisable                
8004dfdc  I2CDMATxEventEnable                 
8004def8  I2CDataCountGet                     
8004df90  I2CFIFOClear                        
8004df10  I2CFIFOThresholdConfig              
8004e378  I2CGlobalWakeUpDisable              
8004e354  I2CGlobalWakeUpEnable               
8004e39c  I2CIdleModeSelect                   
8004dcac  I2CMasterBusBusy                    
8004dce4  I2CMasterBusy                       
8004dd28  I2CMasterControl                    
8004e570  I2CMasterDataGet                    
8004e550  I2CMasterDataPut                    
8004dc88  I2CMasterDisable                    
8004dc64  I2CMasterEnable                     
8004dd00  I2CMasterErr                        
8004dbe8  I2CMasterInitExpClk                 
8004de58  I2CMasterIntClearEx                 
8004ddc0  I2CMasterIntDisableEx               
8004dd94  I2CMasterIntEnableEx                
8004de1c  I2CMasterIntRawStatus               
8004de78  I2CMasterIntRawStatusClearEx        
8004de34  I2CMasterIntRawStatusEx             
8004dde0  I2CMasterIntStatus                  
8004ddf8  I2CMasterIntStatusEx                
8004deb8  I2CMasterSlaveAddrGet               
8004de98  I2CMasterSlaveAddrSet               
8004dd4c  I2CMasterStart                      
8004dd70  I2CMasterStop                       
8004e270  I2COwnAddressSet                    
8004ded8  I2CSetDataCount                     
8004e2e8  I2CSoftReset                        
8004e534  I2CSystemStatusGet                  
8004e4a8  I2CWakeUpDisable                    
8004e41c  I2CWakeUpEnable                     
8005d5c8  I2C_0_Buffers                       
8004f81c  I2C_0_ISR                           
80052b28  I2C_ClearFailFlag0                  
80052b38  I2C_GetFailFlag0                    
80052938  I2C_InterruptConfigure0             
80052964  I2C_SendReceiveData0                
80052b18  I2C_SetFailFlag0                    
80054600  IRQHandler                          
80053484  InitCMD                             
80052648  Init_ADC                            
8004fa70  Init_Audio                          
8004eea4  Init_FRAM                           
80050938  Init_GPIO                           
8004c480  Init_GUI                            
800528e4  Init_I2C                            
800528f0  Init_I2C_Module0                    
80042a48  Init_LCD                            
800520d0  Init_LED                            
800546c8  Init_Modules                        
80054b34  Init_PMIC                           
80053ce4  Init_Power                          
80051aac  Init_RTC                            
80051258  Init_SPI                            
80051378  Init_SPI_Module0                    
80051268  Init_SPI_Module1                    
80053280  Init_Test                           
80052e14  Init_Timer2                         
80052e8c  Init_Timer3                         
80052e04  Init_Timers                         
80050498  Init_UART                           
80051de8  Init_WAV                            
80051710  IntAINTCInit                        
80051848  IntActiveIrqNumGet                  
800518e0  IntCurrIrqPriorityGet               
80051a38  IntDisable                          
80051a50  IntEnable                           
800518cc  IntFuncClkAutoGateSet               
800518b8  IntFuncClkFreeRunSet                
80051834  IntIfClkAutoGateSet                 
80051820  IntIfClkFreeRunSet                  
80051a20  IntMasterFIQDisable                 
80051a14  IntMasterFIQEnable                  
80051a08  IntMasterIRQDisable                 
800519fc  IntMasterIRQEnable                  
80051a2c  IntMasterStatusGet                  
800519c0  IntPendingIrqMaskedStatusGet        
80051780  IntPrioritySet                      
800518f0  IntPriorityThresholdGet             
80051900  IntPriorityThresholdSet             
8005187c  IntProtectionDisable                
8005186c  IntProtectionEnable                 
80051920  IntRawStatusGet                     
800516cc  IntRegister                         
80051990  IntSoftwareIntClear                 
80051960  IntSoftwareIntSet                   
80051858  IntSpurIrqFlagGet                   
800518a4  IntSyncClkAutoGateSet               
80051890  IntSyncClkFreeRunSet                
800517ec  IntSystemDisable                    
800517b8  IntSystemEnable                     
800516f0  IntUnRegister                       
8004548c  LCD_ClearInterruptFlag              
8004549c  LCD_GetInterruptFlag                
80043628  LCD_IncrementWriteOffset            
80042dcc  LCD_Interrupt                       
80042cdc  LCD_InterruptConfigure              
80042d5c  LCD_InteruptDisable                 
80042d28  LCD_InteruptEnable                  
80042d90  LCD_Reset                           
800436a4  LCD_SendRAMAddress                  
8004547c  LCD_SetInterruptFlag                
80043720  LCD_WaitCoprocessorDone             
80043668  LCD_WriteCommandParameters          
800435a4  LCD_cmd                             
800446ec  LCD_cmd_append                      
80043ac8  LCD_cmd_bgcolor                     
8004389c  LCD_cmd_button                      
80044ea0  LCD_cmd_calibrate                   
80043a10  LCD_cmd_clock                       
80044dcc  LCD_cmd_coldstart                   
80044150  LCD_cmd_dial                        
80043b6c  LCD_cmd_fgcolor                     
80043c78  LCD_cmd_gauge                       
80044a20  LCD_cmd_getmatrix                   
80044b34  LCD_cmd_getprops                    
80044adc  LCD_cmd_getptr                      
80043c08  LCD_cmd_gradcolor                   
80043d2c  LCD_cmd_gradient                    
80044758  LCD_cmd_inflate                     
80044ddc  LCD_cmd_interrupt                   
80043dd0  LCD_cmd_keys                        
80044868  LCD_cmd_loadidentity                
800447fc  LCD_cmd_loadimage                   
80045438  LCD_cmd_logo                        
80044bc4  LCD_cmd_mediafifo                   
80044664  LCD_cmd_memcpy                      
80044440  LCD_cmd_memcrc                      
8004452c  LCD_cmd_memset                      
800445b0  LCD_cmd_memwrite                    
800444c0  LCD_cmd_memzero                     
800443ac  LCD_cmd_number                      
80044c30  LCD_cmd_playvideo                   
80043f40  LCD_cmd_progress                    
80044e34  LCD_cmd_regread                     
80044ef8  LCD_cmd_romfont                     
80044984  LCD_cmd_rotate                      
80044918  LCD_cmd_scale                       
80045254  LCD_cmd_screensaver                 
80043fec  LCD_cmd_scrollbar                   
80044354  LCD_cmd_setbase                     
80045100  LCD_cmd_setbitmap                   
80044f64  LCD_cmd_setfont                     
80044fd0  LCD_cmd_setfont2                    
800449dc  LCD_cmd_setmatrix                   
800450a8  LCD_cmd_setrotate                   
80045050  LCD_cmd_setscratch                  
80045298  LCD_cmd_sketch                      
800440a4  LCD_cmd_slider                      
8004533c  LCD_cmd_snapshot                    
80045394  LCD_cmd_snapshot2                   
8004518c  LCD_cmd_spinner                     
80045210  LCD_cmd_stop                        
80043744  LCD_cmd_text                        
800441e4  LCD_cmd_toggle                      
80044d38  LCD_cmd_track                       
800448ac  LCD_cmd_translate                   
80044ccc  LCD_cmd_videoframe                  
80044c88  LCD_cmd_videostart                  
80042e5c  LCD_ft810memRead16                  
80042ecc  LCD_ft810memRead32                  
80042e08  LCD_ft810memRead8                   
80042fac  LCD_ft810memWrite16                 
80043018  LCD_ft810memWrite32                 
80042f6c  LCD_ft810memWrite8                  
800430bc  LCD_ft810memWriteBuffer             
800435cc  LCD_host_command                    
8004328c  LCD_rd16                            
800432a4  LCD_rd32                            
80043278  LCD_rd8                             
80043468  LCD_rd_buffer                       
800431cc  LCD_wr16                            
800431e8  LCD_wr32                            
800431b0  LCD_wr8                             
80043204  LCD_wr8s                            
800432b8  LCD_wr_buffer                       
800520d4  LED_Show                            
800619d8  LastWritePointerAddress             
8005cfa0  MISC_Buffer                         
80053fb0  MMUEnable                           
80053e5c  MMUInit                             
80053ebc  MMUMemRegionMap                     
80054c94  MMU_ConfigAndEnable                 
800501b0  MSC_BCDtoHEX                        
8004ff88  MSC_BufferCopy                      
8005003c  MSC_DelayUS                         
800502d4  MSC_EndianLong                      
80050340  MSC_EndianLongArray                 
80050254  MSC_EndianShort                     
80050290  MSC_EndianShortArray                
800500fc  MSC_HEXtoBCD                        
80050000  MSC_LowercaseChar                   
800503d0  MSC_ReverseByte                     
800500c8  MSC_Round                           
8004c2fc  McSPI0ModuleClkConfig               
8004c1a0  McSPI1ModuleClkConfig               
8004b920  McSPICSAssert                       
8004b958  McSPICSDeAssert                     
8004b828  McSPICSDisable                      
8004b804  McSPICSEnable                       
8004b84c  McSPICSPolarityConfig               
8004b8b4  McSPICSTimeControlSet               
8004bc30  McSPIChannelDisable                 
8004bbf8  McSPIChannelEnable                  
8004c0ec  McSPIChannelStatusGet               
8004b5bc  McSPIClkConfig                      
8004bf60  McSPIDMADisable                     
8004bf1c  McSPIDMAEnable                      
8004c15c  McSPIFIFODatManagementConfig        
8004bddc  McSPIFIFOTrigLvlSet                 
8004bffc  McSPIInitDelayConfig                
8004bfd0  McSPIIntDisable                     
8004bfa4  McSPIIntEnable                      
8004c0b8  McSPIIntStatusClear                 
8004c0a0  McSPIIntStatusGet                   
8004ba8c  McSPIMasterModeConfig               
8004ba68  McSPIMasterModeEnable               
8004c118  McSPIMultipleWordAccessConfig       
8004c074  McSPIReceiveData                    
8004bc68  McSPIReset                          
8004bd74  McSPIRxFIFOConfig                   
8004ba30  McSPIStartBitDisable                
8004b990  McSPIStartBitEnable                 
8004b9c8  McSPIStartBitPolarityConfig         
8004c040  McSPITransmitData                   
8004bcd4  McSPITurboModeDisable               
8004bc9c  McSPITurboModeEnable                
8004bd0c  McSPITxFIFOConfig                   
8004bedc  McSPIWordCountSet                   
8004b79c  McSPIWordLengthSet                  
8006195e  NumCommand                          
80054b54  PMIC_ReadRegister                   
80054b94  PMIC_WriteRegister                  
80053cf0  PWR_ReadVoltages                    
8005d5ef  PreviousPreviousScreen              
8005d600  PreviousScreen                      
800619aa  RAM_CMD_Offset                      
80049e10  RTC32KClkClockControl               
80049dac  RTC32KClkSourceSelect               
8004a150  RTCAlarm2CalendarSet                
8004a0c4  RTCAlarm2IntStatusClear             
8004a0a8  RTCAlarm2IntStatusGet               
8004a0e8  RTCAlarm2TimeSet                    
80049af8  RTCAlarmCalendarGet                 
80049a98  RTCAlarmCalendarSet                 
800499dc  RTCAlarmDayOfMonthGet               
800499a8  RTCAlarmDayOfMonthSet               
80049808  RTCAlarmHourGet                     
80049864  RTCAlarmHourMeridiemGet             
80049824  RTCAlarmHourMeridiemSet             
800497d4  RTCAlarmHourSet                     
80048e6c  RTCAlarmIntStatusClear              
80048e50  RTCAlarmIntStatusGet                
800497b8  RTCAlarmMinuteGet                   
80049784  RTCAlarmMinuteSet                   
80049a2c  RTCAlarmMonthGet                    
800499f8  RTCAlarmMonthSet                    
80049768  RTCAlarmSecondGet                   
80049734  RTCAlarmSecondSet                   
800498e8  RTCAlarmTimeGet                     
80049880  RTCAlarmTimeSet                     
80049a7c  RTCAlarmYearGet                     
80049a48  RTCAlarmYearSet                     
80048f88  RTCAutoCompDisable                  
80048f44  RTCAutoCompEnable                   
80048e18  RTCBusyStatusGet                    
800496bc  RTCCalendarGet                      
8004964c  RTCCalendarSet                      
80049b9c  RTCCompensationGet                  
80049b58  RTCCompensationSet                  
80049f80  RTCConfigPmicExtWake                
80049fd8  RTCConfigPmicExtWakeDebounce        
80049f20  RTCConfigPmicExtWakePolarity        
80049edc  RTCConfigPmicPowerEnable            
800493f4  RTCDayOfMonthGet                    
800493c0  RTCDayOfMonthSet                    
800494e4  RTCDayOfTheWeekGet                  
800494b0  RTCDayOfTheWeekSet                  
80049164  RTCDisable                          
800491a8  RTCEnable                           
80049210  RTCEnableStatus                     
80048e90  RTCEventUpdateGet                   
80049e98  RTCFeedbackResistanceSelect         
80049348  RTCHourGet                          
80049060  RTCHourModeGet                      
80048fdc  RTCHourModeSet                      
80049314  RTCHourSet                          
80049c94  RTCIdleModeConfigure                
8004a074  RTCIntAlarm2Enable                  
80048d5c  RTCIntAlarmDisable                  
80048d28  RTCIntAlarmEnable                   
80048de4  RTCIntTimerDisable                  
80048d90  RTCIntTimerEnable                   
800493a4  RTCMeridiemGet                      
80049364  RTCMeridiemSet                      
80048ef0  RTCMinRoundingDisable               
80048eac  RTCMinRoundingEnable                
800492f8  RTCMinuteGet                        
800492c4  RTCMinuteSet                        
80053664  RTCModuleClkConfig                  
80049444  RTCMonthGet                         
80049410  RTCMonthSet                         
80049e54  RTCOscillatorStateControl           
8004a038  RTCPmicExtWakeStatusClear           
80049c7c  RTCRevisionIDGet                    
80048c30  RTCRun                              
80048e34  RTCRunStatusGet                     
80049c20  RTCScratchPadGet                    
80049be0  RTCScratchPadSet                    
800492a8  RTCSecondGet                        
80049274  RTCSecondSet                        
800490e8  RTCSet32CounterDisable              
8004907c  RTCSet32CounterEnable               
80049c58  RTCSoftwareReset                    
80049250  RTCSplitPwrDisable                  
8004922c  RTCSplitPwrEnable                   
80048c74  RTCStop                             
80049d68  RTCTestModeControl                  
8004959c  RTCTimeGet                          
80049500  RTCTimeSet                          
80049ce0  RTCWakeUpAlarmEventControl          
80049d24  RTCWakeUpTimerEventControl          
80048d00  RTCWriteProtectDisable              
80048cd8  RTCWriteProtectEnable               
80049494  RTCYearGet                          
80049460  RTCYearSet                          
80051b58  RTC_ClearFlag                       
80051b68  RTC_GetFlag                         
80051c58  RTC_GetTimeDate                     
8004f808  RTC_ISR                             
80051b1c  RTC_InterruptConfigure              
80051d34  RTC_ModuleClkConfig                 
80051b48  RTC_SetFlag                         
80051b74  RTC_SetTimeDate                     
8005365c  RtcVersionGet                       
UNDEFED   SHT$$INIT_ARRAY$$Base               
UNDEFED   SHT$$INIT_ARRAY$$Limit              
800514b4  SPI_1_ISR                           
80051488  SPI_INTCConfigure1                  
80051570  SPI_ReadWriteByte0                  
800515cc  SPI_ReadWriteByte1                  
800514b8  SPI_WriteByte0                      
80051514  SPI_WriteByte1                      
80051628  SPI_WriteByteNoRx0                  
8005165c  SPI_WriteByteNoRx1                  
800545d8  SVC_Handler                         
800612c4  Screens                             
800532d0  TEST_Setpoint1                      
8005330c  TEST_Setpoint2                      
80053348  TEST_Setpoint3                      
80053384  TEST_Togglepoint1                   
800533d4  TEST_Togglepoint2                   
80053424  TEST_Togglepoint3                   
8004f6ec  TMR_2_ISR                           
8004f7d0  TMR_3_ISR                           
800619e4  TMR_AudioPlaybackTimer              
800619e8  TMR_BacklightTimer                  
80052ef8  TMR_CalculateReload                 
80053020  TMR_ClearMISCTimerFlag              
80053030  TMR_GetMISCTimerFlag                
80052f9c  TMR_GetNewScreenTagTimerEnabled     
80052f44  TMR_InterruptConfigure2             
80052f70  TMR_InterruptConfigure3             
800619e0  TMR_NewScreenTagTimer               
80052ff0  TMR_ResetAudioPlaybackTimer         
80053000  TMR_ResetBacklightTimer             
80052fe0  TMR_ResetNewScreenTagTimer          
80053010  TMR_SetMISCTimerFlag                
80052fa8  TMR_SetNewScreenTagTimerEnabled     
8004a51c  TSCADCBiasConfig                    
8004ac60  TSCADCChargeStepAnalogGroundConfig  
8004abc0  TSCADCChargeStepAnalogSupplyConfig  
8004aaf4  TSCADCChargeStepConfig              
8004aaa8  TSCADCChargeStepOperationModeControl
8004a3c0  TSCADCConfigHWEventPrempt           
8004a714  TSCADCConfigureAFEClock             
8004a764  TSCADCConfigureMisc                 
8004a7d4  TSCADCConfigureStepEnable           
8004a368  TSCADCDMAFIFODisable                
8004a338  TSCADCDMAFIFOEnable                 
8004a2f8  TSCADCEventInterruptDisable         
8004a2cc  TSCADCEventInterruptEnable          
8004b2c4  TSCADCFIFOADCDataRead               
8004b298  TSCADCFIFOChannelIDRead             
8004b350  TSCADCFIFODMAThresholdLevelConfig   
8004b318  TSCADCFIFOIRQThresholdLevelConfig   
8004b2ec  TSCADCFIFOWordCountRead             
8004a1b0  TSCADCGetRevision                   
8004a400  TSCADCHWEventMapSet                 
8004a1c8  TSCADCIdleModeSet                   
8004a9dc  TSCADCIdleStepAnalogGroundConfig    
8004a93c  TSCADCIdleStepAnalogSupplyConfig    
8004a870  TSCADCIdleStepConfig                
8004a824  TSCADCIdleStepOperationModeControl  
8004a2b4  TSCADCIntStatus                     
8004a270  TSCADCIntStatusClear                
8004a290  TSCADCIntStatusRead                 
8004a398  TSCADCIsDMAFIFOEnabled              
8004b388  TSCADCModuleClkConfig               
8004a5e4  TSCADCModuleStateSet                
8004a6a4  TSCADCOutputRangeConfig             
8004a258  TSCADCRawIntStatus                  
8004a234  TSCADCRawIntStatusRead              
8004a208  TSCADCRawIntStatusSet               
8004a688  TSCADCSequencerCurrentStepID        
8004a668  TSCADCSequencerFSMBusyStatus        
8004a624  TSCADCSequencerPenIrqStatusRead     
8004a4c0  TSCADCSetADCPowerDown               
8004a4f8  TSCADCSetADCPowerUp                 
8004a580  TSCADCStepConfigProtectionDisable   
8004a55c  TSCADCStepConfigProtectionEnable    
8004a5a4  TSCADCStepIDTagConfig               
8004ad2c  TSCADCTSChargeStepOpenDelayConfig   
8004a480  TSCADCTSModeConfig                  
8004af88  TSCADCTSStepAnalogGroundConfig      
8004aeb8  TSCADCTSStepAnalogSupplyConfig      
8004b148  TSCADCTSStepAverageConfig           
8004adac  TSCADCTSStepConfig                  
8004b0f4  TSCADCTSStepFIFOSelConfig           
8004b19c  TSCADCTSStepModeConfig              
8004b244  TSCADCTSStepOpenDelayConfig         
8004ad4c  TSCADCTSStepOperationModeControl    
8004b0c4  TSCADCTSStepOutOfRangeCheckDisable  
8004b094  TSCADCTSStepOutOfRangeCheckEnable   
8004b1f0  TSCADCTSStepSampleDelayConfig       
8004a440  TSCADCTSTransistorConfig            
8004a318  TSCADCWakeUpPenEventConfig          
80046af0  UARTAutoIdleModeControl             
8004689c  UARTAutoRTSAutoCTSControl           
80046fd8  UARTAutobaudParityGet               
80047070  UARTAutobaudSpeedGet                
80047024  UARTAutobaudWordLenGet              
80045838  UARTBreakCtl                        
80046578  UARTCharGet                         
80046520  UARTCharGetNonBlocking              
800465d0  UARTCharGetTimeout                  
80046660  UARTCharPut                         
800464b4  UARTCharPutNonBlocking              
80046460  UARTCharsAvail                      
80046f48  UARTDMACounterResetControl          
80045d74  UARTDMADisable                      
80045d18  UARTDMAEnable                       
80046e60  UARTDSRInterruptControl             
8004577c  UARTDivisorLatchDisable             
80045758  UARTDivisorLatchEnable              
800455d4  UARTDivisorLatchWrite               
80045510  UARTDivisorValCompute               
80045e98  UARTEnhanFuncBitValRestore          
80045e38  UARTEnhanFuncEnable                 
800466d4  UARTFIFOCharGet                     
800466b4  UARTFIFOCharPut                     
80045954  UARTFIFOConfig                      
80046848  UARTFIFOEnableStatusGet             
80045dac  UARTFIFORegisterWrite               
80046dfc  UARTFIFOTrigLvlGranControl          
800466f0  UARTFIFOWrite                       
80046b34  UARTFlowCtrlTrigLvlConfig           
80046a68  UARTIdleModeConfigure               
80046344  UARTIntDisable                      
80046260  UARTIntEnable                       
800467a8  UARTIntIdentityGet                  
800467f4  UARTIntPendingStatusGet             
8004587c  UARTLineCharacConfig                
80046ca8  UARTLoopbackModeControl             
80046d1c  UARTModemControlClear               
80046cec  UARTModemControlSet                 
80046d68  UARTModemStatusChangeCheck          
80046d4c  UARTModemStatusGet                  
80046a34  UARTModuleReset                     
8004711c  UARTModuleVersionNumberGet          
800454b0  UARTOperatingModeSelect             
80045938  UARTParityModeGet                   
800458f4  UARTParityModeSet                   
800469f0  UARTPulseShapingControl             
80046f2c  UARTRXCTSDSRTransitionStatusGet     
80046ee8  UARTRXCTSDSRWakeUpConfigure         
80045818  UARTRegConfModeRestore              
800457a0  UARTRegConfigModeEnable             
80046d84  UARTResumeOperation                 
8004675c  UARTRxErrorGet                      
80046fc0  UARTRxFIFOLevelGet                  
80047100  UARTScratchPadRegRead               
800470bc  UARTScratchPadRegWrite              
8004698c  UARTSoftwareFlowCtrlOptSet          
8004640c  UARTSpaceAvail                      
80046928  UARTSpecialCharDetectControl        
80045efc  UARTSubConfigMSRSPRModeEn           
80045fd4  UARTSubConfigTCRTLRModeEn           
800460ac  UARTSubConfigXOFFModeEn             
80046184  UARTTCRTLRBitValRestore             
80047138  UARTTxDMAThresholdControl           
8004717c  UARTTxDMAThresholdValConfig         
80046ea4  UARTTxEmptyIntControl               
80046f8c  UARTTxFIFOFullStatusGet             
80046fa8  UARTTxFIFOLevelGet                  
80046aac  UARTWakeUpControl                   
80046dcc  UARTWakeUpEventsDisable             
80046d9c  UARTWakeUpEventsEnable              
80046b84  UARTXON1XOFF1ValProgram             
80046bb4  UARTXON2XOFF2ValProgram             
80046be4  UARTXONAnyFeatureControl            
8004f54c  UART_0_ISR                          
800506e0  UART_AddToRXBuffer                  
80050810  UART_AddToTXBuffer                  
800505ec  UART_BaudRateSet                    
80050668  UART_Configure                      
800505c8  UART_FIFOConfigure                  
800508bc  UART_GetTXInterruptStatus           
800506b4  UART_InterruptConfigure0            
80050624  UART_LineCharacSet                  
800504e8  UART_Module0ClkConfig               
80050544  UART_PrintBuffer                    
80050530  UART_PrintChar                      
80050590  UART_PrintString                    
8005c000  UART_RX_buffer                      
800619f8  UART_RX_place                       
800619fc  UART_TX_add                         
8005c7d0  UART_TX_buffer                      
80061a00  UART_TX_remove                      
800546b0  UndefInstHandler                    
8005d588  Voltage                             
80051e40  WAV_CalculateHeader                 
800618f8  WAV_Files                           
8005d608  WAV_PostComplete                    
8005536c  _Dclass                             
80061878  _Denorm                             
80053fcc  _Dnorm                              
8005382c  _Dscale                             
80054a7c  _Dunscale                           
80061888  _Eps                                
80061874  _Errno                              
80061a0c  _Fenv                               
800552a8  _Feraise                            
80061898  _Hugeval                            
800618a8  _Inf                                
800618b8  _Nan                                
800618d8  _Rteps                              
800618c8  _Snan                               
80061a10  _Tls_setup__Fenv                    
800618e8  _Xbig                               
800618f0  _Zero                               
87fffff8  __STACK_END                         
00000008  __STACK_SIZE                        
UNDEFED   __TI_CINIT_Base                     
UNDEFED   __TI_CINIT_Limit                    
UNDEFED   __TI_Handler_Table_Base             
UNDEFED   __TI_Handler_Table_Limit            
80054de4  __TI_auto_init                      
80048734  __TI_printfi                        
80000000  __TI_static_base__                  
800548bc  __aeabi_cdcmpeq                     
800548bc  __aeabi_cdcmple                     
8005499c  __aeabi_cdrcmple                    
8005514c  __aeabi_d2iz                        
800551a8  __aeabi_d2uiz                       
80053078  __aeabi_dadd                        
800539d4  __aeabi_ddiv                        
8005425c  __aeabi_dmul                        
8005306c  __aeabi_dsub                        
80055330  __aeabi_i2d                         
800544a8  __aeabi_idiv                        
800554a8  __aeabi_idiv0                       
800544a8  __aeabi_idivmod                     
80054be4  __aeabi_memclr                      
80054be4  __aeabi_memclr4                     
80054be4  __aeabi_memclr8                     
80053b64  __aeabi_memcpy                      
80053b64  __aeabi_memcpy4                     
80053b64  __aeabi_memcpy8                     
80054be8  __aeabi_memset                      
80054be8  __aeabi_memset4                     
80054be8  __aeabi_memset8                     
800553a4  __aeabi_ui2d                        
800547cc  __aeabi_uidiv                       
800547cc  __aeabi_uidivmod                    
80052390  __aeabi_uldivmod                    
ffffffff  __binit__                           
ffffffff  __c_args__                          
87fffff0  __stack                             
80042890  _ctypes_                            
80061a04  _lock                               
80055474  _nop                                
80055468  _register_lock                      
8005545c  _register_unlock                    
80061a08  _unlock                             
80054e88  atoi                                
ffffffff  binit                               
8005d601  bss_end                             
80058000  bss_start                           
80054f0c  copy_in                             
8005d5f0  dummy                               
80055204  feraiseexcept                       
8005d388  fnRAMVectors                        
800553d8  frexp                               
8004dba4  gpioContextRestore                  
8004db60  gpioContextSave                     
80055010  ldexp                               
80054f90  ltoa                                
80052b74  main                                
80055408  memccpy                             
80053b64  memcpy                              
80054bf4  memset                              
8005d5f4  p_CurrentScreen                     
8005d5f8  p_CurrentWAVFile                    
8005d5fc  p_PreviousScreen                    
8005525c  raise                               
80055088  signal                              
80054d3c  sprintf                             
80055318  start_boot                          
80055434  strchr                              
80055480  strlen                              


GLOBAL SYMBOLS: SORTED BY Symbol Address 

address   name                                
-------   ----                                
00000008  __STACK_SIZE                        
80000000  Entry                               
80000000  __TI_static_base__                  
800000d0  BITMAP_CharlieBeach                 
8003fcd0  BITMAP_TVRemote                     
80042890  _ctypes_                            
80042a20  Commands                            
80042a30  HEADER_CharlieBeach                 
80042a3c  HEADER_TVRemote                     
80042a48  Init_LCD                            
80042cdc  LCD_InterruptConfigure              
80042d28  LCD_InteruptEnable                  
80042d5c  LCD_InteruptDisable                 
80042d90  LCD_Reset                           
80042dcc  LCD_Interrupt                       
80042e08  LCD_ft810memRead8                   
80042e5c  LCD_ft810memRead16                  
80042ecc  LCD_ft810memRead32                  
80042f6c  LCD_ft810memWrite8                  
80042fac  LCD_ft810memWrite16                 
80043018  LCD_ft810memWrite32                 
800430bc  LCD_ft810memWriteBuffer             
800431b0  LCD_wr8                             
800431cc  LCD_wr16                            
800431e8  LCD_wr32                            
80043204  LCD_wr8s                            
80043278  LCD_rd8                             
8004328c  LCD_rd16                            
800432a4  LCD_rd32                            
800432b8  LCD_wr_buffer                       
80043468  LCD_rd_buffer                       
800435a4  LCD_cmd                             
800435cc  LCD_host_command                    
80043628  LCD_IncrementWriteOffset            
80043668  LCD_WriteCommandParameters          
800436a4  LCD_SendRAMAddress                  
80043720  LCD_WaitCoprocessorDone             
80043744  LCD_cmd_text                        
8004389c  LCD_cmd_button                      
80043a10  LCD_cmd_clock                       
80043ac8  LCD_cmd_bgcolor                     
80043b6c  LCD_cmd_fgcolor                     
80043c08  LCD_cmd_gradcolor                   
80043c78  LCD_cmd_gauge                       
80043d2c  LCD_cmd_gradient                    
80043dd0  LCD_cmd_keys                        
80043f40  LCD_cmd_progress                    
80043fec  LCD_cmd_scrollbar                   
800440a4  LCD_cmd_slider                      
80044150  LCD_cmd_dial                        
800441e4  LCD_cmd_toggle                      
80044354  LCD_cmd_setbase                     
800443ac  LCD_cmd_number                      
80044440  LCD_cmd_memcrc                      
800444c0  LCD_cmd_memzero                     
8004452c  LCD_cmd_memset                      
800445b0  LCD_cmd_memwrite                    
80044664  LCD_cmd_memcpy                      
800446ec  LCD_cmd_append                      
80044758  LCD_cmd_inflate                     
800447fc  LCD_cmd_loadimage                   
80044868  LCD_cmd_loadidentity                
800448ac  LCD_cmd_translate                   
80044918  LCD_cmd_scale                       
80044984  LCD_cmd_rotate                      
800449dc  LCD_cmd_setmatrix                   
80044a20  LCD_cmd_getmatrix                   
80044adc  LCD_cmd_getptr                      
80044b34  LCD_cmd_getprops                    
80044bc4  LCD_cmd_mediafifo                   
80044c30  LCD_cmd_playvideo                   
80044c88  LCD_cmd_videostart                  
80044ccc  LCD_cmd_videoframe                  
80044d38  LCD_cmd_track                       
80044dcc  LCD_cmd_coldstart                   
80044ddc  LCD_cmd_interrupt                   
80044e34  LCD_cmd_regread                     
80044ea0  LCD_cmd_calibrate                   
80044ef8  LCD_cmd_romfont                     
80044f64  LCD_cmd_setfont                     
80044fd0  LCD_cmd_setfont2                    
80045050  LCD_cmd_setscratch                  
800450a8  LCD_cmd_setrotate                   
80045100  LCD_cmd_setbitmap                   
8004518c  LCD_cmd_spinner                     
80045210  LCD_cmd_stop                        
80045254  LCD_cmd_screensaver                 
80045298  LCD_cmd_sketch                      
8004533c  LCD_cmd_snapshot                    
80045394  LCD_cmd_snapshot2                   
80045438  LCD_cmd_logo                        
8004547c  LCD_SetInterruptFlag                
8004548c  LCD_ClearInterruptFlag              
8004549c  LCD_GetInterruptFlag                
800454b0  UARTOperatingModeSelect             
80045510  UARTDivisorValCompute               
800455d4  UARTDivisorLatchWrite               
80045758  UARTDivisorLatchEnable              
8004577c  UARTDivisorLatchDisable             
800457a0  UARTRegConfigModeEnable             
80045818  UARTRegConfModeRestore              
80045838  UARTBreakCtl                        
8004587c  UARTLineCharacConfig                
800458f4  UARTParityModeSet                   
80045938  UARTParityModeGet                   
80045954  UARTFIFOConfig                      
80045d18  UARTDMAEnable                       
80045d74  UARTDMADisable                      
80045dac  UARTFIFORegisterWrite               
80045e38  UARTEnhanFuncEnable                 
80045e98  UARTEnhanFuncBitValRestore          
80045efc  UARTSubConfigMSRSPRModeEn           
80045fd4  UARTSubConfigTCRTLRModeEn           
800460ac  UARTSubConfigXOFFModeEn             
80046184  UARTTCRTLRBitValRestore             
80046260  UARTIntEnable                       
80046344  UARTIntDisable                      
8004640c  UARTSpaceAvail                      
80046460  UARTCharsAvail                      
800464b4  UARTCharPutNonBlocking              
80046520  UARTCharGetNonBlocking              
80046578  UARTCharGet                         
800465d0  UARTCharGetTimeout                  
80046660  UARTCharPut                         
800466b4  UARTFIFOCharPut                     
800466d4  UARTFIFOCharGet                     
800466f0  UARTFIFOWrite                       
8004675c  UARTRxErrorGet                      
800467a8  UARTIntIdentityGet                  
800467f4  UARTIntPendingStatusGet             
80046848  UARTFIFOEnableStatusGet             
8004689c  UARTAutoRTSAutoCTSControl           
80046928  UARTSpecialCharDetectControl        
8004698c  UARTSoftwareFlowCtrlOptSet          
800469f0  UARTPulseShapingControl             
80046a34  UARTModuleReset                     
80046a68  UARTIdleModeConfigure               
80046aac  UARTWakeUpControl                   
80046af0  UARTAutoIdleModeControl             
80046b34  UARTFlowCtrlTrigLvlConfig           
80046b84  UARTXON1XOFF1ValProgram             
80046bb4  UARTXON2XOFF2ValProgram             
80046be4  UARTXONAnyFeatureControl            
80046ca8  UARTLoopbackModeControl             
80046cec  UARTModemControlSet                 
80046d1c  UARTModemControlClear               
80046d4c  UARTModemStatusGet                  
80046d68  UARTModemStatusChangeCheck          
80046d84  UARTResumeOperation                 
80046d9c  UARTWakeUpEventsEnable              
80046dcc  UARTWakeUpEventsDisable             
80046dfc  UARTFIFOTrigLvlGranControl          
80046e60  UARTDSRInterruptControl             
80046ea4  UARTTxEmptyIntControl               
80046ee8  UARTRXCTSDSRWakeUpConfigure         
80046f2c  UARTRXCTSDSRTransitionStatusGet     
80046f48  UARTDMACounterResetControl          
80046f8c  UARTTxFIFOFullStatusGet             
80046fa8  UARTTxFIFOLevelGet                  
80046fc0  UARTRxFIFOLevelGet                  
80046fd8  UARTAutobaudParityGet               
80047024  UARTAutobaudWordLenGet              
80047070  UARTAutobaudSpeedGet                
800470bc  UARTScratchPadRegWrite              
80047100  UARTScratchPadRegRead               
8004711c  UARTModuleVersionNumberGet          
80047138  UARTTxDMAThresholdControl           
8004717c  UARTTxDMAThresholdValConfig         
80048734  __TI_printfi                        
80048c30  RTCRun                              
80048c74  RTCStop                             
80048cd8  RTCWriteProtectEnable               
80048d00  RTCWriteProtectDisable              
80048d28  RTCIntAlarmEnable                   
80048d5c  RTCIntAlarmDisable                  
80048d90  RTCIntTimerEnable                   
80048de4  RTCIntTimerDisable                  
80048e18  RTCBusyStatusGet                    
80048e34  RTCRunStatusGet                     
80048e50  RTCAlarmIntStatusGet                
80048e6c  RTCAlarmIntStatusClear              
80048e90  RTCEventUpdateGet                   
80048eac  RTCMinRoundingEnable                
80048ef0  RTCMinRoundingDisable               
80048f44  RTCAutoCompEnable                   
80048f88  RTCAutoCompDisable                  
80048fdc  RTCHourModeSet                      
80049060  RTCHourModeGet                      
8004907c  RTCSet32CounterEnable               
800490e8  RTCSet32CounterDisable              
80049164  RTCDisable                          
800491a8  RTCEnable                           
80049210  RTCEnableStatus                     
8004922c  RTCSplitPwrEnable                   
80049250  RTCSplitPwrDisable                  
80049274  RTCSecondSet                        
800492a8  RTCSecondGet                        
800492c4  RTCMinuteSet                        
800492f8  RTCMinuteGet                        
80049314  RTCHourSet                          
80049348  RTCHourGet                          
80049364  RTCMeridiemSet                      
800493a4  RTCMeridiemGet                      
800493c0  RTCDayOfMonthSet                    
800493f4  RTCDayOfMonthGet                    
80049410  RTCMonthSet                         
80049444  RTCMonthGet                         
80049460  RTCYearSet                          
80049494  RTCYearGet                          
800494b0  RTCDayOfTheWeekSet                  
800494e4  RTCDayOfTheWeekGet                  
80049500  RTCTimeSet                          
8004959c  RTCTimeGet                          
8004964c  RTCCalendarSet                      
800496bc  RTCCalendarGet                      
80049734  RTCAlarmSecondSet                   
80049768  RTCAlarmSecondGet                   
80049784  RTCAlarmMinuteSet                   
800497b8  RTCAlarmMinuteGet                   
800497d4  RTCAlarmHourSet                     
80049808  RTCAlarmHourGet                     
80049824  RTCAlarmHourMeridiemSet             
80049864  RTCAlarmHourMeridiemGet             
80049880  RTCAlarmTimeSet                     
800498e8  RTCAlarmTimeGet                     
800499a8  RTCAlarmDayOfMonthSet               
800499dc  RTCAlarmDayOfMonthGet               
800499f8  RTCAlarmMonthSet                    
80049a2c  RTCAlarmMonthGet                    
80049a48  RTCAlarmYearSet                     
80049a7c  RTCAlarmYearGet                     
80049a98  RTCAlarmCalendarSet                 
80049af8  RTCAlarmCalendarGet                 
80049b58  RTCCompensationSet                  
80049b9c  RTCCompensationGet                  
80049be0  RTCScratchPadSet                    
80049c20  RTCScratchPadGet                    
80049c58  RTCSoftwareReset                    
80049c7c  RTCRevisionIDGet                    
80049c94  RTCIdleModeConfigure                
80049ce0  RTCWakeUpAlarmEventControl          
80049d24  RTCWakeUpTimerEventControl          
80049d68  RTCTestModeControl                  
80049dac  RTC32KClkSourceSelect               
80049e10  RTC32KClkClockControl               
80049e54  RTCOscillatorStateControl           
80049e98  RTCFeedbackResistanceSelect         
80049edc  RTCConfigPmicPowerEnable            
80049f20  RTCConfigPmicExtWakePolarity        
80049f80  RTCConfigPmicExtWake                
80049fd8  RTCConfigPmicExtWakeDebounce        
8004a038  RTCPmicExtWakeStatusClear           
8004a074  RTCIntAlarm2Enable                  
8004a0a8  RTCAlarm2IntStatusGet               
8004a0c4  RTCAlarm2IntStatusClear             
8004a0e8  RTCAlarm2TimeSet                    
8004a150  RTCAlarm2CalendarSet                
8004a1b0  TSCADCGetRevision                   
8004a1c8  TSCADCIdleModeSet                   
8004a208  TSCADCRawIntStatusSet               
8004a234  TSCADCRawIntStatusRead              
8004a258  TSCADCRawIntStatus                  
8004a270  TSCADCIntStatusClear                
8004a290  TSCADCIntStatusRead                 
8004a2b4  TSCADCIntStatus                     
8004a2cc  TSCADCEventInterruptEnable          
8004a2f8  TSCADCEventInterruptDisable         
8004a318  TSCADCWakeUpPenEventConfig          
8004a338  TSCADCDMAFIFOEnable                 
8004a368  TSCADCDMAFIFODisable                
8004a398  TSCADCIsDMAFIFOEnabled              
8004a3c0  TSCADCConfigHWEventPrempt           
8004a400  TSCADCHWEventMapSet                 
8004a440  TSCADCTSTransistorConfig            
8004a480  TSCADCTSModeConfig                  
8004a4c0  TSCADCSetADCPowerDown               
8004a4f8  TSCADCSetADCPowerUp                 
8004a51c  TSCADCBiasConfig                    
8004a55c  TSCADCStepConfigProtectionEnable    
8004a580  TSCADCStepConfigProtectionDisable   
8004a5a4  TSCADCStepIDTagConfig               
8004a5e4  TSCADCModuleStateSet                
8004a624  TSCADCSequencerPenIrqStatusRead     
8004a668  TSCADCSequencerFSMBusyStatus        
8004a688  TSCADCSequencerCurrentStepID        
8004a6a4  TSCADCOutputRangeConfig             
8004a714  TSCADCConfigureAFEClock             
8004a764  TSCADCConfigureMisc                 
8004a7d4  TSCADCConfigureStepEnable           
8004a824  TSCADCIdleStepOperationModeControl  
8004a870  TSCADCIdleStepConfig                
8004a93c  TSCADCIdleStepAnalogSupplyConfig    
8004a9dc  TSCADCIdleStepAnalogGroundConfig    
8004aaa8  TSCADCChargeStepOperationModeControl
8004aaf4  TSCADCChargeStepConfig              
8004abc0  TSCADCChargeStepAnalogSupplyConfig  
8004ac60  TSCADCChargeStepAnalogGroundConfig  
8004ad2c  TSCADCTSChargeStepOpenDelayConfig   
8004ad4c  TSCADCTSStepOperationModeControl    
8004adac  TSCADCTSStepConfig                  
8004aeb8  TSCADCTSStepAnalogSupplyConfig      
8004af88  TSCADCTSStepAnalogGroundConfig      
8004b094  TSCADCTSStepOutOfRangeCheckEnable   
8004b0c4  TSCADCTSStepOutOfRangeCheckDisable  
8004b0f4  TSCADCTSStepFIFOSelConfig           
8004b148  TSCADCTSStepAverageConfig           
8004b19c  TSCADCTSStepModeConfig              
8004b1f0  TSCADCTSStepSampleDelayConfig       
8004b244  TSCADCTSStepOpenDelayConfig         
8004b298  TSCADCFIFOChannelIDRead             
8004b2c4  TSCADCFIFOADCDataRead               
8004b2ec  TSCADCFIFOWordCountRead             
8004b318  TSCADCFIFOIRQThresholdLevelConfig   
8004b350  TSCADCFIFODMAThresholdLevelConfig   
8004b388  TSCADCModuleClkConfig               
8004b5bc  McSPIClkConfig                      
8004b79c  McSPIWordLengthSet                  
8004b804  McSPICSEnable                       
8004b828  McSPICSDisable                      
8004b84c  McSPICSPolarityConfig               
8004b8b4  McSPICSTimeControlSet               
8004b920  McSPICSAssert                       
8004b958  McSPICSDeAssert                     
8004b990  McSPIStartBitEnable                 
8004b9c8  McSPIStartBitPolarityConfig         
8004ba30  McSPIStartBitDisable                
8004ba68  McSPIMasterModeEnable               
8004ba8c  McSPIMasterModeConfig               
8004bbf8  McSPIChannelEnable                  
8004bc30  McSPIChannelDisable                 
8004bc68  McSPIReset                          
8004bc9c  McSPITurboModeEnable                
8004bcd4  McSPITurboModeDisable               
8004bd0c  McSPITxFIFOConfig                   
8004bd74  McSPIRxFIFOConfig                   
8004bddc  McSPIFIFOTrigLvlSet                 
8004bedc  McSPIWordCountSet                   
8004bf1c  McSPIDMAEnable                      
8004bf60  McSPIDMADisable                     
8004bfa4  McSPIIntEnable                      
8004bfd0  McSPIIntDisable                     
8004bffc  McSPIInitDelayConfig                
8004c040  McSPITransmitData                   
8004c074  McSPIReceiveData                    
8004c0a0  McSPIIntStatusGet                   
8004c0b8  McSPIIntStatusClear                 
8004c0ec  McSPIChannelStatusGet               
8004c118  McSPIMultipleWordAccessConfig       
8004c15c  McSPIFIFODatManagementConfig        
8004c1a0  McSPI1ModuleClkConfig               
8004c2fc  McSPI0ModuleClkConfig               
8004c480  Init_GUI                            
8004c4c8  GUI_DrawInitialScreen               
8004c550  GUI_DrawInitialScreenProgress       
8004c65c  GUI_DrawHomeScreen                  
8004c8c8  GUI_DrawTVRemoteScreen              
8004c954  GUI_LoadItemToRAMG                  
8004c9dc  GUI_TouchConfig                     
8004ca68  GUI_DrawNextScreen                  
8004cba4  GUI_DrawPreviousScreen              
8004cbf0  GUI_LoadTouchCalibration            
8004ccb4  GUI_CreateTouchCalibration          
8004cdcc  GUI_StartNewScreenTagTimer          
8004cde8  GUI_SetTagTimoutFlag                
8004cdf8  GUI_ClearTagTimoutFlag              
8004ce08  GUI_GetTagTimoutFlag                
8004ce14  GUI_ScreenRefresh                   
8004ce28  GUI_DrawTime                        
8004cec4  GUI_Backlight                       
8004cefc  GUI_SetBacklightTimeout             
8004cf0c  GUI_ClearBacklightTimeout           
8004cf1c  GUI_GetBacklightTimeout             
8004cf28  GUI_SetCurrentTag                   
8004cf44  GUI_GetCurrentTag                   
8004d078  GPIOModuleReset                     
8004d0ac  GPIOModuleEnable                    
8004d0d0  GPIOModuleDisable                   
8004d0f4  GPIODirModeSet                      
8004d154  GPIODirModeGet                      
8004d194  GPIOPinWrite                        
8004d1e4  GPIOPinRead                         
8004d22c  GPIOMultiplePinsWrite               
8004d25c  GPIOMultiplePinsRead                
8004d280  GPIOPinIntEnable                    
8004d2d0  GPIOPinIntDisable                   
8004d320  GPIOIntTypeSet                      
8004d6c0  GPIOIntTypeGet                      
8004d7a0  GPIOPinIntStatus                    
8004d804  GPIOPinIntClear                     
8004d854  GPIORawIntStatus                    
8004d8b0  GPIOTriggerPinInt                   
8004d900  GPIOWakeupGlobalEnable              
8004d924  GPIOWakeupGlobalDisable             
8004d948  GPIOPinIntWakeUpEnable              
8004d9a8  GPIOPinIntWakeUpDisable             
8004da08  GPIOAutoIdleModeControl             
8004da4c  GPIOIdleModeConfigure               
8004da90  GPIOGatingRatioConfigure            
8004dad4  GPIODebounceFuncControl             
8004db24  GPIODebounceTimeConfig              
8004db48  GPIORevisionInfoGet                 
8004db60  gpioContextSave                     
8004dba4  gpioContextRestore                  
8004dbe8  I2CMasterInitExpClk                 
8004dc64  I2CMasterEnable                     
8004dc88  I2CMasterDisable                    
8004dcac  I2CMasterBusBusy                    
8004dce4  I2CMasterBusy                       
8004dd00  I2CMasterErr                        
8004dd28  I2CMasterControl                    
8004dd4c  I2CMasterStart                      
8004dd70  I2CMasterStop                       
8004dd94  I2CMasterIntEnableEx                
8004ddc0  I2CMasterIntDisableEx               
8004dde0  I2CMasterIntStatus                  
8004ddf8  I2CMasterIntStatusEx                
8004de1c  I2CMasterIntRawStatus               
8004de34  I2CMasterIntRawStatusEx             
8004de58  I2CMasterIntClearEx                 
8004de78  I2CMasterIntRawStatusClearEx        
8004de98  I2CMasterSlaveAddrSet               
8004deb8  I2CMasterSlaveAddrGet               
8004ded8  I2CSetDataCount                     
8004def8  I2CDataCountGet                     
8004df10  I2CFIFOThresholdConfig              
8004df90  I2CFIFOClear                        
8004dfdc  I2CDMATxEventEnable                 
8004e00c  I2CDMARxEventEnable                 
8004e03c  I2CDMATxEventDisable                
8004e06c  I2CDMARxEventDisable                
8004e09c  I2CBufferStatus                     
8004e120  I2CActiveOwnAddressGet              
8004e1a4  I2CClockBlockingControl             
8004e270  I2COwnAddressSet                    
8004e2e8  I2CSoftReset                        
8004e30c  I2CAutoIdleEnable                   
8004e330  I2CAutoIdleDisable                  
8004e354  I2CGlobalWakeUpEnable               
8004e378  I2CGlobalWakeUpDisable              
8004e39c  I2CIdleModeSelect                   
8004e3dc  I2CClockActivitySelect              
8004e41c  I2CWakeUpEnable                     
8004e4a8  I2CWakeUpDisable                    
8004e534  I2CSystemStatusGet                  
8004e550  I2CMasterDataPut                    
8004e570  I2CMasterDataGet                    
8004e590  I2CContextSave                      
8004e5e4  I2CContextRestore                   
8004e6b8  I2C0ModuleClkConfig                 
8004e71c  DMTimerEnable                       
8004e75c  DMTimerDisable                      
8004e79c  DMTimerModeConfigure                
8004e81c  DMTimerPreScalerClkEnable           
8004e89c  DMTimerPreScalerClkDisable          
8004e8dc  DMTimerCounterSet                   
8004e918  DMTimerCounterGet                   
8004e94c  DMTimerReloadSet                    
8004e988  DMTimerReloadGet                    
8004e9a0  DMTimerGPOConfigure                 
8004ea20  DMTimerCompareSet                   
8004ea5c  DMTimerCompareGet                   
8004ea74  DMTimerIntRawStatusSet              
8004ea98  DMTimerIntRawStatusGet              
8004eab0  DMTimerIntStatusGet                 
8004eac8  DMTimerIntStatusClear               
8004eaec  DMTimerIntEnable                    
8004eb10  DMTimerIntDisable                   
8004eb34  DMTimerTriggerSet                   
8004eb6c  DMTimerIntEnableGet                 
8004eb84  DMTimerResetConfigure               
8004ebc8  DMTimerReset                        
8004ebfc  DMTimerContextSave                  
8004ec7c  DMTimerContextRestore               
8004ed5c  DMTimerPostedModeConfig             
8004eda0  DMTimerWritePostedStatusGet         
8004edb8  DMTimer2ModuleClkConfig             
8004ee24  DMTimer3ModuleClkConfig             
8004eea4  Init_FRAM                           
8004efb8  FRAM_LoadSettings                   
8004efd4  FRAM_SaveSettings                   
8004eff0  FRAM_WriteEnable                    
8004f02c  FRAM_WriteDisable                   
8004f068  FRAM_WriteStatusRegister            
8004f0ac  FRAM_ReadStatusRegister             
8004f0ec  FRAM_WriteMemory                    
8004f1d8  FRAM_ReadMemory                     
8004f2c4  FRAM_WriteRead                      
8004f3b8  FRAM_WriteProtect                   
8004f3f4  FRAM_Hold                           
8004f430  FRAM_CalculateCRC                   
8004f444  FRAM_LoadDefaultSettings            
8004f510  GPIO_3A_ISR                         
8004f54c  UART_0_ISR                          
8004f6ec  TMR_2_ISR                           
8004f7d0  TMR_3_ISR                           
8004f808  RTC_ISR                             
8004f81c  I2C_0_ISR                           
8004f990  ADC_0_ISR                           
8004fa70  Init_Audio                          
8004fa84  AUD_PlayWAV                         
8004fb4c  AUD_StopWAV                         
8004fb78  AUD_SetPlayingFlag                  
8004fb88  AUD_ClearPlayingFlag                
8004fb98  AUD_GetPlayingFlag                  
8004fba4  AUD_TransferWAVToRAMG               
8004fe08  AUD_SetPlaybackFinishedFlag         
8004fe18  AUD_ClearPlaybackFinishedFlag       
8004fe34  AUD_GetPlaybackFinishedFlag         
8004fe40  AUD_SetTimoutFlag                   
8004fe50  AUD_ClearTimoutFlag                 
8004fe60  AUD_GetTimoutFlag                   
8004fe6c  AUD_IsWAVPlaying                    
8004fe84  AUD_TestAudio                       
8004fee0  AUD_AmpShutdown                     
8004ff88  MSC_BufferCopy                      
80050000  MSC_LowercaseChar                   
8005003c  MSC_DelayUS                         
800500c8  MSC_Round                           
800500fc  MSC_HEXtoBCD                        
800501b0  MSC_BCDtoHEX                        
80050254  MSC_EndianShort                     
80050290  MSC_EndianShortArray                
800502d4  MSC_EndianLong                      
80050340  MSC_EndianLongArray                 
800503d0  MSC_ReverseByte                     
80050498  Init_UART                           
800504e8  UART_Module0ClkConfig               
80050530  UART_PrintChar                      
80050544  UART_PrintBuffer                    
80050590  UART_PrintString                    
800505c8  UART_FIFOConfigure                  
800505ec  UART_BaudRateSet                    
80050624  UART_LineCharacSet                  
80050668  UART_Configure                      
800506b4  UART_InterruptConfigure0            
800506e0  UART_AddToRXBuffer                  
80050810  UART_AddToTXBuffer                  
800508bc  UART_GetTXInterruptStatus           
80050938  Init_GPIO                           
80050bc8  GPIO_Module0ClkConfig               
80050c30  GPIO_Module1ClkConfig               
80050c98  GPIO_Module2ClkConfig               
80050d00  GPIO_Module3ClkConfig               
80050dd0  CP15ICacheDisable                   
80050dec  CP15DCacheDisable                   
80050e08  CP15ICacheEnable                    
80050e18  CP15DCacheEnable                    
80050e28  CP15DCacheFlush                     
80050ebc  CP15DCacheClean                     
80050f50  CP15DCacheCleanFlush                
80050fe4  CP15ICacheFlush                     
80050ff4  CP15DCacheCleanBuff                 
80051048  CP15DCacheCleanFlushBuff            
8005109c  CP15DCacheFlushBuff                 
80051100  CP15ICacheFlushBuff                 
80051154  CP15Ttb0Set                         
80051160  CP15TlbInvalidate                   
8005116c  CP15MMUDisable                      
80051184  CP15MMUEnable                       
80051198  CP15VectorBaseAddrSet               
800511a4  CP15BranchPredictorInvalidate       
800511b0  CP15BranchPredictionEnable          
800511c0  CP15BranchPredictionDisable         
800511d0  CP15DomainAccessClientSet           
800511e0  CP15ControlFeatureDisable           
800511f4  CP15ControlFeatureEnable            
80051208  CP15TtbCtlTtb0Config                
80051218  CP15AuxControlFeatureEnable         
8005122c  CP15AuxControlFeatureDisable        
80051240  CP15MainIdPrimPartNumGet            
80051258  Init_SPI                            
80051268  Init_SPI_Module1                    
80051378  Init_SPI_Module0                    
80051488  SPI_INTCConfigure1                  
800514b4  SPI_1_ISR                           
800514b8  SPI_WriteByte0                      
80051514  SPI_WriteByte1                      
80051570  SPI_ReadWriteByte0                  
800515cc  SPI_ReadWriteByte1                  
80051628  SPI_WriteByteNoRx0                  
8005165c  SPI_WriteByteNoRx1                  
800516cc  IntRegister                         
800516f0  IntUnRegister                       
80051710  IntAINTCInit                        
80051780  IntPrioritySet                      
800517b8  IntSystemEnable                     
800517ec  IntSystemDisable                    
80051820  IntIfClkFreeRunSet                  
80051834  IntIfClkAutoGateSet                 
80051848  IntActiveIrqNumGet                  
80051858  IntSpurIrqFlagGet                   
8005186c  IntProtectionEnable                 
8005187c  IntProtectionDisable                
80051890  IntSyncClkFreeRunSet                
800518a4  IntSyncClkAutoGateSet               
800518b8  IntFuncClkFreeRunSet                
800518cc  IntFuncClkAutoGateSet               
800518e0  IntCurrIrqPriorityGet               
800518f0  IntPriorityThresholdGet             
80051900  IntPriorityThresholdSet             
80051920  IntRawStatusGet                     
80051960  IntSoftwareIntSet                   
80051990  IntSoftwareIntClear                 
800519c0  IntPendingIrqMaskedStatusGet        
800519fc  IntMasterIRQEnable                  
80051a08  IntMasterIRQDisable                 
80051a14  IntMasterFIQEnable                  
80051a20  IntMasterFIQDisable                 
80051a2c  IntMasterStatusGet                  
80051a38  IntDisable                          
80051a50  IntEnable                           
80051aac  Init_RTC                            
80051b1c  RTC_InterruptConfigure              
80051b48  RTC_SetFlag                         
80051b58  RTC_ClearFlag                       
80051b68  RTC_GetFlag                         
80051b74  RTC_SetTimeDate                     
80051c58  RTC_GetTimeDate                     
80051d34  RTC_ModuleClkConfig                 
80051de8  Init_WAV                            
80051e40  WAV_CalculateHeader                 
800520d0  Init_LED                            
800520d4  LED_Show                            
80052390  __aeabi_uldivmod                    
80052648  Init_ADC                            
800527fc  ADC_ConfigureInterrupt              
80052828  ADC_ReadChannels                    
800528a4  ADC_SetFinishedFlag                 
800528b4  ADC_ClearFinishedFlag               
800528c4  ADC_GetFinishedFlag                 
800528e4  Init_I2C                            
800528f0  Init_I2C_Module0                    
80052938  I2C_InterruptConfigure0             
80052964  I2C_SendReceiveData0                
80052b18  I2C_SetFailFlag0                    
80052b28  I2C_ClearFailFlag0                  
80052b38  I2C_GetFailFlag0                    
80052b74  main                                
80052e04  Init_Timers                         
80052e14  Init_Timer2                         
80052e8c  Init_Timer3                         
80052ef8  TMR_CalculateReload                 
80052f44  TMR_InterruptConfigure2             
80052f70  TMR_InterruptConfigure3             
80052f9c  TMR_GetNewScreenTagTimerEnabled     
80052fa8  TMR_SetNewScreenTagTimerEnabled     
80052fe0  TMR_ResetNewScreenTagTimer          
80052ff0  TMR_ResetAudioPlaybackTimer         
80053000  TMR_ResetBacklightTimer             
80053010  TMR_SetMISCTimerFlag                
80053020  TMR_ClearMISCTimerFlag              
80053030  TMR_GetMISCTimerFlag                
8005306c  __aeabi_dsub                        
80053078  __aeabi_dadd                        
80053280  Init_Test                           
800532d0  TEST_Setpoint1                      
8005330c  TEST_Setpoint2                      
80053348  TEST_Setpoint3                      
80053384  TEST_Togglepoint1                   
800533d4  TEST_Togglepoint2                   
80053424  TEST_Togglepoint3                   
80053484  InitCMD                             
80053494  CMD_CheckMatch                      
80053600  CMD_Help                            
80053610  CMD_SetNewCommand                   
80053620  CMD_ClearNewCommand                 
80053630  CMD_GetNewCommand                   
8005365c  RtcVersionGet                       
80053664  RTCModuleClkConfig                  
8005382c  _Dscale                             
800539d4  __aeabi_ddiv                        
80053b64  __aeabi_memcpy                      
80053b64  __aeabi_memcpy4                     
80053b64  __aeabi_memcpy8                     
80053b64  memcpy                              
80053ce4  Init_Power                          
80053cf0  PWR_ReadVoltages                    
80053e5c  MMUInit                             
80053ebc  MMUMemRegionMap                     
80053fb0  MMUEnable                           
80053fcc  _Dnorm                              
8005412c  CacheDisable                        
80054170  CacheEnable                         
800541bc  CacheInstInvalidateAll              
800541c8  CacheInstInvalidateBuff             
800541e4  CacheDataCleanInvalidateAll         
800541f0  CacheDataCleanAll                   
800541fc  CacheDataInvalidateAll              
80054208  CacheDataCleanBuff                  
80054224  CacheDataInvalidateBuff             
80054240  CacheDataCleanInvalidateBuff        
8005425c  __aeabi_dmul                        
80054384  GpioPinMuxSetup                     
80054390  GPIO1PinMuxSetup                    
800543a0  GPIO1Pin23PinMuxSetup               
800543b0  GPIO1ModuleClkConfig                
80054404  GPIO0ModuleClkConfig                
800544a8  __aeabi_idiv                        
800544a8  __aeabi_idivmod                     
800545d8  SVC_Handler                         
80054600  IRQHandler                          
800546ac  FIQHandler                          
800546b0  AbortHandler                        
800546b0  UndefInstHandler                    
800546c8  Init_Modules                        
800547cc  __aeabi_uidiv                       
800547cc  __aeabi_uidivmod                    
800548bc  __aeabi_cdcmpeq                     
800548bc  __aeabi_cdcmple                     
8005499c  __aeabi_cdrcmple                    
80054a7c  _Dunscale                           
80054b34  Init_PMIC                           
80054b54  PMIC_ReadRegister                   
80054b94  PMIC_WriteRegister                  
80054be4  __aeabi_memclr                      
80054be4  __aeabi_memclr4                     
80054be4  __aeabi_memclr8                     
80054be8  __aeabi_memset                      
80054be8  __aeabi_memset4                     
80054be8  __aeabi_memset8                     
80054bf4  memset                              
80054c94  MMU_ConfigAndEnable                 
80054d3c  sprintf                             
80054de4  __TI_auto_init                      
80054e88  atoi                                
80054f0c  copy_in                             
80054f90  ltoa                                
80055010  ldexp                               
80055088  signal                              
800550ec  CPUirqe                             
800550fc  CPUirqd                             
8005510c  CPUfiqe                             
8005511c  CPUfiqd                             
8005512c  CPUSwitchToUserMode                 
80055140  CPUSwitchToPrivilegedMode           
80055148  CPUAbortHandler                     
8005514c  __aeabi_d2iz                        
800551a8  __aeabi_d2uiz                       
80055204  feraiseexcept                       
8005525c  raise                               
800552a8  _Feraise                            
80055318  start_boot                          
80055330  __aeabi_i2d                         
8005536c  _Dclass                             
800553a4  __aeabi_ui2d                        
800553d8  frexp                               
80055408  memccpy                             
80055434  strchr                              
8005545c  _register_unlock                    
80055468  _register_lock                      
80055474  _nop                                
80055480  strlen                              
8005549c  CPUIntStatus                        
800554a8  __aeabi_idiv0                       
80058000  bss_start                           
8005c000  UART_RX_buffer                      
8005c7d0  UART_TX_buffer                      
8005cfa0  MISC_Buffer                         
8005d388  fnRAMVectors                        
8005d588  Voltage                             
8005d5c8  I2C_0_Buffers                       
8005d5d8  Command_String                      
8005d5e4  CurrentTimeDate                     
8005d5ee  CurrentScreen                       
8005d5ef  PreviousPreviousScreen              
8005d5f0  dummy                               
8005d5f4  p_CurrentScreen                     
8005d5f8  p_CurrentWAVFile                    
8005d5fc  p_PreviousScreen                    
8005d600  PreviousScreen                      
8005d601  bss_end                             
8005d608  WAV_PostComplete                    
800612c4  Screens                             
80061874  _Errno                              
80061878  _Denorm                             
80061888  _Eps                                
80061898  _Hugeval                            
800618a8  _Inf                                
800618b8  _Nan                                
800618c8  _Snan                               
800618d8  _Rteps                              
800618e8  _Xbig                               
800618f0  _Zero                               
800618f8  WAV_Files                           
8006195e  NumCommand                          
80061960  CurrentSystemSettings               
800619aa  RAM_CMD_Offset                      
800619ac  FT_DispWidth                        
800619ae  FT_DispHeight                       
800619b0  FT_DispHCycle                       
800619b2  FT_DispHOffset                      
800619b4  FT_DispHSync0                       
800619b6  FT_DispHSync1                       
800619b8  FT_DispVCycle                       
800619ba  FT_DispVOffset                      
800619bc  FT_DispVSync0                       
800619be  FT_DispVSync1                       
800619c0  FT_DispPCLK                         
800619c2  FT_DispSwizzle                      
800619c4  FT_DispPCLKPol                      
800619c6  FT_DispCSpread                      
800619c8  FT_DispDither                       
800619ca  BackLightSetting                    
800619d0  AudioBytesTransferred               
800619d4  AUD_AudioTimeoutCount               
800619d8  LastWritePointerAddress             
800619e0  TMR_NewScreenTagTimer               
800619e4  TMR_AudioPlaybackTimer              
800619e8  TMR_BacklightTimer                  
800619ee  DefaultTimeDate                     
800619f8  UART_RX_place                       
800619fc  UART_TX_add                         
80061a00  UART_TX_remove                      
80061a04  _lock                               
80061a08  _unlock                             
80061a0c  _Fenv                               
80061a10  _Tls_setup__Fenv                    
87fffff0  __stack                             
87fffff8  __STACK_END                         
ffffffff  __binit__                           
ffffffff  __c_args__                          
ffffffff  binit                               
UNDEFED   SHT$$INIT_ARRAY$$Base               
UNDEFED   SHT$$INIT_ARRAY$$Limit              
UNDEFED   __TI_CINIT_Base                     
UNDEFED   __TI_CINIT_Limit                    
UNDEFED   __TI_Handler_Table_Base             
UNDEFED   __TI_Handler_Table_Limit            

[828 symbols]
