******************************************************************************
                  TI ARM Linker PC v5.2.6                      
******************************************************************************
>> Linked Fri Apr 29 10:00:18 2016

OUTPUT FILE NAME:   <BeagleBone_Smart_Controler.out>
ENTRY POINT SYMBOL: "Entry"  address: 80000000


MEMORY CONFIGURATION

         name            origin    length      used     unused   attr    fill
----------------------  --------  ---------  --------  --------  ----  --------
  DDR_MEM               80000000   07ffffff  0005c4c9  07fa3b36  RWIX


SEGMENT ALLOCATION MAP

run origin  load origin   length   init length attrs members
----------  ----------- ---------- ----------- ----- -------
80000000    80000000    00052b04   00052b04    r-x
  80000000    80000000    000000d0   000000d0    r-x .text:Entry
  800000d0    800000d0    00042978   00042978    r-- .const
  80042a48    80042a48    000100bc   000100bc    r-x .text
80054000    80054000    000055b1   00000000    rw-
  80054000    80054000    000055b1   00000000    rw- .bss
800595b8    800595b8    0000440c   0000440c    rw-
  800595b8    800595b8    0000440c   0000440c    rw- .data
87fffff0    87fffff0    00000008   00000000    rw-
  87fffff0    87fffff0    00000008   00000000    rw- .stack


SECTION ALLOCATION MAP

 output                                  attributes/
section   page    origin      length       input sections
--------  ----  ----------  ----------   ----------------
.text:Entry 
*          0    80000000    000000d0     
                  80000000    000000c8     system.lib : init.obj (.text:Entry)
                  800000c8    00000008     rtsv7A8_A_le_n_eabi.lib : autoinit.obj (.tramp.__TI_auto_init.1)

.const     0    800000d0    00042978     
                  800000d0    0003fc00     BITMAP_CHARLIE_BEACH.obj (.const:.string:BITMAP_CharlieBeach)
                  8003fcd0    00002bc0     BITMAP_TV_REMOTE.obj (.const:.string:BITMAP_TVRemote)
                  80042890    00000101     rtsv7A8_A_le_n_eabi.lib : ctype.obj (.const:.string:_ctypes_)
                  80042991    00000003     --HOLE-- [fill = 0]
                  80042994    00000054     MEMORY.obj (.const)
                  800429e8    00000038     system.lib : startup.obj (.const:vecTbl)
                  80042a20    00000010     CMD.obj (.const)
                  80042a30    0000000c     BITMAP_CHARLIE_BEACH.obj (.const)
                  80042a3c    0000000c     BITMAP_TV_REMOTE.obj (.const)

.text      0    80042a48    000100bc     
                  80042a48    00002a68     LCD.obj (.text)
                  800454b0    00001d10     uart_irda_cir.obj (.text)
                  800471c0    00001a70     rtsv7A8_A_le_n_eabi.lib : _printfi.obj (.text)
                  80048c30    00001580     rtc.obj (.text)
                  8004a1b0    00000ec4     mcspi.obj (.text)
                  8004b074    00000bf8     GUI.obj (.text)
                  8004bc6c    00000b70     gpio_v2.obj (.text)
                  8004c7dc    00000788     dmtimer.obj (.text)
                  8004cf64    0000066c     FRAM.obj (.text)
                  8004d5d0    00000518     AUDIO.obj (.text)
                  8004dae8    00000510     MISC.obj (.text)
                  8004dff8    000004a0     UART.obj (.text)
                  8004e498    00000488     system.lib : cp15.obj (.text)
                  8004e920    00000470     SPI.obj (.text)
                  8004ed90    000003e4     interrupt.obj (.text)
                  8004f174    000003d8     GPIO.obj (.text)
                  8004f54c    0000033c     INTERRUPTS.obj (.text)
                  8004f888    0000033c     RTCC.obj (.text)
                  8004fbc4    000002c8     WAV.obj (.text)
                  8004fe8c    000002c0     LEDS.obj (.text)
                  8005014c    000002b8     rtsv7A8_A_le_n_eabi.lib : ull_div32.obj (.text)
                  80050404    00000290     main.obj (.text)
                  80050694    00000268     TIMERS.obj (.text)
                  800508fc    00000214     rtsv7A8_A_le_n_eabi.lib : fd_add32.obj (.text)
                  80050b10    00000204     TEST.obj (.text)
                  80050d14    000001d8     CMD.obj (.text)
                  80050eec    000001d0     platform.lib : rtc.obj (.text)
                  800510bc    000001a8     rtsv7A8_A_le_n_eabi.lib : xdscale.obj (.text)
                  80051264    00000190                             : fd_div32.obj (.text)
                  800513f4    00000180                             : memcpy32.obj (.text)
                  80051574    00000170     mmu.obj (.text)
                  800516e4    00000160     rtsv7A8_A_le_n_eabi.lib : xdnorm.obj (.text)
                  80051844    00000130     cache.obj (.text)
                  80051974    00000128     rtsv7A8_A_le_n_eabi.lib : fd_mul32.obj (.text)
                  80051a9c    00000124     platform.lib : gpio.obj (.text)
                  80051bc0    00000114     rtsv7A8_A_le_n_eabi.lib : i_div32.obj (.text)
                  80051cd4    0000010c     system.lib : exceptionhandler.obj (.text)
                  80051de0    000000f4     SYSTEM.obj (.text)
                  80051ed4    000000f0     rtsv7A8_A_le_n_eabi.lib : u_div32.obj (.text)
                  80051fc4    000000e0                             : fd_cmp32.obj (.text:__aeabi_cdcmple)
                  800520a4    000000e0                             : fd_cmp32.obj (.text:__aeabi_cdrcmple)
                  80052184    000000b8                             : xdunscal.obj (.text)
                  8005223c    000000b0                             : memset32.obj (.text)
                  800522ec    000000a8     MEMORY.obj (.text)
                  80052394    000000a8     rtsv7A8_A_le_n_eabi.lib : sprintf.obj (.text)
                  8005243c    000000a4                             : autoinit.obj (.text)
                  800524e0    00000084                             : atoi.obj (.text)
                  80052564    00000084                             : cpy_tbl.obj (.text)
                  800525e8    00000080                             : ltoa.obj (.text)
                  80052668    00000078                             : ldexp.obj (.text)
                  800526e0    00000064                             : signal.obj (.text)
                  80052744    00000060     system.lib : cpu.obj (.text)
                  800527a4    0000005c     rtsv7A8_A_le_n_eabi.lib : fd_toi32.obj (.text)
                  80052800    0000005c                             : fd_tou32.obj (.text)
                  8005285c    00000058                             : feraiseexcept.obj (.text)
                  800528b4    0000004c                             : raise.obj (.text)
                  80052900    00000044                             : xferaise.obj (.text)
                  80052944    00000044     system.lib : startup.obj (.text)
                  80052988    0000003c     rtsv7A8_A_le_n_eabi.lib : i_tofd32.obj (.text)
                  800529c4    00000038                             : xdclass.obj (.text)
                  800529fc    00000034                             : u_tofd32.obj (.text)
                  80052a30    00000030                             : frexp.obj (.text)
                  80052a60    0000002c                             : memccpy.obj (.text)
                  80052a8c    00000028                             : strchr.obj (.text)
                  80052ab4    00000024                             : _lock.obj (.text)
                  80052ad8    0000001c                             : strlen.obj (.text)
                  80052af4    0000000c     system.lib : cpu.obj (.text:CPUIntStatus)
                  80052b00    00000004     rtsv7A8_A_le_n_eabi.lib : i_div0.obj (.text)

.bss       0    80054000    000055b1     UNINITIALIZED
                  80054000    00004000     MEMORY.obj (.bss:pageTable)
                  80058000    000007d0     UART.obj (.bss:UART_RX_buffer)
                  800587d0    000007d0     UART.obj (.bss:UART_TX_buffer)
                  80058fa0    000003e8     MISC.obj (.bss:MISC_Buffer)
                  80059388    00000200     interrupt.obj (.bss:fnRAMVectors)
                  80059588    0000000c     (.common:Command_String)
                  80059594    0000000a     (.common:CurrentTimeDate)
                  8005959e    00000001     (.common:CurrentScreen)
                  8005959f    00000001     (.common:PreviousPreviousScreen)
                  800595a0    00000004     (.common:dummy)
                  800595a4    00000004     (.common:p_CurrentScreen)
                  800595a8    00000004     (.common:p_CurrentWAVFile)
                  800595ac    00000004     (.common:p_PreviousScreen)
                  800595b0    00000001     (.common:PreviousScreen)

.TI.noinit 
*          0    80054000    00000000     UNINITIALIZED

.data      0    800595b8    0000440c     
                  800595b8    00003cbc     WAV_POST_COMPLETE.obj (.data:WAV_PostComplete)
                  8005d274    00000500     GUI.obj (.data:Screens)
                  8005d774    000000b0     rtsv7A8_A_le_n_eabi.lib : signal.obj (.data:sigtable)
                  8005d824    00000004                             : errno.obj (.data)
                  8005d828    00000080                             : xvalues.obj (.data)
                  8005d8a8    00000062     WAV.obj (.data:WAV_Files)
                  8005d90a    00000003     GUI.obj (.data)
                  8005d90d    00000002     CMD.obj (.data)
                  8005d90f    00000001     --HOLE-- [fill = 0]
                  8005d910    00000048     FRAM.obj (.data:CurrentSystemSettings)
                  8005d958    00000023     LCD.obj (.data)
                  8005d97b    00000001     --HOLE-- [fill = 0]
                  8005d97c    00000010     AUDIO.obj (.data)
                  8005d98c    00000010     TIMERS.obj (.data)
                  8005d99c    0000000c     RTCC.obj (.data)
                  8005d9a8    0000000c     UART.obj (.data)
                  8005d9b4    00000008     rtsv7A8_A_le_n_eabi.lib : _lock.obj (.data)
                  8005d9bc    00000008                             : feraiseexcept.obj (.data)

.TI.persistent 
*          0    800595b8    00000000     UNINITIALIZED

.stack     0    87fffff0    00000008     UNINITIALIZED
                  87fffff0    00000008     --HOLE--


FAR CALL TRAMPOLINES

callee name               trampoline name
   callee addr  tramp addr   call addr  call info
--------------  -----------  ---------  ----------------
__TI_auto_init            $Tramp$AA$S$$__TI_auto_init
   8005243c     800000c8     800000a0   system.lib : init.obj (.text:Entry)

[1 trampolines]
[1 trampoline calls]


GLOBAL SYMBOLS: SORTED ALPHABETICALLY BY Name 

address   name                           
-------   ----                           
8004da40  AUD_AmpShutdown                
8005d984  AUD_AudioTimeoutCount          
8004d978  AUD_ClearPlaybackFinishedFlag  
8004d6e8  AUD_ClearPlayingFlag           
8004d9b0  AUD_ClearTimoutFlag            
8004d994  AUD_GetPlaybackFinishedFlag    
8004d6f8  AUD_GetPlayingFlag             
8004d9c0  AUD_GetTimoutFlag              
8004d9cc  AUD_IsWAVPlaying               
8004d5e4  AUD_PlayWAV                    
8004d968  AUD_SetPlaybackFinishedFlag    
8004d6d8  AUD_SetPlayingFlag             
8004d9a0  AUD_SetTimoutFlag              
8004d6ac  AUD_StopWAV                    
8004d9e4  AUD_TestAudio                  
8004d704  AUD_TransferWAVToRAMG          
80051dc8  AbortHandler                   
8005d980  AudioBytesTransferred          
800000d0  BITMAP_CharlieBeach            
8003fcd0  BITMAP_TVRemote                
8005d97a  BackLightSetting               
80050d24  CMD_CheckMatch                 
80050eb0  CMD_ClearNewCommand            
80050ec0  CMD_GetNewCommand              
80050e90  CMD_Help                       
80050ea0  CMD_SetNewCommand              
8004e8f4  CP15AuxControlFeatureDisable   
8004e8e0  CP15AuxControlFeatureEnable    
8004e888  CP15BranchPredictionDisable    
8004e878  CP15BranchPredictionEnable     
8004e86c  CP15BranchPredictorInvalidate  
8004e8a8  CP15ControlFeatureDisable      
8004e8bc  CP15ControlFeatureEnable       
8004e584  CP15DCacheClean                
8004e6bc  CP15DCacheCleanBuff            
8004e618  CP15DCacheCleanFlush           
8004e710  CP15DCacheCleanFlushBuff       
8004e4b4  CP15DCacheDisable              
8004e4e0  CP15DCacheEnable               
8004e4f0  CP15DCacheFlush                
8004e764  CP15DCacheFlushBuff            
8004e898  CP15DomainAccessClientSet      
8004e498  CP15ICacheDisable              
8004e4d0  CP15ICacheEnable               
8004e6ac  CP15ICacheFlush                
8004e7c8  CP15ICacheFlushBuff            
8004e834  CP15MMUDisable                 
8004e84c  CP15MMUEnable                  
8004e908  CP15MainIdPrimPartNumGet       
8004e828  CP15TlbInvalidate              
8004e81c  CP15Ttb0Set                    
8004e8d0  CP15TtbCtlTtb0Config           
8004e860  CP15VectorBaseAddrSet          
800527a0  CPUAbortHandler                
80052af4  CPUIntStatus                   
80052798  CPUSwitchToPrivilegedMode      
80052784  CPUSwitchToUserMode            
80052774  CPUfiqd                        
80052764  CPUfiqe                        
80052754  CPUirqd                        
80052744  CPUirqe                        
80051908  CacheDataCleanAll              
80051920  CacheDataCleanBuff             
800518fc  CacheDataCleanInvalidateAll    
80051958  CacheDataCleanInvalidateBuff   
80051914  CacheDataInvalidateAll         
8005193c  CacheDataInvalidateBuff        
80051844  CacheDisable                   
80051888  CacheEnable                    
800518d4  CacheInstInvalidateAll         
800518e0  CacheInstInvalidateBuff        
80059588  Command_String                 
80042a20  Commands                       
8005959e  CurrentScreen                  
8005d910  CurrentSystemSettings          
80059594  CurrentTimeDate                
8004ce78  DMTimer2ModuleClkConfig        
8004cee4  DMTimer3ModuleClkConfig        
8004cb1c  DMTimerCompareGet              
8004cae0  DMTimerCompareSet              
8004cd3c  DMTimerContextRestore          
8004ccbc  DMTimerContextSave             
8004c9d8  DMTimerCounterGet              
8004c99c  DMTimerCounterSet              
8004c81c  DMTimerDisable                 
8004c7dc  DMTimerEnable                  
8004ca60  DMTimerGPOConfigure            
8004cbd0  DMTimerIntDisable              
8004cbac  DMTimerIntEnable               
8004cc2c  DMTimerIntEnableGet            
8004cb58  DMTimerIntRawStatusGet         
8004cb34  DMTimerIntRawStatusSet         
8004cb88  DMTimerIntStatusClear          
8004cb70  DMTimerIntStatusGet            
8004c85c  DMTimerModeConfigure           
8004ce1c  DMTimerPostedModeConfig        
8004c95c  DMTimerPreScalerClkDisable     
8004c8dc  DMTimerPreScalerClkEnable      
8004ca48  DMTimerReloadGet               
8004ca0c  DMTimerReloadSet               
8004cc88  DMTimerReset                   
8004cc44  DMTimerResetConfigure          
8004cbf4  DMTimerTriggerSet              
8004ce60  DMTimerWritePostedStatusGet    
8005d99e  DefaultTimeDate                
80000000  Entry                          
80051dc4  FIQHandler                     
8004d4f0  FRAM_CalculateCRC              
8004d4b4  FRAM_Hold                      
8004d504  FRAM_LoadDefaultSettings       
8004d078  FRAM_LoadSettings              
8004d298  FRAM_ReadMemory                
8004d16c  FRAM_ReadStatusRegister        
8004d094  FRAM_SaveSettings              
8004d0ec  FRAM_WriteDisable              
8004d0b0  FRAM_WriteEnable               
8004d1ac  FRAM_WriteMemory               
8004d478  FRAM_WriteProtect              
8004d384  FRAM_WriteRead                 
8004d128  FRAM_WriteStatusRegister       
8005d976  FT_DispCSpread                 
8005d978  FT_DispDither                  
8005d960  FT_DispHCycle                  
8005d962  FT_DispHOffset                 
8005d964  FT_DispHSync0                  
8005d966  FT_DispHSync1                  
8005d95e  FT_DispHeight                  
8005d970  FT_DispPCLK                    
8005d974  FT_DispPCLKPol                 
8005d972  FT_DispSwizzle                 
8005d968  FT_DispVCycle                  
8005d96a  FT_DispVOffset                 
8005d96c  FT_DispVSync0                  
8005d96e  FT_DispVSync1                  
8005d95c  FT_DispWidth                   
80051b1c  GPIO0ModuleClkConfig           
80051ac8  GPIO1ModuleClkConfig           
80051ab8  GPIO1Pin23PinMuxSetup          
80051aa8  GPIO1PinMuxSetup               
8004c5fc  GPIOAutoIdleModeControl        
8004c6c8  GPIODebounceFuncControl        
8004c718  GPIODebounceTimeConfig         
8004bd48  GPIODirModeGet                 
8004bce8  GPIODirModeSet                 
8004c684  GPIOGatingRatioConfigure       
8004c640  GPIOIdleModeConfigure          
8004c2b4  GPIOIntTypeGet                 
8004bf14  GPIOIntTypeSet                 
8004bcc4  GPIOModuleDisable              
8004bca0  GPIOModuleEnable               
8004bc6c  GPIOModuleReset                
8004be50  GPIOMultiplePinsRead           
8004be20  GPIOMultiplePinsWrite          
8004c3f8  GPIOPinIntClear                
8004bec4  GPIOPinIntDisable              
8004be74  GPIOPinIntEnable               
8004c394  GPIOPinIntStatus               
8004c59c  GPIOPinIntWakeUpDisable        
8004c53c  GPIOPinIntWakeUpEnable         
8004bdd8  GPIOPinRead                    
8004bd88  GPIOPinWrite                   
8004c448  GPIORawIntStatus               
8004c73c  GPIORevisionInfoGet            
8004c4a4  GPIOTriggerPinInt              
8004c518  GPIOWakeupGlobalDisable        
8004c4f4  GPIOWakeupGlobalEnable         
8004f54c  GPIO_3A_ISR                    
8004f374  GPIO_Module0ClkConfig          
8004f3dc  GPIO_Module1ClkConfig          
8004f444  GPIO_Module2ClkConfig          
8004f4ac  GPIO_Module3ClkConfig          
8004bab8  GUI_Backlight                  
8004bb00  GUI_ClearBacklightTimeout      
8004b9ec  GUI_ClearTagTimoutFlag         
8004b8a8  GUI_CreateTouchCalibration     
8004b250  GUI_DrawHomeScreen             
8004b0bc  GUI_DrawInitialScreen          
8004b144  GUI_DrawInitialScreenProgress  
8004b65c  GUI_DrawNextScreen             
8004b798  GUI_DrawPreviousScreen         
8004b4bc  GUI_DrawTVRemoteScreen         
8004ba1c  GUI_DrawTime                   
8004bb10  GUI_GetBacklightTimeout        
8004bb38  GUI_GetCurrentTag              
8004b9fc  GUI_GetTagTimoutFlag           
8004b548  GUI_LoadItemToRAMG             
8004b7e4  GUI_LoadTouchCalibration       
8004ba08  GUI_ScreenRefresh              
8004baf0  GUI_SetBacklightTimeout        
8004bb1c  GUI_SetCurrentTag              
8004b9dc  GUI_SetTagTimoutFlag           
8004b9c0  GUI_StartNewScreenTagTimer     
8004b5d0  GUI_TouchConfig                
80051a9c  GpioPinMuxSetup                
80042a30  HEADER_CharlieBeach            
80042a3c  HEADER_TVRemote                
80051d18  IRQHandler                     
80050d14  InitCMD                        
8004d5d0  Init_Audio                     
8004cf64  Init_FRAM                      
8004f174  Init_GPIO                      
8004b074  Init_GUI                       
80042a48  Init_LCD                       
8004fe8c  Init_LED                       
80051de0  Init_Modules                   
8004f888  Init_RTC                       
8004e920  Init_SPI                       
8004ea40  Init_SPI_Module0               
8004e930  Init_SPI_Module1               
80050b10  Init_Test                      
800506a4  Init_Timer2                    
8005071c  Init_Timer3                    
80050694  Init_Timers                    
8004dff8  Init_UART                      
8004fbc4  Init_WAV                       
8004edd8  IntAINTCInit                   
8004ef10  IntActiveIrqNumGet             
8004efa8  IntCurrIrqPriorityGet          
8004f100  IntDisable                     
8004f118  IntEnable                      
8004ef94  IntFuncClkAutoGateSet          
8004ef80  IntFuncClkFreeRunSet           
8004eefc  IntIfClkAutoGateSet            
8004eee8  IntIfClkFreeRunSet             
8004f0e8  IntMasterFIQDisable            
8004f0dc  IntMasterFIQEnable             
8004f0d0  IntMasterIRQDisable            
8004f0c4  IntMasterIRQEnable             
8004f0f4  IntMasterStatusGet             
8004f088  IntPendingIrqMaskedStatusGet   
8004ee48  IntPrioritySet                 
8004efb8  IntPriorityThresholdGet        
8004efc8  IntPriorityThresholdSet        
8004ef44  IntProtectionDisable           
8004ef34  IntProtectionEnable            
8004efe8  IntRawStatusGet                
8004ed94  IntRegister                    
8004f058  IntSoftwareIntClear            
8004f028  IntSoftwareIntSet              
8004ef20  IntSpurIrqFlagGet              
8004ef6c  IntSyncClkAutoGateSet          
8004ef58  IntSyncClkFreeRunSet           
8004eeb4  IntSystemDisable               
8004ee80  IntSystemEnable                
8004edb8  IntUnRegister                  
8004548c  LCD_ClearInterruptFlag         
8004549c  LCD_GetInterruptFlag           
80043628  LCD_IncrementWriteOffset       
80042dcc  LCD_Interrupt                  
80042cdc  LCD_InterruptConfigure         
80042d5c  LCD_InteruptDisable            
80042d28  LCD_InteruptEnable             
80042d90  LCD_Reset                      
800436a4  LCD_SendRAMAddress             
8004547c  LCD_SetInterruptFlag           
80043720  LCD_WaitCoprocessorDone        
80043668  LCD_WriteCommandParameters     
800435a4  LCD_cmd                        
800446ec  LCD_cmd_append                 
80043ac8  LCD_cmd_bgcolor                
8004389c  LCD_cmd_button                 
80044ea0  LCD_cmd_calibrate              
80043a10  LCD_cmd_clock                  
80044dcc  LCD_cmd_coldstart              
80044150  LCD_cmd_dial                   
80043b6c  LCD_cmd_fgcolor                
80043c78  LCD_cmd_gauge                  
80044a20  LCD_cmd_getmatrix              
80044b34  LCD_cmd_getprops               
80044adc  LCD_cmd_getptr                 
80043c08  LCD_cmd_gradcolor              
80043d2c  LCD_cmd_gradient               
80044758  LCD_cmd_inflate                
80044ddc  LCD_cmd_interrupt              
80043dd0  LCD_cmd_keys                   
80044868  LCD_cmd_loadidentity           
800447fc  LCD_cmd_loadimage              
80045438  LCD_cmd_logo                   
80044bc4  LCD_cmd_mediafifo              
80044664  LCD_cmd_memcpy                 
80044440  LCD_cmd_memcrc                 
8004452c  LCD_cmd_memset                 
800445b0  LCD_cmd_memwrite               
800444c0  LCD_cmd_memzero                
800443ac  LCD_cmd_number                 
80044c30  LCD_cmd_playvideo              
80043f40  LCD_cmd_progress               
80044e34  LCD_cmd_regread                
80044ef8  LCD_cmd_romfont                
80044984  LCD_cmd_rotate                 
80044918  LCD_cmd_scale                  
80045254  LCD_cmd_screensaver            
80043fec  LCD_cmd_scrollbar              
80044354  LCD_cmd_setbase                
80045100  LCD_cmd_setbitmap              
80044f64  LCD_cmd_setfont                
80044fd0  LCD_cmd_setfont2               
800449dc  LCD_cmd_setmatrix              
800450a8  LCD_cmd_setrotate              
80045050  LCD_cmd_setscratch             
80045298  LCD_cmd_sketch                 
800440a4  LCD_cmd_slider                 
8004533c  LCD_cmd_snapshot               
80045394  LCD_cmd_snapshot2              
8004518c  LCD_cmd_spinner                
80045210  LCD_cmd_stop                   
80043744  LCD_cmd_text                   
800441e4  LCD_cmd_toggle                 
80044d38  LCD_cmd_track                  
800448ac  LCD_cmd_translate              
80044ccc  LCD_cmd_videoframe             
80044c88  LCD_cmd_videostart             
80042e5c  LCD_ft810memRead16             
80042ecc  LCD_ft810memRead32             
80042e08  LCD_ft810memRead8              
80042fac  LCD_ft810memWrite16            
80043018  LCD_ft810memWrite32            
80042f6c  LCD_ft810memWrite8             
800430bc  LCD_ft810memWriteBuffer        
800435cc  LCD_host_command               
8004328c  LCD_rd16                       
800432a4  LCD_rd32                       
80043278  LCD_rd8                        
80043468  LCD_rd_buffer                  
800431cc  LCD_wr16                       
800431e8  LCD_wr32                       
800431b0  LCD_wr8                        
80043204  LCD_wr8s                       
800432b8  LCD_wr_buffer                  
8004fe90  LED_Show                       
8005d988  LastWritePointerAddress        
80058fa0  MISC_Buffer                    
800516c8  MMUEnable                      
80051574  MMUInit                        
800515d4  MMUMemRegionMap                
800522ec  MMU_ConfigAndEnable            
8004dd10  MSC_BCDtoHEX                   
8004dae8  MSC_BufferCopy                 
8004db9c  MSC_DelayUS                    
8004de34  MSC_EndianLong                 
8004dea0  MSC_EndianLongArray            
8004ddb4  MSC_EndianShort                
8004ddf0  MSC_EndianShortArray           
8004dc5c  MSC_HEXtoBCD                   
8004db60  MSC_LowercaseChar              
8004df30  MSC_ReverseByte                
8004dc28  MSC_Round                      
8004aef0  McSPI0ModuleClkConfig          
8004ad94  McSPI1ModuleClkConfig          
8004a514  McSPICSAssert                  
8004a54c  McSPICSDeAssert                
8004a41c  McSPICSDisable                 
8004a3f8  McSPICSEnable                  
8004a440  McSPICSPolarityConfig          
8004a4a8  McSPICSTimeControlSet          
8004a824  McSPIChannelDisable            
8004a7ec  McSPIChannelEnable             
8004ace0  McSPIChannelStatusGet          
8004a1b0  McSPIClkConfig                 
8004ab54  McSPIDMADisable                
8004ab10  McSPIDMAEnable                 
8004ad50  McSPIFIFODatManagementConfig   
8004a9d0  McSPIFIFOTrigLvlSet            
8004abf0  McSPIInitDelayConfig           
8004abc4  McSPIIntDisable                
8004ab98  McSPIIntEnable                 
8004acac  McSPIIntStatusClear            
8004ac94  McSPIIntStatusGet              
8004a680  McSPIMasterModeConfig          
8004a65c  McSPIMasterModeEnable          
8004ad0c  McSPIMultipleWordAccessConfig  
8004ac68  McSPIReceiveData               
8004a85c  McSPIReset                     
8004a968  McSPIRxFIFOConfig              
8004a624  McSPIStartBitDisable           
8004a584  McSPIStartBitEnable            
8004a5bc  McSPIStartBitPolarityConfig    
8004ac34  McSPITransmitData              
8004a8c8  McSPITurboModeDisable          
8004a890  McSPITurboModeEnable           
8004a900  McSPITxFIFOConfig              
8004aad0  McSPIWordCountSet              
8004a390  McSPIWordLengthSet             
8005d90e  NumCommand                     
8005959f  PreviousPreviousScreen         
800595b0  PreviousScreen                 
8005d95a  RAM_CMD_Offset                 
80049e10  RTC32KClkClockControl          
80049dac  RTC32KClkSourceSelect          
8004a150  RTCAlarm2CalendarSet           
8004a0c4  RTCAlarm2IntStatusClear        
8004a0a8  RTCAlarm2IntStatusGet          
8004a0e8  RTCAlarm2TimeSet               
80049af8  RTCAlarmCalendarGet            
80049a98  RTCAlarmCalendarSet            
800499dc  RTCAlarmDayOfMonthGet          
800499a8  RTCAlarmDayOfMonthSet          
80049808  RTCAlarmHourGet                
80049864  RTCAlarmHourMeridiemGet        
80049824  RTCAlarmHourMeridiemSet        
800497d4  RTCAlarmHourSet                
80048e6c  RTCAlarmIntStatusClear         
80048e50  RTCAlarmIntStatusGet           
800497b8  RTCAlarmMinuteGet              
80049784  RTCAlarmMinuteSet              
80049a2c  RTCAlarmMonthGet               
800499f8  RTCAlarmMonthSet               
80049768  RTCAlarmSecondGet              
80049734  RTCAlarmSecondSet              
800498e8  RTCAlarmTimeGet                
80049880  RTCAlarmTimeSet                
80049a7c  RTCAlarmYearGet                
80049a48  RTCAlarmYearSet                
80048f88  RTCAutoCompDisable             
80048f44  RTCAutoCompEnable              
80048e18  RTCBusyStatusGet               
800496bc  RTCCalendarGet                 
8004964c  RTCCalendarSet                 
80049b9c  RTCCompensationGet             
80049b58  RTCCompensationSet             
80049f80  RTCConfigPmicExtWake           
80049fd8  RTCConfigPmicExtWakeDebounce   
80049f20  RTCConfigPmicExtWakePolarity   
80049edc  RTCConfigPmicPowerEnable       
800493f4  RTCDayOfMonthGet               
800493c0  RTCDayOfMonthSet               
800494e4  RTCDayOfTheWeekGet             
800494b0  RTCDayOfTheWeekSet             
80049164  RTCDisable                     
800491a8  RTCEnable                      
80049210  RTCEnableStatus                
80048e90  RTCEventUpdateGet              
80049e98  RTCFeedbackResistanceSelect    
80049348  RTCHourGet                     
80049060  RTCHourModeGet                 
80048fdc  RTCHourModeSet                 
80049314  RTCHourSet                     
80049c94  RTCIdleModeConfigure           
8004a074  RTCIntAlarm2Enable             
80048d5c  RTCIntAlarmDisable             
80048d28  RTCIntAlarmEnable              
80048de4  RTCIntTimerDisable             
80048d90  RTCIntTimerEnable              
800493a4  RTCMeridiemGet                 
80049364  RTCMeridiemSet                 
80048ef0  RTCMinRoundingDisable          
80048eac  RTCMinRoundingEnable           
800492f8  RTCMinuteGet                   
800492c4  RTCMinuteSet                   
80050ef4  RTCModuleClkConfig             
80049444  RTCMonthGet                    
80049410  RTCMonthSet                    
80049e54  RTCOscillatorStateControl      
8004a038  RTCPmicExtWakeStatusClear      
80049c7c  RTCRevisionIDGet               
80048c30  RTCRun                         
80048e34  RTCRunStatusGet                
80049c20  RTCScratchPadGet               
80049be0  RTCScratchPadSet               
800492a8  RTCSecondGet                   
80049274  RTCSecondSet                   
800490e8  RTCSet32CounterDisable         
8004907c  RTCSet32CounterEnable          
80049c58  RTCSoftwareReset               
80049250  RTCSplitPwrDisable             
8004922c  RTCSplitPwrEnable              
80048c74  RTCStop                        
80049d68  RTCTestModeControl             
8004959c  RTCTimeGet                     
80049500  RTCTimeSet                     
80049ce0  RTCWakeUpAlarmEventControl     
80049d24  RTCWakeUpTimerEventControl     
80048d00  RTCWriteProtectDisable         
80048cd8  RTCWriteProtectEnable          
80049494  RTCYearGet                     
80049460  RTCYearSet                     
8004f934  RTC_ClearFlag                  
8004f944  RTC_GetFlag                    
8004fa34  RTC_GetTimeDate                
8004f844  RTC_ISR                        
8004f8f8  RTC_InterruptConfigure         
8004fb10  RTC_ModuleClkConfig            
8004f924  RTC_SetFlag                    
8004f950  RTC_SetTimeDate                
80050eec  RtcVersionGet                  
UNDEFED   SHT$$INIT_ARRAY$$Base          
UNDEFED   SHT$$INIT_ARRAY$$Limit         
8004eb7c  SPI_1_ISR                      
8004eb50  SPI_INTCConfigure1             
8004ec38  SPI_ReadWriteByte0             
8004ec94  SPI_ReadWriteByte1             
8004eb80  SPI_WriteByte0                 
8004ebdc  SPI_WriteByte1                 
8004ecf0  SPI_WriteByteNoRx0             
8004ed24  SPI_WriteByteNoRx1             
80051cf0  SVC_Handler                    
8005d274  Screens                        
80050b60  TEST_Setpoint1                 
80050b9c  TEST_Setpoint2                 
80050bd8  TEST_Setpoint3                 
80050c14  TEST_Togglepoint1              
80050c64  TEST_Togglepoint2              
80050cb4  TEST_Togglepoint3              
8004f728  TMR_2_ISR                      
8004f80c  TMR_3_ISR                      
8005d994  TMR_AudioPlaybackTimer         
8005d998  TMR_BacklightTimer             
80050788  TMR_CalculateReload            
800508b0  TMR_ClearMISCTimerFlag         
800508c0  TMR_GetMISCTimerFlag           
8005082c  TMR_GetNewScreenTagTimerEnabled
800507d4  TMR_InterruptConfigure2        
80050800  TMR_InterruptConfigure3        
8005d990  TMR_NewScreenTagTimer          
80050880  TMR_ResetAudioPlaybackTimer    
80050890  TMR_ResetBacklightTimer        
80050870  TMR_ResetNewScreenTagTimer     
800508a0  TMR_SetMISCTimerFlag           
80050838  TMR_SetNewScreenTagTimerEnabled
80046af0  UARTAutoIdleModeControl        
8004689c  UARTAutoRTSAutoCTSControl      
80046fd8  UARTAutobaudParityGet          
80047070  UARTAutobaudSpeedGet           
80047024  UARTAutobaudWordLenGet         
80045838  UARTBreakCtl                   
80046578  UARTCharGet                    
80046520  UARTCharGetNonBlocking         
800465d0  UARTCharGetTimeout             
80046660  UARTCharPut                    
800464b4  UARTCharPutNonBlocking         
80046460  UARTCharsAvail                 
80046f48  UARTDMACounterResetControl     
80045d74  UARTDMADisable                 
80045d18  UARTDMAEnable                  
80046e60  UARTDSRInterruptControl        
8004577c  UARTDivisorLatchDisable        
80045758  UARTDivisorLatchEnable         
800455d4  UARTDivisorLatchWrite          
80045510  UARTDivisorValCompute          
80045e98  UARTEnhanFuncBitValRestore     
80045e38  UARTEnhanFuncEnable            
800466d4  UARTFIFOCharGet                
800466b4  UARTFIFOCharPut                
80045954  UARTFIFOConfig                 
80046848  UARTFIFOEnableStatusGet        
80045dac  UARTFIFORegisterWrite          
80046dfc  UARTFIFOTrigLvlGranControl     
800466f0  UARTFIFOWrite                  
80046b34  UARTFlowCtrlTrigLvlConfig      
80046a68  UARTIdleModeConfigure          
80046344  UARTIntDisable                 
80046260  UARTIntEnable                  
800467a8  UARTIntIdentityGet             
800467f4  UARTIntPendingStatusGet        
8004587c  UARTLineCharacConfig           
80046ca8  UARTLoopbackModeControl        
80046d1c  UARTModemControlClear          
80046cec  UARTModemControlSet            
80046d68  UARTModemStatusChangeCheck     
80046d4c  UARTModemStatusGet             
80046a34  UARTModuleReset                
8004711c  UARTModuleVersionNumberGet     
800454b0  UARTOperatingModeSelect        
80045938  UARTParityModeGet              
800458f4  UARTParityModeSet              
800469f0  UARTPulseShapingControl        
80046f2c  UARTRXCTSDSRTransitionStatusGet
80046ee8  UARTRXCTSDSRWakeUpConfigure    
80045818  UARTRegConfModeRestore         
800457a0  UARTRegConfigModeEnable        
80046d84  UARTResumeOperation            
8004675c  UARTRxErrorGet                 
80046fc0  UARTRxFIFOLevelGet             
80047100  UARTScratchPadRegRead          
800470bc  UARTScratchPadRegWrite         
8004698c  UARTSoftwareFlowCtrlOptSet     
8004640c  UARTSpaceAvail                 
80046928  UARTSpecialCharDetectControl   
80045efc  UARTSubConfigMSRSPRModeEn      
80045fd4  UARTSubConfigTCRTLRModeEn      
800460ac  UARTSubConfigXOFFModeEn        
80046184  UARTTCRTLRBitValRestore        
80047138  UARTTxDMAThresholdControl      
8004717c  UARTTxDMAThresholdValConfig    
80046ea4  UARTTxEmptyIntControl          
80046f8c  UARTTxFIFOFullStatusGet        
80046fa8  UARTTxFIFOLevelGet             
80046aac  UARTWakeUpControl              
80046dcc  UARTWakeUpEventsDisable        
80046d9c  UARTWakeUpEventsEnable         
80046b84  UARTXON1XOFF1ValProgram        
80046bb4  UARTXON2XOFF2ValProgram        
80046be4  UARTXONAnyFeatureControl       
8004f588  UART_0_ISR                     
8004e240  UART_AddToRXBuffer             
8004e370  UART_AddToTXBuffer             
8004e14c  UART_BaudRateSet               
8004e1c8  UART_Configure                 
8004e128  UART_FIFOConfigure             
8004e41c  UART_GetTXInterruptStatus      
8004e214  UART_InterruptConfigure0       
8004e184  UART_LineCharacSet             
8004e048  UART_Module0ClkConfig          
8004e0a4  UART_PrintBuffer               
8004e090  UART_PrintChar                 
8004e0f0  UART_PrintString               
80058000  UART_RX_buffer                 
8005d9a8  UART_RX_place                  
8005d9ac  UART_TX_add                    
800587d0  UART_TX_buffer                 
8005d9b0  UART_TX_remove                 
80051dc8  UndefInstHandler               
8004fc1c  WAV_CalculateHeader            
8005d8a8  WAV_Files                      
800595b8  WAV_PostComplete               
800529c4  _Dclass                        
8005d828  _Denorm                        
800516e4  _Dnorm                         
800510bc  _Dscale                        
80052184  _Dunscale                      
8005d838  _Eps                           
8005d824  _Errno                         
8005d9bc  _Fenv                          
80052900  _Feraise                       
8005d848  _Hugeval                       
8005d858  _Inf                           
8005d868  _Nan                           
8005d888  _Rteps                         
8005d878  _Snan                          
8005d9c0  _Tls_setup__Fenv               
8005d898  _Xbig                          
8005d8a0  _Zero                          
87fffff8  __STACK_END                    
00000008  __STACK_SIZE                   
UNDEFED   __TI_CINIT_Base                
UNDEFED   __TI_CINIT_Limit               
UNDEFED   __TI_Handler_Table_Base        
UNDEFED   __TI_Handler_Table_Limit       
8005243c  __TI_auto_init                 
80048734  __TI_printfi                   
80000000  __TI_static_base__             
80051fc4  __aeabi_cdcmpeq                
80051fc4  __aeabi_cdcmple                
800520a4  __aeabi_cdrcmple               
800527a4  __aeabi_d2iz                   
80052800  __aeabi_d2uiz                  
80050908  __aeabi_dadd                   
80051264  __aeabi_ddiv                   
80051974  __aeabi_dmul                   
800508fc  __aeabi_dsub                   
80052988  __aeabi_i2d                    
80051bc0  __aeabi_idiv                   
80052b00  __aeabi_idiv0                  
80051bc0  __aeabi_idivmod                
8005223c  __aeabi_memclr                 
8005223c  __aeabi_memclr4                
8005223c  __aeabi_memclr8                
800513f4  __aeabi_memcpy                 
800513f4  __aeabi_memcpy4                
800513f4  __aeabi_memcpy8                
80052240  __aeabi_memset                 
80052240  __aeabi_memset4                
80052240  __aeabi_memset8                
800529fc  __aeabi_ui2d                   
80051ed4  __aeabi_uidiv                  
80051ed4  __aeabi_uidivmod               
8005014c  __aeabi_uldivmod               
ffffffff  __binit__                      
ffffffff  __c_args__                     
87fffff0  __stack                        
80042890  _ctypes_                       
8005d9b4  _lock                          
80052acc  _nop                           
80052ac0  _register_lock                 
80052ab4  _register_unlock               
8005d9b8  _unlock                        
800524e0  atoi                           
ffffffff  binit                          
800595b1  bss_end                        
80054000  bss_start                      
80052564  copy_in                        
800595a0  dummy                          
8005285c  feraiseexcept                  
80059388  fnRAMVectors                   
80052a30  frexp                          
8004c798  gpioContextRestore             
8004c754  gpioContextSave                
80052668  ldexp                          
800525e8  ltoa                           
80050404  main                           
80052a60  memccpy                        
800513f4  memcpy                         
8005224c  memset                         
800595a4  p_CurrentScreen                
800595a8  p_CurrentWAVFile               
800595ac  p_PreviousScreen               
800528b4  raise                          
800526e0  signal                         
80052394  sprintf                        
80052970  start_boot                     
80052a8c  strchr                         
80052ad8  strlen                         


GLOBAL SYMBOLS: SORTED BY Symbol Address 

address   name                           
-------   ----                           
00000008  __STACK_SIZE                   
80000000  Entry                          
80000000  __TI_static_base__             
800000d0  BITMAP_CharlieBeach            
8003fcd0  BITMAP_TVRemote                
80042890  _ctypes_                       
80042a20  Commands                       
80042a30  HEADER_CharlieBeach            
80042a3c  HEADER_TVRemote                
80042a48  Init_LCD                       
80042cdc  LCD_InterruptConfigure         
80042d28  LCD_InteruptEnable             
80042d5c  LCD_InteruptDisable            
80042d90  LCD_Reset                      
80042dcc  LCD_Interrupt                  
80042e08  LCD_ft810memRead8              
80042e5c  LCD_ft810memRead16             
80042ecc  LCD_ft810memRead32             
80042f6c  LCD_ft810memWrite8             
80042fac  LCD_ft810memWrite16            
80043018  LCD_ft810memWrite32            
800430bc  LCD_ft810memWriteBuffer        
800431b0  LCD_wr8                        
800431cc  LCD_wr16                       
800431e8  LCD_wr32                       
80043204  LCD_wr8s                       
80043278  LCD_rd8                        
8004328c  LCD_rd16                       
800432a4  LCD_rd32                       
800432b8  LCD_wr_buffer                  
80043468  LCD_rd_buffer                  
800435a4  LCD_cmd                        
800435cc  LCD_host_command               
80043628  LCD_IncrementWriteOffset       
80043668  LCD_WriteCommandParameters     
800436a4  LCD_SendRAMAddress             
80043720  LCD_WaitCoprocessorDone        
80043744  LCD_cmd_text                   
8004389c  LCD_cmd_button                 
80043a10  LCD_cmd_clock                  
80043ac8  LCD_cmd_bgcolor                
80043b6c  LCD_cmd_fgcolor                
80043c08  LCD_cmd_gradcolor              
80043c78  LCD_cmd_gauge                  
80043d2c  LCD_cmd_gradient               
80043dd0  LCD_cmd_keys                   
80043f40  LCD_cmd_progress               
80043fec  LCD_cmd_scrollbar              
800440a4  LCD_cmd_slider                 
80044150  LCD_cmd_dial                   
800441e4  LCD_cmd_toggle                 
80044354  LCD_cmd_setbase                
800443ac  LCD_cmd_number                 
80044440  LCD_cmd_memcrc                 
800444c0  LCD_cmd_memzero                
8004452c  LCD_cmd_memset                 
800445b0  LCD_cmd_memwrite               
80044664  LCD_cmd_memcpy                 
800446ec  LCD_cmd_append                 
80044758  LCD_cmd_inflate                
800447fc  LCD_cmd_loadimage              
80044868  LCD_cmd_loadidentity           
800448ac  LCD_cmd_translate              
80044918  LCD_cmd_scale                  
80044984  LCD_cmd_rotate                 
800449dc  LCD_cmd_setmatrix              
80044a20  LCD_cmd_getmatrix              
80044adc  LCD_cmd_getptr                 
80044b34  LCD_cmd_getprops               
80044bc4  LCD_cmd_mediafifo              
80044c30  LCD_cmd_playvideo              
80044c88  LCD_cmd_videostart             
80044ccc  LCD_cmd_videoframe             
80044d38  LCD_cmd_track                  
80044dcc  LCD_cmd_coldstart              
80044ddc  LCD_cmd_interrupt              
80044e34  LCD_cmd_regread                
80044ea0  LCD_cmd_calibrate              
80044ef8  LCD_cmd_romfont                
80044f64  LCD_cmd_setfont                
80044fd0  LCD_cmd_setfont2               
80045050  LCD_cmd_setscratch             
800450a8  LCD_cmd_setrotate              
80045100  LCD_cmd_setbitmap              
8004518c  LCD_cmd_spinner                
80045210  LCD_cmd_stop                   
80045254  LCD_cmd_screensaver            
80045298  LCD_cmd_sketch                 
8004533c  LCD_cmd_snapshot               
80045394  LCD_cmd_snapshot2              
80045438  LCD_cmd_logo                   
8004547c  LCD_SetInterruptFlag           
8004548c  LCD_ClearInterruptFlag         
8004549c  LCD_GetInterruptFlag           
800454b0  UARTOperatingModeSelect        
80045510  UARTDivisorValCompute          
800455d4  UARTDivisorLatchWrite          
80045758  UARTDivisorLatchEnable         
8004577c  UARTDivisorLatchDisable        
800457a0  UARTRegConfigModeEnable        
80045818  UARTRegConfModeRestore         
80045838  UARTBreakCtl                   
8004587c  UARTLineCharacConfig           
800458f4  UARTParityModeSet              
80045938  UARTParityModeGet              
80045954  UARTFIFOConfig                 
80045d18  UARTDMAEnable                  
80045d74  UARTDMADisable                 
80045dac  UARTFIFORegisterWrite          
80045e38  UARTEnhanFuncEnable            
80045e98  UARTEnhanFuncBitValRestore     
80045efc  UARTSubConfigMSRSPRModeEn      
80045fd4  UARTSubConfigTCRTLRModeEn      
800460ac  UARTSubConfigXOFFModeEn        
80046184  UARTTCRTLRBitValRestore        
80046260  UARTIntEnable                  
80046344  UARTIntDisable                 
8004640c  UARTSpaceAvail                 
80046460  UARTCharsAvail                 
800464b4  UARTCharPutNonBlocking         
80046520  UARTCharGetNonBlocking         
80046578  UARTCharGet                    
800465d0  UARTCharGetTimeout             
80046660  UARTCharPut                    
800466b4  UARTFIFOCharPut                
800466d4  UARTFIFOCharGet                
800466f0  UARTFIFOWrite                  
8004675c  UARTRxErrorGet                 
800467a8  UARTIntIdentityGet             
800467f4  UARTIntPendingStatusGet        
80046848  UARTFIFOEnableStatusGet        
8004689c  UARTAutoRTSAutoCTSControl      
80046928  UARTSpecialCharDetectControl   
8004698c  UARTSoftwareFlowCtrlOptSet     
800469f0  UARTPulseShapingControl        
80046a34  UARTModuleReset                
80046a68  UARTIdleModeConfigure          
80046aac  UARTWakeUpControl              
80046af0  UARTAutoIdleModeControl        
80046b34  UARTFlowCtrlTrigLvlConfig      
80046b84  UARTXON1XOFF1ValProgram        
80046bb4  UARTXON2XOFF2ValProgram        
80046be4  UARTXONAnyFeatureControl       
80046ca8  UARTLoopbackModeControl        
80046cec  UARTModemControlSet            
80046d1c  UARTModemControlClear          
80046d4c  UARTModemStatusGet             
80046d68  UARTModemStatusChangeCheck     
80046d84  UARTResumeOperation            
80046d9c  UARTWakeUpEventsEnable         
80046dcc  UARTWakeUpEventsDisable        
80046dfc  UARTFIFOTrigLvlGranControl     
80046e60  UARTDSRInterruptControl        
80046ea4  UARTTxEmptyIntControl          
80046ee8  UARTRXCTSDSRWakeUpConfigure    
80046f2c  UARTRXCTSDSRTransitionStatusGet
80046f48  UARTDMACounterResetControl     
80046f8c  UARTTxFIFOFullStatusGet        
80046fa8  UARTTxFIFOLevelGet             
80046fc0  UARTRxFIFOLevelGet             
80046fd8  UARTAutobaudParityGet          
80047024  UARTAutobaudWordLenGet         
80047070  UARTAutobaudSpeedGet           
800470bc  UARTScratchPadRegWrite         
80047100  UARTScratchPadRegRead          
8004711c  UARTModuleVersionNumberGet     
80047138  UARTTxDMAThresholdControl      
8004717c  UARTTxDMAThresholdValConfig    
80048734  __TI_printfi                   
80048c30  RTCRun                         
80048c74  RTCStop                        
80048cd8  RTCWriteProtectEnable          
80048d00  RTCWriteProtectDisable         
80048d28  RTCIntAlarmEnable              
80048d5c  RTCIntAlarmDisable             
80048d90  RTCIntTimerEnable              
80048de4  RTCIntTimerDisable             
80048e18  RTCBusyStatusGet               
80048e34  RTCRunStatusGet                
80048e50  RTCAlarmIntStatusGet           
80048e6c  RTCAlarmIntStatusClear         
80048e90  RTCEventUpdateGet              
80048eac  RTCMinRoundingEnable           
80048ef0  RTCMinRoundingDisable          
80048f44  RTCAutoCompEnable              
80048f88  RTCAutoCompDisable             
80048fdc  RTCHourModeSet                 
80049060  RTCHourModeGet                 
8004907c  RTCSet32CounterEnable          
800490e8  RTCSet32CounterDisable         
80049164  RTCDisable                     
800491a8  RTCEnable                      
80049210  RTCEnableStatus                
8004922c  RTCSplitPwrEnable              
80049250  RTCSplitPwrDisable             
80049274  RTCSecondSet                   
800492a8  RTCSecondGet                   
800492c4  RTCMinuteSet                   
800492f8  RTCMinuteGet                   
80049314  RTCHourSet                     
80049348  RTCHourGet                     
80049364  RTCMeridiemSet                 
800493a4  RTCMeridiemGet                 
800493c0  RTCDayOfMonthSet               
800493f4  RTCDayOfMonthGet               
80049410  RTCMonthSet                    
80049444  RTCMonthGet                    
80049460  RTCYearSet                     
80049494  RTCYearGet                     
800494b0  RTCDayOfTheWeekSet             
800494e4  RTCDayOfTheWeekGet             
80049500  RTCTimeSet                     
8004959c  RTCTimeGet                     
8004964c  RTCCalendarSet                 
800496bc  RTCCalendarGet                 
80049734  RTCAlarmSecondSet              
80049768  RTCAlarmSecondGet              
80049784  RTCAlarmMinuteSet              
800497b8  RTCAlarmMinuteGet              
800497d4  RTCAlarmHourSet                
80049808  RTCAlarmHourGet                
80049824  RTCAlarmHourMeridiemSet        
80049864  RTCAlarmHourMeridiemGet        
80049880  RTCAlarmTimeSet                
800498e8  RTCAlarmTimeGet                
800499a8  RTCAlarmDayOfMonthSet          
800499dc  RTCAlarmDayOfMonthGet          
800499f8  RTCAlarmMonthSet               
80049a2c  RTCAlarmMonthGet               
80049a48  RTCAlarmYearSet                
80049a7c  RTCAlarmYearGet                
80049a98  RTCAlarmCalendarSet            
80049af8  RTCAlarmCalendarGet            
80049b58  RTCCompensationSet             
80049b9c  RTCCompensationGet             
80049be0  RTCScratchPadSet               
80049c20  RTCScratchPadGet               
80049c58  RTCSoftwareReset               
80049c7c  RTCRevisionIDGet               
80049c94  RTCIdleModeConfigure           
80049ce0  RTCWakeUpAlarmEventControl     
80049d24  RTCWakeUpTimerEventControl     
80049d68  RTCTestModeControl             
80049dac  RTC32KClkSourceSelect          
80049e10  RTC32KClkClockControl          
80049e54  RTCOscillatorStateControl      
80049e98  RTCFeedbackResistanceSelect    
80049edc  RTCConfigPmicPowerEnable       
80049f20  RTCConfigPmicExtWakePolarity   
80049f80  RTCConfigPmicExtWake           
80049fd8  RTCConfigPmicExtWakeDebounce   
8004a038  RTCPmicExtWakeStatusClear      
8004a074  RTCIntAlarm2Enable             
8004a0a8  RTCAlarm2IntStatusGet          
8004a0c4  RTCAlarm2IntStatusClear        
8004a0e8  RTCAlarm2TimeSet               
8004a150  RTCAlarm2CalendarSet           
8004a1b0  McSPIClkConfig                 
8004a390  McSPIWordLengthSet             
8004a3f8  McSPICSEnable                  
8004a41c  McSPICSDisable                 
8004a440  McSPICSPolarityConfig          
8004a4a8  McSPICSTimeControlSet          
8004a514  McSPICSAssert                  
8004a54c  McSPICSDeAssert                
8004a584  McSPIStartBitEnable            
8004a5bc  McSPIStartBitPolarityConfig    
8004a624  McSPIStartBitDisable           
8004a65c  McSPIMasterModeEnable          
8004a680  McSPIMasterModeConfig          
8004a7ec  McSPIChannelEnable             
8004a824  McSPIChannelDisable            
8004a85c  McSPIReset                     
8004a890  McSPITurboModeEnable           
8004a8c8  McSPITurboModeDisable          
8004a900  McSPITxFIFOConfig              
8004a968  McSPIRxFIFOConfig              
8004a9d0  McSPIFIFOTrigLvlSet            
8004aad0  McSPIWordCountSet              
8004ab10  McSPIDMAEnable                 
8004ab54  McSPIDMADisable                
8004ab98  McSPIIntEnable                 
8004abc4  McSPIIntDisable                
8004abf0  McSPIInitDelayConfig           
8004ac34  McSPITransmitData              
8004ac68  McSPIReceiveData               
8004ac94  McSPIIntStatusGet              
8004acac  McSPIIntStatusClear            
8004ace0  McSPIChannelStatusGet          
8004ad0c  McSPIMultipleWordAccessConfig  
8004ad50  McSPIFIFODatManagementConfig   
8004ad94  McSPI1ModuleClkConfig          
8004aef0  McSPI0ModuleClkConfig          
8004b074  Init_GUI                       
8004b0bc  GUI_DrawInitialScreen          
8004b144  GUI_DrawInitialScreenProgress  
8004b250  GUI_DrawHomeScreen             
8004b4bc  GUI_DrawTVRemoteScreen         
8004b548  GUI_LoadItemToRAMG             
8004b5d0  GUI_TouchConfig                
8004b65c  GUI_DrawNextScreen             
8004b798  GUI_DrawPreviousScreen         
8004b7e4  GUI_LoadTouchCalibration       
8004b8a8  GUI_CreateTouchCalibration     
8004b9c0  GUI_StartNewScreenTagTimer     
8004b9dc  GUI_SetTagTimoutFlag           
8004b9ec  GUI_ClearTagTimoutFlag         
8004b9fc  GUI_GetTagTimoutFlag           
8004ba08  GUI_ScreenRefresh              
8004ba1c  GUI_DrawTime                   
8004bab8  GUI_Backlight                  
8004baf0  GUI_SetBacklightTimeout        
8004bb00  GUI_ClearBacklightTimeout      
8004bb10  GUI_GetBacklightTimeout        
8004bb1c  GUI_SetCurrentTag              
8004bb38  GUI_GetCurrentTag              
8004bc6c  GPIOModuleReset                
8004bca0  GPIOModuleEnable               
8004bcc4  GPIOModuleDisable              
8004bce8  GPIODirModeSet                 
8004bd48  GPIODirModeGet                 
8004bd88  GPIOPinWrite                   
8004bdd8  GPIOPinRead                    
8004be20  GPIOMultiplePinsWrite          
8004be50  GPIOMultiplePinsRead           
8004be74  GPIOPinIntEnable               
8004bec4  GPIOPinIntDisable              
8004bf14  GPIOIntTypeSet                 
8004c2b4  GPIOIntTypeGet                 
8004c394  GPIOPinIntStatus               
8004c3f8  GPIOPinIntClear                
8004c448  GPIORawIntStatus               
8004c4a4  GPIOTriggerPinInt              
8004c4f4  GPIOWakeupGlobalEnable         
8004c518  GPIOWakeupGlobalDisable        
8004c53c  GPIOPinIntWakeUpEnable         
8004c59c  GPIOPinIntWakeUpDisable        
8004c5fc  GPIOAutoIdleModeControl        
8004c640  GPIOIdleModeConfigure          
8004c684  GPIOGatingRatioConfigure       
8004c6c8  GPIODebounceFuncControl        
8004c718  GPIODebounceTimeConfig         
8004c73c  GPIORevisionInfoGet            
8004c754  gpioContextSave                
8004c798  gpioContextRestore             
8004c7dc  DMTimerEnable                  
8004c81c  DMTimerDisable                 
8004c85c  DMTimerModeConfigure           
8004c8dc  DMTimerPreScalerClkEnable      
8004c95c  DMTimerPreScalerClkDisable     
8004c99c  DMTimerCounterSet              
8004c9d8  DMTimerCounterGet              
8004ca0c  DMTimerReloadSet               
8004ca48  DMTimerReloadGet               
8004ca60  DMTimerGPOConfigure            
8004cae0  DMTimerCompareSet              
8004cb1c  DMTimerCompareGet              
8004cb34  DMTimerIntRawStatusSet         
8004cb58  DMTimerIntRawStatusGet         
8004cb70  DMTimerIntStatusGet            
8004cb88  DMTimerIntStatusClear          
8004cbac  DMTimerIntEnable               
8004cbd0  DMTimerIntDisable              
8004cbf4  DMTimerTriggerSet              
8004cc2c  DMTimerIntEnableGet            
8004cc44  DMTimerResetConfigure          
8004cc88  DMTimerReset                   
8004ccbc  DMTimerContextSave             
8004cd3c  DMTimerContextRestore          
8004ce1c  DMTimerPostedModeConfig        
8004ce60  DMTimerWritePostedStatusGet    
8004ce78  DMTimer2ModuleClkConfig        
8004cee4  DMTimer3ModuleClkConfig        
8004cf64  Init_FRAM                      
8004d078  FRAM_LoadSettings              
8004d094  FRAM_SaveSettings              
8004d0b0  FRAM_WriteEnable               
8004d0ec  FRAM_WriteDisable              
8004d128  FRAM_WriteStatusRegister       
8004d16c  FRAM_ReadStatusRegister        
8004d1ac  FRAM_WriteMemory               
8004d298  FRAM_ReadMemory                
8004d384  FRAM_WriteRead                 
8004d478  FRAM_WriteProtect              
8004d4b4  FRAM_Hold                      
8004d4f0  FRAM_CalculateCRC              
8004d504  FRAM_LoadDefaultSettings       
8004d5d0  Init_Audio                     
8004d5e4  AUD_PlayWAV                    
8004d6ac  AUD_StopWAV                    
8004d6d8  AUD_SetPlayingFlag             
8004d6e8  AUD_ClearPlayingFlag           
8004d6f8  AUD_GetPlayingFlag             
8004d704  AUD_TransferWAVToRAMG          
8004d968  AUD_SetPlaybackFinishedFlag    
8004d978  AUD_ClearPlaybackFinishedFlag  
8004d994  AUD_GetPlaybackFinishedFlag    
8004d9a0  AUD_SetTimoutFlag              
8004d9b0  AUD_ClearTimoutFlag            
8004d9c0  AUD_GetTimoutFlag              
8004d9cc  AUD_IsWAVPlaying               
8004d9e4  AUD_TestAudio                  
8004da40  AUD_AmpShutdown                
8004dae8  MSC_BufferCopy                 
8004db60  MSC_LowercaseChar              
8004db9c  MSC_DelayUS                    
8004dc28  MSC_Round                      
8004dc5c  MSC_HEXtoBCD                   
8004dd10  MSC_BCDtoHEX                   
8004ddb4  MSC_EndianShort                
8004ddf0  MSC_EndianShortArray           
8004de34  MSC_EndianLong                 
8004dea0  MSC_EndianLongArray            
8004df30  MSC_ReverseByte                
8004dff8  Init_UART                      
8004e048  UART_Module0ClkConfig          
8004e090  UART_PrintChar                 
8004e0a4  UART_PrintBuffer               
8004e0f0  UART_PrintString               
8004e128  UART_FIFOConfigure             
8004e14c  UART_BaudRateSet               
8004e184  UART_LineCharacSet             
8004e1c8  UART_Configure                 
8004e214  UART_InterruptConfigure0       
8004e240  UART_AddToRXBuffer             
8004e370  UART_AddToTXBuffer             
8004e41c  UART_GetTXInterruptStatus      
8004e498  CP15ICacheDisable              
8004e4b4  CP15DCacheDisable              
8004e4d0  CP15ICacheEnable               
8004e4e0  CP15DCacheEnable               
8004e4f0  CP15DCacheFlush                
8004e584  CP15DCacheClean                
8004e618  CP15DCacheCleanFlush           
8004e6ac  CP15ICacheFlush                
8004e6bc  CP15DCacheCleanBuff            
8004e710  CP15DCacheCleanFlushBuff       
8004e764  CP15DCacheFlushBuff            
8004e7c8  CP15ICacheFlushBuff            
8004e81c  CP15Ttb0Set                    
8004e828  CP15TlbInvalidate              
8004e834  CP15MMUDisable                 
8004e84c  CP15MMUEnable                  
8004e860  CP15VectorBaseAddrSet          
8004e86c  CP15BranchPredictorInvalidate  
8004e878  CP15BranchPredictionEnable     
8004e888  CP15BranchPredictionDisable    
8004e898  CP15DomainAccessClientSet      
8004e8a8  CP15ControlFeatureDisable      
8004e8bc  CP15ControlFeatureEnable       
8004e8d0  CP15TtbCtlTtb0Config           
8004e8e0  CP15AuxControlFeatureEnable    
8004e8f4  CP15AuxControlFeatureDisable   
8004e908  CP15MainIdPrimPartNumGet       
8004e920  Init_SPI                       
8004e930  Init_SPI_Module1               
8004ea40  Init_SPI_Module0               
8004eb50  SPI_INTCConfigure1             
8004eb7c  SPI_1_ISR                      
8004eb80  SPI_WriteByte0                 
8004ebdc  SPI_WriteByte1                 
8004ec38  SPI_ReadWriteByte0             
8004ec94  SPI_ReadWriteByte1             
8004ecf0  SPI_WriteByteNoRx0             
8004ed24  SPI_WriteByteNoRx1             
8004ed94  IntRegister                    
8004edb8  IntUnRegister                  
8004edd8  IntAINTCInit                   
8004ee48  IntPrioritySet                 
8004ee80  IntSystemEnable                
8004eeb4  IntSystemDisable               
8004eee8  IntIfClkFreeRunSet             
8004eefc  IntIfClkAutoGateSet            
8004ef10  IntActiveIrqNumGet             
8004ef20  IntSpurIrqFlagGet              
8004ef34  IntProtectionEnable            
8004ef44  IntProtectionDisable           
8004ef58  IntSyncClkFreeRunSet           
8004ef6c  IntSyncClkAutoGateSet          
8004ef80  IntFuncClkFreeRunSet           
8004ef94  IntFuncClkAutoGateSet          
8004efa8  IntCurrIrqPriorityGet          
8004efb8  IntPriorityThresholdGet        
8004efc8  IntPriorityThresholdSet        
8004efe8  IntRawStatusGet                
8004f028  IntSoftwareIntSet              
8004f058  IntSoftwareIntClear            
8004f088  IntPendingIrqMaskedStatusGet   
8004f0c4  IntMasterIRQEnable             
8004f0d0  IntMasterIRQDisable            
8004f0dc  IntMasterFIQEnable             
8004f0e8  IntMasterFIQDisable            
8004f0f4  IntMasterStatusGet             
8004f100  IntDisable                     
8004f118  IntEnable                      
8004f174  Init_GPIO                      
8004f374  GPIO_Module0ClkConfig          
8004f3dc  GPIO_Module1ClkConfig          
8004f444  GPIO_Module2ClkConfig          
8004f4ac  GPIO_Module3ClkConfig          
8004f54c  GPIO_3A_ISR                    
8004f588  UART_0_ISR                     
8004f728  TMR_2_ISR                      
8004f80c  TMR_3_ISR                      
8004f844  RTC_ISR                        
8004f888  Init_RTC                       
8004f8f8  RTC_InterruptConfigure         
8004f924  RTC_SetFlag                    
8004f934  RTC_ClearFlag                  
8004f944  RTC_GetFlag                    
8004f950  RTC_SetTimeDate                
8004fa34  RTC_GetTimeDate                
8004fb10  RTC_ModuleClkConfig            
8004fbc4  Init_WAV                       
8004fc1c  WAV_CalculateHeader            
8004fe8c  Init_LED                       
8004fe90  LED_Show                       
8005014c  __aeabi_uldivmod               
80050404  main                           
80050694  Init_Timers                    
800506a4  Init_Timer2                    
8005071c  Init_Timer3                    
80050788  TMR_CalculateReload            
800507d4  TMR_InterruptConfigure2        
80050800  TMR_InterruptConfigure3        
8005082c  TMR_GetNewScreenTagTimerEnabled
80050838  TMR_SetNewScreenTagTimerEnabled
80050870  TMR_ResetNewScreenTagTimer     
80050880  TMR_ResetAudioPlaybackTimer    
80050890  TMR_ResetBacklightTimer        
800508a0  TMR_SetMISCTimerFlag           
800508b0  TMR_ClearMISCTimerFlag         
800508c0  TMR_GetMISCTimerFlag           
800508fc  __aeabi_dsub                   
80050908  __aeabi_dadd                   
80050b10  Init_Test                      
80050b60  TEST_Setpoint1                 
80050b9c  TEST_Setpoint2                 
80050bd8  TEST_Setpoint3                 
80050c14  TEST_Togglepoint1              
80050c64  TEST_Togglepoint2              
80050cb4  TEST_Togglepoint3              
80050d14  InitCMD                        
80050d24  CMD_CheckMatch                 
80050e90  CMD_Help                       
80050ea0  CMD_SetNewCommand              
80050eb0  CMD_ClearNewCommand            
80050ec0  CMD_GetNewCommand              
80050eec  RtcVersionGet                  
80050ef4  RTCModuleClkConfig             
800510bc  _Dscale                        
80051264  __aeabi_ddiv                   
800513f4  __aeabi_memcpy                 
800513f4  __aeabi_memcpy4                
800513f4  __aeabi_memcpy8                
800513f4  memcpy                         
80051574  MMUInit                        
800515d4  MMUMemRegionMap                
800516c8  MMUEnable                      
800516e4  _Dnorm                         
80051844  CacheDisable                   
80051888  CacheEnable                    
800518d4  CacheInstInvalidateAll         
800518e0  CacheInstInvalidateBuff        
800518fc  CacheDataCleanInvalidateAll    
80051908  CacheDataCleanAll              
80051914  CacheDataInvalidateAll         
80051920  CacheDataCleanBuff             
8005193c  CacheDataInvalidateBuff        
80051958  CacheDataCleanInvalidateBuff   
80051974  __aeabi_dmul                   
80051a9c  GpioPinMuxSetup                
80051aa8  GPIO1PinMuxSetup               
80051ab8  GPIO1Pin23PinMuxSetup          
80051ac8  GPIO1ModuleClkConfig           
80051b1c  GPIO0ModuleClkConfig           
80051bc0  __aeabi_idiv                   
80051bc0  __aeabi_idivmod                
80051cf0  SVC_Handler                    
80051d18  IRQHandler                     
80051dc4  FIQHandler                     
80051dc8  AbortHandler                   
80051dc8  UndefInstHandler               
80051de0  Init_Modules                   
80051ed4  __aeabi_uidiv                  
80051ed4  __aeabi_uidivmod               
80051fc4  __aeabi_cdcmpeq                
80051fc4  __aeabi_cdcmple                
800520a4  __aeabi_cdrcmple               
80052184  _Dunscale                      
8005223c  __aeabi_memclr                 
8005223c  __aeabi_memclr4                
8005223c  __aeabi_memclr8                
80052240  __aeabi_memset                 
80052240  __aeabi_memset4                
80052240  __aeabi_memset8                
8005224c  memset                         
800522ec  MMU_ConfigAndEnable            
80052394  sprintf                        
8005243c  __TI_auto_init                 
800524e0  atoi                           
80052564  copy_in                        
800525e8  ltoa                           
80052668  ldexp                          
800526e0  signal                         
80052744  CPUirqe                        
80052754  CPUirqd                        
80052764  CPUfiqe                        
80052774  CPUfiqd                        
80052784  CPUSwitchToUserMode            
80052798  CPUSwitchToPrivilegedMode      
800527a0  CPUAbortHandler                
800527a4  __aeabi_d2iz                   
80052800  __aeabi_d2uiz                  
8005285c  feraiseexcept                  
800528b4  raise                          
80052900  _Feraise                       
80052970  start_boot                     
80052988  __aeabi_i2d                    
800529c4  _Dclass                        
800529fc  __aeabi_ui2d                   
80052a30  frexp                          
80052a60  memccpy                        
80052a8c  strchr                         
80052ab4  _register_unlock               
80052ac0  _register_lock                 
80052acc  _nop                           
80052ad8  strlen                         
80052af4  CPUIntStatus                   
80052b00  __aeabi_idiv0                  
80054000  bss_start                      
80058000  UART_RX_buffer                 
800587d0  UART_TX_buffer                 
80058fa0  MISC_Buffer                    
80059388  fnRAMVectors                   
80059588  Command_String                 
80059594  CurrentTimeDate                
8005959e  CurrentScreen                  
8005959f  PreviousPreviousScreen         
800595a0  dummy                          
800595a4  p_CurrentScreen                
800595a8  p_CurrentWAVFile               
800595ac  p_PreviousScreen               
800595b0  PreviousScreen                 
800595b1  bss_end                        
800595b8  WAV_PostComplete               
8005d274  Screens                        
8005d824  _Errno                         
8005d828  _Denorm                        
8005d838  _Eps                           
8005d848  _Hugeval                       
8005d858  _Inf                           
8005d868  _Nan                           
8005d878  _Snan                          
8005d888  _Rteps                         
8005d898  _Xbig                          
8005d8a0  _Zero                          
8005d8a8  WAV_Files                      
8005d90e  NumCommand                     
8005d910  CurrentSystemSettings          
8005d95a  RAM_CMD_Offset                 
8005d95c  FT_DispWidth                   
8005d95e  FT_DispHeight                  
8005d960  FT_DispHCycle                  
8005d962  FT_DispHOffset                 
8005d964  FT_DispHSync0                  
8005d966  FT_DispHSync1                  
8005d968  FT_DispVCycle                  
8005d96a  FT_DispVOffset                 
8005d96c  FT_DispVSync0                  
8005d96e  FT_DispVSync1                  
8005d970  FT_DispPCLK                    
8005d972  FT_DispSwizzle                 
8005d974  FT_DispPCLKPol                 
8005d976  FT_DispCSpread                 
8005d978  FT_DispDither                  
8005d97a  BackLightSetting               
8005d980  AudioBytesTransferred          
8005d984  AUD_AudioTimeoutCount          
8005d988  LastWritePointerAddress        
8005d990  TMR_NewScreenTagTimer          
8005d994  TMR_AudioPlaybackTimer         
8005d998  TMR_BacklightTimer             
8005d99e  DefaultTimeDate                
8005d9a8  UART_RX_place                  
8005d9ac  UART_TX_add                    
8005d9b0  UART_TX_remove                 
8005d9b4  _lock                          
8005d9b8  _unlock                        
8005d9bc  _Fenv                          
8005d9c0  _Tls_setup__Fenv               
87fffff0  __stack                        
87fffff8  __STACK_END                    
ffffffff  __binit__                      
ffffffff  __c_args__                     
ffffffff  binit                          
UNDEFED   SHT$$INIT_ARRAY$$Base          
UNDEFED   SHT$$INIT_ARRAY$$Limit         
UNDEFED   __TI_CINIT_Base                
UNDEFED   __TI_CINIT_Limit               
UNDEFED   __TI_Handler_Table_Base        
UNDEFED   __TI_Handler_Table_Limit       

[702 symbols]
