******************************************************************************
                  TI ARM Linker PC v5.2.6                      
******************************************************************************
>> Linked Fri Apr 29 12:06:43 2016

OUTPUT FILE NAME:   <BeagleBone_Smart_Controler.out>
ENTRY POINT SYMBOL: "Entry"  address: 80000000


MEMORY CONFIGURATION

         name            origin    length      used     unused   attr    fill
----------------------  --------  ---------  --------  --------  ----  --------
  DDR_MEM               80000000   07ffffff  0005d505  07fa2afa  RWIX


SEGMENT ALLOCATION MAP

run origin  load origin   length   init length attrs members
----------  ----------- ---------- ----------- ----- -------
80000000    80000000    00053b30   00053b30    r-x
  80000000    80000000    000000d0   000000d0    r-x .text:Entry
  800000d0    800000d0    00042978   00042978    r-- .const
  80042a48    80042a48    000110e8   000110e8    r-x .text
80054000    80054000    000055c1   00000000    rw-
  80054000    80054000    000055c1   00000000    rw- .bss
800595c8    800595c8    0000440c   0000440c    rw-
  800595c8    800595c8    0000440c   0000440c    rw- .data
87fffff0    87fffff0    00000008   00000000    rw-
  87fffff0    87fffff0    00000008   00000000    rw- .stack


SECTION ALLOCATION MAP

 output                                  attributes/
section   page    origin      length       input sections
--------  ----  ----------  ----------   ----------------
.text:Entry 
*          0    80000000    000000d0     
                  80000000    000000c8     system.lib : init.obj (.text:Entry)
                  800000c8    00000008     rtsv7A8_A_le_n_eabi.lib : autoinit.obj (.tramp.__TI_auto_init.1)

.const     0    800000d0    00042978     
                  800000d0    0003fc00     BITMAP_CHARLIE_BEACH.obj (.const:.string:BITMAP_CharlieBeach)
                  8003fcd0    00002bc0     BITMAP_TV_REMOTE.obj (.const:.string:BITMAP_TVRemote)
                  80042890    00000101     rtsv7A8_A_le_n_eabi.lib : ctype.obj (.const:.string:_ctypes_)
                  80042991    00000003     --HOLE-- [fill = 0]
                  80042994    00000054     MEMORY.obj (.const)
                  800429e8    00000038     system.lib : startup.obj (.const:vecTbl)
                  80042a20    00000010     CMD.obj (.const)
                  80042a30    0000000c     BITMAP_CHARLIE_BEACH.obj (.const)
                  80042a3c    0000000c     BITMAP_TV_REMOTE.obj (.const)

.text      0    80042a48    000110e8     
                  80042a48    00002a68     LCD.obj (.text)
                  800454b0    00001d10     uart_irda_cir.obj (.text)
                  800471c0    00001a70     rtsv7A8_A_le_n_eabi.lib : _printfi.obj (.text)
                  80048c30    00001580     rtc.obj (.text)
                  8004a1b0    00000ec4     mcspi.obj (.text)
                  8004b074    00000bf8     GUI.obj (.text)
                  8004bc6c    00000b70     gpio_v2.obj (.text)
                  8004c7dc    00000b34     hsi2c.obj (.text)
                  8004d310    00000788     dmtimer.obj (.text)
                  8004da98    0000066c     FRAM.obj (.text)
                  8004e104    00000518     AUDIO.obj (.text)
                  8004e61c    00000510     MISC.obj (.text)
                  8004eb2c    000004cc     INTERRUPTS.obj (.text)
                  8004eff8    000004a0     UART.obj (.text)
                  8004f498    00000488     system.lib : cp15.obj (.text)
                  8004f920    00000470     SPI.obj (.text)
                  8004fd90    000003f8     GPIO.obj (.text)
                  80050188    000003e4     interrupt.obj (.text)
                  8005056c    0000033c     RTCC.obj (.text)
                  800508a8    000002c8     WAV.obj (.text)
                  80050b70    000002c0     LEDS.obj (.text)
                  80050e30    000002b8     rtsv7A8_A_le_n_eabi.lib : ull_div32.obj (.text)
                  800510e8    00000290     I2C.obj (.text)
                  80051378    00000290     main.obj (.text)
                  80051608    00000268     TIMERS.obj (.text)
                  80051870    00000214     rtsv7A8_A_le_n_eabi.lib : fd_add32.obj (.text)
                  80051a84    00000204     TEST.obj (.text)
                  80051c88    000001d8     CMD.obj (.text)
                  80051e60    000001d0     platform.lib : rtc.obj (.text)
                  80052030    000001a8     rtsv7A8_A_le_n_eabi.lib : xdscale.obj (.text)
                  800521d8    00000190                             : fd_div32.obj (.text)
                  80052368    00000180                             : memcpy32.obj (.text)
                  800524e8    00000170     mmu.obj (.text)
                  80052658    00000160     rtsv7A8_A_le_n_eabi.lib : xdnorm.obj (.text)
                  800527b8    00000130     cache.obj (.text)
                  800528e8    00000128     rtsv7A8_A_le_n_eabi.lib : fd_mul32.obj (.text)
                  80052a10    00000124     platform.lib : gpio.obj (.text)
                  80052b34    00000114     rtsv7A8_A_le_n_eabi.lib : i_div32.obj (.text)
                  80052c48    0000010c     system.lib : exceptionhandler.obj (.text)
                  80052d54    000000fc     SYSTEM.obj (.text)
                  80052e50    000000f0     rtsv7A8_A_le_n_eabi.lib : u_div32.obj (.text)
                  80052f40    000000e0                             : fd_cmp32.obj (.text:__aeabi_cdcmple)
                  80053020    000000e0                             : fd_cmp32.obj (.text:__aeabi_cdrcmple)
                  80053100    000000b8                             : xdunscal.obj (.text)
                  800531b8    000000b0     PMIC.obj (.text)
                  80053268    000000b0     rtsv7A8_A_le_n_eabi.lib : memset32.obj (.text)
                  80053318    000000a8     MEMORY.obj (.text)
                  800533c0    000000a8     rtsv7A8_A_le_n_eabi.lib : sprintf.obj (.text)
                  80053468    000000a4                             : autoinit.obj (.text)
                  8005350c    00000084                             : atoi.obj (.text)
                  80053590    00000084                             : cpy_tbl.obj (.text)
                  80053614    00000080                             : ltoa.obj (.text)
                  80053694    00000078                             : ldexp.obj (.text)
                  8005370c    00000064                             : signal.obj (.text)
                  80053770    00000060     system.lib : cpu.obj (.text)
                  800537d0    0000005c     rtsv7A8_A_le_n_eabi.lib : fd_toi32.obj (.text)
                  8005382c    0000005c                             : fd_tou32.obj (.text)
                  80053888    00000058                             : feraiseexcept.obj (.text)
                  800538e0    0000004c                             : raise.obj (.text)
                  8005392c    00000044                             : xferaise.obj (.text)
                  80053970    00000044     system.lib : startup.obj (.text)
                  800539b4    0000003c     rtsv7A8_A_le_n_eabi.lib : i_tofd32.obj (.text)
                  800539f0    00000038                             : xdclass.obj (.text)
                  80053a28    00000034                             : u_tofd32.obj (.text)
                  80053a5c    00000030                             : frexp.obj (.text)
                  80053a8c    0000002c                             : memccpy.obj (.text)
                  80053ab8    00000028                             : strchr.obj (.text)
                  80053ae0    00000024                             : _lock.obj (.text)
                  80053b04    0000001c                             : strlen.obj (.text)
                  80053b20    0000000c     system.lib : cpu.obj (.text:CPUIntStatus)
                  80053b2c    00000004     rtsv7A8_A_le_n_eabi.lib : i_div0.obj (.text)

.bss       0    80054000    000055c1     UNINITIALIZED
                  80054000    00004000     MEMORY.obj (.bss:pageTable)
                  80058000    000007d0     UART.obj (.bss:UART_RX_buffer)
                  800587d0    000007d0     UART.obj (.bss:UART_TX_buffer)
                  80058fa0    000003e8     MISC.obj (.bss:MISC_Buffer)
                  80059388    00000200     interrupt.obj (.bss:fnRAMVectors)
                  80059588    00000010     (.common:I2C_0_Buffers)
                  80059598    0000000c     (.common:Command_String)
                  800595a4    0000000a     (.common:CurrentTimeDate)
                  800595ae    00000001     (.common:CurrentScreen)
                  800595af    00000001     (.common:PreviousPreviousScreen)
                  800595b0    00000004     (.common:dummy)
                  800595b4    00000004     (.common:p_CurrentScreen)
                  800595b8    00000004     (.common:p_CurrentWAVFile)
                  800595bc    00000004     (.common:p_PreviousScreen)
                  800595c0    00000001     (.common:PreviousScreen)

.TI.noinit 
*          0    80054000    00000000     UNINITIALIZED

.data      0    800595c8    0000440c     
                  800595c8    00003cbc     WAV_POST_COMPLETE.obj (.data:WAV_PostComplete)
                  8005d284    00000500     GUI.obj (.data:Screens)
                  8005d784    000000b0     rtsv7A8_A_le_n_eabi.lib : signal.obj (.data:sigtable)
                  8005d834    00000004                             : errno.obj (.data)
                  8005d838    00000080                             : xvalues.obj (.data)
                  8005d8b8    00000062     WAV.obj (.data:WAV_Files)
                  8005d91a    00000003     GUI.obj (.data)
                  8005d91d    00000002     CMD.obj (.data)
                  8005d91f    00000001     I2C.obj (.data)
                  8005d920    00000048     FRAM.obj (.data:CurrentSystemSettings)
                  8005d968    00000023     LCD.obj (.data)
                  8005d98b    00000001     --HOLE-- [fill = 0]
                  8005d98c    00000010     AUDIO.obj (.data)
                  8005d99c    00000010     TIMERS.obj (.data)
                  8005d9ac    0000000c     RTCC.obj (.data)
                  8005d9b8    0000000c     UART.obj (.data)
                  8005d9c4    00000008     rtsv7A8_A_le_n_eabi.lib : _lock.obj (.data)
                  8005d9cc    00000008                             : feraiseexcept.obj (.data)

.TI.persistent 
*          0    800595c8    00000000     UNINITIALIZED

.stack     0    87fffff0    00000008     UNINITIALIZED
                  87fffff0    00000008     --HOLE--


FAR CALL TRAMPOLINES

callee name               trampoline name
   callee addr  tramp addr   call addr  call info
--------------  -----------  ---------  ----------------
__TI_auto_init            $Tramp$AA$S$$__TI_auto_init
   80053468     800000c8     800000a0   system.lib : init.obj (.text:Entry)

[1 trampolines]
[1 trampoline calls]


GLOBAL SYMBOLS: SORTED ALPHABETICALLY BY Name 

address   name                           
-------   ----                           
8004e574  AUD_AmpShutdown                
8005d994  AUD_AudioTimeoutCount          
8004e4ac  AUD_ClearPlaybackFinishedFlag  
8004e21c  AUD_ClearPlayingFlag           
8004e4e4  AUD_ClearTimoutFlag            
8004e4c8  AUD_GetPlaybackFinishedFlag    
8004e22c  AUD_GetPlayingFlag             
8004e4f4  AUD_GetTimoutFlag              
8004e500  AUD_IsWAVPlaying               
8004e118  AUD_PlayWAV                    
8004e49c  AUD_SetPlaybackFinishedFlag    
8004e20c  AUD_SetPlayingFlag             
8004e4d4  AUD_SetTimoutFlag              
8004e1e0  AUD_StopWAV                    
8004e518  AUD_TestAudio                  
8004e238  AUD_TransferWAVToRAMG          
80052d3c  AbortHandler                   
8005d990  AudioBytesTransferred          
800000d0  BITMAP_CharlieBeach            
8003fcd0  BITMAP_TVRemote                
8005d98a  BackLightSetting               
80051c98  CMD_CheckMatch                 
80051e24  CMD_ClearNewCommand            
80051e34  CMD_GetNewCommand              
80051e04  CMD_Help                       
80051e14  CMD_SetNewCommand              
8004f8f4  CP15AuxControlFeatureDisable   
8004f8e0  CP15AuxControlFeatureEnable    
8004f888  CP15BranchPredictionDisable    
8004f878  CP15BranchPredictionEnable     
8004f86c  CP15BranchPredictorInvalidate  
8004f8a8  CP15ControlFeatureDisable      
8004f8bc  CP15ControlFeatureEnable       
8004f584  CP15DCacheClean                
8004f6bc  CP15DCacheCleanBuff            
8004f618  CP15DCacheCleanFlush           
8004f710  CP15DCacheCleanFlushBuff       
8004f4b4  CP15DCacheDisable              
8004f4e0  CP15DCacheEnable               
8004f4f0  CP15DCacheFlush                
8004f764  CP15DCacheFlushBuff            
8004f898  CP15DomainAccessClientSet      
8004f498  CP15ICacheDisable              
8004f4d0  CP15ICacheEnable               
8004f6ac  CP15ICacheFlush                
8004f7c8  CP15ICacheFlushBuff            
8004f834  CP15MMUDisable                 
8004f84c  CP15MMUEnable                  
8004f908  CP15MainIdPrimPartNumGet       
8004f828  CP15TlbInvalidate              
8004f81c  CP15Ttb0Set                    
8004f8d0  CP15TtbCtlTtb0Config           
8004f860  CP15VectorBaseAddrSet          
800537cc  CPUAbortHandler                
80053b20  CPUIntStatus                   
800537c4  CPUSwitchToPrivilegedMode      
800537b0  CPUSwitchToUserMode            
800537a0  CPUfiqd                        
80053790  CPUfiqe                        
80053780  CPUirqd                        
80053770  CPUirqe                        
8005287c  CacheDataCleanAll              
80052894  CacheDataCleanBuff             
80052870  CacheDataCleanInvalidateAll    
800528cc  CacheDataCleanInvalidateBuff   
80052888  CacheDataInvalidateAll         
800528b0  CacheDataInvalidateBuff        
800527b8  CacheDisable                   
800527fc  CacheEnable                    
80052848  CacheInstInvalidateAll         
80052854  CacheInstInvalidateBuff        
80059598  Command_String                 
80042a20  Commands                       
800595ae  CurrentScreen                  
8005d920  CurrentSystemSettings          
800595a4  CurrentTimeDate                
8004d9ac  DMTimer2ModuleClkConfig        
8004da18  DMTimer3ModuleClkConfig        
8004d650  DMTimerCompareGet              
8004d614  DMTimerCompareSet              
8004d870  DMTimerContextRestore          
8004d7f0  DMTimerContextSave             
8004d50c  DMTimerCounterGet              
8004d4d0  DMTimerCounterSet              
8004d350  DMTimerDisable                 
8004d310  DMTimerEnable                  
8004d594  DMTimerGPOConfigure            
8004d704  DMTimerIntDisable              
8004d6e0  DMTimerIntEnable               
8004d760  DMTimerIntEnableGet            
8004d68c  DMTimerIntRawStatusGet         
8004d668  DMTimerIntRawStatusSet         
8004d6bc  DMTimerIntStatusClear          
8004d6a4  DMTimerIntStatusGet            
8004d390  DMTimerModeConfigure           
8004d950  DMTimerPostedModeConfig        
8004d490  DMTimerPreScalerClkDisable     
8004d410  DMTimerPreScalerClkEnable      
8004d57c  DMTimerReloadGet               
8004d540  DMTimerReloadSet               
8004d7bc  DMTimerReset                   
8004d778  DMTimerResetConfigure          
8004d728  DMTimerTriggerSet              
8004d994  DMTimerWritePostedStatusGet    
8005d9ae  DefaultTimeDate                
80000000  Entry                          
80052d38  FIQHandler                     
8004e024  FRAM_CalculateCRC              
8004dfe8  FRAM_Hold                      
8004e038  FRAM_LoadDefaultSettings       
8004dbac  FRAM_LoadSettings              
8004ddcc  FRAM_ReadMemory                
8004dca0  FRAM_ReadStatusRegister        
8004dbc8  FRAM_SaveSettings              
8004dc20  FRAM_WriteDisable              
8004dbe4  FRAM_WriteEnable               
8004dce0  FRAM_WriteMemory               
8004dfac  FRAM_WriteProtect              
8004deb8  FRAM_WriteRead                 
8004dc5c  FRAM_WriteStatusRegister       
8005d986  FT_DispCSpread                 
8005d988  FT_DispDither                  
8005d970  FT_DispHCycle                  
8005d972  FT_DispHOffset                 
8005d974  FT_DispHSync0                  
8005d976  FT_DispHSync1                  
8005d96e  FT_DispHeight                  
8005d980  FT_DispPCLK                    
8005d984  FT_DispPCLKPol                 
8005d982  FT_DispSwizzle                 
8005d978  FT_DispVCycle                  
8005d97a  FT_DispVOffset                 
8005d97c  FT_DispVSync0                  
8005d97e  FT_DispVSync1                  
8005d96c  FT_DispWidth                   
80052a90  GPIO0ModuleClkConfig           
80052a3c  GPIO1ModuleClkConfig           
80052a2c  GPIO1Pin23PinMuxSetup          
80052a1c  GPIO1PinMuxSetup               
8004c5fc  GPIOAutoIdleModeControl        
8004c6c8  GPIODebounceFuncControl        
8004c718  GPIODebounceTimeConfig         
8004bd48  GPIODirModeGet                 
8004bce8  GPIODirModeSet                 
8004c684  GPIOGatingRatioConfigure       
8004c640  GPIOIdleModeConfigure          
8004c2b4  GPIOIntTypeGet                 
8004bf14  GPIOIntTypeSet                 
8004bcc4  GPIOModuleDisable              
8004bca0  GPIOModuleEnable               
8004bc6c  GPIOModuleReset                
8004be50  GPIOMultiplePinsRead           
8004be20  GPIOMultiplePinsWrite          
8004c3f8  GPIOPinIntClear                
8004bec4  GPIOPinIntDisable              
8004be74  GPIOPinIntEnable               
8004c394  GPIOPinIntStatus               
8004c59c  GPIOPinIntWakeUpDisable        
8004c53c  GPIOPinIntWakeUpEnable         
8004bdd8  GPIOPinRead                    
8004bd88  GPIOPinWrite                   
8004c448  GPIORawIntStatus               
8004c73c  GPIORevisionInfoGet            
8004c4a4  GPIOTriggerPinInt              
8004c518  GPIOWakeupGlobalDisable        
8004c4f4  GPIOWakeupGlobalEnable         
8004eb2c  GPIO_3A_ISR                    
8004ffa8  GPIO_Module0ClkConfig          
80050010  GPIO_Module1ClkConfig          
80050078  GPIO_Module2ClkConfig          
800500e0  GPIO_Module3ClkConfig          
8004bab8  GUI_Backlight                  
8004bb00  GUI_ClearBacklightTimeout      
8004b9ec  GUI_ClearTagTimoutFlag         
8004b8a8  GUI_CreateTouchCalibration     
8004b250  GUI_DrawHomeScreen             
8004b0bc  GUI_DrawInitialScreen          
8004b144  GUI_DrawInitialScreenProgress  
8004b65c  GUI_DrawNextScreen             
8004b798  GUI_DrawPreviousScreen         
8004b4bc  GUI_DrawTVRemoteScreen         
8004ba1c  GUI_DrawTime                   
8004bb10  GUI_GetBacklightTimeout        
8004bb38  GUI_GetCurrentTag              
8004b9fc  GUI_GetTagTimoutFlag           
8004b548  GUI_LoadItemToRAMG             
8004b7e4  GUI_LoadTouchCalibration       
8004ba08  GUI_ScreenRefresh              
8004baf0  GUI_SetBacklightTimeout        
8004bb1c  GUI_SetCurrentTag              
8004b9dc  GUI_SetTagTimoutFlag           
8004b9c0  GUI_StartNewScreenTagTimer     
8004b5d0  GUI_TouchConfig                
80052a10  GpioPinMuxSetup                
80042a30  HEADER_CharlieBeach            
80042a3c  HEADER_TVRemote                
8004d2ac  I2C0ModuleClkConfig            
8004cd14  I2CActiveOwnAddressGet         
8004cf24  I2CAutoIdleDisable             
8004cf00  I2CAutoIdleEnable              
8004cc90  I2CBufferStatus                
8004cfd0  I2CClockActivitySelect         
8004cd98  I2CClockBlockingControl        
8004d1d8  I2CContextRestore              
8004d184  I2CContextSave                 
8004cc60  I2CDMARxEventDisable           
8004cc00  I2CDMARxEventEnable            
8004cc30  I2CDMATxEventDisable           
8004cbd0  I2CDMATxEventEnable            
8004caec  I2CDataCountGet                
8004cb84  I2CFIFOClear                   
8004cb04  I2CFIFOThresholdConfig         
8004cf6c  I2CGlobalWakeUpDisable         
8004cf48  I2CGlobalWakeUpEnable          
8004cf90  I2CIdleModeSelect              
8004c8a0  I2CMasterBusBusy               
8004c8d8  I2CMasterBusy                  
8004c91c  I2CMasterControl               
8004d164  I2CMasterDataGet               
8004d144  I2CMasterDataPut               
8004c87c  I2CMasterDisable               
8004c858  I2CMasterEnable                
8004c8f4  I2CMasterErr                   
8004c7dc  I2CMasterInitExpClk            
8004ca4c  I2CMasterIntClearEx            
8004c9b4  I2CMasterIntDisableEx          
8004c988  I2CMasterIntEnableEx           
8004ca10  I2CMasterIntRawStatus          
8004ca6c  I2CMasterIntRawStatusClearEx   
8004ca28  I2CMasterIntRawStatusEx        
8004c9d4  I2CMasterIntStatus             
8004c9ec  I2CMasterIntStatusEx           
8004caac  I2CMasterSlaveAddrGet          
8004ca8c  I2CMasterSlaveAddrSet          
8004c940  I2CMasterStart                 
8004c964  I2CMasterStop                  
8004ce64  I2COwnAddressSet               
8004cacc  I2CSetDataCount                
8004cedc  I2CSoftReset                   
8004d128  I2CSystemStatusGet             
8004d09c  I2CWakeUpDisable               
8004d010  I2CWakeUpEnable                
80059588  I2C_0_Buffers                  
8004ee38  I2C_0_ISR                      
8005132c  I2C_ClearFailFlag0             
8005133c  I2C_GetFailFlag0               
8005113c  I2C_InterruptConfigure0        
80051168  I2C_SendReceiveData0           
8005131c  I2C_SetFailFlag0               
80052c8c  IRQHandler                     
80051c88  InitCMD                        
8004e104  Init_Audio                     
8004da98  Init_FRAM                      
8004fd90  Init_GPIO                      
8004b074  Init_GUI                       
800510e8  Init_I2C                       
800510f4  Init_I2C_Module0               
80042a48  Init_LCD                       
80050b70  Init_LED                       
80052d54  Init_Modules                   
800531b8  Init_PMIC                      
8005056c  Init_RTC                       
8004f920  Init_SPI                       
8004fa40  Init_SPI_Module0               
8004f930  Init_SPI_Module1               
80051a84  Init_Test                      
80051618  Init_Timer2                    
80051690  Init_Timer3                    
80051608  Init_Timers                    
8004eff8  Init_UART                      
800508a8  Init_WAV                       
800501d0  IntAINTCInit                   
80050308  IntActiveIrqNumGet             
800503a0  IntCurrIrqPriorityGet          
800504f8  IntDisable                     
80050510  IntEnable                      
8005038c  IntFuncClkAutoGateSet          
80050378  IntFuncClkFreeRunSet           
800502f4  IntIfClkAutoGateSet            
800502e0  IntIfClkFreeRunSet             
800504e0  IntMasterFIQDisable            
800504d4  IntMasterFIQEnable             
800504c8  IntMasterIRQDisable            
800504bc  IntMasterIRQEnable             
800504ec  IntMasterStatusGet             
80050480  IntPendingIrqMaskedStatusGet   
80050240  IntPrioritySet                 
800503b0  IntPriorityThresholdGet        
800503c0  IntPriorityThresholdSet        
8005033c  IntProtectionDisable           
8005032c  IntProtectionEnable            
800503e0  IntRawStatusGet                
8005018c  IntRegister                    
80050450  IntSoftwareIntClear            
80050420  IntSoftwareIntSet              
80050318  IntSpurIrqFlagGet              
80050364  IntSyncClkAutoGateSet          
80050350  IntSyncClkFreeRunSet           
800502ac  IntSystemDisable               
80050278  IntSystemEnable                
800501b0  IntUnRegister                  
8004548c  LCD_ClearInterruptFlag         
8004549c  LCD_GetInterruptFlag           
80043628  LCD_IncrementWriteOffset       
80042dcc  LCD_Interrupt                  
80042cdc  LCD_InterruptConfigure         
80042d5c  LCD_InteruptDisable            
80042d28  LCD_InteruptEnable             
80042d90  LCD_Reset                      
800436a4  LCD_SendRAMAddress             
8004547c  LCD_SetInterruptFlag           
80043720  LCD_WaitCoprocessorDone        
80043668  LCD_WriteCommandParameters     
800435a4  LCD_cmd                        
800446ec  LCD_cmd_append                 
80043ac8  LCD_cmd_bgcolor                
8004389c  LCD_cmd_button                 
80044ea0  LCD_cmd_calibrate              
80043a10  LCD_cmd_clock                  
80044dcc  LCD_cmd_coldstart              
80044150  LCD_cmd_dial                   
80043b6c  LCD_cmd_fgcolor                
80043c78  LCD_cmd_gauge                  
80044a20  LCD_cmd_getmatrix              
80044b34  LCD_cmd_getprops               
80044adc  LCD_cmd_getptr                 
80043c08  LCD_cmd_gradcolor              
80043d2c  LCD_cmd_gradient               
80044758  LCD_cmd_inflate                
80044ddc  LCD_cmd_interrupt              
80043dd0  LCD_cmd_keys                   
80044868  LCD_cmd_loadidentity           
800447fc  LCD_cmd_loadimage              
80045438  LCD_cmd_logo                   
80044bc4  LCD_cmd_mediafifo              
80044664  LCD_cmd_memcpy                 
80044440  LCD_cmd_memcrc                 
8004452c  LCD_cmd_memset                 
800445b0  LCD_cmd_memwrite               
800444c0  LCD_cmd_memzero                
800443ac  LCD_cmd_number                 
80044c30  LCD_cmd_playvideo              
80043f40  LCD_cmd_progress               
80044e34  LCD_cmd_regread                
80044ef8  LCD_cmd_romfont                
80044984  LCD_cmd_rotate                 
80044918  LCD_cmd_scale                  
80045254  LCD_cmd_screensaver            
80043fec  LCD_cmd_scrollbar              
80044354  LCD_cmd_setbase                
80045100  LCD_cmd_setbitmap              
80044f64  LCD_cmd_setfont                
80044fd0  LCD_cmd_setfont2               
800449dc  LCD_cmd_setmatrix              
800450a8  LCD_cmd_setrotate              
80045050  LCD_cmd_setscratch             
80045298  LCD_cmd_sketch                 
800440a4  LCD_cmd_slider                 
8004533c  LCD_cmd_snapshot               
80045394  LCD_cmd_snapshot2              
8004518c  LCD_cmd_spinner                
80045210  LCD_cmd_stop                   
80043744  LCD_cmd_text                   
800441e4  LCD_cmd_toggle                 
80044d38  LCD_cmd_track                  
800448ac  LCD_cmd_translate              
80044ccc  LCD_cmd_videoframe             
80044c88  LCD_cmd_videostart             
80042e5c  LCD_ft810memRead16             
80042ecc  LCD_ft810memRead32             
80042e08  LCD_ft810memRead8              
80042fac  LCD_ft810memWrite16            
80043018  LCD_ft810memWrite32            
80042f6c  LCD_ft810memWrite8             
800430bc  LCD_ft810memWriteBuffer        
800435cc  LCD_host_command               
8004328c  LCD_rd16                       
800432a4  LCD_rd32                       
80043278  LCD_rd8                        
80043468  LCD_rd_buffer                  
800431cc  LCD_wr16                       
800431e8  LCD_wr32                       
800431b0  LCD_wr8                        
80043204  LCD_wr8s                       
800432b8  LCD_wr_buffer                  
80050b74  LED_Show                       
8005d998  LastWritePointerAddress        
80058fa0  MISC_Buffer                    
8005263c  MMUEnable                      
800524e8  MMUInit                        
80052548  MMUMemRegionMap                
80053318  MMU_ConfigAndEnable            
8004e844  MSC_BCDtoHEX                   
8004e61c  MSC_BufferCopy                 
8004e6d0  MSC_DelayUS                    
8004e968  MSC_EndianLong                 
8004e9d4  MSC_EndianLongArray            
8004e8e8  MSC_EndianShort                
8004e924  MSC_EndianShortArray           
8004e790  MSC_HEXtoBCD                   
8004e694  MSC_LowercaseChar              
8004ea64  MSC_ReverseByte                
8004e75c  MSC_Round                      
8004aef0  McSPI0ModuleClkConfig          
8004ad94  McSPI1ModuleClkConfig          
8004a514  McSPICSAssert                  
8004a54c  McSPICSDeAssert                
8004a41c  McSPICSDisable                 
8004a3f8  McSPICSEnable                  
8004a440  McSPICSPolarityConfig          
8004a4a8  McSPICSTimeControlSet          
8004a824  McSPIChannelDisable            
8004a7ec  McSPIChannelEnable             
8004ace0  McSPIChannelStatusGet          
8004a1b0  McSPIClkConfig                 
8004ab54  McSPIDMADisable                
8004ab10  McSPIDMAEnable                 
8004ad50  McSPIFIFODatManagementConfig   
8004a9d0  McSPIFIFOTrigLvlSet            
8004abf0  McSPIInitDelayConfig           
8004abc4  McSPIIntDisable                
8004ab98  McSPIIntEnable                 
8004acac  McSPIIntStatusClear            
8004ac94  McSPIIntStatusGet              
8004a680  McSPIMasterModeConfig          
8004a65c  McSPIMasterModeEnable          
8004ad0c  McSPIMultipleWordAccessConfig  
8004ac68  McSPIReceiveData               
8004a85c  McSPIReset                     
8004a968  McSPIRxFIFOConfig              
8004a624  McSPIStartBitDisable           
8004a584  McSPIStartBitEnable            
8004a5bc  McSPIStartBitPolarityConfig    
8004ac34  McSPITransmitData              
8004a8c8  McSPITurboModeDisable          
8004a890  McSPITurboModeEnable           
8004a900  McSPITxFIFOConfig              
8004aad0  McSPIWordCountSet              
8004a390  McSPIWordLengthSet             
8005d91e  NumCommand                     
800531d8  PMIC_ReadRegister              
80053218  PMIC_WriteRegister             
800595af  PreviousPreviousScreen         
800595c0  PreviousScreen                 
8005d96a  RAM_CMD_Offset                 
80049e10  RTC32KClkClockControl          
80049dac  RTC32KClkSourceSelect          
8004a150  RTCAlarm2CalendarSet           
8004a0c4  RTCAlarm2IntStatusClear        
8004a0a8  RTCAlarm2IntStatusGet          
8004a0e8  RTCAlarm2TimeSet               
80049af8  RTCAlarmCalendarGet            
80049a98  RTCAlarmCalendarSet            
800499dc  RTCAlarmDayOfMonthGet          
800499a8  RTCAlarmDayOfMonthSet          
80049808  RTCAlarmHourGet                
80049864  RTCAlarmHourMeridiemGet        
80049824  RTCAlarmHourMeridiemSet        
800497d4  RTCAlarmHourSet                
80048e6c  RTCAlarmIntStatusClear         
80048e50  RTCAlarmIntStatusGet           
800497b8  RTCAlarmMinuteGet              
80049784  RTCAlarmMinuteSet              
80049a2c  RTCAlarmMonthGet               
800499f8  RTCAlarmMonthSet               
80049768  RTCAlarmSecondGet              
80049734  RTCAlarmSecondSet              
800498e8  RTCAlarmTimeGet                
80049880  RTCAlarmTimeSet                
80049a7c  RTCAlarmYearGet                
80049a48  RTCAlarmYearSet                
80048f88  RTCAutoCompDisable             
80048f44  RTCAutoCompEnable              
80048e18  RTCBusyStatusGet               
800496bc  RTCCalendarGet                 
8004964c  RTCCalendarSet                 
80049b9c  RTCCompensationGet             
80049b58  RTCCompensationSet             
80049f80  RTCConfigPmicExtWake           
80049fd8  RTCConfigPmicExtWakeDebounce   
80049f20  RTCConfigPmicExtWakePolarity   
80049edc  RTCConfigPmicPowerEnable       
800493f4  RTCDayOfMonthGet               
800493c0  RTCDayOfMonthSet               
800494e4  RTCDayOfTheWeekGet             
800494b0  RTCDayOfTheWeekSet             
80049164  RTCDisable                     
800491a8  RTCEnable                      
80049210  RTCEnableStatus                
80048e90  RTCEventUpdateGet              
80049e98  RTCFeedbackResistanceSelect    
80049348  RTCHourGet                     
80049060  RTCHourModeGet                 
80048fdc  RTCHourModeSet                 
80049314  RTCHourSet                     
80049c94  RTCIdleModeConfigure           
8004a074  RTCIntAlarm2Enable             
80048d5c  RTCIntAlarmDisable             
80048d28  RTCIntAlarmEnable              
80048de4  RTCIntTimerDisable             
80048d90  RTCIntTimerEnable              
800493a4  RTCMeridiemGet                 
80049364  RTCMeridiemSet                 
80048ef0  RTCMinRoundingDisable          
80048eac  RTCMinRoundingEnable           
800492f8  RTCMinuteGet                   
800492c4  RTCMinuteSet                   
80051e68  RTCModuleClkConfig             
80049444  RTCMonthGet                    
80049410  RTCMonthSet                    
80049e54  RTCOscillatorStateControl      
8004a038  RTCPmicExtWakeStatusClear      
80049c7c  RTCRevisionIDGet               
80048c30  RTCRun                         
80048e34  RTCRunStatusGet                
80049c20  RTCScratchPadGet               
80049be0  RTCScratchPadSet               
800492a8  RTCSecondGet                   
80049274  RTCSecondSet                   
800490e8  RTCSet32CounterDisable         
8004907c  RTCSet32CounterEnable          
80049c58  RTCSoftwareReset               
80049250  RTCSplitPwrDisable             
8004922c  RTCSplitPwrEnable              
80048c74  RTCStop                        
80049d68  RTCTestModeControl             
8004959c  RTCTimeGet                     
80049500  RTCTimeSet                     
80049ce0  RTCWakeUpAlarmEventControl     
80049d24  RTCWakeUpTimerEventControl     
80048d00  RTCWriteProtectDisable         
80048cd8  RTCWriteProtectEnable          
80049494  RTCYearGet                     
80049460  RTCYearSet                     
80050618  RTC_ClearFlag                  
80050628  RTC_GetFlag                    
80050718  RTC_GetTimeDate                
8004ee24  RTC_ISR                        
800505dc  RTC_InterruptConfigure         
800507f4  RTC_ModuleClkConfig            
80050608  RTC_SetFlag                    
80050634  RTC_SetTimeDate                
80051e60  RtcVersionGet                  
UNDEFED   SHT$$INIT_ARRAY$$Base          
UNDEFED   SHT$$INIT_ARRAY$$Limit         
8004fb7c  SPI_1_ISR                      
8004fb50  SPI_INTCConfigure1             
8004fc38  SPI_ReadWriteByte0             
8004fc94  SPI_ReadWriteByte1             
8004fb80  SPI_WriteByte0                 
8004fbdc  SPI_WriteByte1                 
8004fcf0  SPI_WriteByteNoRx0             
8004fd24  SPI_WriteByteNoRx1             
80052c64  SVC_Handler                    
8005d284  Screens                        
80051ad4  TEST_Setpoint1                 
80051b10  TEST_Setpoint2                 
80051b4c  TEST_Setpoint3                 
80051b88  TEST_Togglepoint1              
80051bd8  TEST_Togglepoint2              
80051c28  TEST_Togglepoint3              
8004ed08  TMR_2_ISR                      
8004edec  TMR_3_ISR                      
8005d9a4  TMR_AudioPlaybackTimer         
8005d9a8  TMR_BacklightTimer             
800516fc  TMR_CalculateReload            
80051824  TMR_ClearMISCTimerFlag         
80051834  TMR_GetMISCTimerFlag           
800517a0  TMR_GetNewScreenTagTimerEnabled
80051748  TMR_InterruptConfigure2        
80051774  TMR_InterruptConfigure3        
8005d9a0  TMR_NewScreenTagTimer          
800517f4  TMR_ResetAudioPlaybackTimer    
80051804  TMR_ResetBacklightTimer        
800517e4  TMR_ResetNewScreenTagTimer     
80051814  TMR_SetMISCTimerFlag           
800517ac  TMR_SetNewScreenTagTimerEnabled
80046af0  UARTAutoIdleModeControl        
8004689c  UARTAutoRTSAutoCTSControl      
80046fd8  UARTAutobaudParityGet          
80047070  UARTAutobaudSpeedGet           
80047024  UARTAutobaudWordLenGet         
80045838  UARTBreakCtl                   
80046578  UARTCharGet                    
80046520  UARTCharGetNonBlocking         
800465d0  UARTCharGetTimeout             
80046660  UARTCharPut                    
800464b4  UARTCharPutNonBlocking         
80046460  UARTCharsAvail                 
80046f48  UARTDMACounterResetControl     
80045d74  UARTDMADisable                 
80045d18  UARTDMAEnable                  
80046e60  UARTDSRInterruptControl        
8004577c  UARTDivisorLatchDisable        
80045758  UARTDivisorLatchEnable         
800455d4  UARTDivisorLatchWrite          
80045510  UARTDivisorValCompute          
80045e98  UARTEnhanFuncBitValRestore     
80045e38  UARTEnhanFuncEnable            
800466d4  UARTFIFOCharGet                
800466b4  UARTFIFOCharPut                
80045954  UARTFIFOConfig                 
80046848  UARTFIFOEnableStatusGet        
80045dac  UARTFIFORegisterWrite          
80046dfc  UARTFIFOTrigLvlGranControl     
800466f0  UARTFIFOWrite                  
80046b34  UARTFlowCtrlTrigLvlConfig      
80046a68  UARTIdleModeConfigure          
80046344  UARTIntDisable                 
80046260  UARTIntEnable                  
800467a8  UARTIntIdentityGet             
800467f4  UARTIntPendingStatusGet        
8004587c  UARTLineCharacConfig           
80046ca8  UARTLoopbackModeControl        
80046d1c  UARTModemControlClear          
80046cec  UARTModemControlSet            
80046d68  UARTModemStatusChangeCheck     
80046d4c  UARTModemStatusGet             
80046a34  UARTModuleReset                
8004711c  UARTModuleVersionNumberGet     
800454b0  UARTOperatingModeSelect        
80045938  UARTParityModeGet              
800458f4  UARTParityModeSet              
800469f0  UARTPulseShapingControl        
80046f2c  UARTRXCTSDSRTransitionStatusGet
80046ee8  UARTRXCTSDSRWakeUpConfigure    
80045818  UARTRegConfModeRestore         
800457a0  UARTRegConfigModeEnable        
80046d84  UARTResumeOperation            
8004675c  UARTRxErrorGet                 
80046fc0  UARTRxFIFOLevelGet             
80047100  UARTScratchPadRegRead          
800470bc  UARTScratchPadRegWrite         
8004698c  UARTSoftwareFlowCtrlOptSet     
8004640c  UARTSpaceAvail                 
80046928  UARTSpecialCharDetectControl   
80045efc  UARTSubConfigMSRSPRModeEn      
80045fd4  UARTSubConfigTCRTLRModeEn      
800460ac  UARTSubConfigXOFFModeEn        
80046184  UARTTCRTLRBitValRestore        
80047138  UARTTxDMAThresholdControl      
8004717c  UARTTxDMAThresholdValConfig    
80046ea4  UARTTxEmptyIntControl          
80046f8c  UARTTxFIFOFullStatusGet        
80046fa8  UARTTxFIFOLevelGet             
80046aac  UARTWakeUpControl              
80046dcc  UARTWakeUpEventsDisable        
80046d9c  UARTWakeUpEventsEnable         
80046b84  UARTXON1XOFF1ValProgram        
80046bb4  UARTXON2XOFF2ValProgram        
80046be4  UARTXONAnyFeatureControl       
8004eb68  UART_0_ISR                     
8004f240  UART_AddToRXBuffer             
8004f370  UART_AddToTXBuffer             
8004f14c  UART_BaudRateSet               
8004f1c8  UART_Configure                 
8004f128  UART_FIFOConfigure             
8004f41c  UART_GetTXInterruptStatus      
8004f214  UART_InterruptConfigure0       
8004f184  UART_LineCharacSet             
8004f048  UART_Module0ClkConfig          
8004f0a4  UART_PrintBuffer               
8004f090  UART_PrintChar                 
8004f0f0  UART_PrintString               
80058000  UART_RX_buffer                 
8005d9b8  UART_RX_place                  
8005d9bc  UART_TX_add                    
800587d0  UART_TX_buffer                 
8005d9c0  UART_TX_remove                 
80052d3c  UndefInstHandler               
80050900  WAV_CalculateHeader            
8005d8b8  WAV_Files                      
800595c8  WAV_PostComplete               
800539f0  _Dclass                        
8005d838  _Denorm                        
80052658  _Dnorm                         
80052030  _Dscale                        
80053100  _Dunscale                      
8005d848  _Eps                           
8005d834  _Errno                         
8005d9cc  _Fenv                          
8005392c  _Feraise                       
8005d858  _Hugeval                       
8005d868  _Inf                           
8005d878  _Nan                           
8005d898  _Rteps                         
8005d888  _Snan                          
8005d9d0  _Tls_setup__Fenv               
8005d8a8  _Xbig                          
8005d8b0  _Zero                          
87fffff8  __STACK_END                    
00000008  __STACK_SIZE                   
UNDEFED   __TI_CINIT_Base                
UNDEFED   __TI_CINIT_Limit               
UNDEFED   __TI_Handler_Table_Base        
UNDEFED   __TI_Handler_Table_Limit       
80053468  __TI_auto_init                 
80048734  __TI_printfi                   
80000000  __TI_static_base__             
80052f40  __aeabi_cdcmpeq                
80052f40  __aeabi_cdcmple                
80053020  __aeabi_cdrcmple               
800537d0  __aeabi_d2iz                   
8005382c  __aeabi_d2uiz                  
8005187c  __aeabi_dadd                   
800521d8  __aeabi_ddiv                   
800528e8  __aeabi_dmul                   
80051870  __aeabi_dsub                   
800539b4  __aeabi_i2d                    
80052b34  __aeabi_idiv                   
80053b2c  __aeabi_idiv0                  
80052b34  __aeabi_idivmod                
80053268  __aeabi_memclr                 
80053268  __aeabi_memclr4                
80053268  __aeabi_memclr8                
80052368  __aeabi_memcpy                 
80052368  __aeabi_memcpy4                
80052368  __aeabi_memcpy8                
8005326c  __aeabi_memset                 
8005326c  __aeabi_memset4                
8005326c  __aeabi_memset8                
80053a28  __aeabi_ui2d                   
80052e50  __aeabi_uidiv                  
80052e50  __aeabi_uidivmod               
80050e30  __aeabi_uldivmod               
ffffffff  __binit__                      
ffffffff  __c_args__                     
87fffff0  __stack                        
80042890  _ctypes_                       
8005d9c4  _lock                          
80053af8  _nop                           
80053aec  _register_lock                 
80053ae0  _register_unlock               
8005d9c8  _unlock                        
8005350c  atoi                           
ffffffff  binit                          
800595c1  bss_end                        
80054000  bss_start                      
80053590  copy_in                        
800595b0  dummy                          
80053888  feraiseexcept                  
80059388  fnRAMVectors                   
80053a5c  frexp                          
8004c798  gpioContextRestore             
8004c754  gpioContextSave                
80053694  ldexp                          
80053614  ltoa                           
80051378  main                           
80053a8c  memccpy                        
80052368  memcpy                         
80053278  memset                         
800595b4  p_CurrentScreen                
800595b8  p_CurrentWAVFile               
800595bc  p_PreviousScreen               
800538e0  raise                          
8005370c  signal                         
800533c0  sprintf                        
8005399c  start_boot                     
80053ab8  strchr                         
80053b04  strlen                         


GLOBAL SYMBOLS: SORTED BY Symbol Address 

address   name                           
-------   ----                           
00000008  __STACK_SIZE                   
80000000  Entry                          
80000000  __TI_static_base__             
800000d0  BITMAP_CharlieBeach            
8003fcd0  BITMAP_TVRemote                
80042890  _ctypes_                       
80042a20  Commands                       
80042a30  HEADER_CharlieBeach            
80042a3c  HEADER_TVRemote                
80042a48  Init_LCD                       
80042cdc  LCD_InterruptConfigure         
80042d28  LCD_InteruptEnable             
80042d5c  LCD_InteruptDisable            
80042d90  LCD_Reset                      
80042dcc  LCD_Interrupt                  
80042e08  LCD_ft810memRead8              
80042e5c  LCD_ft810memRead16             
80042ecc  LCD_ft810memRead32             
80042f6c  LCD_ft810memWrite8             
80042fac  LCD_ft810memWrite16            
80043018  LCD_ft810memWrite32            
800430bc  LCD_ft810memWriteBuffer        
800431b0  LCD_wr8                        
800431cc  LCD_wr16                       
800431e8  LCD_wr32                       
80043204  LCD_wr8s                       
80043278  LCD_rd8                        
8004328c  LCD_rd16                       
800432a4  LCD_rd32                       
800432b8  LCD_wr_buffer                  
80043468  LCD_rd_buffer                  
800435a4  LCD_cmd                        
800435cc  LCD_host_command               
80043628  LCD_IncrementWriteOffset       
80043668  LCD_WriteCommandParameters     
800436a4  LCD_SendRAMAddress             
80043720  LCD_WaitCoprocessorDone        
80043744  LCD_cmd_text                   
8004389c  LCD_cmd_button                 
80043a10  LCD_cmd_clock                  
80043ac8  LCD_cmd_bgcolor                
80043b6c  LCD_cmd_fgcolor                
80043c08  LCD_cmd_gradcolor              
80043c78  LCD_cmd_gauge                  
80043d2c  LCD_cmd_gradient               
80043dd0  LCD_cmd_keys                   
80043f40  LCD_cmd_progress               
80043fec  LCD_cmd_scrollbar              
800440a4  LCD_cmd_slider                 
80044150  LCD_cmd_dial                   
800441e4  LCD_cmd_toggle                 
80044354  LCD_cmd_setbase                
800443ac  LCD_cmd_number                 
80044440  LCD_cmd_memcrc                 
800444c0  LCD_cmd_memzero                
8004452c  LCD_cmd_memset                 
800445b0  LCD_cmd_memwrite               
80044664  LCD_cmd_memcpy                 
800446ec  LCD_cmd_append                 
80044758  LCD_cmd_inflate                
800447fc  LCD_cmd_loadimage              
80044868  LCD_cmd_loadidentity           
800448ac  LCD_cmd_translate              
80044918  LCD_cmd_scale                  
80044984  LCD_cmd_rotate                 
800449dc  LCD_cmd_setmatrix              
80044a20  LCD_cmd_getmatrix              
80044adc  LCD_cmd_getptr                 
80044b34  LCD_cmd_getprops               
80044bc4  LCD_cmd_mediafifo              
80044c30  LCD_cmd_playvideo              
80044c88  LCD_cmd_videostart             
80044ccc  LCD_cmd_videoframe             
80044d38  LCD_cmd_track                  
80044dcc  LCD_cmd_coldstart              
80044ddc  LCD_cmd_interrupt              
80044e34  LCD_cmd_regread                
80044ea0  LCD_cmd_calibrate              
80044ef8  LCD_cmd_romfont                
80044f64  LCD_cmd_setfont                
80044fd0  LCD_cmd_setfont2               
80045050  LCD_cmd_setscratch             
800450a8  LCD_cmd_setrotate              
80045100  LCD_cmd_setbitmap              
8004518c  LCD_cmd_spinner                
80045210  LCD_cmd_stop                   
80045254  LCD_cmd_screensaver            
80045298  LCD_cmd_sketch                 
8004533c  LCD_cmd_snapshot               
80045394  LCD_cmd_snapshot2              
80045438  LCD_cmd_logo                   
8004547c  LCD_SetInterruptFlag           
8004548c  LCD_ClearInterruptFlag         
8004549c  LCD_GetInterruptFlag           
800454b0  UARTOperatingModeSelect        
80045510  UARTDivisorValCompute          
800455d4  UARTDivisorLatchWrite          
80045758  UARTDivisorLatchEnable         
8004577c  UARTDivisorLatchDisable        
800457a0  UARTRegConfigModeEnable        
80045818  UARTRegConfModeRestore         
80045838  UARTBreakCtl                   
8004587c  UARTLineCharacConfig           
800458f4  UARTParityModeSet              
80045938  UARTParityModeGet              
80045954  UARTFIFOConfig                 
80045d18  UARTDMAEnable                  
80045d74  UARTDMADisable                 
80045dac  UARTFIFORegisterWrite          
80045e38  UARTEnhanFuncEnable            
80045e98  UARTEnhanFuncBitValRestore     
80045efc  UARTSubConfigMSRSPRModeEn      
80045fd4  UARTSubConfigTCRTLRModeEn      
800460ac  UARTSubConfigXOFFModeEn        
80046184  UARTTCRTLRBitValRestore        
80046260  UARTIntEnable                  
80046344  UARTIntDisable                 
8004640c  UARTSpaceAvail                 
80046460  UARTCharsAvail                 
800464b4  UARTCharPutNonBlocking         
80046520  UARTCharGetNonBlocking         
80046578  UARTCharGet                    
800465d0  UARTCharGetTimeout             
80046660  UARTCharPut                    
800466b4  UARTFIFOCharPut                
800466d4  UARTFIFOCharGet                
800466f0  UARTFIFOWrite                  
8004675c  UARTRxErrorGet                 
800467a8  UARTIntIdentityGet             
800467f4  UARTIntPendingStatusGet        
80046848  UARTFIFOEnableStatusGet        
8004689c  UARTAutoRTSAutoCTSControl      
80046928  UARTSpecialCharDetectControl   
8004698c  UARTSoftwareFlowCtrlOptSet     
800469f0  UARTPulseShapingControl        
80046a34  UARTModuleReset                
80046a68  UARTIdleModeConfigure          
80046aac  UARTWakeUpControl              
80046af0  UARTAutoIdleModeControl        
80046b34  UARTFlowCtrlTrigLvlConfig      
80046b84  UARTXON1XOFF1ValProgram        
80046bb4  UARTXON2XOFF2ValProgram        
80046be4  UARTXONAnyFeatureControl       
80046ca8  UARTLoopbackModeControl        
80046cec  UARTModemControlSet            
80046d1c  UARTModemControlClear          
80046d4c  UARTModemStatusGet             
80046d68  UARTModemStatusChangeCheck     
80046d84  UARTResumeOperation            
80046d9c  UARTWakeUpEventsEnable         
80046dcc  UARTWakeUpEventsDisable        
80046dfc  UARTFIFOTrigLvlGranControl     
80046e60  UARTDSRInterruptControl        
80046ea4  UARTTxEmptyIntControl          
80046ee8  UARTRXCTSDSRWakeUpConfigure    
80046f2c  UARTRXCTSDSRTransitionStatusGet
80046f48  UARTDMACounterResetControl     
80046f8c  UARTTxFIFOFullStatusGet        
80046fa8  UARTTxFIFOLevelGet             
80046fc0  UARTRxFIFOLevelGet             
80046fd8  UARTAutobaudParityGet          
80047024  UARTAutobaudWordLenGet         
80047070  UARTAutobaudSpeedGet           
800470bc  UARTScratchPadRegWrite         
80047100  UARTScratchPadRegRead          
8004711c  UARTModuleVersionNumberGet     
80047138  UARTTxDMAThresholdControl      
8004717c  UARTTxDMAThresholdValConfig    
80048734  __TI_printfi                   
80048c30  RTCRun                         
80048c74  RTCStop                        
80048cd8  RTCWriteProtectEnable          
80048d00  RTCWriteProtectDisable         
80048d28  RTCIntAlarmEnable              
80048d5c  RTCIntAlarmDisable             
80048d90  RTCIntTimerEnable              
80048de4  RTCIntTimerDisable             
80048e18  RTCBusyStatusGet               
80048e34  RTCRunStatusGet                
80048e50  RTCAlarmIntStatusGet           
80048e6c  RTCAlarmIntStatusClear         
80048e90  RTCEventUpdateGet              
80048eac  RTCMinRoundingEnable           
80048ef0  RTCMinRoundingDisable          
80048f44  RTCAutoCompEnable              
80048f88  RTCAutoCompDisable             
80048fdc  RTCHourModeSet                 
80049060  RTCHourModeGet                 
8004907c  RTCSet32CounterEnable          
800490e8  RTCSet32CounterDisable         
80049164  RTCDisable                     
800491a8  RTCEnable                      
80049210  RTCEnableStatus                
8004922c  RTCSplitPwrEnable              
80049250  RTCSplitPwrDisable             
80049274  RTCSecondSet                   
800492a8  RTCSecondGet                   
800492c4  RTCMinuteSet                   
800492f8  RTCMinuteGet                   
80049314  RTCHourSet                     
80049348  RTCHourGet                     
80049364  RTCMeridiemSet                 
800493a4  RTCMeridiemGet                 
800493c0  RTCDayOfMonthSet               
800493f4  RTCDayOfMonthGet               
80049410  RTCMonthSet                    
80049444  RTCMonthGet                    
80049460  RTCYearSet                     
80049494  RTCYearGet                     
800494b0  RTCDayOfTheWeekSet             
800494e4  RTCDayOfTheWeekGet             
80049500  RTCTimeSet                     
8004959c  RTCTimeGet                     
8004964c  RTCCalendarSet                 
800496bc  RTCCalendarGet                 
80049734  RTCAlarmSecondSet              
80049768  RTCAlarmSecondGet              
80049784  RTCAlarmMinuteSet              
800497b8  RTCAlarmMinuteGet              
800497d4  RTCAlarmHourSet                
80049808  RTCAlarmHourGet                
80049824  RTCAlarmHourMeridiemSet        
80049864  RTCAlarmHourMeridiemGet        
80049880  RTCAlarmTimeSet                
800498e8  RTCAlarmTimeGet                
800499a8  RTCAlarmDayOfMonthSet          
800499dc  RTCAlarmDayOfMonthGet          
800499f8  RTCAlarmMonthSet               
80049a2c  RTCAlarmMonthGet               
80049a48  RTCAlarmYearSet                
80049a7c  RTCAlarmYearGet                
80049a98  RTCAlarmCalendarSet            
80049af8  RTCAlarmCalendarGet            
80049b58  RTCCompensationSet             
80049b9c  RTCCompensationGet             
80049be0  RTCScratchPadSet               
80049c20  RTCScratchPadGet               
80049c58  RTCSoftwareReset               
80049c7c  RTCRevisionIDGet               
80049c94  RTCIdleModeConfigure           
80049ce0  RTCWakeUpAlarmEventControl     
80049d24  RTCWakeUpTimerEventControl     
80049d68  RTCTestModeControl             
80049dac  RTC32KClkSourceSelect          
80049e10  RTC32KClkClockControl          
80049e54  RTCOscillatorStateControl      
80049e98  RTCFeedbackResistanceSelect    
80049edc  RTCConfigPmicPowerEnable       
80049f20  RTCConfigPmicExtWakePolarity   
80049f80  RTCConfigPmicExtWake           
80049fd8  RTCConfigPmicExtWakeDebounce   
8004a038  RTCPmicExtWakeStatusClear      
8004a074  RTCIntAlarm2Enable             
8004a0a8  RTCAlarm2IntStatusGet          
8004a0c4  RTCAlarm2IntStatusClear        
8004a0e8  RTCAlarm2TimeSet               
8004a150  RTCAlarm2CalendarSet           
8004a1b0  McSPIClkConfig                 
8004a390  McSPIWordLengthSet             
8004a3f8  McSPICSEnable                  
8004a41c  McSPICSDisable                 
8004a440  McSPICSPolarityConfig          
8004a4a8  McSPICSTimeControlSet          
8004a514  McSPICSAssert                  
8004a54c  McSPICSDeAssert                
8004a584  McSPIStartBitEnable            
8004a5bc  McSPIStartBitPolarityConfig    
8004a624  McSPIStartBitDisable           
8004a65c  McSPIMasterModeEnable          
8004a680  McSPIMasterModeConfig          
8004a7ec  McSPIChannelEnable             
8004a824  McSPIChannelDisable            
8004a85c  McSPIReset                     
8004a890  McSPITurboModeEnable           
8004a8c8  McSPITurboModeDisable          
8004a900  McSPITxFIFOConfig              
8004a968  McSPIRxFIFOConfig              
8004a9d0  McSPIFIFOTrigLvlSet            
8004aad0  McSPIWordCountSet              
8004ab10  McSPIDMAEnable                 
8004ab54  McSPIDMADisable                
8004ab98  McSPIIntEnable                 
8004abc4  McSPIIntDisable                
8004abf0  McSPIInitDelayConfig           
8004ac34  McSPITransmitData              
8004ac68  McSPIReceiveData               
8004ac94  McSPIIntStatusGet              
8004acac  McSPIIntStatusClear            
8004ace0  McSPIChannelStatusGet          
8004ad0c  McSPIMultipleWordAccessConfig  
8004ad50  McSPIFIFODatManagementConfig   
8004ad94  McSPI1ModuleClkConfig          
8004aef0  McSPI0ModuleClkConfig          
8004b074  Init_GUI                       
8004b0bc  GUI_DrawInitialScreen          
8004b144  GUI_DrawInitialScreenProgress  
8004b250  GUI_DrawHomeScreen             
8004b4bc  GUI_DrawTVRemoteScreen         
8004b548  GUI_LoadItemToRAMG             
8004b5d0  GUI_TouchConfig                
8004b65c  GUI_DrawNextScreen             
8004b798  GUI_DrawPreviousScreen         
8004b7e4  GUI_LoadTouchCalibration       
8004b8a8  GUI_CreateTouchCalibration     
8004b9c0  GUI_StartNewScreenTagTimer     
8004b9dc  GUI_SetTagTimoutFlag           
8004b9ec  GUI_ClearTagTimoutFlag         
8004b9fc  GUI_GetTagTimoutFlag           
8004ba08  GUI_ScreenRefresh              
8004ba1c  GUI_DrawTime                   
8004bab8  GUI_Backlight                  
8004baf0  GUI_SetBacklightTimeout        
8004bb00  GUI_ClearBacklightTimeout      
8004bb10  GUI_GetBacklightTimeout        
8004bb1c  GUI_SetCurrentTag              
8004bb38  GUI_GetCurrentTag              
8004bc6c  GPIOModuleReset                
8004bca0  GPIOModuleEnable               
8004bcc4  GPIOModuleDisable              
8004bce8  GPIODirModeSet                 
8004bd48  GPIODirModeGet                 
8004bd88  GPIOPinWrite                   
8004bdd8  GPIOPinRead                    
8004be20  GPIOMultiplePinsWrite          
8004be50  GPIOMultiplePinsRead           
8004be74  GPIOPinIntEnable               
8004bec4  GPIOPinIntDisable              
8004bf14  GPIOIntTypeSet                 
8004c2b4  GPIOIntTypeGet                 
8004c394  GPIOPinIntStatus               
8004c3f8  GPIOPinIntClear                
8004c448  GPIORawIntStatus               
8004c4a4  GPIOTriggerPinInt              
8004c4f4  GPIOWakeupGlobalEnable         
8004c518  GPIOWakeupGlobalDisable        
8004c53c  GPIOPinIntWakeUpEnable         
8004c59c  GPIOPinIntWakeUpDisable        
8004c5fc  GPIOAutoIdleModeControl        
8004c640  GPIOIdleModeConfigure          
8004c684  GPIOGatingRatioConfigure       
8004c6c8  GPIODebounceFuncControl        
8004c718  GPIODebounceTimeConfig         
8004c73c  GPIORevisionInfoGet            
8004c754  gpioContextSave                
8004c798  gpioContextRestore             
8004c7dc  I2CMasterInitExpClk            
8004c858  I2CMasterEnable                
8004c87c  I2CMasterDisable               
8004c8a0  I2CMasterBusBusy               
8004c8d8  I2CMasterBusy                  
8004c8f4  I2CMasterErr                   
8004c91c  I2CMasterControl               
8004c940  I2CMasterStart                 
8004c964  I2CMasterStop                  
8004c988  I2CMasterIntEnableEx           
8004c9b4  I2CMasterIntDisableEx          
8004c9d4  I2CMasterIntStatus             
8004c9ec  I2CMasterIntStatusEx           
8004ca10  I2CMasterIntRawStatus          
8004ca28  I2CMasterIntRawStatusEx        
8004ca4c  I2CMasterIntClearEx            
8004ca6c  I2CMasterIntRawStatusClearEx   
8004ca8c  I2CMasterSlaveAddrSet          
8004caac  I2CMasterSlaveAddrGet          
8004cacc  I2CSetDataCount                
8004caec  I2CDataCountGet                
8004cb04  I2CFIFOThresholdConfig         
8004cb84  I2CFIFOClear                   
8004cbd0  I2CDMATxEventEnable            
8004cc00  I2CDMARxEventEnable            
8004cc30  I2CDMATxEventDisable           
8004cc60  I2CDMARxEventDisable           
8004cc90  I2CBufferStatus                
8004cd14  I2CActiveOwnAddressGet         
8004cd98  I2CClockBlockingControl        
8004ce64  I2COwnAddressSet               
8004cedc  I2CSoftReset                   
8004cf00  I2CAutoIdleEnable              
8004cf24  I2CAutoIdleDisable             
8004cf48  I2CGlobalWakeUpEnable          
8004cf6c  I2CGlobalWakeUpDisable         
8004cf90  I2CIdleModeSelect              
8004cfd0  I2CClockActivitySelect         
8004d010  I2CWakeUpEnable                
8004d09c  I2CWakeUpDisable               
8004d128  I2CSystemStatusGet             
8004d144  I2CMasterDataPut               
8004d164  I2CMasterDataGet               
8004d184  I2CContextSave                 
8004d1d8  I2CContextRestore              
8004d2ac  I2C0ModuleClkConfig            
8004d310  DMTimerEnable                  
8004d350  DMTimerDisable                 
8004d390  DMTimerModeConfigure           
8004d410  DMTimerPreScalerClkEnable      
8004d490  DMTimerPreScalerClkDisable     
8004d4d0  DMTimerCounterSet              
8004d50c  DMTimerCounterGet              
8004d540  DMTimerReloadSet               
8004d57c  DMTimerReloadGet               
8004d594  DMTimerGPOConfigure            
8004d614  DMTimerCompareSet              
8004d650  DMTimerCompareGet              
8004d668  DMTimerIntRawStatusSet         
8004d68c  DMTimerIntRawStatusGet         
8004d6a4  DMTimerIntStatusGet            
8004d6bc  DMTimerIntStatusClear          
8004d6e0  DMTimerIntEnable               
8004d704  DMTimerIntDisable              
8004d728  DMTimerTriggerSet              
8004d760  DMTimerIntEnableGet            
8004d778  DMTimerResetConfigure          
8004d7bc  DMTimerReset                   
8004d7f0  DMTimerContextSave             
8004d870  DMTimerContextRestore          
8004d950  DMTimerPostedModeConfig        
8004d994  DMTimerWritePostedStatusGet    
8004d9ac  DMTimer2ModuleClkConfig        
8004da18  DMTimer3ModuleClkConfig        
8004da98  Init_FRAM                      
8004dbac  FRAM_LoadSettings              
8004dbc8  FRAM_SaveSettings              
8004dbe4  FRAM_WriteEnable               
8004dc20  FRAM_WriteDisable              
8004dc5c  FRAM_WriteStatusRegister       
8004dca0  FRAM_ReadStatusRegister        
8004dce0  FRAM_WriteMemory               
8004ddcc  FRAM_ReadMemory                
8004deb8  FRAM_WriteRead                 
8004dfac  FRAM_WriteProtect              
8004dfe8  FRAM_Hold                      
8004e024  FRAM_CalculateCRC              
8004e038  FRAM_LoadDefaultSettings       
8004e104  Init_Audio                     
8004e118  AUD_PlayWAV                    
8004e1e0  AUD_StopWAV                    
8004e20c  AUD_SetPlayingFlag             
8004e21c  AUD_ClearPlayingFlag           
8004e22c  AUD_GetPlayingFlag             
8004e238  AUD_TransferWAVToRAMG          
8004e49c  AUD_SetPlaybackFinishedFlag    
8004e4ac  AUD_ClearPlaybackFinishedFlag  
8004e4c8  AUD_GetPlaybackFinishedFlag    
8004e4d4  AUD_SetTimoutFlag              
8004e4e4  AUD_ClearTimoutFlag            
8004e4f4  AUD_GetTimoutFlag              
8004e500  AUD_IsWAVPlaying               
8004e518  AUD_TestAudio                  
8004e574  AUD_AmpShutdown                
8004e61c  MSC_BufferCopy                 
8004e694  MSC_LowercaseChar              
8004e6d0  MSC_DelayUS                    
8004e75c  MSC_Round                      
8004e790  MSC_HEXtoBCD                   
8004e844  MSC_BCDtoHEX                   
8004e8e8  MSC_EndianShort                
8004e924  MSC_EndianShortArray           
8004e968  MSC_EndianLong                 
8004e9d4  MSC_EndianLongArray            
8004ea64  MSC_ReverseByte                
8004eb2c  GPIO_3A_ISR                    
8004eb68  UART_0_ISR                     
8004ed08  TMR_2_ISR                      
8004edec  TMR_3_ISR                      
8004ee24  RTC_ISR                        
8004ee38  I2C_0_ISR                      
8004eff8  Init_UART                      
8004f048  UART_Module0ClkConfig          
8004f090  UART_PrintChar                 
8004f0a4  UART_PrintBuffer               
8004f0f0  UART_PrintString               
8004f128  UART_FIFOConfigure             
8004f14c  UART_BaudRateSet               
8004f184  UART_LineCharacSet             
8004f1c8  UART_Configure                 
8004f214  UART_InterruptConfigure0       
8004f240  UART_AddToRXBuffer             
8004f370  UART_AddToTXBuffer             
8004f41c  UART_GetTXInterruptStatus      
8004f498  CP15ICacheDisable              
8004f4b4  CP15DCacheDisable              
8004f4d0  CP15ICacheEnable               
8004f4e0  CP15DCacheEnable               
8004f4f0  CP15DCacheFlush                
8004f584  CP15DCacheClean                
8004f618  CP15DCacheCleanFlush           
8004f6ac  CP15ICacheFlush                
8004f6bc  CP15DCacheCleanBuff            
8004f710  CP15DCacheCleanFlushBuff       
8004f764  CP15DCacheFlushBuff            
8004f7c8  CP15ICacheFlushBuff            
8004f81c  CP15Ttb0Set                    
8004f828  CP15TlbInvalidate              
8004f834  CP15MMUDisable                 
8004f84c  CP15MMUEnable                  
8004f860  CP15VectorBaseAddrSet          
8004f86c  CP15BranchPredictorInvalidate  
8004f878  CP15BranchPredictionEnable     
8004f888  CP15BranchPredictionDisable    
8004f898  CP15DomainAccessClientSet      
8004f8a8  CP15ControlFeatureDisable      
8004f8bc  CP15ControlFeatureEnable       
8004f8d0  CP15TtbCtlTtb0Config           
8004f8e0  CP15AuxControlFeatureEnable    
8004f8f4  CP15AuxControlFeatureDisable   
8004f908  CP15MainIdPrimPartNumGet       
8004f920  Init_SPI                       
8004f930  Init_SPI_Module1               
8004fa40  Init_SPI_Module0               
8004fb50  SPI_INTCConfigure1             
8004fb7c  SPI_1_ISR                      
8004fb80  SPI_WriteByte0                 
8004fbdc  SPI_WriteByte1                 
8004fc38  SPI_ReadWriteByte0             
8004fc94  SPI_ReadWriteByte1             
8004fcf0  SPI_WriteByteNoRx0             
8004fd24  SPI_WriteByteNoRx1             
8004fd90  Init_GPIO                      
8004ffa8  GPIO_Module0ClkConfig          
80050010  GPIO_Module1ClkConfig          
80050078  GPIO_Module2ClkConfig          
800500e0  GPIO_Module3ClkConfig          
8005018c  IntRegister                    
800501b0  IntUnRegister                  
800501d0  IntAINTCInit                   
80050240  IntPrioritySet                 
80050278  IntSystemEnable                
800502ac  IntSystemDisable               
800502e0  IntIfClkFreeRunSet             
800502f4  IntIfClkAutoGateSet            
80050308  IntActiveIrqNumGet             
80050318  IntSpurIrqFlagGet              
8005032c  IntProtectionEnable            
8005033c  IntProtectionDisable           
80050350  IntSyncClkFreeRunSet           
80050364  IntSyncClkAutoGateSet          
80050378  IntFuncClkFreeRunSet           
8005038c  IntFuncClkAutoGateSet          
800503a0  IntCurrIrqPriorityGet          
800503b0  IntPriorityThresholdGet        
800503c0  IntPriorityThresholdSet        
800503e0  IntRawStatusGet                
80050420  IntSoftwareIntSet              
80050450  IntSoftwareIntClear            
80050480  IntPendingIrqMaskedStatusGet   
800504bc  IntMasterIRQEnable             
800504c8  IntMasterIRQDisable            
800504d4  IntMasterFIQEnable             
800504e0  IntMasterFIQDisable            
800504ec  IntMasterStatusGet             
800504f8  IntDisable                     
80050510  IntEnable                      
8005056c  Init_RTC                       
800505dc  RTC_InterruptConfigure         
80050608  RTC_SetFlag                    
80050618  RTC_ClearFlag                  
80050628  RTC_GetFlag                    
80050634  RTC_SetTimeDate                
80050718  RTC_GetTimeDate                
800507f4  RTC_ModuleClkConfig            
800508a8  Init_WAV                       
80050900  WAV_CalculateHeader            
80050b70  Init_LED                       
80050b74  LED_Show                       
80050e30  __aeabi_uldivmod               
800510e8  Init_I2C                       
800510f4  Init_I2C_Module0               
8005113c  I2C_InterruptConfigure0        
80051168  I2C_SendReceiveData0           
8005131c  I2C_SetFailFlag0               
8005132c  I2C_ClearFailFlag0             
8005133c  I2C_GetFailFlag0               
80051378  main                           
80051608  Init_Timers                    
80051618  Init_Timer2                    
80051690  Init_Timer3                    
800516fc  TMR_CalculateReload            
80051748  TMR_InterruptConfigure2        
80051774  TMR_InterruptConfigure3        
800517a0  TMR_GetNewScreenTagTimerEnabled
800517ac  TMR_SetNewScreenTagTimerEnabled
800517e4  TMR_ResetNewScreenTagTimer     
800517f4  TMR_ResetAudioPlaybackTimer    
80051804  TMR_ResetBacklightTimer        
80051814  TMR_SetMISCTimerFlag           
80051824  TMR_ClearMISCTimerFlag         
80051834  TMR_GetMISCTimerFlag           
80051870  __aeabi_dsub                   
8005187c  __aeabi_dadd                   
80051a84  Init_Test                      
80051ad4  TEST_Setpoint1                 
80051b10  TEST_Setpoint2                 
80051b4c  TEST_Setpoint3                 
80051b88  TEST_Togglepoint1              
80051bd8  TEST_Togglepoint2              
80051c28  TEST_Togglepoint3              
80051c88  InitCMD                        
80051c98  CMD_CheckMatch                 
80051e04  CMD_Help                       
80051e14  CMD_SetNewCommand              
80051e24  CMD_ClearNewCommand            
80051e34  CMD_GetNewCommand              
80051e60  RtcVersionGet                  
80051e68  RTCModuleClkConfig             
80052030  _Dscale                        
800521d8  __aeabi_ddiv                   
80052368  __aeabi_memcpy                 
80052368  __aeabi_memcpy4                
80052368  __aeabi_memcpy8                
80052368  memcpy                         
800524e8  MMUInit                        
80052548  MMUMemRegionMap                
8005263c  MMUEnable                      
80052658  _Dnorm                         
800527b8  CacheDisable                   
800527fc  CacheEnable                    
80052848  CacheInstInvalidateAll         
80052854  CacheInstInvalidateBuff        
80052870  CacheDataCleanInvalidateAll    
8005287c  CacheDataCleanAll              
80052888  CacheDataInvalidateAll         
80052894  CacheDataCleanBuff             
800528b0  CacheDataInvalidateBuff        
800528cc  CacheDataCleanInvalidateBuff   
800528e8  __aeabi_dmul                   
80052a10  GpioPinMuxSetup                
80052a1c  GPIO1PinMuxSetup               
80052a2c  GPIO1Pin23PinMuxSetup          
80052a3c  GPIO1ModuleClkConfig           
80052a90  GPIO0ModuleClkConfig           
80052b34  __aeabi_idiv                   
80052b34  __aeabi_idivmod                
80052c64  SVC_Handler                    
80052c8c  IRQHandler                     
80052d38  FIQHandler                     
80052d3c  AbortHandler                   
80052d3c  UndefInstHandler               
80052d54  Init_Modules                   
80052e50  __aeabi_uidiv                  
80052e50  __aeabi_uidivmod               
80052f40  __aeabi_cdcmpeq                
80052f40  __aeabi_cdcmple                
80053020  __aeabi_cdrcmple               
80053100  _Dunscale                      
800531b8  Init_PMIC                      
800531d8  PMIC_ReadRegister              
80053218  PMIC_WriteRegister             
80053268  __aeabi_memclr                 
80053268  __aeabi_memclr4                
80053268  __aeabi_memclr8                
8005326c  __aeabi_memset                 
8005326c  __aeabi_memset4                
8005326c  __aeabi_memset8                
80053278  memset                         
80053318  MMU_ConfigAndEnable            
800533c0  sprintf                        
80053468  __TI_auto_init                 
8005350c  atoi                           
80053590  copy_in                        
80053614  ltoa                           
80053694  ldexp                          
8005370c  signal                         
80053770  CPUirqe                        
80053780  CPUirqd                        
80053790  CPUfiqe                        
800537a0  CPUfiqd                        
800537b0  CPUSwitchToUserMode            
800537c4  CPUSwitchToPrivilegedMode      
800537cc  CPUAbortHandler                
800537d0  __aeabi_d2iz                   
8005382c  __aeabi_d2uiz                  
80053888  feraiseexcept                  
800538e0  raise                          
8005392c  _Feraise                       
8005399c  start_boot                     
800539b4  __aeabi_i2d                    
800539f0  _Dclass                        
80053a28  __aeabi_ui2d                   
80053a5c  frexp                          
80053a8c  memccpy                        
80053ab8  strchr                         
80053ae0  _register_unlock               
80053aec  _register_lock                 
80053af8  _nop                           
80053b04  strlen                         
80053b20  CPUIntStatus                   
80053b2c  __aeabi_idiv0                  
80054000  bss_start                      
80058000  UART_RX_buffer                 
800587d0  UART_TX_buffer                 
80058fa0  MISC_Buffer                    
80059388  fnRAMVectors                   
80059588  I2C_0_Buffers                  
80059598  Command_String                 
800595a4  CurrentTimeDate                
800595ae  CurrentScreen                  
800595af  PreviousPreviousScreen         
800595b0  dummy                          
800595b4  p_CurrentScreen                
800595b8  p_CurrentWAVFile               
800595bc  p_PreviousScreen               
800595c0  PreviousScreen                 
800595c1  bss_end                        
800595c8  WAV_PostComplete               
8005d284  Screens                        
8005d834  _Errno                         
8005d838  _Denorm                        
8005d848  _Eps                           
8005d858  _Hugeval                       
8005d868  _Inf                           
8005d878  _Nan                           
8005d888  _Snan                          
8005d898  _Rteps                         
8005d8a8  _Xbig                          
8005d8b0  _Zero                          
8005d8b8  WAV_Files                      
8005d91e  NumCommand                     
8005d920  CurrentSystemSettings          
8005d96a  RAM_CMD_Offset                 
8005d96c  FT_DispWidth                   
8005d96e  FT_DispHeight                  
8005d970  FT_DispHCycle                  
8005d972  FT_DispHOffset                 
8005d974  FT_DispHSync0                  
8005d976  FT_DispHSync1                  
8005d978  FT_DispVCycle                  
8005d97a  FT_DispVOffset                 
8005d97c  FT_DispVSync0                  
8005d97e  FT_DispVSync1                  
8005d980  FT_DispPCLK                    
8005d982  FT_DispSwizzle                 
8005d984  FT_DispPCLKPol                 
8005d986  FT_DispCSpread                 
8005d988  FT_DispDither                  
8005d98a  BackLightSetting               
8005d990  AudioBytesTransferred          
8005d994  AUD_AudioTimeoutCount          
8005d998  LastWritePointerAddress        
8005d9a0  TMR_NewScreenTagTimer          
8005d9a4  TMR_AudioPlaybackTimer         
8005d9a8  TMR_BacklightTimer             
8005d9ae  DefaultTimeDate                
8005d9b8  UART_RX_place                  
8005d9bc  UART_TX_add                    
8005d9c0  UART_TX_remove                 
8005d9c4  _lock                          
8005d9c8  _unlock                        
8005d9cc  _Fenv                          
8005d9d0  _Tls_setup__Fenv               
87fffff0  __stack                        
87fffff8  __STACK_END                    
ffffffff  __binit__                      
ffffffff  __c_args__                     
ffffffff  binit                          
UNDEFED   SHT$$INIT_ARRAY$$Base          
UNDEFED   SHT$$INIT_ARRAY$$Limit         
UNDEFED   __TI_CINIT_Base                
UNDEFED   __TI_CINIT_Limit               
UNDEFED   __TI_Handler_Table_Base        
UNDEFED   __TI_Handler_Table_Limit       

[760 symbols]
