******************************************************************************
                  TI ARM Linker PC v5.2.6                      
******************************************************************************
>> Linked Thu May 05 14:15:28 2016

OUTPUT FILE NAME:   <BeagleBone_Smart_Controler.out>
ENTRY POINT SYMBOL: "Entry"  address: 80000000


MEMORY CONFIGURATION

         name            origin    length      used     unused   attr    fill
----------------------  --------  ---------  --------  --------  ----  --------
  DDR_MEM               80000000   07ffffff  01066d89  06f99276  RWIX


SEGMENT ALLOCATION MAP

run origin  load origin   length   init length attrs members
----------  ----------- ---------- ----------- ----- -------
80000000    80000000    000000d0   000000d0    r-x
  80000000    80000000    000000d0   000000d0    r-x .text:Entry
80004000    80004000    01005faa   00000000    rw-
  80004000    80004000    01005faa   00000000    rw- .bss
81009fac    81009fac    0005c898   0005c898    r-x
  81009fac    81009fac    00042b8c   00042b8c    r-- .const
  8104cb38    8104cb38    00019d0c   00019d0c    r-x .text
81066848    81066848    0000446f   0000446f    rw-
  81066848    81066848    0000446f   0000446f    rw- .data
87fffff0    87fffff0    00000008   00000000    rw-
  87fffff0    87fffff0    00000008   00000000    rw- .stack


SECTION ALLOCATION MAP

 output                                  attributes/
section   page    origin      length       input sections
--------  ----  ----------  ----------   ----------------
.text:Entry 
*          0    80000000    000000d0     
                  80000000    000000c8     system.lib : init.obj (.text:Entry)
                  800000c8    00000008     rtsv7A8_A_le_n_eabi.lib : autoinit.obj (.tramp.__TI_auto_init.1)

.bss       0    80004000    01005faa     UNINITIALIZED
                  80004000    01000000     ramdisk.obj (.bss:ram_disk)
                  81004000    00004000     MEMORY.obj (.bss:pageTable)
                  81008000    00000830     usb_msc_structs.obj (.bss:g_sMSCInstance)
                  81008830    000007d0     UART.obj (.bss:UART_RX_buffer)
                  81009000    000007d0     UART.obj (.bss:UART_TX_buffer)
                  810097d0    000003e8     MISC.obj (.bss:MISC_Buffer)
                  81009bb8    00000200     interrupt.obj (.bss:fnRAMVectors)
                  81009db8    000000a8     usbdenum.obj (.bss:g_psUSBDevice)
                  81009e60    00000040     POWER.obj (.bss:Voltage)
                  81009ea0    00000040     usbdmsc.obj (.bss:g_pucCommand)
                  81009ee0    00000040     usbdenum.obj (.bss:g_pucDataBufferIn)
                  81009f20    00000030     usbdata.obj (.bss:g_USBInstance)
                  81009f50    00000010     (.common:I2C_0_Buffers)
                  81009f60    0000000c     (.common:Command_String)
                  81009f6c    0000000c     (.common:g_pfTickHandlers)
                  81009f78    0000000c     (.common:g_pvTickInstance)
                  81009f84    0000000a     (.common:CurrentTimeDate)
                  81009f8e    00000001     (.common:CurrentScreen)
                  81009f8f    00000001     (.common:PreviousPreviousScreen)
                  81009f90    00000004     (.common:dummy)
                  81009f94    00000004     (.common:g_sDriveInformation)
                  81009f98    00000004     (.common:g_ulFlags)
                  81009f9c    00000004     (.common:p_CurrentScreen)
                  81009fa0    00000004     (.common:p_CurrentWAVFile)
                  81009fa4    00000004     (.common:p_PreviousScreen)
                  81009fa8    00000001     (.common:PreviousScreen)
                  81009fa9    00000001     (.common:g_eMSCState)

.TI.noinit 
*          0    80004000    00000000     UNINITIALIZED

.const     0    81009fac    00042b8c     
                  81009fac    0003fc00     BITMAP_CHARLIE_BEACH.obj (.const:.string:BITMAP_CharlieBeach)
                  81049bac    00002bc0     BITMAP_TV_REMOTE.obj (.const:.string:BITMAP_TVRemote)
                  8104c76c    00000101     rtsv7A8_A_le_n_eabi.lib : ctype.obj (.const:.string:_ctypes_)
                  8104c86d    00000001     --HOLE-- [fill = 0]
                  8104c86e    00000078     usbdenum.obj (.const:g_sUSBDefaultFIFOConfig)
                  8104c8e6    00000002     --HOLE-- [fill = 0]
                  8104c8e8    00000054     MEMORY.obj (.const)
                  8104c93c    00000048     usb_msc_structs.obj (.const:g_sMSCDevice)
                  8104c984    00000038     system.lib : startup.obj (.const:vecTbl)
                  8104c9bc    00000034     usbdenum.obj (.const:g_psUSBDStdRequests)
                  8104c9f0    00000030     usb_msc_structs.obj (.const:.string:g_pConfigString)
                  8104ca20    00000029     usbdmsc.obj (.const:.string)
                  8104ca49    00000028     usb_msc_structs.obj (.const:.string:g_pDataInterfaceString)
                  8104ca71    00000028     usb_msc_structs.obj (.const:.string:g_pProductString)
                  8104ca99    00000024     usb_msc_structs.obj (.const:.string:g_pManufacturerString)
                  8104cabd    00000003     --HOLE-- [fill = 0]
                  8104cac0    0000001d     usbdmsc.obj (.const)
                  8104cadd    00000003     --HOLE-- [fill = 0]
                  8104cae0    00000018     usb_msc_structs.obj (.const)
                  8104caf8    00000016     usb_msc_structs.obj (.const:.string)
                  8104cb0e    00000002     --HOLE-- [fill = 0]
                  8104cb10    00000010     CMD.obj (.const)
                  8104cb20    0000000c     BITMAP_CHARLIE_BEACH.obj (.const)
                  8104cb2c    0000000c     BITMAP_TV_REMOTE.obj (.const)

.text      0    8104cb38    00019d0c     
                  8104cb38    0000371c     usbdmsc.obj (.text)
                  81050254    00002a68     LCD.obj (.text)
                  81052cbc    00002234     usbdenum.obj (.text)
                  81054ef0    00001d10     uart_irda_cir.obj (.text)
                  81056c00    00001a70     rtsv7A8_A_le_n_eabi.lib : _printfi.obj (.text)
                  81058670    00001588     rtc.obj (.text)
                  81059bf8    0000140c     tsc_adc.obj (.text)
                  8105b004    00000ec4     mcspi.obj (.text)
                  8105bec8    00000bb0     GUI.obj (.text)
                  8105ca78    00000b98     gpio_v2.obj (.text)
                  8105d610    00000b34     hsi2c.obj (.text)
                  8105e144    000008d8     MISC.obj (.text)
                  8105ea1c    00000830     usbdconfig.obj (.text)
                  8105f24c    00000788     dmtimer.obj (.text)
                  8105f9d4    000006c4     FRAM.obj (.text)
                  81060098    00000564     INTERRUPTS.obj (.text)
                  810605fc    00000544     usbdcdesc.obj (.text)
                  81060b40    00000518     AUDIO.obj (.text)
                  81061058    00000510     SPI.obj (.text)
                  81061568    000004a0     UART.obj (.text)
                  81061a08    00000498     GPIO.obj (.text)
                  81061ea0    00000488     system.lib : cp15.obj (.text)
                  81062328    000003e4     interrupt.obj (.text)
                  8106270c    00000360     usbdesc.obj (.text)
                  81062a6c    0000033c     RTCC.obj (.text)
                  81062da8    000002e8     WAV.obj (.text)
                  81063090    000002c0     LEDS.obj (.text)
                  81063350    000002b8     rtsv7A8_A_le_n_eabi.lib : ull_div32.obj (.text)
                  81063608    0000029c     ADC.obj (.text)
                  810638a4    00000290     I2C.obj (.text)
                  81063b34    00000290     main.obj (.text)
                  81063dc4    00000268     TIMERS.obj (.text)
                  8106402c    00000214     rtsv7A8_A_le_n_eabi.lib : fd_add32.obj (.text)
                  81064240    00000204     TEST.obj (.text)
                  81064444    000001d8     CMD.obj (.text)
                  8106461c    000001a8     rtsv7A8_A_le_n_eabi.lib : xdscale.obj (.text)
                  810647c4    00000190                             : fd_div32.obj (.text)
                  81064954    0000018c     USB.obj (.text)
                  81064ae0    00000180     rtsv7A8_A_le_n_eabi.lib : memcpy32.obj (.text)
                  81064c60    00000178     POWER.obj (.text)
                  81064dd8    00000170     mmu.obj (.text)
                  81064f48    00000160     rtsv7A8_A_le_n_eabi.lib : xdnorm.obj (.text)
                  810650a8    00000144     usbtick.obj (.text)
                  810651ec    0000013c     ramdisk.obj (.text)
                  81065328    00000130     cache.obj (.text)
                  81065458    00000128     rtsv7A8_A_le_n_eabi.lib : fd_mul32.obj (.text)
                  81065580    00000114                             : i_div32.obj (.text)
                  81065694    0000010c     system.lib : exceptionhandler.obj (.text)
                  810657a0    00000108     SYSTEM.obj (.text)
                  810658a8    000000f8     usbdhandler.obj (.text)
                  810659a0    000000f0     rtsv7A8_A_le_n_eabi.lib : u_div32.obj (.text)
                  81065a90    000000e0                             : fd_cmp32.obj (.text:__aeabi_cdcmple)
                  81065b70    000000e0                             : fd_cmp32.obj (.text:__aeabi_cdrcmple)
                  81065c50    000000d8     usbdmscglue.obj (.text)
                  81065d28    000000c8     usbphyGS70.obj (.text)
                  81065df0    000000b8     rtsv7A8_A_le_n_eabi.lib : xdunscal.obj (.text)
                  81065ea8    000000b0     PMIC.obj (.text)
                  81065f58    000000b0     rtsv7A8_A_le_n_eabi.lib : memset32.obj (.text)
                  81066008    000000a8     MEMORY.obj (.text)
                  810660b0    000000a8     rtsv7A8_A_le_n_eabi.lib : sprintf.obj (.text)
                  81066158    000000a4                             : autoinit.obj (.text)
                  810661fc    00000084                             : atoi.obj (.text)
                  81066280    00000084                             : cpy_tbl.obj (.text)
                  81066304    00000080                             : ltoa.obj (.text)
                  81066384    00000078                             : ldexp.obj (.text)
                  810663fc    00000064                             : signal.obj (.text)
                  81066460    00000060     system.lib : cpu.obj (.text)
                  810664c0    0000005c     rtsv7A8_A_le_n_eabi.lib : fd_toi32.obj (.text)
                  8106651c    0000005c                             : fd_tou32.obj (.text)
                  81066578    00000058                             : feraiseexcept.obj (.text)
                  810665d0    0000004c                             : raise.obj (.text)
                  8106661c    00000044                             : xferaise.obj (.text)
                  81066660    00000044     system.lib : startup.obj (.text)
                  810666a4    0000003c     rtsv7A8_A_le_n_eabi.lib : i_tofd32.obj (.text)
                  810666e0    00000038                             : xdclass.obj (.text)
                  81066718    00000034                             : u_tofd32.obj (.text)
                  8106674c    00000030                             : frexp.obj (.text)
                  8106677c    0000002c                             : memccpy.obj (.text)
                  810667a8    00000028                             : strchr.obj (.text)
                  810667d0    00000024                             : _lock.obj (.text)
                  810667f4    00000024                             : ll_lsr32.obj (.text)
                  81066818    0000001c                             : strlen.obj (.text)
                  81066834    0000000c     system.lib : cpu.obj (.text:CPUIntStatus)
                  81066840    00000004     rtsv7A8_A_le_n_eabi.lib : i_div0.obj (.text)

.data      0    81066848    0000446f     
                  81066848    00003cbc     WAV_POST_COMPLETE.obj (.data:WAV_PostComplete)
                  8106a504    00000500     GUI.obj (.data:Screens)
                  8106aa04    000000b0     rtsv7A8_A_le_n_eabi.lib : signal.obj (.data:sigtable)
                  8106aab4    00000004                             : errno.obj (.data)
                  8106aab8    00000080                             : xvalues.obj (.data)
                  8106ab38    00000062     WAV.obj (.data:WAV_Files)
                  8106ab9a    00000002     CMD.obj (.data)
                  8106ab9c    00000048     usbdmsc.obj (.data:g_sMSCDeviceInfo)
                  8106abe4    00000030     usbdmsc.obj (.data)
                  8106ac14    00000023     LCD.obj (.data)
                  8106ac37    0000001f     FRAM.obj (.data)
                  8106ac56    00000001     ADC.obj (.data)
                  8106ac57    00000001     I2C.obj (.data)
                  8106ac58    00000010     AUDIO.obj (.data)
                  8106ac68    00000010     TIMERS.obj (.data)
                  8106ac78    0000000c     RTCC.obj (.data)
                  8106ac84    0000000c     UART.obj (.data)
                  8106ac90    0000000c     usbtick.obj (.data)
                  8106ac9c    00000008     rtsv7A8_A_le_n_eabi.lib : _lock.obj (.data)
                  8106aca4    00000008                             : feraiseexcept.obj (.data)
                  8106acac    00000008     usbdenum.obj (.data)
                  8106acb4    00000003     GUI.obj (.data)

.TI.persistent 
*          0    81066848    00000000     UNINITIALIZED

.stack     0    87fffff0    00000008     UNINITIALIZED
                  87fffff0    00000008     --HOLE--


FAR CALL TRAMPOLINES

callee name               trampoline name
   callee addr  tramp addr   call addr  call info
--------------  -----------  ---------  ----------------
__TI_auto_init            $Tramp$AA$S$$__TI_auto_init
   81066158     800000c8     800000a0   system.lib : init.obj (.text:Entry)

[1 trampolines]
[1 trampoline calls]


GLOBAL SYMBOLS: SORTED ALPHABETICALLY BY Name 

address   name                                 
-------   ----                                 
81060518  ADC_0_ISR                            
81063874  ADC_ClearFinishedFlag                
810637bc  ADC_ConfigureInterrupt               
81063884  ADC_GetFinishedFlag                  
810637e8  ADC_ReadChannels                     
81063864  ADC_SetFinishedFlag                  
81060fb0  AUD_AmpShutdown                      
8106ac60  AUD_AudioTimeoutCount                
81060ee8  AUD_ClearPlaybackFinishedFlag        
81060c58  AUD_ClearPlayingFlag                 
81060f20  AUD_ClearTimoutFlag                  
81060f04  AUD_GetPlaybackFinishedFlag          
81060c68  AUD_GetPlayingFlag                   
81060f30  AUD_GetTimoutFlag                    
81060f3c  AUD_IsWAVPlaying                     
81060b54  AUD_PlayWAV                          
81060ed8  AUD_SetPlaybackFinishedFlag          
81060c48  AUD_SetPlayingFlag                   
81060f10  AUD_SetTimoutFlag                    
81060c1c  AUD_StopWAV                          
81060f54  AUD_TestAudio                        
81060c74  AUD_TransferWAVToRAMG                
81065788  AbortHandler                         
8106ac5c  AudioBytesTransferred                
81009fac  BITMAP_CharlieBeach                  
81049bac  BITMAP_TVRemote                      
8106ac36  BackLightSetting                     
81064454  CMD_CheckMatch                       
810645e0  CMD_ClearNewCommand                  
810645f0  CMD_GetNewCommand                    
810645c0  CMD_Help                             
810645d0  CMD_SetNewCommand                    
810622fc  CP15AuxControlFeatureDisable         
810622e8  CP15AuxControlFeatureEnable          
81062290  CP15BranchPredictionDisable          
81062280  CP15BranchPredictionEnable           
81062274  CP15BranchPredictorInvalidate        
810622b0  CP15ControlFeatureDisable            
810622c4  CP15ControlFeatureEnable             
81061f8c  CP15DCacheClean                      
810620c4  CP15DCacheCleanBuff                  
81062020  CP15DCacheCleanFlush                 
81062118  CP15DCacheCleanFlushBuff             
81061ebc  CP15DCacheDisable                    
81061ee8  CP15DCacheEnable                     
81061ef8  CP15DCacheFlush                      
8106216c  CP15DCacheFlushBuff                  
810622a0  CP15DomainAccessClientSet            
81061ea0  CP15ICacheDisable                    
81061ed8  CP15ICacheEnable                     
810620b4  CP15ICacheFlush                      
810621d0  CP15ICacheFlushBuff                  
8106223c  CP15MMUDisable                       
81062254  CP15MMUEnable                        
81062310  CP15MainIdPrimPartNumGet             
81062230  CP15TlbInvalidate                    
81062224  CP15Ttb0Set                          
810622d8  CP15TtbCtlTtb0Config                 
81062268  CP15VectorBaseAddrSet                
810664bc  CPUAbortHandler                      
81066834  CPUIntStatus                         
810664b4  CPUSwitchToPrivilegedMode            
810664a0  CPUSwitchToUserMode                  
81066490  CPUfiqd                              
81066480  CPUfiqe                              
81066470  CPUirqd                              
81066460  CPUirqe                              
810653ec  CacheDataCleanAll                    
81065404  CacheDataCleanBuff                   
810653e0  CacheDataCleanInvalidateAll          
8106543c  CacheDataCleanInvalidateBuff         
810653f8  CacheDataInvalidateAll               
81065420  CacheDataInvalidateBuff              
81065328  CacheDisable                         
8106536c  CacheEnable                          
810653b8  CacheInstInvalidateAll               
810653c4  CacheInstInvalidateBuff              
81009f60  Command_String                       
8104cb10  Commands                             
81009f8e  CurrentScreen                        
8106ac37  CurrentSystemSettings                
81009f84  CurrentTimeDate                      
8105f8e8  DMTimer2ModuleClkConfig              
8105f954  DMTimer3ModuleClkConfig              
8105f58c  DMTimerCompareGet                    
8105f550  DMTimerCompareSet                    
8105f7ac  DMTimerContextRestore                
8105f72c  DMTimerContextSave                   
8105f448  DMTimerCounterGet                    
8105f40c  DMTimerCounterSet                    
8105f28c  DMTimerDisable                       
8105f24c  DMTimerEnable                        
8105f4d0  DMTimerGPOConfigure                  
8105f640  DMTimerIntDisable                    
8105f61c  DMTimerIntEnable                     
8105f69c  DMTimerIntEnableGet                  
8105f5c8  DMTimerIntRawStatusGet               
8105f5a4  DMTimerIntRawStatusSet               
8105f5f8  DMTimerIntStatusClear                
8105f5e0  DMTimerIntStatusGet                  
8105f2cc  DMTimerModeConfigure                 
8105f88c  DMTimerPostedModeConfig              
8105f3cc  DMTimerPreScalerClkDisable           
8105f34c  DMTimerPreScalerClkEnable            
8105f4b8  DMTimerReloadGet                     
8105f47c  DMTimerReloadSet                     
8105f6f8  DMTimerReset                         
8105f6b4  DMTimerResetConfigure                
8105f664  DMTimerTriggerSet                    
8105f8d0  DMTimerWritePostedStatusGet          
8106ac7a  DefaultTimeDate                      
80000000  Entry                                
81065784  FIQHandler                           
8105ff5c  FRAM_CalculateCRC                    
8105ff20  FRAM_Hold                            
8105ff74  FRAM_LoadDefaultSettings             
8105fad4  FRAM_LoadSettings                    
8105fd04  FRAM_ReadMemory                      
8105fbd8  FRAM_ReadStatusRegister              
8105faf0  FRAM_SaveSettings                    
8105fff0  FRAM_Test                            
8105fb58  FRAM_WriteDisable                    
8105fb1c  FRAM_WriteEnable                     
8105fc18  FRAM_WriteMemory                     
8105fee4  FRAM_WriteProtect                    
8105fdf0  FRAM_WriteRead                       
8105fb94  FRAM_WriteStatusRegister             
8106ac32  FT_DispCSpread                       
8106ac34  FT_DispDither                        
8106ac1c  FT_DispHCycle                        
8106ac1e  FT_DispHOffset                       
8106ac20  FT_DispHSync0                        
8106ac22  FT_DispHSync1                        
8106ac1a  FT_DispHeight                        
8106ac2c  FT_DispPCLK                          
8106ac30  FT_DispPCLKPol                       
8106ac2e  FT_DispSwizzle                       
8106ac24  FT_DispVCycle                        
8106ac26  FT_DispVOffset                       
8106ac28  FT_DispVSync0                        
8106ac2a  FT_DispVSync1                        
8106ac18  FT_DispWidth                         
8105d408  GPIOAutoIdleModeControl              
8105d4d4  GPIODebounceFuncControl              
8105d524  GPIODebounceTimeConfig               
8105cb54  GPIODirModeGet                       
8105caf4  GPIODirModeSet                       
8105d490  GPIOGatingRatioConfigure             
8105d44c  GPIOIdleModeConfigure                
8105d0c0  GPIOIntTypeGet                       
8105cd20  GPIOIntTypeSet                       
8105cad0  GPIOModuleDisable                    
8105caac  GPIOModuleEnable                     
8105ca78  GPIOModuleReset                      
8105cc5c  GPIOMultiplePinsRead                 
8105cc2c  GPIOMultiplePinsWrite                
8105d204  GPIOPinIntClear                      
8105ccd0  GPIOPinIntDisable                    
8105cc80  GPIOPinIntEnable                     
8105d1a0  GPIOPinIntStatus                     
8105d3a8  GPIOPinIntWakeUpDisable              
8105d348  GPIOPinIntWakeUpEnable               
8105cbe4  GPIOPinRead                          
8105cb94  GPIOPinWrite                         
8105d254  GPIORawIntStatus                     
8105d548  GPIORevisionInfoGet                  
8105d2b0  GPIOTriggerPinInt                    
8105d324  GPIOWakeupGlobalDisable              
8105d300  GPIOWakeupGlobalEnable               
81060098  GPIO_3A_ISR                          
81061c98  GPIO_Module0ClkConfig                
81061d00  GPIO_Module1ClkConfig                
81061d68  GPIO_Module2ClkConfig                
81061dd0  GPIO_Module3ClkConfig                
8105c8c4  GUI_Backlight                        
8105c90c  GUI_ClearBacklightTimeout            
8105c7f8  GUI_ClearTagTimoutFlag               
8105c6b4  GUI_CreateTouchCalibration           
8105c0a4  GUI_DrawHomeScreen                   
8105bf10  GUI_DrawInitialScreen                
8105bf98  GUI_DrawInitialScreenProgress        
8105c4b0  GUI_DrawNextScreen                   
8105c5ec  GUI_DrawPreviousScreen               
8105c310  GUI_DrawTVRemoteScreen               
8105c828  GUI_DrawTime                         
8105c91c  GUI_GetBacklightTimeout              
8105c944  GUI_GetCurrentTag                    
8105c808  GUI_GetTagTimoutFlag                 
8105c39c  GUI_LoadItemToRAMG                   
8105c638  GUI_LoadTouchCalibration             
8105c814  GUI_ScreenRefresh                    
8105c8fc  GUI_SetBacklightTimeout              
8105c928  GUI_SetCurrentTag                    
8105c7e8  GUI_SetTagTimoutFlag                 
8105c7cc  GUI_StartNewScreenTagTimer           
8105c424  GUI_TouchConfig                      
8105d5e8  GpioPinMuxSetup                      
8104cb20  HEADER_CharlieBeach                  
8104cb2c  HEADER_TVRemote                      
8105e0e0  I2C0ModuleClkConfig                  
8105db48  I2CActiveOwnAddressGet               
8105dd58  I2CAutoIdleDisable                   
8105dd34  I2CAutoIdleEnable                    
8105dac4  I2CBufferStatus                      
8105de04  I2CClockActivitySelect               
8105dbcc  I2CClockBlockingControl              
8105e00c  I2CContextRestore                    
8105dfb8  I2CContextSave                       
8105da94  I2CDMARxEventDisable                 
8105da34  I2CDMARxEventEnable                  
8105da64  I2CDMATxEventDisable                 
8105da04  I2CDMATxEventEnable                  
8105d920  I2CDataCountGet                      
8105d9b8  I2CFIFOClear                         
8105d938  I2CFIFOThresholdConfig               
8105dda0  I2CGlobalWakeUpDisable               
8105dd7c  I2CGlobalWakeUpEnable                
8105ddc4  I2CIdleModeSelect                    
8105d6d4  I2CMasterBusBusy                     
8105d70c  I2CMasterBusy                        
8105d750  I2CMasterControl                     
8105df98  I2CMasterDataGet                     
8105df78  I2CMasterDataPut                     
8105d6b0  I2CMasterDisable                     
8105d68c  I2CMasterEnable                      
8105d728  I2CMasterErr                         
8105d610  I2CMasterInitExpClk                  
8105d880  I2CMasterIntClearEx                  
8105d7e8  I2CMasterIntDisableEx                
8105d7bc  I2CMasterIntEnableEx                 
8105d844  I2CMasterIntRawStatus                
8105d8a0  I2CMasterIntRawStatusClearEx         
8105d85c  I2CMasterIntRawStatusEx              
8105d808  I2CMasterIntStatus                   
8105d820  I2CMasterIntStatusEx                 
8105d8e0  I2CMasterSlaveAddrGet                
8105d8c0  I2CMasterSlaveAddrSet                
8105d774  I2CMasterStart                       
8105d798  I2CMasterStop                        
8105dc98  I2COwnAddressSet                     
8105d900  I2CSetDataCount                      
8105dd10  I2CSoftReset                         
8105df5c  I2CSystemStatusGet                   
8105ded0  I2CWakeUpDisable                     
8105de44  I2CWakeUpEnable                      
81009f50  I2C_0_Buffers                        
810603a4  I2C_0_ISR                            
81063ae8  I2C_ClearFailFlag0                   
81063af8  I2C_GetFailFlag0                     
810638f8  I2C_InterruptConfigure0              
81063924  I2C_SendReceiveData0                 
81063ad8  I2C_SetFailFlag0                     
810656d8  IRQHandler                           
81064444  InitCMD                              
81063608  Init_ADC                             
81060b40  Init_Audio                           
8105f9d4  Init_FRAM                            
81061a08  Init_GPIO                            
8105bec8  Init_GUI                             
810638a4  Init_I2C                             
810638b0  Init_I2C_Module0                     
81050254  Init_LCD                             
81063090  Init_LED                             
810657a0  Init_Modules                         
81065ea8  Init_PMIC                            
81064c60  Init_Power                           
81062a6c  Init_RTC                             
81061058  Init_SPI                             
81061214  Init_SPI_Module0                     
81061068  Init_SPI_Module1                     
81064240  Init_Test                            
81063dd4  Init_Timer2                          
81063e4c  Init_Timer3                          
81063dc4  Init_Timers                          
81061568  Init_UART                            
81064954  Init_USB                             
81062da8  Init_WAV                             
81062370  IntAINTCInit                         
810624a8  IntActiveIrqNumGet                   
81062540  IntCurrIrqPriorityGet                
81062698  IntDisable                           
810626b0  IntEnable                            
8106252c  IntFuncClkAutoGateSet                
81062518  IntFuncClkFreeRunSet                 
81062494  IntIfClkAutoGateSet                  
81062480  IntIfClkFreeRunSet                   
81062680  IntMasterFIQDisable                  
81062674  IntMasterFIQEnable                   
81062668  IntMasterIRQDisable                  
8106265c  IntMasterIRQEnable                   
8106268c  IntMasterStatusGet                   
81062620  IntPendingIrqMaskedStatusGet         
810623e0  IntPrioritySet                       
81062550  IntPriorityThresholdGet              
81062560  IntPriorityThresholdSet              
810624dc  IntProtectionDisable                 
810624cc  IntProtectionEnable                  
81062580  IntRawStatusGet                      
8106232c  IntRegister                          
810625f0  IntSoftwareIntClear                  
810625c0  IntSoftwareIntSet                    
810624b8  IntSpurIrqFlagGet                    
81062504  IntSyncClkAutoGateSet                
810624f0  IntSyncClkFreeRunSet                 
8106244c  IntSystemDisable                     
81062418  IntSystemEnable                      
81062350  IntUnRegister                        
8106511c  InternalUSBRegisterTickHandler       
81065154  InternalUSBStartOfFrameTick          
810650a8  InternalUSBTickInit                  
81052c98  LCD_ClearInterruptFlag               
81052ca8  LCD_GetInterruptFlag                 
81050e34  LCD_IncrementWriteOffset             
810505d8  LCD_Interrupt                        
810504e8  LCD_InterruptConfigure               
81050568  LCD_InteruptDisable                  
81050534  LCD_InteruptEnable                   
8105059c  LCD_Reset                            
81050eb0  LCD_SendRAMAddress                   
81052c88  LCD_SetInterruptFlag                 
81050f2c  LCD_WaitCoprocessorDone              
81050e74  LCD_WriteCommandParameters           
81050db0  LCD_cmd                              
81051ef8  LCD_cmd_append                       
810512d4  LCD_cmd_bgcolor                      
810510a8  LCD_cmd_button                       
810526ac  LCD_cmd_calibrate                    
8105121c  LCD_cmd_clock                        
810525d8  LCD_cmd_coldstart                    
8105195c  LCD_cmd_dial                         
81051378  LCD_cmd_fgcolor                      
81051484  LCD_cmd_gauge                        
8105222c  LCD_cmd_getmatrix                    
81052340  LCD_cmd_getprops                     
810522e8  LCD_cmd_getptr                       
81051414  LCD_cmd_gradcolor                    
81051538  LCD_cmd_gradient                     
81051f64  LCD_cmd_inflate                      
810525e8  LCD_cmd_interrupt                    
810515dc  LCD_cmd_keys                         
81052074  LCD_cmd_loadidentity                 
81052008  LCD_cmd_loadimage                    
81052c44  LCD_cmd_logo                         
810523d0  LCD_cmd_mediafifo                    
81051e70  LCD_cmd_memcpy                       
81051c4c  LCD_cmd_memcrc                       
81051d38  LCD_cmd_memset                       
81051dbc  LCD_cmd_memwrite                     
81051ccc  LCD_cmd_memzero                      
81051bb8  LCD_cmd_number                       
8105243c  LCD_cmd_playvideo                    
8105174c  LCD_cmd_progress                     
81052640  LCD_cmd_regread                      
81052704  LCD_cmd_romfont                      
81052190  LCD_cmd_rotate                       
81052124  LCD_cmd_scale                        
81052a60  LCD_cmd_screensaver                  
810517f8  LCD_cmd_scrollbar                    
81051b60  LCD_cmd_setbase                      
8105290c  LCD_cmd_setbitmap                    
81052770  LCD_cmd_setfont                      
810527dc  LCD_cmd_setfont2                     
810521e8  LCD_cmd_setmatrix                    
810528b4  LCD_cmd_setrotate                    
8105285c  LCD_cmd_setscratch                   
81052aa4  LCD_cmd_sketch                       
810518b0  LCD_cmd_slider                       
81052b48  LCD_cmd_snapshot                     
81052ba0  LCD_cmd_snapshot2                    
81052998  LCD_cmd_spinner                      
81052a1c  LCD_cmd_stop                         
81050f50  LCD_cmd_text                         
810519f0  LCD_cmd_toggle                       
81052544  LCD_cmd_track                        
810520b8  LCD_cmd_translate                    
810524d8  LCD_cmd_videoframe                   
81052494  LCD_cmd_videostart                   
81050668  LCD_ft810memRead16                   
810506d8  LCD_ft810memRead32                   
81050614  LCD_ft810memRead8                    
810507b8  LCD_ft810memWrite16                  
81050824  LCD_ft810memWrite32                  
81050778  LCD_ft810memWrite8                   
810508c8  LCD_ft810memWriteBuffer              
81050dd8  LCD_host_command                     
81050a98  LCD_rd16                             
81050ab0  LCD_rd32                             
81050a84  LCD_rd8                              
81050c74  LCD_rd_buffer                        
810509d8  LCD_wr16                             
810509f4  LCD_wr32                             
810509bc  LCD_wr8                              
81050a10  LCD_wr8s                             
81050ac4  LCD_wr_buffer                        
81063094  LED_Show                             
8106ac64  LastWritePointerAddress              
810097d0  MISC_Buffer                          
8105e688  MISC_CRC_CRC16                       
8105e8ac  MISC_Calculate_CRC16                 
81064f2c  MMUEnable                            
81064dd8  MMUInit                              
81064e38  MMUMemRegionMap                      
81066008  MMU_ConfigAndEnable                  
8105e3a4  MSC_BCDtoHEX                         
8105e144  MSC_BufferCopy                       
8105e284  MSC_DelayNOP                         
8105e1f8  MSC_DelayUS                          
8105e4c8  MSC_EndianLong                       
8105e534  MSC_EndianLongArray                  
8105e448  MSC_EndianShort                      
8105e484  MSC_EndianShortArray                 
8105e2f0  MSC_HEXtoBCD                         
8105e1bc  MSC_LowercaseChar                    
8105e5c4  MSC_ReverseByte                      
8105e2bc  MSC_Round                            
8105bd44  McSPI0ModuleClkConfig                
8105bbe8  McSPI1ModuleClkConfig                
8105b368  McSPICSAssert                        
8105b3a0  McSPICSDeAssert                      
8105b270  McSPICSDisable                       
8105b24c  McSPICSEnable                        
8105b294  McSPICSPolarityConfig                
8105b2fc  McSPICSTimeControlSet                
8105b678  McSPIChannelDisable                  
8105b640  McSPIChannelEnable                   
8105bb34  McSPIChannelStatusGet                
8105b004  McSPIClkConfig                       
8105b9a8  McSPIDMADisable                      
8105b964  McSPIDMAEnable                       
8105bba4  McSPIFIFODatManagementConfig         
8105b824  McSPIFIFOTrigLvlSet                  
8105ba44  McSPIInitDelayConfig                 
8105ba18  McSPIIntDisable                      
8105b9ec  McSPIIntEnable                       
8105bb00  McSPIIntStatusClear                  
8105bae8  McSPIIntStatusGet                    
8105b4d4  McSPIMasterModeConfig                
8105b4b0  McSPIMasterModeEnable                
8105bb60  McSPIMultipleWordAccessConfig        
8105babc  McSPIReceiveData                     
8105b6b0  McSPIReset                           
8105b7bc  McSPIRxFIFOConfig                    
8105b478  McSPIStartBitDisable                 
8105b3d8  McSPIStartBitEnable                  
8105b410  McSPIStartBitPolarityConfig          
8105ba88  McSPITransmitData                    
8105b71c  McSPITurboModeDisable                
8105b6e4  McSPITurboModeEnable                 
8105b754  McSPITxFIFOConfig                    
8105b924  McSPIWordCountSet                    
8105b1e4  McSPIWordLengthSet                   
8106ab9b  NumCommand                           
81065ec8  PMIC_ReadRegister                    
81065f08  PMIC_WriteRegister                   
81064c6c  PWR_ReadVoltages                     
81009f8f  PreviousPreviousScreen               
81009fa8  PreviousScreen                       
8106ac16  RAM_CMD_Offset                       
81059850  RTC32KClkClockControl                
810597ec  RTC32KClkSourceSelect                
81059b90  RTCAlarm2CalendarSet                 
81059b04  RTCAlarm2IntStatusClear              
81059ae8  RTCAlarm2IntStatusGet                
81059b28  RTCAlarm2TimeSet                     
81059538  RTCAlarmCalendarGet                  
810594d8  RTCAlarmCalendarSet                  
8105941c  RTCAlarmDayOfMonthGet                
810593e8  RTCAlarmDayOfMonthSet                
81059248  RTCAlarmHourGet                      
810592a4  RTCAlarmHourMeridiemGet              
81059264  RTCAlarmHourMeridiemSet              
81059214  RTCAlarmHourSet                      
810588ac  RTCAlarmIntStatusClear               
81058890  RTCAlarmIntStatusGet                 
810591f8  RTCAlarmMinuteGet                    
810591c4  RTCAlarmMinuteSet                    
8105946c  RTCAlarmMonthGet                     
81059438  RTCAlarmMonthSet                     
810591a8  RTCAlarmSecondGet                    
81059174  RTCAlarmSecondSet                    
81059328  RTCAlarmTimeGet                      
810592c0  RTCAlarmTimeSet                      
810594bc  RTCAlarmYearGet                      
81059488  RTCAlarmYearSet                      
810589c8  RTCAutoCompDisable                   
81058984  RTCAutoCompEnable                    
81058858  RTCBusyStatusGet                     
810590fc  RTCCalendarGet                       
8105908c  RTCCalendarSet                       
810595dc  RTCCompensationGet                   
81059598  RTCCompensationSet                   
810599c0  RTCConfigPmicExtWake                 
81059a18  RTCConfigPmicExtWakeDebounce         
81059960  RTCConfigPmicExtWakePolarity         
8105991c  RTCConfigPmicPowerEnable             
81058e34  RTCDayOfMonthGet                     
81058e00  RTCDayOfMonthSet                     
81058f24  RTCDayOfTheWeekGet                   
81058ef0  RTCDayOfTheWeekSet                   
81058ba4  RTCDisable                           
81058be8  RTCEnable                            
81058c50  RTCEnableStatus                      
810588d0  RTCEventUpdateGet                    
810598d8  RTCFeedbackResistanceSelect          
81058d88  RTCHourGet                           
81058aa0  RTCHourModeGet                       
81058a1c  RTCHourModeSet                       
81058d54  RTCHourSet                           
810596d4  RTCIdleModeConfigure                 
81059ab4  RTCIntAlarm2Enable                   
8105879c  RTCIntAlarmDisable                   
81058768  RTCIntAlarmEnable                    
81058824  RTCIntTimerDisable                   
810587d0  RTCIntTimerEnable                    
81058de4  RTCMeridiemGet                       
81058da4  RTCMeridiemSet                       
81058930  RTCMinRoundingDisable                
810588ec  RTCMinRoundingEnable                 
81058d38  RTCMinuteGet                         
81058d04  RTCMinuteSet                         
81058e84  RTCMonthGet                          
81058e50  RTCMonthSet                          
81059894  RTCOscillatorStateControl            
81059a78  RTCPmicExtWakeStatusClear            
810596bc  RTCRevisionIDGet                     
81058670  RTCRun                               
81058874  RTCRunStatusGet                      
81059660  RTCScratchPadGet                     
81059620  RTCScratchPadSet                     
81058ce8  RTCSecondGet                         
81058cb4  RTCSecondSet                         
81058b28  RTCSet32CounterDisable               
81058abc  RTCSet32CounterEnable                
81059698  RTCSoftwareReset                     
81058c90  RTCSplitPwrDisable                   
81058c6c  RTCSplitPwrEnable                    
810586b4  RTCStop                              
810597a8  RTCTestModeControl                   
81058fdc  RTCTimeGet                           
81058f40  RTCTimeSet                           
81059720  RTCWakeUpAlarmEventControl           
81059764  RTCWakeUpTimerEventControl           
81058740  RTCWriteProtectDisable               
81058718  RTCWriteProtectEnable                
81058ed4  RTCYearGet                           
81058ea0  RTCYearSet                           
81062b18  RTC_ClearFlag                        
81062b28  RTC_GetFlag                          
81062c18  RTC_GetTimeDate                      
81060390  RTC_ISR                              
81062adc  RTC_InterruptConfigure               
81062cf4  RTC_ModuleClkConfig                  
81062b08  RTC_SetFlag                          
81062b34  RTC_SetTimeDate                      
81059bf0  RtcVersionGet                        
810649b4  RxHandler                            
UNDEFED   SHT$$INIT_ARRAY$$Base                
UNDEFED   SHT$$INIT_ARRAY$$Limit               
81060598  SPI_1_ISR                            
81061324  SPI_INTCConfigure1                   
81061408  SPI_ReadWriteByte0                   
81061464  SPI_ReadWriteByte1                   
81061350  SPI_WriteByte0                       
810613ac  SPI_WriteByte1                       
810614c0  SPI_WriteByteNoRx0                   
810614f4  SPI_WriteByteNoRx1                   
810656b0  SVC_Handler                          
8106a504  Screens                              
81064290  TEST_Setpoint1                       
810642cc  TEST_Setpoint2                       
81064308  TEST_Setpoint3                       
81064344  TEST_Togglepoint1                    
81064394  TEST_Togglepoint2                    
810643e4  TEST_Togglepoint3                    
81060274  TMR_2_ISR                            
81060358  TMR_3_ISR                            
8106ac70  TMR_AudioPlaybackTimer               
8106ac74  TMR_BacklightTimer                   
81063eb8  TMR_CalculateReload                  
81063fe0  TMR_ClearMISCTimerFlag               
81063ff0  TMR_GetMISCTimerFlag                 
81063f5c  TMR_GetNewScreenTagTimerEnabled      
81063f04  TMR_InterruptConfigure2              
81063f30  TMR_InterruptConfigure3              
8106ac6c  TMR_NewScreenTagTimer                
81063fb0  TMR_ResetAudioPlaybackTimer          
81063fc0  TMR_ResetBacklightTimer              
81063fa0  TMR_ResetNewScreenTagTimer           
81063fd0  TMR_SetMISCTimerFlag                 
81063f68  TMR_SetNewScreenTagTimerEnabled      
81059f64  TSCADCBiasConfig                     
8105a6a8  TSCADCChargeStepAnalogGroundConfig   
8105a608  TSCADCChargeStepAnalogSupplyConfig   
8105a53c  TSCADCChargeStepConfig               
8105a4f0  TSCADCChargeStepOperationModeControl 
81059e08  TSCADCConfigHWEventPrempt            
8105a15c  TSCADCConfigureAFEClock              
8105a1ac  TSCADCConfigureMisc                  
8105a21c  TSCADCConfigureStepEnable            
81059db0  TSCADCDMAFIFODisable                 
81059d80  TSCADCDMAFIFOEnable                  
81059d40  TSCADCEventInterruptDisable          
81059d14  TSCADCEventInterruptEnable           
8105ad0c  TSCADCFIFOADCDataRead                
8105ace0  TSCADCFIFOChannelIDRead              
8105ad98  TSCADCFIFODMAThresholdLevelConfig    
8105ad60  TSCADCFIFOIRQThresholdLevelConfig    
8105ad34  TSCADCFIFOWordCountRead              
81059bf8  TSCADCGetRevision                    
81059e48  TSCADCHWEventMapSet                  
81059c10  TSCADCIdleModeSet                    
8105a424  TSCADCIdleStepAnalogGroundConfig     
8105a384  TSCADCIdleStepAnalogSupplyConfig     
8105a2b8  TSCADCIdleStepConfig                 
8105a26c  TSCADCIdleStepOperationModeControl   
81059cfc  TSCADCIntStatus                      
81059cb8  TSCADCIntStatusClear                 
81059cd8  TSCADCIntStatusRead                  
81059de0  TSCADCIsDMAFIFOEnabled               
8105add0  TSCADCModuleClkConfig                
8105a02c  TSCADCModuleStateSet                 
8105a0ec  TSCADCOutputRangeConfig              
81059ca0  TSCADCRawIntStatus                   
81059c7c  TSCADCRawIntStatusRead               
81059c50  TSCADCRawIntStatusSet                
8105a0d0  TSCADCSequencerCurrentStepID         
8105a0b0  TSCADCSequencerFSMBusyStatus         
8105a06c  TSCADCSequencerPenIrqStatusRead      
81059f08  TSCADCSetADCPowerDown                
81059f40  TSCADCSetADCPowerUp                  
81059fc8  TSCADCStepConfigProtectionDisable    
81059fa4  TSCADCStepConfigProtectionEnable     
81059fec  TSCADCStepIDTagConfig                
8105a774  TSCADCTSChargeStepOpenDelayConfig    
81059ec8  TSCADCTSModeConfig                   
8105a9d0  TSCADCTSStepAnalogGroundConfig       
8105a900  TSCADCTSStepAnalogSupplyConfig       
8105ab90  TSCADCTSStepAverageConfig            
8105a7f4  TSCADCTSStepConfig                   
8105ab3c  TSCADCTSStepFIFOSelConfig            
8105abe4  TSCADCTSStepModeConfig               
8105ac8c  TSCADCTSStepOpenDelayConfig          
8105a794  TSCADCTSStepOperationModeControl     
8105ab0c  TSCADCTSStepOutOfRangeCheckDisable   
8105aadc  TSCADCTSStepOutOfRangeCheckEnable    
8105ac38  TSCADCTSStepSampleDelayConfig        
81059e88  TSCADCTSTransistorConfig             
81059d60  TSCADCWakeUpPenEventConfig           
810649d4  TxHandler                            
81056530  UARTAutoIdleModeControl              
810562dc  UARTAutoRTSAutoCTSControl            
81056a18  UARTAutobaudParityGet                
81056ab0  UARTAutobaudSpeedGet                 
81056a64  UARTAutobaudWordLenGet               
81055278  UARTBreakCtl                         
81055fb8  UARTCharGet                          
81055f60  UARTCharGetNonBlocking               
81056010  UARTCharGetTimeout                   
810560a0  UARTCharPut                          
81055ef4  UARTCharPutNonBlocking               
81055ea0  UARTCharsAvail                       
81056988  UARTDMACounterResetControl           
810557b4  UARTDMADisable                       
81055758  UARTDMAEnable                        
810568a0  UARTDSRInterruptControl              
810551bc  UARTDivisorLatchDisable              
81055198  UARTDivisorLatchEnable               
81055014  UARTDivisorLatchWrite                
81054f50  UARTDivisorValCompute                
810558d8  UARTEnhanFuncBitValRestore           
81055878  UARTEnhanFuncEnable                  
81056114  UARTFIFOCharGet                      
810560f4  UARTFIFOCharPut                      
81055394  UARTFIFOConfig                       
81056288  UARTFIFOEnableStatusGet              
810557ec  UARTFIFORegisterWrite                
8105683c  UARTFIFOTrigLvlGranControl           
81056130  UARTFIFOWrite                        
81056574  UARTFlowCtrlTrigLvlConfig            
810564a8  UARTIdleModeConfigure                
81055d84  UARTIntDisable                       
81055ca0  UARTIntEnable                        
810561e8  UARTIntIdentityGet                   
81056234  UARTIntPendingStatusGet              
810552bc  UARTLineCharacConfig                 
810566e8  UARTLoopbackModeControl              
8105675c  UARTModemControlClear                
8105672c  UARTModemControlSet                  
810567a8  UARTModemStatusChangeCheck           
8105678c  UARTModemStatusGet                   
81056474  UARTModuleReset                      
81056b5c  UARTModuleVersionNumberGet           
81054ef0  UARTOperatingModeSelect              
81055378  UARTParityModeGet                    
81055334  UARTParityModeSet                    
81056430  UARTPulseShapingControl              
8105696c  UARTRXCTSDSRTransitionStatusGet      
81056928  UARTRXCTSDSRWakeUpConfigure          
81055258  UARTRegConfModeRestore               
810551e0  UARTRegConfigModeEnable              
810567c4  UARTResumeOperation                  
8105619c  UARTRxErrorGet                       
81056a00  UARTRxFIFOLevelGet                   
81056b40  UARTScratchPadRegRead                
81056afc  UARTScratchPadRegWrite               
810563cc  UARTSoftwareFlowCtrlOptSet           
81055e4c  UARTSpaceAvail                       
81056368  UARTSpecialCharDetectControl         
8105593c  UARTSubConfigMSRSPRModeEn            
81055a14  UARTSubConfigTCRTLRModeEn            
81055aec  UARTSubConfigXOFFModeEn              
81055bc4  UARTTCRTLRBitValRestore              
81056b78  UARTTxDMAThresholdControl            
81056bbc  UARTTxDMAThresholdValConfig          
810568e4  UARTTxEmptyIntControl                
810569cc  UARTTxFIFOFullStatusGet              
810569e8  UARTTxFIFOLevelGet                   
810564ec  UARTWakeUpControl                    
8105680c  UARTWakeUpEventsDisable              
810567dc  UARTWakeUpEventsEnable               
810565c4  UARTXON1XOFF1ValProgram              
810565f4  UARTXON2XOFF2ValProgram              
81056624  UARTXONAnyFeatureControl             
810600d4  UART_0_ISR                           
810617b0  UART_AddToRXBuffer                   
810618e0  UART_AddToTXBuffer                   
810616bc  UART_BaudRateSet                     
81061738  UART_Configure                       
81061698  UART_FIFOConfigure                   
8106198c  UART_GetTXInterruptStatus            
81061784  UART_InterruptConfigure0             
810616f4  UART_LineCharacSet                   
810615b8  UART_Module0ClkConfig                
81061614  UART_PrintBuffer                     
81061600  UART_PrintChar                       
81061660  UART_PrintString                     
81008830  UART_RX_buffer                       
8106ac84  UART_RX_place                        
8106ac88  UART_TX_add                          
81009000  UART_TX_buffer                       
8106ac8c  UART_TX_remove                       
810658a8  USB0DeviceIntHandler                 
81050170  USB0ModuleClkConfig                  
81065920  USB1DeviceIntHandler                 
810501ec  USBClearInt                          
81050154  USBClearOtgIntr                      
81060878  USBDCDConfigDescGet                  
810607ec  USBDCDConfigDescGetNum               
81060784  USBDCDConfigDescGetSize              
81060a14  USBDCDConfigGetInterface             
81060a6c  USBDCDConfigGetInterfaceEndpoint     
81060978  USBDCDConfigGetNumAlternateInterfaces
81052cbc  USBDCDInit                           
81053208  USBDCDPowerStatusSet                 
81053270  USBDCDRemoteWakeupRequest            
810530bc  USBDCDRequestDataEP0                 
81053134  USBDCDSendDataEP0                    
81053198  USBDCDSetDefaultConfiguration        
810531c4  USBDCDStallEP0                       
81052fa0  USBDCDTerm                           
8104d188  USBDMSCCompositeInit                 
81064a30  USBDMSCEventCallback                 
8104d154  USBDMSCInit                          
8104cb38  USBDMSCMediaChange                   
81065c70  USBDMSCStorageClose                  
81065cfc  USBDMSCStorageNumBlocks              
81065c50  USBDMSCStorageOpen                   
81065c8c  USBDMSCStorageRead                   
81065cc4  USBDMSCStorageWrite                  
8104d498  USBDMSCTerm                          
8104e134  USBDSCSICommand                      
810627b8  USBDescGet                           
810629dc  USBDescGetInterface                  
81062a28  USBDescGetInterfaceEndpoint          
8106270c  USBDescGetNum                        
81062880  USBDescGetNumAlternateInterfaces     
8104ed64  USBDevAddrGet                        
8104ed44  USBDevAddrSet                        
8104ecfc  USBDevConnect                        
8104ed20  USBDevDisconnect                     
8104f164  USBDevEndpointConfigGet              
8104efe4  USBDevEndpointConfigSet              
8104f6cc  USBDevEndpointDataAck                
8104eb9c  USBDevEndpointStall                  
8104ec2c  USBDevEndpointStallClear             
8104e934  USBDevEndpointStatusClear            
8105ebe8  USBDeviceConfig                      
8105f088  USBDeviceConfigAlternate             
81053530  USBDeviceEnumHandler                 
810537a8  USBDeviceEnumResetHandler            
81054c68  USBDeviceIntHandlerInternal          
8105330c  USBDeviceResumeTickHandler           
8104fbc8  USBDmaTxChDisable                    
8104fc20  USBDmaTxChTeardown                   
810501b8  USBEnableInt                         
810500d8  USBEnableOtgIntr                     
81050070  USBEndpointDMAChannel                
8104f4ec  USBEndpointDMADisable                
8104f484  USBEndpointDMAEnable                 
8104f554  USBEndpointDataAvail                 
8104f5c0  USBEndpointDataGet                   
8104f794  USBEndpointDataPut                   
8104f844  USBEndpointDataSend                  
8104eb34  USBEndpointDataToggleClear           
8104e858  USBEndpointStatus                    
81050030  USBFIFOAddrGet                       
8104f3cc  USBFIFOConfigGet                     
8104f314  USBFIFOConfigSet                     
8104f8bc  USBFIFOFlush                         
8104ffcc  USBFrameNumberGet                    
8104fe0c  USBHostAddrGet                       
8104fdb8  USBHostAddrSet                       
8104fa74  USBHostAutoReqClear                  
8104fa20  USBHostAutoReqSet                    
8104ed7c  USBHostEndpointConfig                
8104f738  USBHostEndpointDataAck               
8104ea18  USBHostEndpointDataToggle            
8104e8a8  USBHostEndpointStatusClear           
8104fea8  USBHostHubAddrGet                    
8104fe54  USBHostHubAddrSet                    
8104fef0  USBHostPwrConfig                     
8104ffa8  USBHostPwrDisable                    
8104ff84  USBHostPwrEnable                     
8104ff60  USBHostPwrFaultDisable               
8104ff3c  USBHostPwrFaultEnable                
8104f980  USBHostRequestIN                     
8104f9cc  USBHostRequestINClear                
8104fd9c  USBHostRequestStatus                 
8104e4e0  USBHostReset                         
8104e538  USBHostResume                        
8104e594  USBHostSpeedGet                      
8104e4b8  USBHostSuspend                       
8104fcb8  USBHostTxFifoFlush                   
8104e5f0  USBIntDisableControl                 
8104e748  USBIntDisableEndpoint                
8104e65c  USBIntEnableControl                  
8104e7a4  USBIntEnableEndpoint                 
8104e824  USBIntRegister                       
8104e6c4  USBIntStatusControl                  
8104e7f0  USBIntStatusEndpoint                 
8104e848  USBIntUnregister                     
81064a20  USBInterruptEnable                   
81050054  USBModeGet                           
81050210  USBModuleClkDisable                  
810501fc  USBModuleClkEnable                   
8104ffe4  USBOTGSessionRequest                 
81050110  USBReset                             
8104fac8  USBRxChAbort                         
81050168  USBVersionGet                        
81065788  UndefInstHandler                     
81065d90  UsbPhyOff                            
81065d28  UsbPhyOn                             
81009e60  Voltage                              
81062e00  WAV_CalculateHeader                  
8106ab38  WAV_Files                            
81066848  WAV_PostComplete                     
810666e0  _Dclass                              
8106aab8  _Denorm                              
81064f48  _Dnorm                               
8106461c  _Dscale                              
81065df0  _Dunscale                            
8106aac8  _Eps                                 
8106aab4  _Errno                               
8106aca4  _Fenv                                
8106661c  _Feraise                             
8106aad8  _Hugeval                             
8106aae8  _Inf                                 
8106aaf8  _Nan                                 
8106ab18  _Rteps                               
8106ab08  _Snan                                
8106aca8  _Tls_setup__Fenv                     
8106ab28  _Xbig                                
8106ab30  _Zero                                
87fffff8  __STACK_END                          
00000008  __STACK_SIZE                         
UNDEFED   __TI_CINIT_Base                      
UNDEFED   __TI_CINIT_Limit                     
UNDEFED   __TI_Handler_Table_Base              
UNDEFED   __TI_Handler_Table_Limit             
81066158  __TI_auto_init                       
81058174  __TI_printfi                         
80000000  __TI_static_base__                   
81065a90  __aeabi_cdcmpeq                      
81065a90  __aeabi_cdcmple                      
81065b70  __aeabi_cdrcmple                     
810664c0  __aeabi_d2iz                         
8106651c  __aeabi_d2uiz                        
81064038  __aeabi_dadd                         
810647c4  __aeabi_ddiv                         
81065458  __aeabi_dmul                         
8106402c  __aeabi_dsub                         
810666a4  __aeabi_i2d                          
81065580  __aeabi_idiv                         
81066840  __aeabi_idiv0                        
81065580  __aeabi_idivmod                      
810667f4  __aeabi_llsr                         
81065f58  __aeabi_memclr                       
81065f58  __aeabi_memclr4                      
81065f58  __aeabi_memclr8                      
81064ae0  __aeabi_memcpy                       
81064ae0  __aeabi_memcpy4                      
81064ae0  __aeabi_memcpy8                      
81065f5c  __aeabi_memset                       
81065f5c  __aeabi_memset4                      
81065f5c  __aeabi_memset8                      
81066718  __aeabi_ui2d                         
810659a0  __aeabi_uidiv                        
810659a0  __aeabi_uidivmod                     
81063350  __aeabi_uldivmod                     
ffffffff  __binit__                            
ffffffff  __c_args__                           
87fffff0  __stack                              
8104c76c  _ctypes_                             
8106ac9c  _lock                                
810667e8  _nop                                 
810667dc  _register_lock                       
810667d0  _register_unlock                     
8106aca0  _unlock                              
810661fc  atoi                                 
ffffffff  binit                                
81009faa  bss_end                              
80004000  bss_start                            
81066280  copy_in                              
810651ec  disk_initialize                      
810652c4  disk_ioctl                           
81065204  disk_read                            
81065264  disk_write                           
81009f90  dummy                                
81066578  feraiseexcept                        
81009bb8  fnRAMVectors                         
8106674c  frexp                                
8106abfe  gDMAflag                             
81009f20  g_USBInstance                        
8106ac90  g_bUSBTimerInitialized               
8106abe8  g_bytesRead                          
8106abec  g_bytesWritten                       
81009fa9  g_eMSCState                          
8104c9f0  g_pConfigString                      
8104ca49  g_pDataInterfaceString               
8104caf8  g_pLangDescriptor                    
8104cad8  g_pMSCConfigDescriptors              
8104ca32  g_pMSCInterface                      
8104ca99  g_pManufacturerString                
8104ca71  g_pProductString                     
8104cafc  g_pSerialNumberString                
8104cae0  g_pStringDescriptors                 
81009f6c  g_pfTickHandlers                     
8106ac0c  g_psMSCSections                      
81009db8  g_psUSBDevice                        
81009ea0  g_pucCommand                         
81009f78  g_pvTickInstance                     
81009f94  g_sDriveInformation                  
8104cad0  g_sMSCConfigHeader                   
8104cac0  g_sMSCConfigSection                  
8104c93c  g_sMSCDevice                         
8106ab9c  g_sMSCDeviceInfo                     
81008000  g_sMSCInstance                       
8104cac8  g_sMSCInterfaceSection               
8104c86e  g_sUSBDefaultFIFOConfig              
8106ac94  g_ulCurrentUSBTick                   
8106ac98  g_ulUSBSOFCount                      
8105d5a4  gpioContextRestore                   
8105d560  gpioContextSave                      
8106abe4  intStatus                            
81066384  ldexp                                
81066304  ltoa                                 
81063b34  main                                 
8106677c  memccpy                              
81064ae0  memcpy                               
81065f68  memset                               
81009f9c  p_CurrentScreen                      
81009fa0  p_CurrentWAVFile                     
81009fa4  p_PreviousScreen                     
810665d0  raise                                
80004000  ram_disk                             
810663fc  signal                               
810660b0  sprintf                              
8106668c  start_boot                           
810667a8  strchr                               
81066818  strlen                               


GLOBAL SYMBOLS: SORTED BY Symbol Address 

address   name                                 
-------   ----                                 
00000008  __STACK_SIZE                         
80000000  Entry                                
80000000  __TI_static_base__                   
80004000  bss_start                            
80004000  ram_disk                             
81008000  g_sMSCInstance                       
81008830  UART_RX_buffer                       
81009000  UART_TX_buffer                       
810097d0  MISC_Buffer                          
81009bb8  fnRAMVectors                         
81009db8  g_psUSBDevice                        
81009e60  Voltage                              
81009ea0  g_pucCommand                         
81009f20  g_USBInstance                        
81009f50  I2C_0_Buffers                        
81009f60  Command_String                       
81009f6c  g_pfTickHandlers                     
81009f78  g_pvTickInstance                     
81009f84  CurrentTimeDate                      
81009f8e  CurrentScreen                        
81009f8f  PreviousPreviousScreen               
81009f90  dummy                                
81009f94  g_sDriveInformation                  
81009f9c  p_CurrentScreen                      
81009fa0  p_CurrentWAVFile                     
81009fa4  p_PreviousScreen                     
81009fa8  PreviousScreen                       
81009fa9  g_eMSCState                          
81009faa  bss_end                              
81009fac  BITMAP_CharlieBeach                  
81049bac  BITMAP_TVRemote                      
8104c76c  _ctypes_                             
8104c86e  g_sUSBDefaultFIFOConfig              
8104c93c  g_sMSCDevice                         
8104c9f0  g_pConfigString                      
8104ca32  g_pMSCInterface                      
8104ca49  g_pDataInterfaceString               
8104ca71  g_pProductString                     
8104ca99  g_pManufacturerString                
8104cac0  g_sMSCConfigSection                  
8104cac8  g_sMSCInterfaceSection               
8104cad0  g_sMSCConfigHeader                   
8104cad8  g_pMSCConfigDescriptors              
8104cae0  g_pStringDescriptors                 
8104caf8  g_pLangDescriptor                    
8104cafc  g_pSerialNumberString                
8104cb10  Commands                             
8104cb20  HEADER_CharlieBeach                  
8104cb2c  HEADER_TVRemote                      
8104cb38  USBDMSCMediaChange                   
8104d154  USBDMSCInit                          
8104d188  USBDMSCCompositeInit                 
8104d498  USBDMSCTerm                          
8104e134  USBDSCSICommand                      
8104e4b8  USBHostSuspend                       
8104e4e0  USBHostReset                         
8104e538  USBHostResume                        
8104e594  USBHostSpeedGet                      
8104e5f0  USBIntDisableControl                 
8104e65c  USBIntEnableControl                  
8104e6c4  USBIntStatusControl                  
8104e748  USBIntDisableEndpoint                
8104e7a4  USBIntEnableEndpoint                 
8104e7f0  USBIntStatusEndpoint                 
8104e824  USBIntRegister                       
8104e848  USBIntUnregister                     
8104e858  USBEndpointStatus                    
8104e8a8  USBHostEndpointStatusClear           
8104e934  USBDevEndpointStatusClear            
8104ea18  USBHostEndpointDataToggle            
8104eb34  USBEndpointDataToggleClear           
8104eb9c  USBDevEndpointStall                  
8104ec2c  USBDevEndpointStallClear             
8104ecfc  USBDevConnect                        
8104ed20  USBDevDisconnect                     
8104ed44  USBDevAddrSet                        
8104ed64  USBDevAddrGet                        
8104ed7c  USBHostEndpointConfig                
8104efe4  USBDevEndpointConfigSet              
8104f164  USBDevEndpointConfigGet              
8104f314  USBFIFOConfigSet                     
8104f3cc  USBFIFOConfigGet                     
8104f484  USBEndpointDMAEnable                 
8104f4ec  USBEndpointDMADisable                
8104f554  USBEndpointDataAvail                 
8104f5c0  USBEndpointDataGet                   
8104f6cc  USBDevEndpointDataAck                
8104f738  USBHostEndpointDataAck               
8104f794  USBEndpointDataPut                   
8104f844  USBEndpointDataSend                  
8104f8bc  USBFIFOFlush                         
8104f980  USBHostRequestIN                     
8104f9cc  USBHostRequestINClear                
8104fa20  USBHostAutoReqSet                    
8104fa74  USBHostAutoReqClear                  
8104fac8  USBRxChAbort                         
8104fbc8  USBDmaTxChDisable                    
8104fc20  USBDmaTxChTeardown                   
8104fcb8  USBHostTxFifoFlush                   
8104fd9c  USBHostRequestStatus                 
8104fdb8  USBHostAddrSet                       
8104fe0c  USBHostAddrGet                       
8104fe54  USBHostHubAddrSet                    
8104fea8  USBHostHubAddrGet                    
8104fef0  USBHostPwrConfig                     
8104ff3c  USBHostPwrFaultEnable                
8104ff60  USBHostPwrFaultDisable               
8104ff84  USBHostPwrEnable                     
8104ffa8  USBHostPwrDisable                    
8104ffcc  USBFrameNumberGet                    
8104ffe4  USBOTGSessionRequest                 
81050030  USBFIFOAddrGet                       
81050054  USBModeGet                           
81050070  USBEndpointDMAChannel                
810500d8  USBEnableOtgIntr                     
81050110  USBReset                             
81050154  USBClearOtgIntr                      
81050168  USBVersionGet                        
81050170  USB0ModuleClkConfig                  
810501b8  USBEnableInt                         
810501ec  USBClearInt                          
810501fc  USBModuleClkEnable                   
81050210  USBModuleClkDisable                  
81050254  Init_LCD                             
810504e8  LCD_InterruptConfigure               
81050534  LCD_InteruptEnable                   
81050568  LCD_InteruptDisable                  
8105059c  LCD_Reset                            
810505d8  LCD_Interrupt                        
81050614  LCD_ft810memRead8                    
81050668  LCD_ft810memRead16                   
810506d8  LCD_ft810memRead32                   
81050778  LCD_ft810memWrite8                   
810507b8  LCD_ft810memWrite16                  
81050824  LCD_ft810memWrite32                  
810508c8  LCD_ft810memWriteBuffer              
810509bc  LCD_wr8                              
810509d8  LCD_wr16                             
810509f4  LCD_wr32                             
81050a10  LCD_wr8s                             
81050a84  LCD_rd8                              
81050a98  LCD_rd16                             
81050ab0  LCD_rd32                             
81050ac4  LCD_wr_buffer                        
81050c74  LCD_rd_buffer                        
81050db0  LCD_cmd                              
81050dd8  LCD_host_command                     
81050e34  LCD_IncrementWriteOffset             
81050e74  LCD_WriteCommandParameters           
81050eb0  LCD_SendRAMAddress                   
81050f2c  LCD_WaitCoprocessorDone              
81050f50  LCD_cmd_text                         
810510a8  LCD_cmd_button                       
8105121c  LCD_cmd_clock                        
810512d4  LCD_cmd_bgcolor                      
81051378  LCD_cmd_fgcolor                      
81051414  LCD_cmd_gradcolor                    
81051484  LCD_cmd_gauge                        
81051538  LCD_cmd_gradient                     
810515dc  LCD_cmd_keys                         
8105174c  LCD_cmd_progress                     
810517f8  LCD_cmd_scrollbar                    
810518b0  LCD_cmd_slider                       
8105195c  LCD_cmd_dial                         
810519f0  LCD_cmd_toggle                       
81051b60  LCD_cmd_setbase                      
81051bb8  LCD_cmd_number                       
81051c4c  LCD_cmd_memcrc                       
81051ccc  LCD_cmd_memzero                      
81051d38  LCD_cmd_memset                       
81051dbc  LCD_cmd_memwrite                     
81051e70  LCD_cmd_memcpy                       
81051ef8  LCD_cmd_append                       
81051f64  LCD_cmd_inflate                      
81052008  LCD_cmd_loadimage                    
81052074  LCD_cmd_loadidentity                 
810520b8  LCD_cmd_translate                    
81052124  LCD_cmd_scale                        
81052190  LCD_cmd_rotate                       
810521e8  LCD_cmd_setmatrix                    
8105222c  LCD_cmd_getmatrix                    
810522e8  LCD_cmd_getptr                       
81052340  LCD_cmd_getprops                     
810523d0  LCD_cmd_mediafifo                    
8105243c  LCD_cmd_playvideo                    
81052494  LCD_cmd_videostart                   
810524d8  LCD_cmd_videoframe                   
81052544  LCD_cmd_track                        
810525d8  LCD_cmd_coldstart                    
810525e8  LCD_cmd_interrupt                    
81052640  LCD_cmd_regread                      
810526ac  LCD_cmd_calibrate                    
81052704  LCD_cmd_romfont                      
81052770  LCD_cmd_setfont                      
810527dc  LCD_cmd_setfont2                     
8105285c  LCD_cmd_setscratch                   
810528b4  LCD_cmd_setrotate                    
8105290c  LCD_cmd_setbitmap                    
81052998  LCD_cmd_spinner                      
81052a1c  LCD_cmd_stop                         
81052a60  LCD_cmd_screensaver                  
81052aa4  LCD_cmd_sketch                       
81052b48  LCD_cmd_snapshot                     
81052ba0  LCD_cmd_snapshot2                    
81052c44  LCD_cmd_logo                         
81052c88  LCD_SetInterruptFlag                 
81052c98  LCD_ClearInterruptFlag               
81052ca8  LCD_GetInterruptFlag                 
81052cbc  USBDCDInit                           
81052fa0  USBDCDTerm                           
810530bc  USBDCDRequestDataEP0                 
81053134  USBDCDSendDataEP0                    
81053198  USBDCDSetDefaultConfiguration        
810531c4  USBDCDStallEP0                       
81053208  USBDCDPowerStatusSet                 
81053270  USBDCDRemoteWakeupRequest            
8105330c  USBDeviceResumeTickHandler           
81053530  USBDeviceEnumHandler                 
810537a8  USBDeviceEnumResetHandler            
81054c68  USBDeviceIntHandlerInternal          
81054ef0  UARTOperatingModeSelect              
81054f50  UARTDivisorValCompute                
81055014  UARTDivisorLatchWrite                
81055198  UARTDivisorLatchEnable               
810551bc  UARTDivisorLatchDisable              
810551e0  UARTRegConfigModeEnable              
81055258  UARTRegConfModeRestore               
81055278  UARTBreakCtl                         
810552bc  UARTLineCharacConfig                 
81055334  UARTParityModeSet                    
81055378  UARTParityModeGet                    
81055394  UARTFIFOConfig                       
81055758  UARTDMAEnable                        
810557b4  UARTDMADisable                       
810557ec  UARTFIFORegisterWrite                
81055878  UARTEnhanFuncEnable                  
810558d8  UARTEnhanFuncBitValRestore           
8105593c  UARTSubConfigMSRSPRModeEn            
81055a14  UARTSubConfigTCRTLRModeEn            
81055aec  UARTSubConfigXOFFModeEn              
81055bc4  UARTTCRTLRBitValRestore              
81055ca0  UARTIntEnable                        
81055d84  UARTIntDisable                       
81055e4c  UARTSpaceAvail                       
81055ea0  UARTCharsAvail                       
81055ef4  UARTCharPutNonBlocking               
81055f60  UARTCharGetNonBlocking               
81055fb8  UARTCharGet                          
81056010  UARTCharGetTimeout                   
810560a0  UARTCharPut                          
810560f4  UARTFIFOCharPut                      
81056114  UARTFIFOCharGet                      
81056130  UARTFIFOWrite                        
8105619c  UARTRxErrorGet                       
810561e8  UARTIntIdentityGet                   
81056234  UARTIntPendingStatusGet              
81056288  UARTFIFOEnableStatusGet              
810562dc  UARTAutoRTSAutoCTSControl            
81056368  UARTSpecialCharDetectControl         
810563cc  UARTSoftwareFlowCtrlOptSet           
81056430  UARTPulseShapingControl              
81056474  UARTModuleReset                      
810564a8  UARTIdleModeConfigure                
810564ec  UARTWakeUpControl                    
81056530  UARTAutoIdleModeControl              
81056574  UARTFlowCtrlTrigLvlConfig            
810565c4  UARTXON1XOFF1ValProgram              
810565f4  UARTXON2XOFF2ValProgram              
81056624  UARTXONAnyFeatureControl             
810566e8  UARTLoopbackModeControl              
8105672c  UARTModemControlSet                  
8105675c  UARTModemControlClear                
8105678c  UARTModemStatusGet                   
810567a8  UARTModemStatusChangeCheck           
810567c4  UARTResumeOperation                  
810567dc  UARTWakeUpEventsEnable               
8105680c  UARTWakeUpEventsDisable              
8105683c  UARTFIFOTrigLvlGranControl           
810568a0  UARTDSRInterruptControl              
810568e4  UARTTxEmptyIntControl                
81056928  UARTRXCTSDSRWakeUpConfigure          
8105696c  UARTRXCTSDSRTransitionStatusGet      
81056988  UARTDMACounterResetControl           
810569cc  UARTTxFIFOFullStatusGet              
810569e8  UARTTxFIFOLevelGet                   
81056a00  UARTRxFIFOLevelGet                   
81056a18  UARTAutobaudParityGet                
81056a64  UARTAutobaudWordLenGet               
81056ab0  UARTAutobaudSpeedGet                 
81056afc  UARTScratchPadRegWrite               
81056b40  UARTScratchPadRegRead                
81056b5c  UARTModuleVersionNumberGet           
81056b78  UARTTxDMAThresholdControl            
81056bbc  UARTTxDMAThresholdValConfig          
81058174  __TI_printfi                         
81058670  RTCRun                               
810586b4  RTCStop                              
81058718  RTCWriteProtectEnable                
81058740  RTCWriteProtectDisable               
81058768  RTCIntAlarmEnable                    
8105879c  RTCIntAlarmDisable                   
810587d0  RTCIntTimerEnable                    
81058824  RTCIntTimerDisable                   
81058858  RTCBusyStatusGet                     
81058874  RTCRunStatusGet                      
81058890  RTCAlarmIntStatusGet                 
810588ac  RTCAlarmIntStatusClear               
810588d0  RTCEventUpdateGet                    
810588ec  RTCMinRoundingEnable                 
81058930  RTCMinRoundingDisable                
81058984  RTCAutoCompEnable                    
810589c8  RTCAutoCompDisable                   
81058a1c  RTCHourModeSet                       
81058aa0  RTCHourModeGet                       
81058abc  RTCSet32CounterEnable                
81058b28  RTCSet32CounterDisable               
81058ba4  RTCDisable                           
81058be8  RTCEnable                            
81058c50  RTCEnableStatus                      
81058c6c  RTCSplitPwrEnable                    
81058c90  RTCSplitPwrDisable                   
81058cb4  RTCSecondSet                         
81058ce8  RTCSecondGet                         
81058d04  RTCMinuteSet                         
81058d38  RTCMinuteGet                         
81058d54  RTCHourSet                           
81058d88  RTCHourGet                           
81058da4  RTCMeridiemSet                       
81058de4  RTCMeridiemGet                       
81058e00  RTCDayOfMonthSet                     
81058e34  RTCDayOfMonthGet                     
81058e50  RTCMonthSet                          
81058e84  RTCMonthGet                          
81058ea0  RTCYearSet                           
81058ed4  RTCYearGet                           
81058ef0  RTCDayOfTheWeekSet                   
81058f24  RTCDayOfTheWeekGet                   
81058f40  RTCTimeSet                           
81058fdc  RTCTimeGet                           
8105908c  RTCCalendarSet                       
810590fc  RTCCalendarGet                       
81059174  RTCAlarmSecondSet                    
810591a8  RTCAlarmSecondGet                    
810591c4  RTCAlarmMinuteSet                    
810591f8  RTCAlarmMinuteGet                    
81059214  RTCAlarmHourSet                      
81059248  RTCAlarmHourGet                      
81059264  RTCAlarmHourMeridiemSet              
810592a4  RTCAlarmHourMeridiemGet              
810592c0  RTCAlarmTimeSet                      
81059328  RTCAlarmTimeGet                      
810593e8  RTCAlarmDayOfMonthSet                
8105941c  RTCAlarmDayOfMonthGet                
81059438  RTCAlarmMonthSet                     
8105946c  RTCAlarmMonthGet                     
81059488  RTCAlarmYearSet                      
810594bc  RTCAlarmYearGet                      
810594d8  RTCAlarmCalendarSet                  
81059538  RTCAlarmCalendarGet                  
81059598  RTCCompensationSet                   
810595dc  RTCCompensationGet                   
81059620  RTCScratchPadSet                     
81059660  RTCScratchPadGet                     
81059698  RTCSoftwareReset                     
810596bc  RTCRevisionIDGet                     
810596d4  RTCIdleModeConfigure                 
81059720  RTCWakeUpAlarmEventControl           
81059764  RTCWakeUpTimerEventControl           
810597a8  RTCTestModeControl                   
810597ec  RTC32KClkSourceSelect                
81059850  RTC32KClkClockControl                
81059894  RTCOscillatorStateControl            
810598d8  RTCFeedbackResistanceSelect          
8105991c  RTCConfigPmicPowerEnable             
81059960  RTCConfigPmicExtWakePolarity         
810599c0  RTCConfigPmicExtWake                 
81059a18  RTCConfigPmicExtWakeDebounce         
81059a78  RTCPmicExtWakeStatusClear            
81059ab4  RTCIntAlarm2Enable                   
81059ae8  RTCAlarm2IntStatusGet                
81059b04  RTCAlarm2IntStatusClear              
81059b28  RTCAlarm2TimeSet                     
81059b90  RTCAlarm2CalendarSet                 
[...]
8105dd58  I2CAutoIdleDisable                   
8105dd7c  I2CGlobalWakeUpEnable                
8105dda0  I2CGlobalWakeUpDisable               
8105ddc4  I2CIdleModeSelect                    
8105de04  I2CClockActivitySelect               
8105de44  I2CWakeUpEnable                      
8105ded0  I2CWakeUpDisable                     
8105df5c  I2CSystemStatusGet                   
8105df78  I2CMasterDataPut                     
8105df98  I2CMasterDataGet                     
8105dfb8  I2CContextSave                       
8105e00c  I2CContextRestore                    
8105e0e0  I2C0ModuleClkConfig                  
8105e144  MSC_BufferCopy                       
8105e1bc  MSC_LowercaseChar                    
8105e1f8  MSC_DelayUS                          
8105e284  MSC_DelayNOP                         
8105e2bc  MSC_Round                            
8105e2f0  MSC_HEXtoBCD                         
8105e3a4  MSC_BCDtoHEX                         
8105e448  MSC_EndianShort                      
8105e484  MSC_EndianShortArray                 
8105e4c8  MSC_EndianLong                       
8105e534  MSC_EndianLongArray                  
8105e5c4  MSC_ReverseByte                      
8105e688  MISC_CRC_CRC16                       
8105e8ac  MISC_Calculate_CRC16                 
8105ebe8  USBDeviceConfig                      
8105f088  USBDeviceConfigAlternate             
8105f24c  DMTimerEnable                        
8105f28c  DMTimerDisable                       
8105f2cc  DMTimerModeConfigure                 
8105f34c  DMTimerPreScalerClkEnable            
8105f3cc  DMTimerPreScalerClkDisable           
8105f40c  DMTimerCounterSet                    
8105f448  DMTimerCounterGet                    
8105f47c  DMTimerReloadSet                     
8105f4b8  DMTimerReloadGet                     
8105f4d0  DMTimerGPOConfigure                  
8105f550  DMTimerCompareSet                    
8105f58c  DMTimerCompareGet                    
8105f5a4  DMTimerIntRawStatusSet               
8105f5c8  DMTimerIntRawStatusGet               
8105f5e0  DMTimerIntStatusGet                  
8105f5f8  DMTimerIntStatusClear                
8105f61c  DMTimerIntEnable                     
8105f640  DMTimerIntDisable                    
8105f664  DMTimerTriggerSet                    
8105f69c  DMTimerIntEnableGet                  
8105f6b4  DMTimerResetConfigure                
8105f6f8  DMTimerReset                         
8105f72c  DMTimerContextSave                   
8105f7ac  DMTimerContextRestore                
8105f88c  DMTimerPostedModeConfig              
8105f8d0  DMTimerWritePostedStatusGet          
8105f8e8  DMTimer2ModuleClkConfig              
8105f954  DMTimer3ModuleClkConfig              
8105f9d4  Init_FRAM                            
8105fad4  FRAM_LoadSettings                    
8105faf0  FRAM_SaveSettings                    
8105fb1c  FRAM_WriteEnable                     
8105fb58  FRAM_WriteDisable                    
8105fb94  FRAM_WriteStatusRegister             
8105fbd8  FRAM_ReadStatusRegister              
8105fc18  FRAM_WriteMemory                     
8105fd04  FRAM_ReadMemory                      
8105fdf0  FRAM_WriteRead                       
8105fee4  FRAM_WriteProtect                    
8105ff20  FRAM_Hold                            
8105ff5c  FRAM_CalculateCRC                    
8105ff74  FRAM_LoadDefaultSettings             
8105fff0  FRAM_Test                            
81060098  GPIO_3A_ISR                          
810600d4  UART_0_ISR                           
81060274  TMR_2_ISR                            
81060358  TMR_3_ISR                            
81060390  RTC_ISR                              
810603a4  I2C_0_ISR                            
81060518  ADC_0_ISR                            
81060598  SPI_1_ISR                            
81060784  USBDCDConfigDescGetSize              
810607ec  USBDCDConfigDescGetNum               
81060878  USBDCDConfigDescGet                  
81060978  USBDCDConfigGetNumAlternateInterfaces
81060a14  USBDCDConfigGetInterface             
81060a6c  USBDCDConfigGetInterfaceEndpoint     
81060b40  Init_Audio                           
81060b54  AUD_PlayWAV                          
81060c1c  AUD_StopWAV                          
81060c48  AUD_SetPlayingFlag                   
81060c58  AUD_ClearPlayingFlag                 
81060c68  AUD_GetPlayingFlag                   
81060c74  AUD_TransferWAVToRAMG                
81060ed8  AUD_SetPlaybackFinishedFlag          
81060ee8  AUD_ClearPlaybackFinishedFlag        
81060f04  AUD_GetPlaybackFinishedFlag          
81060f10  AUD_SetTimoutFlag                    
81060f20  AUD_ClearTimoutFlag                  
81060f30  AUD_GetTimoutFlag                    
81060f3c  AUD_IsWAVPlaying                     
81060f54  AUD_TestAudio                        
81060fb0  AUD_AmpShutdown                      
81061058  Init_SPI                             
81061068  Init_SPI_Module1                     
81061214  Init_SPI_Module0                     
81061324  SPI_INTCConfigure1                   
81061350  SPI_WriteByte0                       
810613ac  SPI_WriteByte1                       
81061408  SPI_ReadWriteByte0                   
81061464  SPI_ReadWriteByte1                   
810614c0  SPI_WriteByteNoRx0                   
810614f4  SPI_WriteByteNoRx1                   
81061568  Init_UART                            
810615b8  UART_Module0ClkConfig                
81061600  UART_PrintChar                       
81061614  UART_PrintBuffer                     
81061660  UART_PrintString                     
81061698  UART_FIFOConfigure                   
810616bc  UART_BaudRateSet                     
810616f4  UART_LineCharacSet                   
81061738  UART_Configure                       
81061784  UART_InterruptConfigure0             
810617b0  UART_AddToRXBuffer                   
810618e0  UART_AddToTXBuffer                   
8106198c  UART_GetTXInterruptStatus            
81061a08  Init_GPIO                            
81061c98  GPIO_Module0ClkConfig                
81061d00  GPIO_Module1ClkConfig                
81061d68  GPIO_Module2ClkConfig                
81061dd0  GPIO_Module3ClkConfig                
81061ea0  CP15ICacheDisable                    
81061ebc  CP15DCacheDisable                    
81061ed8  CP15ICacheEnable                     
81061ee8  CP15DCacheEnable                     
81061ef8  CP15DCacheFlush                      
81061f8c  CP15DCacheClean                      
81062020  CP15DCacheCleanFlush                 
810620b4  CP15ICacheFlush                      
810620c4  CP15DCacheCleanBuff                  
81062118  CP15DCacheCleanFlushBuff             
8106216c  CP15DCacheFlushBuff                  
810621d0  CP15ICacheFlushBuff                  
81062224  CP15Ttb0Set                          
81062230  CP15TlbInvalidate                    
8106223c  CP15MMUDisable                       
81062254  CP15MMUEnable                        
81062268  CP15VectorBaseAddrSet                
81062274  CP15BranchPredictorInvalidate        
81062280  CP15BranchPredictionEnable           
81062290  CP15BranchPredictionDisable          
810622a0  CP15DomainAccessClientSet            
810622b0  CP15ControlFeatureDisable            
810622c4  CP15ControlFeatureEnable             
810622d8  CP15TtbCtlTtb0Config                 
810622e8  CP15AuxControlFeatureEnable          
810622fc  CP15AuxControlFeatureDisable         
81062310  CP15MainIdPrimPartNumGet             
8106232c  IntRegister                          
81062350  IntUnRegister                        
81062370  IntAINTCInit                         
810623e0  IntPrioritySet                       
81062418  IntSystemEnable                      
8106244c  IntSystemDisable                     
81062480  IntIfClkFreeRunSet                   
81062494  IntIfClkAutoGateSet                  
810624a8  IntActiveIrqNumGet                   
810624b8  IntSpurIrqFlagGet                    
810624cc  IntProtectionEnable                  
810624dc  IntProtectionDisable                 
810624f0  IntSyncClkFreeRunSet                 
81062504  IntSyncClkAutoGateSet                
81062518  IntFuncClkFreeRunSet                 
8106252c  IntFuncClkAutoGateSet                
81062540  IntCurrIrqPriorityGet                
81062550  IntPriorityThresholdGet              
81062560  IntPriorityThresholdSet              
81062580  IntRawStatusGet                      
810625c0  IntSoftwareIntSet                    
810625f0  IntSoftwareIntClear                  
81062620  IntPendingIrqMaskedStatusGet         
8106265c  IntMasterIRQEnable                   
81062668  IntMasterIRQDisable                  
81062674  IntMasterFIQEnable                   
81062680  IntMasterFIQDisable                  
8106268c  IntMasterStatusGet                   
81062698  IntDisable                           
810626b0  IntEnable                            
8106270c  USBDescGetNum                        
810627b8  USBDescGet                           
81062880  USBDescGetNumAlternateInterfaces     
810629dc  USBDescGetInterface                  
81062a28  USBDescGetInterfaceEndpoint          
81062a6c  Init_RTC                             
81062adc  RTC_InterruptConfigure               
81062b08  RTC_SetFlag                          
81062b18  RTC_ClearFlag                        
81062b28  RTC_GetFlag                          
81062b34  RTC_SetTimeDate                      
81062c18  RTC_GetTimeDate                      
81062cf4  RTC_ModuleClkConfig                  
81062da8  Init_WAV                             
81062e00  WAV_CalculateHeader                  
81063090  Init_LED                             
81063094  LED_Show                             
81063350  __aeabi_uldivmod                     
81063608  Init_ADC                             
810637bc  ADC_ConfigureInterrupt               
810637e8  ADC_ReadChannels                     
81063864  ADC_SetFinishedFlag                  
81063874  ADC_ClearFinishedFlag                
81063884  ADC_GetFinishedFlag                  
810638a4  Init_I2C                             
810638b0  Init_I2C_Module0                     
810638f8  I2C_InterruptConfigure0              
81063924  I2C_SendReceiveData0                 
81063ad8  I2C_SetFailFlag0                     
81063ae8  I2C_ClearFailFlag0                   
81063af8  I2C_GetFailFlag0                     
81063b34  main                                 
81063dc4  Init_Timers                          
81063dd4  Init_Timer2                          
81063e4c  Init_Timer3                          
81063eb8  TMR_CalculateReload                  
81063f04  TMR_InterruptConfigure2              
81063f30  TMR_InterruptConfigure3              
81063f5c  TMR_GetNewScreenTagTimerEnabled      
81063f68  TMR_SetNewScreenTagTimerEnabled      
81063fa0  TMR_ResetNewScreenTagTimer           
81063fb0  TMR_ResetAudioPlaybackTimer          
81063fc0  TMR_ResetBacklightTimer              
81063fd0  TMR_SetMISCTimerFlag                 
81063fe0  TMR_ClearMISCTimerFlag               
81063ff0  TMR_GetMISCTimerFlag                 
8106402c  __aeabi_dsub                         
81064038  __aeabi_dadd                         
81064240  Init_Test                            
81064290  TEST_Setpoint1                       
810642cc  TEST_Setpoint2                       
81064308  TEST_Setpoint3                       
81064344  TEST_Togglepoint1                    
81064394  TEST_Togglepoint2                    
810643e4  TEST_Togglepoint3                    
81064444  InitCMD                              
81064454  CMD_CheckMatch                       
810645c0  CMD_Help                             
810645d0  CMD_SetNewCommand                    
810645e0  CMD_ClearNewCommand                  
810645f0  CMD_GetNewCommand                    
8106461c  _Dscale                              
810647c4  __aeabi_ddiv                         
81064954  Init_USB                             
810649b4  RxHandler                            
810649d4  TxHandler                            
81064a20  USBInterruptEnable                   
81064a30  USBDMSCEventCallback                 
81064ae0  __aeabi_memcpy                       
81064ae0  __aeabi_memcpy4                      
81064ae0  __aeabi_memcpy8                      
81064ae0  memcpy                               
81064c60  Init_Power                           
81064c6c  PWR_ReadVoltages                     
81064dd8  MMUInit                              
81064e38  MMUMemRegionMap                      
81064f2c  MMUEnable                            
81064f48  _Dnorm                               
810650a8  InternalUSBTickInit                  
8106511c  InternalUSBRegisterTickHandler       
81065154  InternalUSBStartOfFrameTick          
810651ec  disk_initialize                      
81065204  disk_read                            
81065264  disk_write                           
810652c4  disk_ioctl                           
81065328  CacheDisable                         
8106536c  CacheEnable                          
810653b8  CacheInstInvalidateAll               
810653c4  CacheInstInvalidateBuff              
810653e0  CacheDataCleanInvalidateAll          
810653ec  CacheDataCleanAll                    
810653f8  CacheDataInvalidateAll               
81065404  CacheDataCleanBuff                   
81065420  CacheDataInvalidateBuff              
8106543c  CacheDataCleanInvalidateBuff         
81065458  __aeabi_dmul                         
81065580  __aeabi_idiv                         
81065580  __aeabi_idivmod                      
810656b0  SVC_Handler                          
810656d8  IRQHandler                           
81065784  FIQHandler                           
81065788  AbortHandler                         
81065788  UndefInstHandler                     
810657a0  Init_Modules                         
810658a8  USB0DeviceIntHandler                 
81065920  USB1DeviceIntHandler                 
810659a0  __aeabi_uidiv                        
810659a0  __aeabi_uidivmod                     
81065a90  __aeabi_cdcmpeq                      
81065a90  __aeabi_cdcmple                      
81065b70  __aeabi_cdrcmple                     
81065c50  USBDMSCStorageOpen                   
81065c70  USBDMSCStorageClose                  
81065c8c  USBDMSCStorageRead                   
81065cc4  USBDMSCStorageWrite                  
81065cfc  USBDMSCStorageNumBlocks              
81065d28  UsbPhyOn                             
81065d90  UsbPhyOff                            
81065df0  _Dunscale                            
81065ea8  Init_PMIC                            
81065ec8  PMIC_ReadRegister                    
81065f08  PMIC_WriteRegister                   
81065f58  __aeabi_memclr                       
81065f58  __aeabi_memclr4                      
81065f58  __aeabi_memclr8                      
81065f5c  __aeabi_memset                       
81065f5c  __aeabi_memset4                      
81065f5c  __aeabi_memset8                      
81065f68  memset                               
81066008  MMU_ConfigAndEnable                  
810660b0  sprintf                              
81066158  __TI_auto_init                       
810661fc  atoi                                 
81066280  copy_in                              
81066304  ltoa                                 
81066384  ldexp                                
810663fc  signal                               
81066460  CPUirqe                              
81066470  CPUirqd                              
81066480  CPUfiqe                              
81066490  CPUfiqd                              
810664a0  CPUSwitchToUserMode                  
810664b4  CPUSwitchToPrivilegedMode            
810664bc  CPUAbortHandler                      
810664c0  __aeabi_d2iz                         
8106651c  __aeabi_d2uiz                        
81066578  feraiseexcept                        
810665d0  raise                                
8106661c  _Feraise                             
8106668c  start_boot                           
810666a4  __aeabi_i2d                          
810666e0  _Dclass                              
81066718  __aeabi_ui2d                         
8106674c  frexp                                
8106677c  memccpy                              
810667a8  strchr                               
810667d0  _register_unlock                     
810667dc  _register_lock                       
810667e8  _nop                                 
810667f4  __aeabi_llsr                         
81066818  strlen                               
81066834  CPUIntStatus                         
81066840  __aeabi_idiv0                        
81066848  WAV_PostComplete                     
8106a504  Screens                              
8106aab4  _Errno                               
8106aab8  _Denorm                              
8106aac8  _Eps                                 
8106aad8  _Hugeval                             
8106aae8  _Inf                                 
8106aaf8  _Nan                                 
8106ab08  _Snan                                
8106ab18  _Rteps                               
8106ab28  _Xbig                                
8106ab30  _Zero                                
8106ab38  WAV_Files                            
8106ab9b  NumCommand                           
8106ab9c  g_sMSCDeviceInfo                     
8106abe4  intStatus                            
8106abe8  g_bytesRead                          
8106abec  g_bytesWritten                       
8106abfe  gDMAflag                             
8106ac0c  g_psMSCSections                      
8106ac16  RAM_CMD_Offset                       
8106ac18  FT_DispWidth                         
8106ac1a  FT_DispHeight                        
8106ac1c  FT_DispHCycle                        
8106ac1e  FT_DispHOffset                       
8106ac20  FT_DispHSync0                        
8106ac22  FT_DispHSync1                        
8106ac24  FT_DispVCycle                        
8106ac26  FT_DispVOffset                       
8106ac28  FT_DispVSync0                        
8106ac2a  FT_DispVSync1                        
8106ac2c  FT_DispPCLK                          
8106ac2e  FT_DispSwizzle                       
8106ac30  FT_DispPCLKPol                       
8106ac32  FT_DispCSpread                       
8106ac34  FT_DispDither                        
8106ac36  BackLightSetting                     
8106ac37  CurrentSystemSettings                
8106ac5c  AudioBytesTransferred                
8106ac60  AUD_AudioTimeoutCount                
8106ac64  LastWritePointerAddress              
8106ac6c  TMR_NewScreenTagTimer                
8106ac70  TMR_AudioPlaybackTimer               
8106ac74  TMR_BacklightTimer                   
8106ac7a  DefaultTimeDate                      
8106ac84  UART_RX_place                        
8106ac88  UART_TX_add                          
8106ac8c  UART_TX_remove                       
8106ac90  g_bUSBTimerInitialized               
8106ac94  g_ulCurrentUSBTick                   
8106ac98  g_ulUSBSOFCount                      
8106ac9c  _lock                                
8106aca0  _unlock                              
8106aca4  _Fenv                                
8106aca8  _Tls_setup__Fenv                     
87fffff0  __stack                              
87fffff8  __STACK_END                          
ffffffff  __binit__                            
ffffffff  __c_args__                           
ffffffff  binit                                
UNDEFED   SHT$$INIT_ARRAY$$Base                
UNDEFED   SHT$$INIT_ARRAY$$Limit               
UNDEFED   __TI_CINIT_Base                      
UNDEFED   __TI_CINIT_Limit                     
UNDEFED   __TI_Handler_Table_Base              
UNDEFED   __TI_Handler_Table_Limit             

[980 symbols]
