<?xml version="1.0"?>
<link_info>
   <banner>TI ARM Linker PC v5.2.6</banner>
   <copyright>Copyright (c) 1996-2015 Texas Instruments Incorporated</copyright>
   <link_time>0x572be883</link_time>
   <link_errors>0x0</link_errors>
   <output_file>BeagleBone_Smart_Controler.out</output_file>
   <entry_point>
      <name>Entry</name>
      <address>0x80000000</address>
   </entry_point>
   <input_file_list>
      <input_file id="fl-2">
         <path>.\</path>
         <kind>object</kind>
         <file>ADC.obj</file>
         <name>ADC.obj</name>
      </input_file>
      <input_file id="fl-3">
         <path>.\</path>
         <kind>object</kind>
         <file>AUDIO.obj</file>
         <name>AUDIO.obj</name>
      </input_file>
      <input_file id="fl-4">
         <path>.\</path>
         <kind>object</kind>
         <file>BMP.obj</file>
         <name>BMP.obj</name>
      </input_file>
      <input_file id="fl-5">
         <path>.\</path>
         <kind>object</kind>
         <file>CMD.obj</file>
         <name>CMD.obj</name>
      </input_file>
      <input_file id="fl-6">
         <path>.\</path>
         <kind>object</kind>
         <file>EMMC.obj</file>
         <name>EMMC.obj</name>
      </input_file>
      <input_file id="fl-7">
         <path>.\</path>
         <kind>object</kind>
         <file>FRAM.obj</file>
         <name>FRAM.obj</name>
      </input_file>
      <input_file id="fl-8">
         <path>.\</path>
         <kind>object</kind>
         <file>GPIO.obj</file>
         <name>GPIO.obj</name>
      </input_file>
      <input_file id="fl-9">
         <path>.\</path>
         <kind>object</kind>
         <file>GUI.obj</file>
         <name>GUI.obj</name>
      </input_file>
      <input_file id="fl-a">
         <path>.\</path>
         <kind>object</kind>
         <file>I2C.obj</file>
         <name>I2C.obj</name>
      </input_file>
      <input_file id="fl-b">
         <path>.\</path>
         <kind>object</kind>
         <file>INTERRUPTS.obj</file>
         <name>INTERRUPTS.obj</name>
      </input_file>
      <input_file id="fl-c">
         <path>.\</path>
         <kind>object</kind>
         <file>IR.obj</file>
         <name>IR.obj</name>
      </input_file>
      <input_file id="fl-d">
         <path>.\</path>
         <kind>object</kind>
         <file>LCD.obj</file>
         <name>LCD.obj</name>
      </input_file>
      <input_file id="fl-e">
         <path>.\</path>
         <kind>object</kind>
         <file>LEDS.obj</file>
         <name>LEDS.obj</name>
      </input_file>
      <input_file id="fl-f">
         <path>.\</path>
         <kind>object</kind>
         <file>MEMORY.obj</file>
         <name>MEMORY.obj</name>
      </input_file>
      <input_file id="fl-10">
         <path>.\</path>
         <kind>object</kind>
         <file>MISC.obj</file>
         <name>MISC.obj</name>
      </input_file>
      <input_file id="fl-11">
         <path>.\</path>
         <kind>object</kind>
         <file>PMIC.obj</file>
         <name>PMIC.obj</name>
      </input_file>
      <input_file id="fl-12">
         <path>.\</path>
         <kind>object</kind>
         <file>POWER.obj</file>
         <name>POWER.obj</name>
      </input_file>
      <input_file id="fl-13">
         <path>.\</path>
         <kind>object</kind>
         <file>PWM.obj</file>
         <name>PWM.obj</name>
      </input_file>
      <input_file id="fl-14">
         <path>.\</path>
         <kind>object</kind>
         <file>RF.obj</file>
         <name>RF.obj</name>
      </input_file>
      <input_file id="fl-15">
         <path>.\</path>
         <kind>object</kind>
         <file>RTCC.obj</file>
         <name>RTCC.obj</name>
      </input_file>
      <input_file id="fl-16">
         <path>.\</path>
         <kind>object</kind>
         <file>SD.obj</file>
         <name>SD.obj</name>
      </input_file>
      <input_file id="fl-17">
         <path>.\</path>
         <kind>object</kind>
         <file>SPI.obj</file>
         <name>SPI.obj</name>
      </input_file>
      <input_file id="fl-18">
         <path>.\</path>
         <kind>object</kind>
         <file>SYSTEM.obj</file>
         <name>SYSTEM.obj</name>
      </input_file>
      <input_file id="fl-19">
         <path>.\</path>
         <kind>object</kind>
         <file>TEST.obj</file>
         <name>TEST.obj</name>
      </input_file>
      <input_file id="fl-1a">
         <path>.\</path>
         <kind>object</kind>
         <file>TIMERS.obj</file>
         <name>TIMERS.obj</name>
      </input_file>
      <input_file id="fl-1b">
         <path>.\</path>
         <kind>object</kind>
         <file>UART.obj</file>
         <name>UART.obj</name>
      </input_file>
      <input_file id="fl-1c">
         <path>.\</path>
         <kind>object</kind>
         <file>USB.obj</file>
         <name>USB.obj</name>
      </input_file>
      <input_file id="fl-1d">
         <path>.\</path>
         <kind>object</kind>
         <file>WAV.obj</file>
         <name>WAV.obj</name>
      </input_file>
      <input_file id="fl-1e">
         <path>.\</path>
         <kind>object</kind>
         <file>main.obj</file>
         <name>main.obj</name>
      </input_file>
      <input_file id="fl-1f">
         <path>.\fatfs\ff12\src\</path>
         <kind>object</kind>
         <file>ff.obj</file>
         <name>ff.obj</name>
      </input_file>
      <input_file id="fl-20">
         <path>.\WAV_Audio\</path>
         <kind>object</kind>
         <file>WAV_POST_COMPLETE.obj</file>
         <name>WAV_POST_COMPLETE.obj</name>
      </input_file>
      <input_file id="fl-21">
         <path>.\Bitmaps\</path>
         <kind>object</kind>
         <file>BITMAP_CHARLIE_BEACH.obj</file>
         <name>BITMAP_CHARLIE_BEACH.obj</name>
      </input_file>
      <input_file id="fl-22">
         <path>.\Bitmaps\</path>
         <kind>object</kind>
         <file>BITMAP_TV_REMOTE.obj</file>
         <name>BITMAP_TV_REMOTE.obj</name>
      </input_file>
      <input_file id="fl-23">
         <path>.\Bitmaps\</path>
         <kind>object</kind>
         <file>BITMAP_USB_SYMBOL.obj</file>
         <name>BITMAP_USB_SYMBOL.obj</name>
      </input_file>
      <input_file id="fl-24">
         <path>.\AM335X_StarterWare_02_00_01_01\drivers\</path>
         <kind>object</kind>
         <file>cache.obj</file>
         <name>cache.obj</name>
      </input_file>
      <input_file id="fl-25">
         <path>.\AM335X_StarterWare_02_00_01_01\drivers\</path>
         <kind>object</kind>
         <file>dmtimer.obj</file>
         <name>dmtimer.obj</name>
      </input_file>
      <input_file id="fl-26">
         <path>.\AM335X_StarterWare_02_00_01_01\drivers\</path>
         <kind>object</kind>
         <file>gpio_v2.obj</file>
         <name>gpio_v2.obj</name>
      </input_file>
      <input_file id="fl-27">
         <path>.\AM335X_StarterWare_02_00_01_01\drivers\</path>
         <kind>object</kind>
         <file>hs_mmcsdlib.obj</file>
         <name>hs_mmcsdlib.obj</name>
      </input_file>
      <input_file id="fl-28">
         <path>.\AM335X_StarterWare_02_00_01_01\drivers\</path>
         <kind>object</kind>
         <file>hsi2c.obj</file>
         <name>hsi2c.obj</name>
      </input_file>
      <input_file id="fl-29">
         <path>.\AM335X_StarterWare_02_00_01_01\drivers\</path>
         <kind>object</kind>
         <file>interrupt.obj</file>
         <name>interrupt.obj</name>
      </input_file>
      <input_file id="fl-2a">
         <path>.\AM335X_StarterWare_02_00_01_01\drivers\</path>
         <kind>object</kind>
         <file>mcspi.obj</file>
         <name>mcspi.obj</name>
      </input_file>
      <input_file id="fl-2b">
         <path>.\AM335X_StarterWare_02_00_01_01\drivers\</path>
         <kind>object</kind>
         <file>mmcsd_proto.obj</file>
         <name>mmcsd_proto.obj</name>
      </input_file>
      <input_file id="fl-2c">
         <path>.\AM335X_StarterWare_02_00_01_01\drivers\</path>
         <kind>object</kind>
         <file>mmu.obj</file>
         <name>mmu.obj</name>
      </input_file>
      <input_file id="fl-2d">
         <path>.\AM335X_StarterWare_02_00_01_01\drivers\</path>
         <kind>object</kind>
         <file>ramdisk.obj</file>
         <name>ramdisk.obj</name>
      </input_file>
      <input_file id="fl-2e">
         <path>.\AM335X_StarterWare_02_00_01_01\drivers\</path>
         <kind>object</kind>
         <file>rtc.obj</file>
         <name>rtc.obj</name>
      </input_file>
      <input_file id="fl-2f">
         <path>.\AM335X_StarterWare_02_00_01_01\drivers\</path>
         <kind>object</kind>
         <file>tsc_adc.obj</file>
         <name>tsc_adc.obj</name>
      </input_file>
      <input_file id="fl-30">
         <path>.\AM335X_StarterWare_02_00_01_01\drivers\</path>
         <kind>object</kind>
         <file>uart_irda_cir.obj</file>
         <name>uart_irda_cir.obj</name>
      </input_file>
      <input_file id="fl-31">
         <path>.\AM335X_StarterWare_02_00_01_01\drivers\</path>
         <kind>object</kind>
         <file>usb_msc_structs.obj</file>
         <name>usb_msc_structs.obj</name>
      </input_file>
      <input_file id="fl-32">
         <path>.\AM335X_StarterWare_02_00_01_01\drivers\</path>
         <kind>object</kind>
         <file>usbdata.obj</file>
         <name>usbdata.obj</name>
      </input_file>
      <input_file id="fl-33">
         <path>.\AM335X_StarterWare_02_00_01_01\drivers\</path>
         <kind>object</kind>
         <file>usbdcdesc.obj</file>
         <name>usbdcdesc.obj</name>
      </input_file>
      <input_file id="fl-34">
         <path>.\AM335X_StarterWare_02_00_01_01\drivers\</path>
         <kind>object</kind>
         <file>usbdconfig.obj</file>
         <name>usbdconfig.obj</name>
      </input_file>
      <input_file id="fl-35">
         <path>.\AM335X_StarterWare_02_00_01_01\drivers\</path>
         <kind>object</kind>
         <file>usbdenum.obj</file>
         <name>usbdenum.obj</name>
      </input_file>
      <input_file id="fl-36">
         <path>.\AM335X_StarterWare_02_00_01_01\drivers\</path>
         <kind>object</kind>
         <file>usbdesc.obj</file>
         <name>usbdesc.obj</name>
      </input_file>
      <input_file id="fl-37">
         <path>.\AM335X_StarterWare_02_00_01_01\drivers\</path>
         <kind>object</kind>
         <file>usbdhandler.obj</file>
         <name>usbdhandler.obj</name>
      </input_file>
      <input_file id="fl-38">
         <path>.\AM335X_StarterWare_02_00_01_01\drivers\</path>
         <kind>object</kind>
         <file>usbdmsc.obj</file>
         <name>usbdmsc.obj</name>
      </input_file>
      <input_file id="fl-39">
         <path>.\AM335X_StarterWare_02_00_01_01\drivers\</path>
         <kind>object</kind>
         <file>usbdmscglue.obj</file>
         <name>usbdmscglue.obj</name>
      </input_file>
      <input_file id="fl-3a">
         <path>.\AM335X_StarterWare_02_00_01_01\drivers\</path>
         <kind>object</kind>
         <file>usbphyGS70.obj</file>
         <name>usbphyGS70.obj</name>
      </input_file>
      <input_file id="fl-3b">
         <path>.\AM335X_StarterWare_02_00_01_01\drivers\</path>
         <kind>object</kind>
         <file>usbtick.obj</file>
         <name>usbtick.obj</name>
      </input_file>
      <input_file id="fl-3c">
         <path>.\AM335X_StarterWare_02_00_01_01\drivers\</path>
         <kind>object</kind>
         <file>ustdlib.obj</file>
         <name>ustdlib.obj</name>
      </input_file>
      <input_file id="fl-42">
         <path>C:\Users\dwhitfield\Documents\GitHub\BeagleBone_Smart_Controler\AM335X_StarterWare_02_00_01_01\binary\armv7a\cgt_ccs\am335x\system_config\Release\</path>
         <kind>archive</kind>
         <file>system.lib</file>
         <name>init.obj</name>
      </input_file>
      <input_file id="fl-43">
         <path>C:\Users\dwhitfield\Documents\GitHub\BeagleBone_Smart_Controler\AM335X_StarterWare_02_00_01_01\binary\armv7a\cgt_ccs\am335x\system_config\Release\</path>
         <kind>archive</kind>
         <file>system.lib</file>
         <name>cpu.obj</name>
      </input_file>
      <input_file id="fl-44">
         <path>C:\Users\dwhitfield\Documents\GitHub\BeagleBone_Smart_Controler\AM335X_StarterWare_02_00_01_01\binary\armv7a\cgt_ccs\am335x\system_config\Release\</path>
         <kind>archive</kind>
         <file>system.lib</file>
         <name>cp15.obj</name>
      </input_file>
      <input_file id="fl-45">
         <path>C:\Users\dwhitfield\Documents\GitHub\BeagleBone_Smart_Controler\AM335X_StarterWare_02_00_01_01\binary\armv7a\cgt_ccs\am335x\system_config\Release\</path>
         <kind>archive</kind>
         <file>system.lib</file>
         <name>startup.obj</name>
      </input_file>
      <input_file id="fl-46">
         <path>C:\Users\dwhitfield\Documents\GitHub\BeagleBone_Smart_Controler\AM335X_StarterWare_02_00_01_01\binary\armv7a\cgt_ccs\am335x\system_config\Release\</path>
         <kind>archive</kind>
         <file>system.lib</file>
         <name>exceptionhandler.obj</name>
      </input_file>
      <input_file id="fl-168">
         <path>C:\ti\ccsv6\tools\compiler\ti-cgt-arm_5.2.6\lib\</path>
         <kind>archive</kind>
         <file>rtsv7A8_A_le_n_eabi.lib</file>
         <name>autoinit.obj</name>
      </input_file>
      <input_file id="fl-169">
         <path>C:\ti\ccsv6\tools\compiler\ti-cgt-arm_5.2.6\lib\</path>
         <kind>archive</kind>
         <file>rtsv7A8_A_le_n_eabi.lib</file>
         <name>boot.obj</name>
      </input_file>
      <input_file id="fl-16a">
         <path>C:\ti\ccsv6\tools\compiler\ti-cgt-arm_5.2.6\lib\</path>
         <kind>archive</kind>
         <file>rtsv7A8_A_le_n_eabi.lib</file>
         <name>cpy_tbl.obj</name>
      </input_file>
      <input_file id="fl-16b">
         <path>C:\ti\ccsv6\tools\compiler\ti-cgt-arm_5.2.6\lib\</path>
         <kind>archive</kind>
         <file>rtsv7A8_A_le_n_eabi.lib</file>
         <name>exit.obj</name>
      </input_file>
      <input_file id="fl-16c">
         <path>C:\ti\ccsv6\tools\compiler\ti-cgt-arm_5.2.6\lib\</path>
         <kind>archive</kind>
         <file>rtsv7A8_A_le_n_eabi.lib</file>
         <name>fd_add32.obj</name>
      </input_file>
      <input_file id="fl-16d">
         <path>C:\ti\ccsv6\tools\compiler\ti-cgt-arm_5.2.6\lib\</path>
         <kind>archive</kind>
         <file>rtsv7A8_A_le_n_eabi.lib</file>
         <name>fd_div32.obj</name>
      </input_file>
      <input_file id="fl-16e">
         <path>C:\ti\ccsv6\tools\compiler\ti-cgt-arm_5.2.6\lib\</path>
         <kind>archive</kind>
         <file>rtsv7A8_A_le_n_eabi.lib</file>
         <name>fd_mul32.obj</name>
      </input_file>
      <input_file id="fl-16f">
         <path>C:\ti\ccsv6\tools\compiler\ti-cgt-arm_5.2.6\lib\</path>
         <kind>archive</kind>
         <file>rtsv7A8_A_le_n_eabi.lib</file>
         <name>fd_toi32.obj</name>
      </input_file>
      <input_file id="fl-170">
         <path>C:\ti\ccsv6\tools\compiler\ti-cgt-arm_5.2.6\lib\</path>
         <kind>archive</kind>
         <file>rtsv7A8_A_le_n_eabi.lib</file>
         <name>fd_tou32.obj</name>
      </input_file>
      <input_file id="fl-171">
         <path>C:\ti\ccsv6\tools\compiler\ti-cgt-arm_5.2.6\lib\</path>
         <kind>archive</kind>
         <file>rtsv7A8_A_le_n_eabi.lib</file>
         <name>i_div32.obj</name>
      </input_file>
      <input_file id="fl-172">
         <path>C:\ti\ccsv6\tools\compiler\ti-cgt-arm_5.2.6\lib\</path>
         <kind>archive</kind>
         <file>rtsv7A8_A_le_n_eabi.lib</file>
         <name>i_tofd32.obj</name>
      </input_file>
      <input_file id="fl-173">
         <path>C:\ti\ccsv6\tools\compiler\ti-cgt-arm_5.2.6\lib\</path>
         <kind>archive</kind>
         <file>rtsv7A8_A_le_n_eabi.lib</file>
         <name>ll_lsr32.obj</name>
      </input_file>
      <input_file id="fl-174">
         <path>C:\ti\ccsv6\tools\compiler\ti-cgt-arm_5.2.6\lib\</path>
         <kind>archive</kind>
         <file>rtsv7A8_A_le_n_eabi.lib</file>
         <name>memcpy32.obj</name>
      </input_file>
      <input_file id="fl-175">
         <path>C:\ti\ccsv6\tools\compiler\ti-cgt-arm_5.2.6\lib\</path>
         <kind>archive</kind>
         <file>rtsv7A8_A_le_n_eabi.lib</file>
         <name>memset32.obj</name>
      </input_file>
      <input_file id="fl-176">
         <path>C:\ti\ccsv6\tools\compiler\ti-cgt-arm_5.2.6\lib\</path>
         <kind>archive</kind>
         <file>rtsv7A8_A_le_n_eabi.lib</file>
         <name>pre_init.obj</name>
      </input_file>
      <input_file id="fl-177">
         <path>C:\ti\ccsv6\tools\compiler\ti-cgt-arm_5.2.6\lib\</path>
         <kind>archive</kind>
         <file>rtsv7A8_A_le_n_eabi.lib</file>
         <name>sprintf.obj</name>
      </input_file>
      <input_file id="fl-178">
         <path>C:\ti\ccsv6\tools\compiler\ti-cgt-arm_5.2.6\lib\</path>
         <kind>archive</kind>
         <file>rtsv7A8_A_le_n_eabi.lib</file>
         <name>stkdepth_vars.obj</name>
      </input_file>
      <input_file id="fl-179">
         <path>C:\ti\ccsv6\tools\compiler\ti-cgt-arm_5.2.6\lib\</path>
         <kind>archive</kind>
         <file>rtsv7A8_A_le_n_eabi.lib</file>
         <name>strlen.obj</name>
      </input_file>
      <input_file id="fl-17a">
         <path>C:\ti\ccsv6\tools\compiler\ti-cgt-arm_5.2.6\lib\</path>
         <kind>archive</kind>
         <file>rtsv7A8_A_le_n_eabi.lib</file>
         <name>strncmp.obj</name>
      </input_file>
      <input_file id="fl-17b">
         <path>C:\ti\ccsv6\tools\compiler\ti-cgt-arm_5.2.6\lib\</path>
         <kind>archive</kind>
         <file>rtsv7A8_A_le_n_eabi.lib</file>
         <name>strncpy.obj</name>
      </input_file>
      <input_file id="fl-17c">
         <path>C:\ti\ccsv6\tools\compiler\ti-cgt-arm_5.2.6\lib\</path>
         <kind>archive</kind>
         <file>rtsv7A8_A_le_n_eabi.lib</file>
         <name>u_div32.obj</name>
      </input_file>
      <input_file id="fl-17d">
         <path>C:\ti\ccsv6\tools\compiler\ti-cgt-arm_5.2.6\lib\</path>
         <kind>archive</kind>
         <file>rtsv7A8_A_le_n_eabi.lib</file>
         <name>u_tofd32.obj</name>
      </input_file>
      <input_file id="fl-17e">
         <path>C:\ti\ccsv6\tools\compiler\ti-cgt-arm_5.2.6\lib\</path>
         <kind>archive</kind>
         <file>rtsv7A8_A_le_n_eabi.lib</file>
         <name>ull_div32.obj</name>
      </input_file>
      <input_file id="fl-17f">
         <path>C:\ti\ccsv6\tools\compiler\ti-cgt-arm_5.2.6\lib\</path>
         <kind>archive</kind>
         <file>rtsv7A8_A_le_n_eabi.lib</file>
         <name>_lock.obj</name>
      </input_file>
      <input_file id="fl-180">
         <path>C:\ti\ccsv6\tools\compiler\ti-cgt-arm_5.2.6\lib\</path>
         <kind>archive</kind>
         <file>rtsv7A8_A_le_n_eabi.lib</file>
         <name>_printfi.obj</name>
      </input_file>
      <input_file id="fl-181">
         <path>C:\ti\ccsv6\tools\compiler\ti-cgt-arm_5.2.6\lib\</path>
         <kind>archive</kind>
         <file>rtsv7A8_A_le_n_eabi.lib</file>
         <name>args_main.obj</name>
      </input_file>
      <input_file id="fl-182">
         <path>C:\ti\ccsv6\tools\compiler\ti-cgt-arm_5.2.6\lib\</path>
         <kind>archive</kind>
         <file>rtsv7A8_A_le_n_eabi.lib</file>
         <name>atoi.obj</name>
      </input_file>
      <input_file id="fl-183">
         <path>C:\ti\ccsv6\tools\compiler\ti-cgt-arm_5.2.6\lib\</path>
         <kind>archive</kind>
         <file>rtsv7A8_A_le_n_eabi.lib</file>
         <name>ctype.obj</name>
      </input_file>
      <input_file id="fl-184">
         <path>C:\ti\ccsv6\tools\compiler\ti-cgt-arm_5.2.6\lib\</path>
         <kind>archive</kind>
         <file>rtsv7A8_A_le_n_eabi.lib</file>
         <name>fd_cmp32.obj</name>
      </input_file>
      <input_file id="fl-185">
         <path>C:\ti\ccsv6\tools\compiler\ti-cgt-arm_5.2.6\lib\</path>
         <kind>archive</kind>
         <file>rtsv7A8_A_le_n_eabi.lib</file>
         <name>frexp.obj</name>
      </input_file>
      <input_file id="fl-186">
         <path>C:\ti\ccsv6\tools\compiler\ti-cgt-arm_5.2.6\lib\</path>
         <kind>archive</kind>
         <file>rtsv7A8_A_le_n_eabi.lib</file>
         <name>i_div0.obj</name>
      </input_file>
      <input_file id="fl-187">
         <path>C:\ti\ccsv6\tools\compiler\ti-cgt-arm_5.2.6\lib\</path>
         <kind>archive</kind>
         <file>rtsv7A8_A_le_n_eabi.lib</file>
         <name>ldexp.obj</name>
      </input_file>
      <input_file id="fl-188">
         <path>C:\ti\ccsv6\tools\compiler\ti-cgt-arm_5.2.6\lib\</path>
         <kind>archive</kind>
         <file>rtsv7A8_A_le_n_eabi.lib</file>
         <name>ltoa.obj</name>
      </input_file>
      <input_file id="fl-189">
         <path>C:\ti\ccsv6\tools\compiler\ti-cgt-arm_5.2.6\lib\</path>
         <kind>archive</kind>
         <file>rtsv7A8_A_le_n_eabi.lib</file>
         <name>memccpy.obj</name>
      </input_file>
      <input_file id="fl-18a">
         <path>C:\ti\ccsv6\tools\compiler\ti-cgt-arm_5.2.6\lib\</path>
         <kind>archive</kind>
         <file>rtsv7A8_A_le_n_eabi.lib</file>
         <name>strchr.obj</name>
      </input_file>
      <input_file id="fl-18b">
         <path>C:\ti\ccsv6\tools\compiler\ti-cgt-arm_5.2.6\lib\</path>
         <kind>archive</kind>
         <file>rtsv7A8_A_le_n_eabi.lib</file>
         <name>xdclass.obj</name>
      </input_file>
      <input_file id="fl-18c">
         <path>C:\ti\ccsv6\tools\compiler\ti-cgt-arm_5.2.6\lib\</path>
         <kind>archive</kind>
         <file>rtsv7A8_A_le_n_eabi.lib</file>
         <name>xdscale.obj</name>
      </input_file>
      <input_file id="fl-18d">
         <path>C:\ti\ccsv6\tools\compiler\ti-cgt-arm_5.2.6\lib\</path>
         <kind>archive</kind>
         <file>rtsv7A8_A_le_n_eabi.lib</file>
         <name>xdunscal.obj</name>
      </input_file>
      <input_file id="fl-18e">
         <path>C:\ti\ccsv6\tools\compiler\ti-cgt-arm_5.2.6\lib\</path>
         <kind>archive</kind>
         <file>rtsv7A8_A_le_n_eabi.lib</file>
         <name>xferaise.obj</name>
      </input_file>
      <input_file id="fl-18f">
         <path>C:\ti\ccsv6\tools\compiler\ti-cgt-arm_5.2.6\lib\</path>
         <kind>archive</kind>
         <file>rtsv7A8_A_le_n_eabi.lib</file>
         <name>xvalues.obj</name>
      </input_file>
      <input_file id="fl-190">
         <path>C:\ti\ccsv6\tools\compiler\ti-cgt-arm_5.2.6\lib\</path>
         <kind>archive</kind>
         <file>rtsv7A8_A_le_n_eabi.lib</file>
         <name>errno.obj</name>
      </input_file>
      <input_file id="fl-191">
         <path>C:\ti\ccsv6\tools\compiler\ti-cgt-arm_5.2.6\lib\</path>
         <kind>archive</kind>
         <file>rtsv7A8_A_le_n_eabi.lib</file>
         <name>feraiseexcept.obj</name>
      </input_file>
      <input_file id="fl-192">
         <path>C:\ti\ccsv6\tools\compiler\ti-cgt-arm_5.2.6\lib\</path>
         <kind>archive</kind>
         <file>rtsv7A8_A_le_n_eabi.lib</file>
         <name>raise.obj</name>
      </input_file>
      <input_file id="fl-193">
         <path>C:\ti\ccsv6\tools\compiler\ti-cgt-arm_5.2.6\lib\</path>
         <kind>archive</kind>
         <file>rtsv7A8_A_le_n_eabi.lib</file>
         <name>signal.obj</name>
      </input_file>
      <input_file id="fl-194">
         <path>C:\ti\ccsv6\tools\compiler\ti-cgt-arm_5.2.6\lib\</path>
         <kind>archive</kind>
         <file>rtsv7A8_A_le_n_eabi.lib</file>
         <name>xdnorm.obj</name>
      </input_file>
   </input_file_list>
   <object_component_list>
      <object_component id="oc-9">
         <name>.text:Entry</name>
         <load_address>0x80000000</load_address>
         <run_address>0x80000000</run_address>
         <size>0xc8</size>
         <input_file_ref idref="fl-42"/>
      </object_component>
      <object_component id="oc-500">
         <name>.tramp.__TI_auto_init.1</name>
         <load_address>0x800000c8</load_address>
         <run_address>0x800000c8</run_address>
         <size>0x8</size>
         <input_file_ref idref="fl-168"/>
      </object_component>
      <object_component id="oc-198">
         <name>.text</name>
         <load_address>0x8104cba8</load_address>
         <run_address>0x8104cba8</run_address>
         <size>0x3724</size>
         <input_file_ref idref="fl-38"/>
      </object_component>
      <object_component id="oc-7b">
         <name>.text</name>
         <load_address>0x810502cc</load_address>
         <run_address>0x810502cc</run_address>
         <size>0x2a68</size>
         <input_file_ref idref="fl-d"/>
      </object_component>
      <object_component id="oc-23c">
         <name>.text</name>
         <load_address>0x81052d34</load_address>
         <run_address>0x81052d34</run_address>
         <size>0x2268</size>
         <input_file_ref idref="fl-35"/>
      </object_component>
      <object_component id="oc-112">
         <name>.text</name>
         <load_address>0x81054f9c</load_address>
         <run_address>0x81054f9c</run_address>
         <size>0x1d10</size>
         <input_file_ref idref="fl-30"/>
      </object_component>
      <object_component id="oc-258">
         <name>.text</name>
         <load_address>0x81056cac</load_address>
         <run_address>0x81056cac</run_address>
         <size>0x1a70</size>
         <input_file_ref idref="fl-180"/>
      </object_component>
      <object_component id="oc-18e">
         <name>.text</name>
         <load_address>0x8105871c</load_address>
         <run_address>0x8105871c</run_address>
         <size>0x1588</size>
         <input_file_ref idref="fl-2e"/>
      </object_component>
      <object_component id="oc-1f7">
         <name>.text</name>
         <load_address>0x81059ca4</load_address>
         <run_address>0x81059ca4</run_address>
         <size>0x140c</size>
         <input_file_ref idref="fl-2f"/>
      </object_component>
      <object_component id="oc-139">
         <name>.text</name>
         <load_address>0x8105b0b0</load_address>
         <run_address>0x8105b0b0</run_address>
         <size>0xec4</size>
         <input_file_ref idref="fl-2a"/>
      </object_component>
      <object_component id="oc-81">
         <name>.text</name>
         <load_address>0x8105bf74</load_address>
         <run_address>0x8105bf74</run_address>
         <size>0xcf8</size>
         <input_file_ref idref="fl-9"/>
      </object_component>
      <object_component id="oc-107">
         <name>.text</name>
         <load_address>0x8105cc6c</load_address>
         <run_address>0x8105cc6c</run_address>
         <size>0xb98</size>
         <input_file_ref idref="fl-26"/>
      </object_component>
      <object_component id="oc-1dc">
         <name>.text</name>
         <load_address>0x8105d804</load_address>
         <run_address>0x8105d804</run_address>
         <size>0xb34</size>
         <input_file_ref idref="fl-28"/>
      </object_component>
      <object_component id="oc-118">
         <name>.text</name>
         <load_address>0x8105e338</load_address>
         <run_address>0x8105e338</run_address>
         <size>0x8d8</size>
         <input_file_ref idref="fl-10"/>
      </object_component>
      <object_component id="oc-31a">
         <name>.text</name>
         <load_address>0x8105ec10</load_address>
         <run_address>0x8105ec10</run_address>
         <size>0x830</size>
         <input_file_ref idref="fl-34"/>
      </object_component>
      <object_component id="oc-17a">
         <name>.text</name>
         <load_address>0x8105f440</load_address>
         <run_address>0x8105f440</run_address>
         <size>0x788</size>
         <input_file_ref idref="fl-25"/>
      </object_component>
      <object_component id="oc-ef">
         <name>.text</name>
         <load_address>0x8105fbc8</load_address>
         <run_address>0x8105fbc8</run_address>
         <size>0x6c4</size>
         <input_file_ref idref="fl-7"/>
      </object_component>
      <object_component id="oc-123">
         <name>.text</name>
         <load_address>0x8106028c</load_address>
         <run_address>0x8106028c</run_address>
         <size>0x5e0</size>
         <input_file_ref idref="fl-b"/>
      </object_component>
      <object_component id="oc-314">
         <name>.text</name>
         <load_address>0x8106086c</load_address>
         <run_address>0x8106086c</run_address>
         <size>0x544</size>
         <input_file_ref idref="fl-33"/>
      </object_component>
      <object_component id="oc-99">
         <name>.text</name>
         <load_address>0x81060db0</load_address>
         <run_address>0x81060db0</run_address>
         <size>0x518</size>
         <input_file_ref idref="fl-3"/>
      </object_component>
      <object_component id="oc-dd">
         <name>.text</name>
         <load_address>0x810612c8</load_address>
         <run_address>0x810612c8</run_address>
         <size>0x510</size>
         <input_file_ref idref="fl-17"/>
      </object_component>
      <object_component id="oc-69">
         <name>.text</name>
         <load_address>0x810617d8</load_address>
         <run_address>0x810617d8</run_address>
         <size>0x4a0</size>
         <input_file_ref idref="fl-1b"/>
      </object_component>
      <object_component id="oc-d7">
         <name>.text</name>
         <load_address>0x81061c78</load_address>
         <run_address>0x81061c78</run_address>
         <size>0x498</size>
         <input_file_ref idref="fl-8"/>
      </object_component>
      <object_component id="oc-24">
         <name>.text</name>
         <load_address>0x81062110</load_address>
         <run_address>0x81062110</run_address>
         <size>0x488</size>
         <input_file_ref idref="fl-44"/>
      </object_component>
      <object_component id="oc-d1">
         <name>.text</name>
         <load_address>0x81062598</load_address>
         <run_address>0x81062598</run_address>
         <size>0x3e4</size>
         <input_file_ref idref="fl-29"/>
      </object_component>
      <object_component id="oc-3e2">
         <name>.text</name>
         <load_address>0x8106297c</load_address>
         <run_address>0x8106297c</run_address>
         <size>0x360</size>
         <input_file_ref idref="fl-36"/>
      </object_component>
      <object_component id="oc-8d">
         <name>.text</name>
         <load_address>0x81062cdc</load_address>
         <run_address>0x81062cdc</run_address>
         <size>0x33c</size>
         <input_file_ref idref="fl-15"/>
      </object_component>
      <object_component id="oc-101">
         <name>.text</name>
         <load_address>0x81063018</load_address>
         <run_address>0x81063018</run_address>
         <size>0x2e8</size>
         <input_file_ref idref="fl-1d"/>
      </object_component>
      <object_component id="oc-63">
         <name>.text</name>
         <load_address>0x81063300</load_address>
         <run_address>0x81063300</run_address>
         <size>0x2c0</size>
         <input_file_ref idref="fl-e"/>
      </object_component>
      <object_component id="oc-334">
         <name>.text</name>
         <load_address>0x810635c0</load_address>
         <run_address>0x810635c0</run_address>
         <size>0x2b8</size>
         <input_file_ref idref="fl-17e"/>
      </object_component>
      <object_component id="oc-29">
         <name>.text</name>
         <load_address>0x81063878</load_address>
         <run_address>0x81063878</run_address>
         <size>0x2a4</size>
         <input_file_ref idref="fl-1e"/>
      </object_component>
      <object_component id="oc-f5">
         <name>.text</name>
         <load_address>0x81063b1c</load_address>
         <run_address>0x81063b1c</run_address>
         <size>0x29c</size>
         <input_file_ref idref="fl-2"/>
      </object_component>
      <object_component id="oc-e3">
         <name>.text</name>
         <load_address>0x81063db8</load_address>
         <run_address>0x81063db8</run_address>
         <size>0x290</size>
         <input_file_ref idref="fl-a"/>
      </object_component>
      <object_component id="oc-87">
         <name>.text</name>
         <load_address>0x81064048</load_address>
         <run_address>0x81064048</run_address>
         <size>0x268</size>
         <input_file_ref idref="fl-1a"/>
      </object_component>
      <object_component id="oc-21b">
         <name>.text</name>
         <load_address>0x810642b0</load_address>
         <run_address>0x810642b0</run_address>
         <size>0x214</size>
         <input_file_ref idref="fl-16c"/>
      </object_component>
      <object_component id="oc-6f">
         <name>.text</name>
         <load_address>0x810644c4</load_address>
         <run_address>0x810644c4</run_address>
         <size>0x204</size>
         <input_file_ref idref="fl-19"/>
      </object_component>
      <object_component id="oc-75">
         <name>.text</name>
         <load_address>0x810646c8</load_address>
         <run_address>0x810646c8</run_address>
         <size>0x1d8</size>
         <input_file_ref idref="fl-5"/>
      </object_component>
      <object_component id="oc-414">
         <name>.text</name>
         <load_address>0x810648a0</load_address>
         <run_address>0x810648a0</run_address>
         <size>0x1a8</size>
         <input_file_ref idref="fl-18c"/>
      </object_component>
      <object_component id="oc-206">
         <name>.text</name>
         <load_address>0x81064a48</load_address>
         <run_address>0x81064a48</run_address>
         <size>0x190</size>
         <input_file_ref idref="fl-16d"/>
      </object_component>
      <object_component id="oc-38">
         <name>.text</name>
         <load_address>0x81064bd8</load_address>
         <run_address>0x81064bd8</run_address>
         <size>0x180</size>
         <input_file_ref idref="fl-174"/>
      </object_component>
      <object_component id="oc-fb">
         <name>.text</name>
         <load_address>0x81064d58</load_address>
         <run_address>0x81064d58</run_address>
         <size>0x178</size>
         <input_file_ref idref="fl-12"/>
      </object_component>
      <object_component id="oc-93">
         <name>.text</name>
         <load_address>0x81064ed0</load_address>
         <run_address>0x81064ed0</run_address>
         <size>0x178</size>
         <input_file_ref idref="fl-1c"/>
      </object_component>
      <object_component id="oc-be">
         <name>.text</name>
         <load_address>0x81065048</load_address>
         <run_address>0x81065048</run_address>
         <size>0x170</size>
         <input_file_ref idref="fl-2c"/>
      </object_component>
      <object_component id="oc-465">
         <name>.text</name>
         <load_address>0x810651b8</load_address>
         <run_address>0x810651b8</run_address>
         <size>0x160</size>
         <input_file_ref idref="fl-194"/>
      </object_component>
      <object_component id="oc-326">
         <name>.text</name>
         <load_address>0x81065318</load_address>
         <run_address>0x81065318</run_address>
         <size>0x144</size>
         <input_file_ref idref="fl-3b"/>
      </object_component>
      <object_component id="oc-3c2">
         <name>.text</name>
         <load_address>0x8106545c</load_address>
         <run_address>0x8106545c</run_address>
         <size>0x13c</size>
         <input_file_ref idref="fl-2d"/>
      </object_component>
      <object_component id="oc-57">
         <name>.text</name>
         <load_address>0x81065598</load_address>
         <run_address>0x81065598</run_address>
         <size>0x130</size>
         <input_file_ref idref="fl-24"/>
      </object_component>
      <object_component id="oc-201">
         <name>.text</name>
         <load_address>0x810656c8</load_address>
         <run_address>0x810656c8</run_address>
         <size>0x128</size>
         <input_file_ref idref="fl-16e"/>
      </object_component>
      <object_component id="oc-22a">
         <name>.text</name>
         <load_address>0x810657f0</load_address>
         <run_address>0x810657f0</run_address>
         <size>0x114</size>
         <input_file_ref idref="fl-171"/>
      </object_component>
      <object_component id="oc-5d">
         <name>.text</name>
         <load_address>0x81065904</load_address>
         <run_address>0x81065904</run_address>
         <size>0x110</size>
         <input_file_ref idref="fl-18"/>
      </object_component>
      <object_component id="oc-a9">
         <name>.text</name>
         <load_address>0x81065a14</load_address>
         <run_address>0x81065a14</run_address>
         <size>0x10c</size>
         <input_file_ref idref="fl-46"/>
      </object_component>
      <object_component id="oc-11e">
         <name>.text</name>
         <load_address>0x81065b20</load_address>
         <run_address>0x81065b20</run_address>
         <size>0xf0</size>
         <input_file_ref idref="fl-17c"/>
      </object_component>
      <object_component id="oc-33f">
         <name>.text:__aeabi_cdcmple</name>
         <load_address>0x81065c10</load_address>
         <run_address>0x81065c10</run_address>
         <size>0xe0</size>
         <input_file_ref idref="fl-184"/>
      </object_component>
      <object_component id="oc-344">
         <name>.text:__aeabi_cdrcmple</name>
         <load_address>0x81065cf0</load_address>
         <run_address>0x81065cf0</run_address>
         <size>0xe0</size>
         <input_file_ref idref="fl-184"/>
      </object_component>
      <object_component id="oc-2b5">
         <name>.text</name>
         <load_address>0x81065dd0</load_address>
         <run_address>0x81065dd0</run_address>
         <size>0xd8</size>
         <input_file_ref idref="fl-39"/>
      </object_component>
      <object_component id="oc-294">
         <name>.text</name>
         <load_address>0x81065ea8</load_address>
         <run_address>0x81065ea8</run_address>
         <size>0xc8</size>
         <input_file_ref idref="fl-3a"/>
      </object_component>
      <object_component id="oc-40c">
         <name>.text</name>
         <load_address>0x81065f70</load_address>
         <run_address>0x81065f70</run_address>
         <size>0xb8</size>
         <input_file_ref idref="fl-18d"/>
      </object_component>
      <object_component id="oc-e9">
         <name>.text</name>
         <load_address>0x81066028</load_address>
         <run_address>0x81066028</run_address>
         <size>0xb0</size>
         <input_file_ref idref="fl-11"/>
      </object_component>
      <object_component id="oc-28f">
         <name>.text</name>
         <load_address>0x810660d8</load_address>
         <run_address>0x810660d8</run_address>
         <size>0xb0</size>
         <input_file_ref idref="fl-175"/>
      </object_component>
      <object_component id="oc-51">
         <name>.text</name>
         <load_address>0x81066188</load_address>
         <run_address>0x81066188</run_address>
         <size>0xa8</size>
         <input_file_ref idref="fl-f"/>
      </object_component>
      <object_component id="oc-146">
         <name>.text</name>
         <load_address>0x81066230</load_address>
         <run_address>0x81066230</run_address>
         <size>0xa8</size>
         <input_file_ref idref="fl-177"/>
      </object_component>
      <object_component id="oc-f">
         <name>.text</name>
         <load_address>0x810662d8</load_address>
         <run_address>0x810662d8</run_address>
         <size>0xa4</size>
         <input_file_ref idref="fl-168"/>
      </object_component>
      <object_component id="oc-36d">
         <name>.text</name>
         <load_address>0x8106637c</load_address>
         <run_address>0x8106637c</run_address>
         <size>0x84</size>
         <input_file_ref idref="fl-182"/>
      </object_component>
      <object_component id="oc-1c">
         <name>.text</name>
         <load_address>0x81066400</load_address>
         <run_address>0x81066400</run_address>
         <size>0x84</size>
         <input_file_ref idref="fl-16a"/>
      </object_component>
      <object_component id="oc-349">
         <name>.text</name>
         <load_address>0x81066484</load_address>
         <run_address>0x81066484</run_address>
         <size>0x80</size>
         <input_file_ref idref="fl-188"/>
      </object_component>
      <object_component id="oc-355">
         <name>.text</name>
         <load_address>0x81066504</load_address>
         <run_address>0x81066504</run_address>
         <size>0x78</size>
         <input_file_ref idref="fl-187"/>
      </object_component>
      <object_component id="oc-4ae">
         <name>.text</name>
         <load_address>0x8106657c</load_address>
         <run_address>0x8106657c</run_address>
         <size>0x64</size>
         <input_file_ref idref="fl-193"/>
      </object_component>
      <object_component id="oc-1c7">
         <name>.text</name>
         <load_address>0x810665e0</load_address>
         <run_address>0x810665e0</run_address>
         <size>0x60</size>
         <input_file_ref idref="fl-43"/>
      </object_component>
      <object_component id="oc-220">
         <name>.text</name>
         <load_address>0x81066640</load_address>
         <run_address>0x81066640</run_address>
         <size>0x5c</size>
         <input_file_ref idref="fl-16f"/>
      </object_component>
      <object_component id="oc-185">
         <name>.text</name>
         <load_address>0x8106669c</load_address>
         <run_address>0x8106669c</run_address>
         <size>0x5c</size>
         <input_file_ref idref="fl-170"/>
      </object_component>
      <object_component id="oc-474">
         <name>.text</name>
         <load_address>0x810666f8</load_address>
         <run_address>0x810666f8</run_address>
         <size>0x58</size>
         <input_file_ref idref="fl-191"/>
      </object_component>
      <object_component id="oc-49e">
         <name>.text</name>
         <load_address>0x81066750</load_address>
         <run_address>0x81066750</run_address>
         <size>0x4c</size>
         <input_file_ref idref="fl-192"/>
      </object_component>
      <object_component id="oc-41a">
         <name>.text</name>
         <load_address>0x8106679c</load_address>
         <run_address>0x8106679c</run_address>
         <size>0x44</size>
         <input_file_ref idref="fl-18e"/>
      </object_component>
      <object_component id="oc-15">
         <name>.text</name>
         <load_address>0x810667e0</load_address>
         <run_address>0x810667e0</run_address>
         <size>0x44</size>
         <input_file_ref idref="fl-45"/>
      </object_component>
      <object_component id="oc-225">
         <name>.text</name>
         <load_address>0x81066824</load_address>
         <run_address>0x81066824</run_address>
         <size>0x3c</size>
         <input_file_ref idref="fl-172"/>
      </object_component>
      <object_component id="oc-361">
         <name>.text</name>
         <load_address>0x81066860</load_address>
         <run_address>0x81066860</run_address>
         <size>0x38</size>
         <input_file_ref idref="fl-18b"/>
      </object_component>
      <object_component id="oc-180">
         <name>.text</name>
         <load_address>0x81066898</load_address>
         <run_address>0x81066898</run_address>
         <size>0x34</size>
         <input_file_ref idref="fl-17d"/>
      </object_component>
      <object_component id="oc-34f">
         <name>.text</name>
         <load_address>0x810668cc</load_address>
         <run_address>0x810668cc</run_address>
         <size>0x30</size>
         <input_file_ref idref="fl-185"/>
      </object_component>
      <object_component id="oc-367">
         <name>.text</name>
         <load_address>0x810668fc</load_address>
         <run_address>0x810668fc</run_address>
         <size>0x2c</size>
         <input_file_ref idref="fl-189"/>
      </object_component>
      <object_component id="oc-35b">
         <name>.text</name>
         <load_address>0x81066928</load_address>
         <run_address>0x81066928</run_address>
         <size>0x28</size>
         <input_file_ref idref="fl-18a"/>
      </object_component>
      <object_component id="oc-4d0">
         <name>.text</name>
         <load_address>0x81066950</load_address>
         <run_address>0x81066950</run_address>
         <size>0x24</size>
         <input_file_ref idref="fl-17f"/>
      </object_component>
      <object_component id="oc-22f">
         <name>.text</name>
         <load_address>0x81066974</load_address>
         <run_address>0x81066974</run_address>
         <size>0x24</size>
         <input_file_ref idref="fl-173"/>
      </object_component>
      <object_component id="oc-339">
         <name>.text</name>
         <load_address>0x81066998</load_address>
         <run_address>0x81066998</run_address>
         <size>0x1c</size>
         <input_file_ref idref="fl-179"/>
      </object_component>
      <object_component id="oc-1d7">
         <name>.text:CPUIntStatus</name>
         <load_address>0x810669b4</load_address>
         <run_address>0x810669b4</run_address>
         <size>0xc</size>
         <input_file_ref idref="fl-43"/>
      </object_component>
      <object_component id="oc-235">
         <name>.text</name>
         <load_address>0x810669c0</load_address>
         <run_address>0x810669c0</run_address>
         <size>0x4</size>
         <input_file_ref idref="fl-186"/>
      </object_component>
      <object_component id="oc-15c">
         <name>.const:.string:BITMAP_CharlieBeach</name>
         <load_address>0x81009fa8</load_address>
         <run_address>0x81009fa8</run_address>
         <size>0x3fc00</size>
         <input_file_ref idref="fl-21"/>
      </object_component>
      <object_component id="oc-15f">
         <name>.const:.string:BITMAP_TVRemote</name>
         <load_address>0x81049ba8</load_address>
         <run_address>0x81049ba8</run_address>
         <size>0x2bc0</size>
         <input_file_ref idref="fl-22"/>
      </object_component>
      <object_component id="oc-428">
         <name>.const:.string:_ctypes_</name>
         <load_address>0x8104c768</load_address>
         <run_address>0x8104c768</run_address>
         <size>0x101</size>
         <input_file_ref idref="fl-183"/>
      </object_component>
      <object_component id="oc-3a3">
         <name>.const:g_sUSBDefaultFIFOConfig</name>
         <load_address>0x8104c86a</load_address>
         <run_address>0x8104c86a</run_address>
         <size>0x78</size>
         <input_file_ref idref="fl-35"/>
      </object_component>
      <object_component id="oc-162">
         <name>.const:.string:BITMAP_USB_Symbol</name>
         <load_address>0x8104c8e2</load_address>
         <run_address>0x8104c8e2</run_address>
         <size>0x58</size>
         <input_file_ref idref="fl-23"/>
      </object_component>
      <object_component id="oc-c4">
         <name>.const</name>
         <load_address>0x8104c93c</load_address>
         <run_address>0x8104c93c</run_address>
         <size>0x54</size>
         <input_file_ref idref="fl-f"/>
      </object_component>
      <object_component id="oc-19e">
         <name>.const:g_sMSCDevice</name>
         <load_address>0x8104c990</load_address>
         <run_address>0x8104c990</run_address>
         <size>0x48</size>
         <input_file_ref idref="fl-31"/>
      </object_component>
      <object_component id="oc-2f">
         <name>.const:vecTbl</name>
         <load_address>0x8104c9d8</load_address>
         <run_address>0x8104c9d8</run_address>
         <size>0x38</size>
         <input_file_ref idref="fl-45"/>
      </object_component>
      <object_component id="oc-3b4">
         <name>.const:.string:g_pManufacturerString</name>
         <load_address>0x8104ca10</load_address>
         <run_address>0x8104ca10</run_address>
         <size>0x34</size>
         <input_file_ref idref="fl-31"/>
      </object_component>
      <object_component id="oc-323">
         <name>.const:g_psUSBDStdRequests</name>
         <load_address>0x8104ca44</load_address>
         <run_address>0x8104ca44</run_address>
         <size>0x34</size>
         <input_file_ref idref="fl-35"/>
      </object_component>
      <object_component id="oc-3bd">
         <name>.const:.string:g_pConfigString</name>
         <load_address>0x8104ca78</load_address>
         <run_address>0x8104ca78</run_address>
         <size>0x30</size>
         <input_file_ref idref="fl-31"/>
      </object_component>
      <object_component id="oc-3a0">
         <name>.const:.string</name>
         <load_address>0x8104caa8</load_address>
         <run_address>0x8104caa8</run_address>
         <size>0x29</size>
         <input_file_ref idref="fl-38"/>
      </object_component>
      <object_component id="oc-3ba">
         <name>.const:.string:g_pDataInterfaceString</name>
         <load_address>0x8104cad1</load_address>
         <run_address>0x8104cad1</run_address>
         <size>0x28</size>
         <input_file_ref idref="fl-31"/>
      </object_component>
      <object_component id="oc-3b7">
         <name>.const:.string:g_pProductString</name>
         <load_address>0x8104caf9</load_address>
         <run_address>0x8104caf9</run_address>
         <size>0x28</size>
         <input_file_ref idref="fl-31"/>
      </object_component>
      <object_component id="oc-2a3">
         <name>.const</name>
         <load_address>0x8104cb24</load_address>
         <run_address>0x8104cb24</run_address>
         <size>0x1d</size>
         <input_file_ref idref="fl-38"/>
      </object_component>
      <object_component id="oc-2b2">
         <name>.const</name>
         <load_address>0x8104cb44</load_address>
         <run_address>0x8104cb44</run_address>
         <size>0x18</size>
         <input_file_ref idref="fl-31"/>
      </object_component>
      <object_component id="oc-3b1">
         <name>.const:.string</name>
         <load_address>0x8104cb5c</load_address>
         <run_address>0x8104cb5c</run_address>
         <size>0x16</size>
         <input_file_ref idref="fl-31"/>
      </object_component>
      <object_component id="oc-a2">
         <name>.const</name>
         <load_address>0x8104cb74</load_address>
         <run_address>0x8104cb74</run_address>
         <size>0x10</size>
         <input_file_ref idref="fl-5"/>
      </object_component>
      <object_component id="oc-153">
         <name>.const</name>
         <load_address>0x8104cb84</load_address>
         <run_address>0x8104cb84</run_address>
         <size>0xc</size>
         <input_file_ref idref="fl-21"/>
      </object_component>
      <object_component id="oc-156">
         <name>.const</name>
         <load_address>0x8104cb90</load_address>
         <run_address>0x8104cb90</run_address>
         <size>0xc</size>
         <input_file_ref idref="fl-22"/>
      </object_component>
      <object_component id="oc-159">
         <name>.const</name>
         <load_address>0x8104cb9c</load_address>
         <run_address>0x8104cb9c</run_address>
         <size>0xc</size>
         <input_file_ref idref="fl-23"/>
      </object_component>
      <object_component id="oc-e">
         <name>.stack</name>
         <uninitialized>true</uninitialized>
         <run_address>0x87fffff0</run_address>
         <size>0x0</size>
         <input_file_ref idref="fl-169"/>
      </object_component>
      <object_component id="oc-4ff">
         <name>.stack</name>
         <uninitialized>true</uninitialized>
         <run_address>0x87fffff0</run_address>
         <size>0x0</size>
      </object_component>
      <object_component id="oc-c7">
         <name>.bss:pageTable</name>
         <uninitialized>true</uninitialized>
         <run_address>0x81004000</run_address>
         <size>0x4000</size>
         <input_file_ref idref="fl-f"/>
      </object_component>
      <object_component id="oc-171">
         <name>.bss:MISC_Buffer</name>
         <uninitialized>true</uninitialized>
         <run_address>0x810097d0</run_address>
         <size>0x3e8</size>
         <input_file_ref idref="fl-10"/>
      </object_component>
      <object_component id="oc-20b">
         <name>.bss:Voltage</name>
         <uninitialized>true</uninitialized>
         <run_address>0x81009e60</run_address>
         <size>0x40</size>
         <input_file_ref idref="fl-12"/>
      </object_component>
      <object_component id="oc-12f">
         <name>.bss:UART_TX_buffer</name>
         <uninitialized>true</uninitialized>
         <run_address>0x81009000</run_address>
         <size>0x7d0</size>
         <input_file_ref idref="fl-1b"/>
      </object_component>
      <object_component id="oc-12c">
         <name>.bss:UART_RX_buffer</name>
         <uninitialized>true</uninitialized>
         <run_address>0x81008830</run_address>
         <size>0x7d0</size>
         <input_file_ref idref="fl-1b"/>
      </object_component>
      <object_component id="oc-1c4">
         <name>.bss:fnRAMVectors</name>
         <uninitialized>true</uninitialized>
         <run_address>0x81009bb8</run_address>
         <size>0x200</size>
         <input_file_ref idref="fl-29"/>
      </object_component>
      <object_component id="oc-442">
         <name>.bss:ram_disk</name>
         <uninitialized>true</uninitialized>
         <run_address>0x80004000</run_address>
         <size>0x1000000</size>
         <input_file_ref idref="fl-2d"/>
      </object_component>
      <object_component id="oc-2bb">
         <name>.bss:g_sMSCInstance</name>
         <uninitialized>true</uninitialized>
         <run_address>0x81008000</run_address>
         <size>0x830</size>
         <input_file_ref idref="fl-31"/>
      </object_component>
      <object_component id="oc-242">
         <name>.bss:g_USBInstance</name>
         <uninitialized>true</uninitialized>
         <run_address>0x81009f20</run_address>
         <size>0x30</size>
         <input_file_ref idref="fl-32"/>
      </object_component>
      <object_component id="oc-320">
         <name>.bss:g_pucDataBufferIn</name>
         <uninitialized>true</uninitialized>
         <run_address>0x81009ee0</run_address>
         <size>0x40</size>
         <input_file_ref idref="fl-35"/>
      </object_component>
      <object_component id="oc-30e">
         <name>.bss:g_psUSBDevice</name>
         <uninitialized>true</uninitialized>
         <run_address>0x81009db8</run_address>
         <size>0xa8</size>
         <input_file_ref idref="fl-35"/>
      </object_component>
      <object_component id="oc-29d">
         <name>.bss:g_pucCommand</name>
         <uninitialized>true</uninitialized>
         <run_address>0x81009ea0</run_address>
         <size>0x40</size>
         <input_file_ref idref="fl-38"/>
      </object_component>
      <object_component id="oc-9f">
         <name>.common:Command_String</name>
         <uninitialized>true</uninitialized>
         <run_address>0x81009f60</run_address>
         <size>0xc</size>
      </object_component>
      <object_component id="oc-14c">
         <name>.common:CurrentScreen</name>
         <uninitialized>true</uninitialized>
         <run_address>0x81009f8e</run_address>
         <size>0x1</size>
      </object_component>
      <object_component id="oc-14f">
         <name>.common:PreviousScreen</name>
         <uninitialized>true</uninitialized>
         <run_address>0x81009fa4</run_address>
         <size>0x1</size>
      </object_component>
      <object_component id="oc-150">
         <name>.common:PreviousPreviousScreen</name>
         <uninitialized>true</uninitialized>
         <run_address>0x81009f8f</run_address>
         <size>0x1</size>
      </object_component>
      <object_component id="oc-151">
         <name>.common:p_PreviousScreen</name>
         <uninitialized>true</uninitialized>
         <run_address>0x81009fa0</run_address>
         <size>0x4</size>
      </object_component>
      <object_component id="oc-152">
         <name>.common:p_CurrentScreen</name>
         <uninitialized>true</uninitialized>
         <run_address>0x81009f98</run_address>
         <size>0x4</size>
      </object_component>
      <object_component id="oc-1e2">
         <name>.common:I2C_0_Buffers</name>
         <uninitialized>true</uninitialized>
         <run_address>0x81009f50</run_address>
         <size>0x10</size>
      </object_component>
      <object_component id="oc-10d">
         <name>.common:dummy</name>
         <uninitialized>true</uninitialized>
         <run_address>0x81009f90</run_address>
         <size>0x4</size>
      </object_component>
      <object_component id="oc-16e">
         <name>.common:CurrentTimeDate</name>
         <uninitialized>true</uninitialized>
         <run_address>0x81009f84</run_address>
         <size>0xa</size>
      </object_component>
      <object_component id="oc-1a1">
         <name>.common:USB0_MSCState</name>
         <uninitialized>true</uninitialized>
         <run_address>0x81009fa5</run_address>
         <size>0x1</size>
      </object_component>
      <object_component id="oc-1a4">
         <name>.common:USB0_Status</name>
         <uninitialized>true</uninitialized>
         <run_address>0x81009fa6</run_address>
         <size>0x1</size>
      </object_component>
      <object_component id="oc-1b4">
         <name>.common:p_CurrentWAVFile</name>
         <uninitialized>true</uninitialized>
         <run_address>0x81009f9c</run_address>
         <size>0x4</size>
      </object_component>
      <object_component id="oc-3c8">
         <name>.common:g_sDriveInformation</name>
         <uninitialized>true</uninitialized>
         <run_address>0x81009f94</run_address>
         <size>0x4</size>
      </object_component>
      <object_component id="oc-3f0">
         <name>.common:g_pfTickHandlers</name>
         <uninitialized>true</uninitialized>
         <run_address>0x81009f6c</run_address>
         <size>0xc</size>
      </object_component>
      <object_component id="oc-3f3">
         <name>.common:g_pvTickInstance</name>
         <uninitialized>true</uninitialized>
         <run_address>0x81009f78</run_address>
         <size>0xc</size>
      </object_component>
      <object_component id="oc-2ca">
         <name>.data:WAV_PostComplete</name>
         <load_address>0x810669c8</load_address>
         <run_address>0x810669c8</run_address>
         <size>0x3cbc</size>
         <input_file_ref idref="fl-20"/>
      </object_component>
      <object_component id="oc-168">
         <name>.data:Screens</name>
         <load_address>0x8106a684</load_address>
         <run_address>0x8106a684</run_address>
         <size>0x500</size>
         <input_file_ref idref="fl-9"/>
      </object_component>
      <object_component id="oc-4c2">
         <name>.data:sigtable</name>
         <load_address>0x8106ab84</load_address>
         <run_address>0x8106ab84</run_address>
         <size>0xb0</size>
         <input_file_ref idref="fl-193"/>
      </object_component>
      <object_component id="oc-47a">
         <name>.data</name>
         <load_address>0x8106ac34</load_address>
         <run_address>0x8106ac34</run_address>
         <size>0x4</size>
         <input_file_ref idref="fl-190"/>
      </object_component>
      <object_component id="oc-46f">
         <name>.data</name>
         <load_address>0x8106ac38</load_address>
         <run_address>0x8106ac38</run_address>
         <size>0x80</size>
         <input_file_ref idref="fl-18f"/>
      </object_component>
      <object_component id="oc-1ae">
         <name>.data:WAV_Files</name>
         <load_address>0x8106acb8</load_address>
         <run_address>0x8106acb8</run_address>
         <size>0x62</size>
         <input_file_ref idref="fl-1d"/>
      </object_component>
      <object_component id="oc-135">
         <name>.data</name>
         <load_address>0x8106ad1a</load_address>
         <run_address>0x8106ad1a</run_address>
         <size>0x2</size>
         <input_file_ref idref="fl-5"/>
      </object_component>
      <object_component id="oc-2a0">
         <name>.data:g_sMSCDeviceInfo</name>
         <load_address>0x8106ad1c</load_address>
         <run_address>0x8106ad1c</run_address>
         <size>0x4c</size>
         <input_file_ref idref="fl-38"/>
      </object_component>
      <object_component id="oc-29a">
         <name>.data</name>
         <load_address>0x8106ad68</load_address>
         <run_address>0x8106ad68</run_address>
         <size>0x30</size>
         <input_file_ref idref="fl-38"/>
      </object_component>
      <object_component id="oc-a5">
         <name>.data</name>
         <load_address>0x8106ad98</load_address>
         <run_address>0x8106ad98</run_address>
         <size>0x23</size>
         <input_file_ref idref="fl-d"/>
      </object_component>
      <object_component id="oc-165">
         <name>.data</name>
         <load_address>0x8106adbb</load_address>
         <run_address>0x8106adbb</run_address>
         <size>0x1f</size>
         <input_file_ref idref="fl-7"/>
      </object_component>
      <object_component id="oc-1fd">
         <name>.data</name>
         <load_address>0x8106adda</load_address>
         <run_address>0x8106adda</run_address>
         <size>0x1</size>
         <input_file_ref idref="fl-2"/>
      </object_component>
      <object_component id="oc-1e5">
         <name>.data</name>
         <load_address>0x8106addb</load_address>
         <run_address>0x8106addb</run_address>
         <size>0x1</size>
         <input_file_ref idref="fl-a"/>
      </object_component>
      <object_component id="oc-1b1">
         <name>.data</name>
         <load_address>0x8106addc</load_address>
         <run_address>0x8106addc</run_address>
         <size>0x10</size>
         <input_file_ref idref="fl-3"/>
      </object_component>
      <object_component id="oc-18a">
         <name>.data</name>
         <load_address>0x8106adec</load_address>
         <run_address>0x8106adec</run_address>
         <size>0x10</size>
         <input_file_ref idref="fl-1a"/>
      </object_component>
      <object_component id="oc-194">
         <name>.data</name>
         <load_address>0x8106adfc</load_address>
         <run_address>0x8106adfc</run_address>
         <size>0xc</size>
         <input_file_ref idref="fl-15"/>
      </object_component>
      <object_component id="oc-129">
         <name>.data</name>
         <load_address>0x8106ae08</load_address>
         <run_address>0x8106ae08</run_address>
         <size>0xc</size>
         <input_file_ref idref="fl-1b"/>
      </object_component>
      <object_component id="oc-32c">
         <name>.data</name>
         <load_address>0x8106ae14</load_address>
         <run_address>0x8106ae14</run_address>
         <size>0xc</size>
         <input_file_ref idref="fl-3b"/>
      </object_component>
      <object_component id="oc-4bf">
         <name>.data</name>
         <load_address>0x8106ae20</load_address>
         <run_address>0x8106ae20</run_address>
         <size>0x8</size>
         <input_file_ref idref="fl-17f"/>
      </object_component>
      <object_component id="oc-4a4">
         <name>.data</name>
         <load_address>0x8106ae28</load_address>
         <run_address>0x8106ae28</run_address>
         <size>0x8</size>
         <input_file_ref idref="fl-191"/>
      </object_component>
      <object_component id="oc-311">
         <name>.data</name>
         <load_address>0x8106ae30</load_address>
         <run_address>0x8106ae30</run_address>
         <size>0x8</size>
         <input_file_ref idref="fl-35"/>
      </object_component>
      <object_component id="oc-16b">
         <name>.data</name>
         <load_address>0x8106ae38</load_address>
         <run_address>0x8106ae38</run_address>
         <size>0x3</size>
         <input_file_ref idref="fl-9"/>
      </object_component>
      <object_component id="oc-1a5">
         <name>.data</name>
         <load_address>0x8106ae3b</load_address>
         <run_address>0x8106ae3b</run_address>
         <size>0x1</size>
         <input_file_ref idref="fl-1c"/>
      </object_component>
      <object_component id="oc-305">
         <name>.debug_info</name>
         <load_address>0x0</load_address>
         <run_address>0x0</run_address>
         <size>0x579</size>
         <input_file_ref idref="fl-2"/>
      </object_component>
      <object_component id="oc-1fe">
         <name>.debug_info</name>
         <load_address>0x579</load_address>
         <run_address>0x579</run_address>
         <size>0xf1</size>
         <input_file_ref idref="fl-2"/>
      </object_component>
      <object_component id="oc-f6">
         <name>.debug_info</name>
         <load_address>0x66a</load_address>
         <run_address>0x66a</run_address>
         <size>0x708</size>
         <input_file_ref idref="fl-2"/>
      </object_component>
      <object_component id="oc-3f">
         <name>.debug_info</name>
         <load_address>0xd72</load_address>
         <run_address>0xd72</run_address>
         <size>0x84</size>
         <input_file_ref idref="fl-2"/>
      </object_component>
      <object_component id="oc-2ad">
         <name>.debug_info</name>
         <load_address>0xdf6</load_address>
         <run_address>0xdf6</run_address>
         <size>0x2c</size>
         <input_file_ref idref="fl-2"/>
      </object_component>
      <object_component id="oc-214">
         <name>.debug_info</name>
         <load_address>0xe22</load_address>
         <run_address>0xe22</run_address>
         <size>0xba</size>
         <input_file_ref idref="fl-2"/>
      </object_component>
      <object_component id="oc-300">
         <name>.debug_info</name>
         <load_address>0xedc</load_address>
         <run_address>0xedc</run_address>
         <size>0x76</size>
         <input_file_ref idref="fl-2"/>
      </object_component>
      <object_component id="oc-1b8">
         <name>.debug_info</name>
         <load_address>0xf52</load_address>
         <run_address>0xf52</run_address>
         <size>0x2b0</size>
         <input_file_ref idref="fl-3"/>
      </object_component>
      <object_component id="oc-1b2">
         <name>.debug_info</name>
         <load_address>0x1202</load_address>
         <run_address>0x1202</run_address>
         <size>0x202</size>
         <input_file_ref idref="fl-3"/>
      </object_component>
      <object_component id="oc-9a">
         <name>.debug_info</name>
         <load_address>0x1404</load_address>
         <run_address>0x1404</run_address>
         <size>0x9ef</size>
         <input_file_ref idref="fl-3"/>
      </object_component>
      <object_component id="oc-140">
         <name>.debug_info</name>
         <load_address>0x1df3</load_address>
         <run_address>0x1df3</run_address>
         <size>0x12e</size>
         <input_file_ref idref="fl-3"/>
      </object_component>
      <object_component id="oc-2d3">
         <name>.debug_info</name>
         <load_address>0x1f21</load_address>
         <run_address>0x1f21</run_address>
         <size>0x1b6</size>
         <input_file_ref idref="fl-3"/>
      </object_component>
      <object_component id="oc-a0">
         <name>.debug_info</name>
         <load_address>0x20d7</load_address>
         <run_address>0x20d7</run_address>
         <size>0x1ad</size>
         <input_file_ref idref="fl-5"/>
      </object_component>
      <object_component id="oc-136">
         <name>.debug_info</name>
         <load_address>0x2284</load_address>
         <run_address>0x2284</run_address>
         <size>0x110</size>
         <input_file_ref idref="fl-5"/>
      </object_component>
      <object_component id="oc-a3">
         <name>.debug_info</name>
         <load_address>0x2394</load_address>
         <run_address>0x2394</run_address>
         <size>0xde</size>
         <input_file_ref idref="fl-5"/>
      </object_component>
      <object_component id="oc-76">
         <name>.debug_info</name>
         <load_address>0x2472</load_address>
         <run_address>0x2472</run_address>
         <size>0x384</size>
         <input_file_ref idref="fl-5"/>
      </object_component>
      <object_component id="oc-1bb">
         <name>.debug_info</name>
         <load_address>0x27f6</load_address>
         <run_address>0x27f6</run_address>
         <size>0x62</size>
         <input_file_ref idref="fl-5"/>
      </object_component>
      <object_component id="oc-253">
         <name>.debug_info</name>
         <load_address>0x2858</load_address>
         <run_address>0x2858</run_address>
         <size>0x2c</size>
         <input_file_ref idref="fl-5"/>
      </object_component>
      <object_component id="oc-3db">
         <name>.debug_info</name>
         <load_address>0x2884</load_address>
         <run_address>0x2884</run_address>
         <size>0xca</size>
         <input_file_ref idref="fl-6"/>
      </object_component>
      <object_component id="oc-2e7">
         <name>.debug_info</name>
         <load_address>0x294e</load_address>
         <run_address>0x294e</run_address>
         <size>0xb2</size>
         <input_file_ref idref="fl-6"/>
      </object_component>
      <object_component id="oc-1f1">
         <name>.debug_info</name>
         <load_address>0x2a00</load_address>
         <run_address>0x2a00</run_address>
         <size>0x2bf</size>
         <input_file_ref idref="fl-7"/>
      </object_component>
      <object_component id="oc-166">
         <name>.debug_info</name>
         <load_address>0x2cbf</load_address>
         <run_address>0x2cbf</run_address>
         <size>0xf9</size>
         <input_file_ref idref="fl-7"/>
      </object_component>
      <object_component id="oc-f0">
         <name>.debug_info</name>
         <load_address>0x2db8</load_address>
         <run_address>0x2db8</run_address>
         <size>0xf2d</size>
         <input_file_ref idref="fl-7"/>
      </object_component>
      <object_component id="oc-1f2">
         <name>.debug_info</name>
         <load_address>0x3ce5</load_address>
         <run_address>0x3ce5</run_address>
         <size>0xfd</size>
         <input_file_ref idref="fl-7"/>
      </object_component>
      <object_component id="oc-175">
         <name>.debug_info</name>
         <load_address>0x3de2</load_address>
         <run_address>0x3de2</run_address>
         <size>0x22f</size>
         <input_file_ref idref="fl-7"/>
      </object_component>
      <object_component id="oc-d8">
         <name>.debug_info</name>
         <load_address>0x4011</load_address>
         <run_address>0x4011</run_address>
         <size>0x538</size>
         <input_file_ref idref="fl-8"/>
      </object_component>
      <object_component id="oc-14d">
         <name>.debug_info</name>
         <load_address>0x4549</load_address>
         <run_address>0x4549</run_address>
         <size>0x879</size>
         <input_file_ref idref="fl-9"/>
      </object_component>
      <object_component id="oc-16c">
         <name>.debug_info</name>
         <load_address>0x4dc2</load_address>
         <run_address>0x4dc2</run_address>
         <size>0x14d</size>
         <input_file_ref idref="fl-9"/>
      </object_component>
      <object_component id="oc-169">
         <name>.debug_info</name>
         <load_address>0x4f0f</load_address>
         <run_address>0x4f0f</run_address>
         <size>0xdc</size>
         <input_file_ref idref="fl-9"/>
      </object_component>
      <object_component id="oc-82">
         <name>.debug_info</name>
         <load_address>0x4feb</load_address>
         <run_address>0x4feb</run_address>
         <size>0x1476</size>
         <input_file_ref idref="fl-9"/>
      </object_component>
      <object_component id="oc-260">
         <name>.debug_info</name>
         <load_address>0x6461</load_address>
         <run_address>0x6461</run_address>
         <size>0x4e</size>
         <input_file_ref idref="fl-9"/>
      </object_component>
      <object_component id="oc-267">
         <name>.debug_info</name>
         <load_address>0x64af</load_address>
         <run_address>0x64af</run_address>
         <size>0x246</size>
         <input_file_ref idref="fl-9"/>
      </object_component>
      <object_component id="oc-1a9">
         <name>.debug_info</name>
         <load_address>0x66f5</load_address>
         <run_address>0x66f5</run_address>
         <size>0x94</size>
         <input_file_ref idref="fl-9"/>
      </object_component>
      <object_component id="oc-1e3">
         <name>.debug_info</name>
         <load_address>0x6789</load_address>
         <run_address>0x6789</run_address>
         <size>0x488</size>
         <input_file_ref idref="fl-a"/>
      </object_component>
      <object_component id="oc-1e6">
         <name>.debug_info</name>
         <load_address>0x6c11</load_address>
         <run_address>0x6c11</run_address>
         <size>0xe7</size>
         <input_file_ref idref="fl-a"/>
      </object_component>
      <object_component id="oc-e4">
         <name>.debug_info</name>
         <load_address>0x6cf8</load_address>
         <run_address>0x6cf8</run_address>
         <size>0x68f</size>
         <input_file_ref idref="fl-a"/>
      </object_component>
      <object_component id="oc-1ea">
         <name>.debug_info</name>
         <load_address>0x7387</load_address>
         <run_address>0x7387</run_address>
         <size>0x148</size>
         <input_file_ref idref="fl-a"/>
      </object_component>
      <object_component id="oc-3d6">
         <name>.debug_info</name>
         <load_address>0x74cf</load_address>
         <run_address>0x74cf</run_address>
         <size>0x8a</size>
         <input_file_ref idref="fl-a"/>
      </object_component>
      <object_component id="oc-3d0">
         <name>.debug_info</name>
         <load_address>0x7559</load_address>
         <run_address>0x7559</run_address>
         <size>0xd4e</size>
         <input_file_ref idref="fl-b"/>
      </object_component>
      <object_component id="oc-124">
         <name>.debug_info</name>
         <load_address>0x82a7</load_address>
         <run_address>0x82a7</run_address>
         <size>0xa70</size>
         <input_file_ref idref="fl-b"/>
      </object_component>
      <object_component id="oc-2c3">
         <name>.debug_info</name>
         <load_address>0x8d17</load_address>
         <run_address>0x8d17</run_address>
         <size>0xbb5</size>
         <input_file_ref idref="fl-b"/>
      </object_component>
      <object_component id="oc-3f5">
         <name>.debug_info</name>
         <load_address>0x98cc</load_address>
         <run_address>0x98cc</run_address>
         <size>0x2c</size>
         <input_file_ref idref="fl-b"/>
      </object_component>
      <object_component id="oc-38e">
         <name>.debug_info</name>
         <load_address>0x98f8</load_address>
         <run_address>0x98f8</run_address>
         <size>0x9e</size>
         <input_file_ref idref="fl-b"/>
      </object_component>
      <object_component id="oc-2f9">
         <name>.debug_info</name>
         <load_address>0x9996</load_address>
         <run_address>0x9996</run_address>
         <size>0xda</size>
         <input_file_ref idref="fl-b"/>
      </object_component>
      <object_component id="oc-145">
         <name>.debug_info</name>
         <load_address>0x9a70</load_address>
         <run_address>0x9a70</run_address>
         <size>0x523</size>
         <input_file_ref idref="fl-d"/>
      </object_component>
      <object_component id="oc-a6">
         <name>.debug_info</name>
         <load_address>0x9f93</load_address>
         <run_address>0x9f93</run_address>
         <size>0x3d6</size>
         <input_file_ref idref="fl-d"/>
      </object_component>
      <object_component id="oc-7c">
         <name>.debug_info</name>
         <load_address>0xa369</load_address>
         <run_address>0xa369</run_address>
         <size>0x7e1f</size>
         <input_file_ref idref="fl-d"/>
      </object_component>
      <object_component id="oc-64">
         <name>.debug_info</name>
         <load_address>0x12188</load_address>
         <run_address>0x12188</run_address>
         <size>0x32c</size>
         <input_file_ref idref="fl-e"/>
      </object_component>
      <object_component id="oc-1d4">
         <name>.debug_info</name>
         <load_address>0x124b4</load_address>
         <run_address>0x124b4</run_address>
         <size>0x160</size>
         <input_file_ref idref="fl-f"/>
      </object_component>
      <object_component id="oc-c8">
         <name>.debug_info</name>
         <load_address>0x12614</load_address>
         <run_address>0x12614</run_address>
         <size>0xe2</size>
         <input_file_ref idref="fl-f"/>
      </object_component>
      <object_component id="oc-c5">
         <name>.debug_info</name>
         <load_address>0x126f6</load_address>
         <run_address>0x126f6</run_address>
         <size>0x11a</size>
         <input_file_ref idref="fl-f"/>
      </object_component>
      <object_component id="oc-52">
         <name>.debug_info</name>
         <load_address>0x12810</load_address>
         <run_address>0x12810</run_address>
         <size>0x1db</size>
         <input_file_ref idref="fl-f"/>
      </object_component>
      <object_component id="oc-cb">
         <name>.debug_info</name>
         <load_address>0x129eb</load_address>
         <run_address>0x129eb</run_address>
         <size>0xc6</size>
         <input_file_ref idref="fl-f"/>
      </object_component>
      <object_component id="oc-10e">
         <name>.debug_info</name>
         <load_address>0x12ab1</load_address>
         <run_address>0x12ab1</run_address>
         <size>0x1ee</size>
         <input_file_ref idref="fl-10"/>
      </object_component>
      <object_component id="oc-172">
         <name>.debug_info</name>
         <load_address>0x12c9f</load_address>
         <run_address>0x12c9f</run_address>
         <size>0xe5</size>
         <input_file_ref idref="fl-10"/>
      </object_component>
      <object_component id="oc-119">
         <name>.debug_info</name>
         <load_address>0x12d84</load_address>
         <run_address>0x12d84</run_address>
         <size>0xcba</size>
         <input_file_ref idref="fl-10"/>
      </object_component>
      <object_component id="oc-1ef">
         <name>.debug_info</name>
         <load_address>0x13a3e</load_address>
         <run_address>0x13a3e</run_address>
         <size>0x13b</size>
         <input_file_ref idref="fl-11"/>
      </object_component>
      <object_component id="oc-ea">
         <name>.debug_info</name>
         <load_address>0x13b79</load_address>
         <run_address>0x13b79</run_address>
         <size>0x2e3</size>
         <input_file_ref idref="fl-11"/>
      </object_component>
      <object_component id="oc-20c">
         <name>.debug_info</name>
         <load_address>0x13e5c</load_address>
         <run_address>0x13e5c</run_address>
         <size>0xde</size>
         <input_file_ref idref="fl-12"/>
      </object_component>
      <object_component id="oc-fc">
         <name>.debug_info</name>
         <load_address>0x13f3a</load_address>
         <run_address>0x13f3a</run_address>
         <size>0x2c3</size>
         <input_file_ref idref="fl-12"/>
      </object_component>
      <object_component id="oc-16f">
         <name>.debug_info</name>
         <load_address>0x141fd</load_address>
         <run_address>0x141fd</run_address>
         <size>0x3ae</size>
         <input_file_ref idref="fl-15"/>
      </object_component>
      <object_component id="oc-195">
         <name>.debug_info</name>
         <load_address>0x145ab</load_address>
         <run_address>0x145ab</run_address>
         <size>0x10d</size>
         <input_file_ref idref="fl-15"/>
      </object_component>
      <object_component id="oc-8e">
         <name>.debug_info</name>
         <load_address>0x146b8</load_address>
         <run_address>0x146b8</run_address>
         <size>0x5e4</size>
         <input_file_ref idref="fl-15"/>
      </object_component>
      <object_component id="oc-de">
         <name>.debug_info</name>
[...]
         <name>UsbPhyOff</name>
         <value>0x81065f10</value>
         <object_component_ref idref="oc-294"/>
      </symbol>
      <symbol id="sm-108a">
         <name>UsbPhyOn</name>
         <value>0x81065ea8</value>
         <object_component_ref idref="oc-294"/>
      </symbol>
      <symbol id="sm-10ad">
         <name>g_pfTickHandlers</name>
         <value>0x81009f6c</value>
      </symbol>
      <symbol id="sm-10ae">
         <name>g_pvTickInstance</name>
         <value>0x81009f78</value>
      </symbol>
      <symbol id="sm-10af">
         <name>g_ulUSBSOFCount</name>
         <value>0x8106ae1c</value>
         <object_component_ref idref="oc-32c"/>
      </symbol>
      <symbol id="sm-10b0">
         <name>g_bUSBTimerInitialized</name>
         <value>0x8106ae14</value>
         <object_component_ref idref="oc-32c"/>
      </symbol>
      <symbol id="sm-10b1">
         <name>InternalUSBStartOfFrameTick</name>
         <value>0x810653c4</value>
         <object_component_ref idref="oc-326"/>
      </symbol>
      <symbol id="sm-10b2">
         <name>InternalUSBRegisterTickHandler</name>
         <value>0x8106538c</value>
         <object_component_ref idref="oc-326"/>
      </symbol>
      <symbol id="sm-10b3">
         <name>InternalUSBTickInit</name>
         <value>0x81065318</value>
         <object_component_ref idref="oc-326"/>
      </symbol>
      <symbol id="sm-10b4">
         <name>g_ulCurrentUSBTick</name>
         <value>0x8106ae18</value>
         <object_component_ref idref="oc-32c"/>
      </symbol>
      <symbol id="sm-10d7">
         <name>Entry</name>
         <value>0x80000000</value>
         <object_component_ref idref="oc-9"/>
      </symbol>
      <symbol id="sm-10ee">
         <name>CPUSwitchToPrivilegedMode</name>
         <value>0x81066634</value>
         <object_component_ref idref="oc-1c7"/>
      </symbol>
      <symbol id="sm-10ef">
         <name>CPUAbortHandler</name>
         <value>0x8106663c</value>
         <object_component_ref idref="oc-1c7"/>
      </symbol>
      <symbol id="sm-10f0">
         <name>CPUirqd</name>
         <value>0x810665f0</value>
         <object_component_ref idref="oc-1c7"/>
      </symbol>
      <symbol id="sm-10f1">
         <name>CPUirqe</name>
         <value>0x810665e0</value>
         <object_component_ref idref="oc-1c7"/>
      </symbol>
      <symbol id="sm-10f2">
         <name>CPUfiqd</name>
         <value>0x81066610</value>
         <object_component_ref idref="oc-1c7"/>
      </symbol>
      <symbol id="sm-10f3">
         <name>CPUfiqe</name>
         <value>0x81066600</value>
         <object_component_ref idref="oc-1c7"/>
      </symbol>
      <symbol id="sm-10f4">
         <name>CPUSwitchToUserMode</name>
         <value>0x81066620</value>
         <object_component_ref idref="oc-1c7"/>
      </symbol>
      <symbol id="sm-10f5">
         <name>CPUIntStatus</name>
         <value>0x810669b4</value>
         <object_component_ref idref="oc-1d7"/>
      </symbol>
      <symbol id="sm-1116">
         <name>CP15DCacheEnable</name>
         <value>0x81062158</value>
         <object_component_ref idref="oc-24"/>
      </symbol>
      <symbol id="sm-1117">
         <name>CP15MMUEnable</name>
         <value>0x810624c4</value>
         <object_component_ref idref="oc-24"/>
      </symbol>
      <symbol id="sm-1118">
         <name>CP15DCacheClean</name>
         <value>0x810621fc</value>
         <object_component_ref idref="oc-24"/>
      </symbol>
      <symbol id="sm-1119">
         <name>CP15ICacheEnable</name>
         <value>0x81062148</value>
         <object_component_ref idref="oc-24"/>
      </symbol>
      <symbol id="sm-111a">
         <name>CP15TtbCtlTtb0Config</name>
         <value>0x81062548</value>
         <object_component_ref idref="oc-24"/>
      </symbol>
      <symbol id="sm-111b">
         <name>CP15VectorBaseAddrSet</name>
         <value>0x810624d8</value>
         <object_component_ref idref="oc-24"/>
      </symbol>
      <symbol id="sm-111c">
         <name>CP15ICacheDisable</name>
         <value>0x81062110</value>
         <object_component_ref idref="oc-24"/>
      </symbol>
      <symbol id="sm-111d">
         <name>CP15BranchPredictorInvalidate</name>
         <value>0x810624e4</value>
         <object_component_ref idref="oc-24"/>
      </symbol>
      <symbol id="sm-111e">
         <name>CP15ControlFeatureEnable</name>
         <value>0x81062534</value>
         <object_component_ref idref="oc-24"/>
      </symbol>
      <symbol id="sm-111f">
         <name>CP15DomainAccessClientSet</name>
         <value>0x81062510</value>
         <object_component_ref idref="oc-24"/>
      </symbol>
      <symbol id="sm-1120">
         <name>CP15BranchPredictionEnable</name>
         <value>0x810624f0</value>
         <object_component_ref idref="oc-24"/>
      </symbol>
      <symbol id="sm-1121">
         <name>CP15DCacheDisable</name>
         <value>0x8106212c</value>
         <object_component_ref idref="oc-24"/>
      </symbol>
      <symbol id="sm-1122">
         <name>CP15AuxControlFeatureDisable</name>
         <value>0x8106256c</value>
         <object_component_ref idref="oc-24"/>
      </symbol>
      <symbol id="sm-1123">
         <name>CP15BranchPredictionDisable</name>
         <value>0x81062500</value>
         <object_component_ref idref="oc-24"/>
      </symbol>
      <symbol id="sm-1124">
         <name>CP15MainIdPrimPartNumGet</name>
         <value>0x81062580</value>
         <object_component_ref idref="oc-24"/>
      </symbol>
      <symbol id="sm-1125">
         <name>CP15Ttb0Set</name>
         <value>0x81062494</value>
         <object_component_ref idref="oc-24"/>
      </symbol>
      <symbol id="sm-1126">
         <name>CP15DCacheCleanFlushBuff</name>
         <value>0x81062388</value>
         <object_component_ref idref="oc-24"/>
      </symbol>
      <symbol id="sm-1127">
         <name>CP15DCacheCleanBuff</name>
         <value>0x81062334</value>
         <object_component_ref idref="oc-24"/>
      </symbol>
      <symbol id="sm-1128">
         <name>CP15MMUDisable</name>
         <value>0x810624ac</value>
         <object_component_ref idref="oc-24"/>
      </symbol>
      <symbol id="sm-1129">
         <name>CP15DCacheFlush</name>
         <value>0x81062168</value>
         <object_component_ref idref="oc-24"/>
      </symbol>
      <symbol id="sm-112a">
         <name>CP15AuxControlFeatureEnable</name>
         <value>0x81062558</value>
         <object_component_ref idref="oc-24"/>
      </symbol>
      <symbol id="sm-112b">
         <name>CP15TlbInvalidate</name>
         <value>0x810624a0</value>
         <object_component_ref idref="oc-24"/>
      </symbol>
      <symbol id="sm-112c">
         <name>CP15ICacheFlushBuff</name>
         <value>0x81062440</value>
         <object_component_ref idref="oc-24"/>
      </symbol>
      <symbol id="sm-112d">
         <name>CP15ICacheFlush</name>
         <value>0x81062324</value>
         <object_component_ref idref="oc-24"/>
      </symbol>
      <symbol id="sm-112e">
         <name>CP15DCacheFlushBuff</name>
         <value>0x810623dc</value>
         <object_component_ref idref="oc-24"/>
      </symbol>
      <symbol id="sm-112f">
         <name>CP15DCacheCleanFlush</name>
         <value>0x81062290</value>
         <object_component_ref idref="oc-24"/>
      </symbol>
      <symbol id="sm-1130">
         <name>CP15ControlFeatureDisable</name>
         <value>0x81062520</value>
         <object_component_ref idref="oc-24"/>
      </symbol>
      <symbol id="sm-1151">
         <name>start_boot</name>
         <value>0x8106680c</value>
         <object_component_ref idref="oc-15"/>
      </symbol>
      <symbol id="sm-116b">
         <name>SVC_Handler</name>
         <value>0x81065a30</value>
         <object_component_ref idref="oc-a9"/>
      </symbol>
      <symbol id="sm-116c">
         <name>IRQHandler</name>
         <value>0x81065a58</value>
         <object_component_ref idref="oc-a9"/>
      </symbol>
      <symbol id="sm-116d">
         <name>AbortHandler</name>
         <value>0x81065b08</value>
         <object_component_ref idref="oc-a9"/>
      </symbol>
      <symbol id="sm-116e">
         <name>UndefInstHandler</name>
         <value>0x81065b08</value>
         <object_component_ref idref="oc-a9"/>
      </symbol>
      <symbol id="sm-116f">
         <name>FIQHandler</name>
         <value>0x81065b04</value>
         <object_component_ref idref="oc-a9"/>
      </symbol>
      <symbol id="sm-1194">
         <name>__TI_auto_init</name>
         <value>0x810662d8</value>
         <object_component_ref idref="oc-f"/>
      </symbol>
      <symbol id="sm-1199">
         <name>__stack</name>
         <value>0x87fffff0</value>
         <object_component_ref idref="oc-e"/>
      </symbol>
      <symbol id="sm-11b3">
         <name>copy_in</name>
         <value>0x81066400</value>
         <object_component_ref idref="oc-1c"/>
      </symbol>
      <symbol id="sm-11d8">
         <name>__aeabi_dsub</name>
         <value>0x810642b0</value>
         <object_component_ref idref="oc-21b"/>
      </symbol>
      <symbol id="sm-11d9">
         <name>__aeabi_dadd</name>
         <value>0x810642bc</value>
         <object_component_ref idref="oc-21b"/>
      </symbol>
      <symbol id="sm-11f9">
         <name>__aeabi_ddiv</name>
         <value>0x81064a48</value>
         <object_component_ref idref="oc-206"/>
      </symbol>
      <symbol id="sm-1210">
         <name>__aeabi_dmul</name>
         <value>0x810656c8</value>
         <object_component_ref idref="oc-201"/>
      </symbol>
      <symbol id="sm-121e">
         <name>__aeabi_d2iz</name>
         <value>0x81066640</value>
         <object_component_ref idref="oc-220"/>
      </symbol>
      <symbol id="sm-122b">
         <name>__aeabi_d2uiz</name>
         <value>0x8106669c</value>
         <object_component_ref idref="oc-185"/>
      </symbol>
      <symbol id="sm-1240">
         <name>__aeabi_idivmod</name>
         <value>0x810657f0</value>
         <object_component_ref idref="oc-22a"/>
      </symbol>
      <symbol id="sm-1241">
         <name>__aeabi_idiv</name>
         <value>0x810657f0</value>
         <object_component_ref idref="oc-22a"/>
      </symbol>
      <symbol id="sm-124d">
         <name>__aeabi_i2d</name>
         <value>0x81066824</value>
         <object_component_ref idref="oc-225"/>
      </symbol>
      <symbol id="sm-1259">
         <name>__aeabi_llsr</name>
         <value>0x81066974</value>
         <object_component_ref idref="oc-22f"/>
      </symbol>
      <symbol id="sm-1272">
         <name>memcpy</name>
         <value>0x81064bd8</value>
         <object_component_ref idref="oc-38"/>
      </symbol>
      <symbol id="sm-1273">
         <name>__aeabi_memcpy</name>
         <value>0x81064bd8</value>
         <object_component_ref idref="oc-38"/>
      </symbol>
      <symbol id="sm-1274">
         <name>__aeabi_memcpy8</name>
         <value>0x81064bd8</value>
         <object_component_ref idref="oc-38"/>
      </symbol>
      <symbol id="sm-1275">
         <name>__aeabi_memcpy4</name>
         <value>0x81064bd8</value>
         <object_component_ref idref="oc-38"/>
      </symbol>
      <symbol id="sm-1284">
         <name>__aeabi_memset</name>
         <value>0x810660dc</value>
         <object_component_ref idref="oc-28f"/>
      </symbol>
      <symbol id="sm-1285">
         <name>memset</name>
         <value>0x810660e8</value>
         <object_component_ref idref="oc-28f"/>
      </symbol>
      <symbol id="sm-1286">
         <name>__aeabi_memset8</name>
         <value>0x810660dc</value>
         <object_component_ref idref="oc-28f"/>
      </symbol>
      <symbol id="sm-1287">
         <name>__aeabi_memset4</name>
         <value>0x810660dc</value>
         <object_component_ref idref="oc-28f"/>
      </symbol>
      <symbol id="sm-1288">
         <name>__aeabi_memclr8</name>
         <value>0x810660d8</value>
         <object_component_ref idref="oc-28f"/>
      </symbol>
      <symbol id="sm-1289">
         <name>__aeabi_memclr4</name>
         <value>0x810660d8</value>
         <object_component_ref idref="oc-28f"/>
      </symbol>
      <symbol id="sm-128a">
         <name>__aeabi_memclr</name>
         <value>0x810660d8</value>
         <object_component_ref idref="oc-28f"/>
      </symbol>
      <symbol id="sm-12a4">
         <name>sprintf</name>
         <value>0x81066230</value>
         <object_component_ref idref="oc-146"/>
      </symbol>
      <symbol id="sm-12b3">
         <name>strlen</name>
         <value>0x81066998</value>
         <object_component_ref idref="oc-339"/>
      </symbol>
      <symbol id="sm-12c9">
         <name>__aeabi_uidivmod</name>
         <value>0x81065b20</value>
         <object_component_ref idref="oc-11e"/>
      </symbol>
      <symbol id="sm-12ca">
         <name>__aeabi_uidiv</name>
         <value>0x81065b20</value>
         <object_component_ref idref="oc-11e"/>
      </symbol>
      <symbol id="sm-12d6">
         <name>__aeabi_ui2d</name>
         <value>0x81066898</value>
         <object_component_ref idref="oc-180"/>
      </symbol>
      <symbol id="sm-1300">
         <name>__aeabi_uldivmod</name>
         <value>0x810635c0</value>
         <object_component_ref idref="oc-334"/>
      </symbol>
      <symbol id="sm-131a">
         <name>_nop</name>
         <value>0x81066968</value>
         <object_component_ref idref="oc-4d0"/>
      </symbol>
      <symbol id="sm-131b">
         <name>_lock</name>
         <value>0x8106ae20</value>
         <object_component_ref idref="oc-4bf"/>
      </symbol>
      <symbol id="sm-131c">
         <name>_unlock</name>
         <value>0x8106ae24</value>
         <object_component_ref idref="oc-4bf"/>
      </symbol>
      <symbol id="sm-131d">
         <name>_register_lock</name>
         <value>0x8106695c</value>
         <object_component_ref idref="oc-4d0"/>
      </symbol>
      <symbol id="sm-131e">
         <name>_register_unlock</name>
         <value>0x81066950</value>
         <object_component_ref idref="oc-4d0"/>
      </symbol>
      <symbol id="sm-1412">
         <name>__TI_printfi</name>
         <value>0x81058220</value>
         <object_component_ref idref="oc-258"/>
      </symbol>
      <symbol id="sm-1429">
         <name>atoi</name>
         <value>0x8106637c</value>
         <object_component_ref idref="oc-36d"/>
      </symbol>
      <symbol id="sm-1434">
         <name>_ctypes_</name>
         <value>0x8104c768</value>
         <object_component_ref idref="oc-428"/>
      </symbol>
      <symbol id="sm-145b">
         <name>__aeabi_cdcmpeq</name>
         <value>0x81065c10</value>
         <object_component_ref idref="oc-33f"/>
      </symbol>
      <symbol id="sm-145c">
         <name>__aeabi_cdcmple</name>
         <value>0x81065c10</value>
         <object_component_ref idref="oc-33f"/>
      </symbol>
      <symbol id="sm-145d">
         <name>__aeabi_cdrcmple</name>
         <value>0x81065cf0</value>
         <object_component_ref idref="oc-344"/>
      </symbol>
      <symbol id="sm-146a">
         <name>frexp</name>
         <value>0x810668cc</value>
         <object_component_ref idref="oc-34f"/>
      </symbol>
      <symbol id="sm-1474">
         <name>__aeabi_idiv0</name>
         <value>0x810669c0</value>
         <object_component_ref idref="oc-235"/>
      </symbol>
      <symbol id="sm-1484">
         <name>ldexp</name>
         <value>0x81066504</value>
         <object_component_ref idref="oc-355"/>
      </symbol>
      <symbol id="sm-1492">
         <name>ltoa</name>
         <value>0x81066484</value>
         <object_component_ref idref="oc-349"/>
      </symbol>
      <symbol id="sm-14a1">
         <name>memccpy</name>
         <value>0x810668fc</value>
         <object_component_ref idref="oc-367"/>
      </symbol>
      <symbol id="sm-14b0">
         <name>strchr</name>
         <value>0x81066928</value>
         <object_component_ref idref="oc-35b"/>
      </symbol>
      <symbol id="sm-14be">
         <name>_Dclass</name>
         <value>0x81066860</value>
         <object_component_ref idref="oc-361"/>
      </symbol>
      <symbol id="sm-14dc">
         <name>_Dscale</name>
         <value>0x810648a0</value>
         <object_component_ref idref="oc-414"/>
      </symbol>
      <symbol id="sm-14f0">
         <name>_Dunscale</name>
         <value>0x81065f70</value>
         <object_component_ref idref="oc-40c"/>
      </symbol>
      <symbol id="sm-14fe">
         <name>_Feraise</name>
         <value>0x8106679c</value>
         <object_component_ref idref="oc-41a"/>
      </symbol>
      <symbol id="sm-150e">
         <name>_Rteps</name>
         <value>0x8106ac98</value>
         <object_component_ref idref="oc-46f"/>
      </symbol>
      <symbol id="sm-150f">
         <name>_Zero</name>
         <value>0x8106acb0</value>
         <object_component_ref idref="oc-46f"/>
      </symbol>
      <symbol id="sm-1510">
         <name>_Hugeval</name>
         <value>0x8106ac58</value>
         <object_component_ref idref="oc-46f"/>
      </symbol>
      <symbol id="sm-1511">
         <name>_Snan</name>
         <value>0x8106ac88</value>
         <object_component_ref idref="oc-46f"/>
      </symbol>
      <symbol id="sm-1512">
         <name>_Nan</name>
         <value>0x8106ac78</value>
         <object_component_ref idref="oc-46f"/>
      </symbol>
      <symbol id="sm-1513">
         <name>_Inf</name>
         <value>0x8106ac68</value>
         <object_component_ref idref="oc-46f"/>
      </symbol>
      <symbol id="sm-1514">
         <name>_Xbig</name>
         <value>0x8106aca8</value>
         <object_component_ref idref="oc-46f"/>
      </symbol>
      <symbol id="sm-1515">
         <name>_Eps</name>
         <value>0x8106ac48</value>
         <object_component_ref idref="oc-46f"/>
      </symbol>
      <symbol id="sm-1516">
         <name>_Denorm</name>
         <value>0x8106ac38</value>
         <object_component_ref idref="oc-46f"/>
      </symbol>
      <symbol id="sm-151e">
         <name>_Errno</name>
         <value>0x8106ac34</value>
         <object_component_ref idref="oc-47a"/>
      </symbol>
      <symbol id="sm-153d">
         <name>feraiseexcept</name>
         <value>0x810666f8</value>
         <object_component_ref idref="oc-474"/>
      </symbol>
      <symbol id="sm-153e">
         <name>_Tls_setup__Fenv</name>
         <value>0x8106ae2c</value>
         <object_component_ref idref="oc-4a4"/>
      </symbol>
      <symbol id="sm-153f">
         <name>_Fenv</name>
         <value>0x8106ae28</value>
         <object_component_ref idref="oc-4a4"/>
      </symbol>
      <symbol id="sm-1552">
         <name>raise</name>
         <value>0x81066750</value>
         <object_component_ref idref="oc-49e"/>
      </symbol>
      <symbol id="sm-156c">
         <name>signal</name>
         <value>0x8106657c</value>
         <object_component_ref idref="oc-4ae"/>
      </symbol>
      <symbol id="sm-1581">
         <name>_Dnorm</name>
         <value>0x810651b8</value>
         <object_component_ref idref="oc-465"/>
      </symbol>
      <symbol id="sm-1582">
         <name>__TI_Handler_Table_Base</name>
         <value>0x0</value>
      </symbol>
      <symbol id="sm-1583">
         <name>__TI_Handler_Table_Limit</name>
         <value>0x0</value>
      </symbol>
      <symbol id="sm-1584">
         <name>__TI_CINIT_Limit</name>
         <value>0x0</value>
      </symbol>
      <symbol id="sm-1585">
         <name>__TI_CINIT_Base</name>
         <value>0x0</value>
      </symbol>
      <symbol id="sm-1586">
         <name>SHT$$INIT_ARRAY$$Limit</name>
         <value>0x0</value>
      </symbol>
      <symbol id="sm-1587">
         <name>SHT$$INIT_ARRAY$$Base</name>
         <value>0x0</value>
      </symbol>
   </symbol_table>
   <title>Link successful</title>
</link_info>
