******************************************************************************
                  TI ARM Linker PC v5.2.6                      
******************************************************************************
>> Linked Thu Apr 21 18:58:55 2016

OUTPUT FILE NAME:   <BeagleBone_Smart_Controler.out>
ENTRY POINT SYMBOL: "Entry"  address: 80000000


MEMORY CONFIGURATION

         name            origin    length      used     unused   attr    fill
----------------------  --------  ---------  --------  --------  ----  --------
  DDR_MEM               80000000   07ffffff  0004dece  07fb2131  RWIX


SEGMENT ALLOCATION MAP

run origin  load origin   length   init length attrs members
----------  ----------- ---------- ----------- ----- -------
80000000    80000000    00048ba4   00048ba4    r-x
  80000000    80000000    000000d0   000000d0    r-x .text:Entry
  800000d0    800000d0    0003fca8   0003fca8    r-- .const
  8003fd78    8003fd78    00008e2c   00008e2c    r-x .text
80048ba4    80048ba4    00000172   00000172    rw-
  80048ba4    80048ba4    00000172   00000172    rw- .data
8004c000    8004c000    000051b0   00000000    rw-
  8004c000    8004c000    000051b0   00000000    rw- .bss
87fffff0    87fffff0    00000008   00000000    rw-
  87fffff0    87fffff0    00000008   00000000    rw- .stack


SECTION ALLOCATION MAP

 output                                  attributes/
section   page    origin      length       input sections
--------  ----  ----------  ----------   ----------------
.text:Entry 
*          0    80000000    000000d0     
                  80000000    000000c8     system.lib : init.obj (.text:Entry)
                  800000c8    00000008     rtsv7A8_A_le_n_eabi.lib : autoinit.obj (.tramp.__TI_auto_init.1)

.const     0    800000d0    0003fca8     
                  800000d0    0003fc00     BITMAP_CHARLIE_BEACH.obj (.const:.string:BITMAP_CharlieBeach)
                  8003fcd0    00000054     MEMORY.obj (.const)
                  8003fd24    00000038     system.lib : startup.obj (.const:vecTbl)
                  8003fd5c    00000010     CMD.obj (.const)
                  8003fd6c    0000000c     BITMAP_CHARLIE_BEACH.obj (.const)

.text      0    8003fd78    00008e2c     
                  8003fd78    00002934     LCD.obj (.text)
                  800426ac    00001d10     uart_irda_cir.obj (.text)
                  800443bc    00000ec4     mcspi.obj (.text)
                  80045280    00000b58     gpio_v2.obj (.text)
                  80045dd8    000005e0     GUI.obj (.text)
                  800463b8    000004a0     UART.obj (.text)
                  80046858    00000488     system.lib : cp15.obj (.text)
                  80046ce0    00000458     SPI.obj (.text)
                  80047138    000003e4     interrupt.obj (.text)
                  8004751c    00000334     GPIO.obj (.text)
                  80047850    000002c0     LEDS.obj (.text)
                  80047b10    000001f0     INTERRUPTS.obj (.text)
                  80047d00    000001d8     CMD.obj (.text)
                  80047ed8    00000180     rtsv7A8_A_le_n_eabi.lib : memcpy32.obj (.text)
                  80048058    00000170     mmu.obj (.text)
                  800481c8    00000154     main.obj (.text)
                  8004831c    00000130     cache.obj (.text)
                  8004844c    00000128     MISC.obj (.text)
                  80048574    00000124     platform.lib : gpio.obj (.text)
                  80048698    0000010c     system.lib : exceptionhandler.obj (.text)
                  800487a4    000000f0     rtsv7A8_A_le_n_eabi.lib : u_div32.obj (.text)
                  80048894    000000a8     MEMORY.obj (.text)
                  8004893c    000000a4     rtsv7A8_A_le_n_eabi.lib : autoinit.obj (.text)
                  800489e0    0000008c     SYSTEM.obj (.text)
                  80048a6c    00000084     rtsv7A8_A_le_n_eabi.lib : cpy_tbl.obj (.text)
                  80048af0    00000060     system.lib : cpu.obj (.text)
                  80048b50    00000044                : startup.obj (.text)
                  80048b94    0000000c                : cpu.obj (.text:CPUIntStatus)
                  80048ba0    00000004     rtsv7A8_A_le_n_eabi.lib : i_div0.obj (.text)

.data      0    80048ba4    00000172     
                  80048ba4    00000140     GUI.obj (.data:Screens)
                  80048ce4    00000022     LCD.obj (.data)
                  80048d06    00000002     CMD.obj (.data)
                  80048d08    0000000c     UART.obj (.data)
                  80048d14    00000002     GUI.obj (.data)

.TI.persistent 
*          0    80048ba4    00000000     UNINITIALIZED

.bss       0    8004c000    000051b0     UNINITIALIZED
                  8004c000    00004000     MEMORY.obj (.bss:pageTable)
                  80050000    000007d0     UART.obj (.bss:UART_RX_buffer)
                  800507d0    000007d0     UART.obj (.bss:UART_TX_buffer)
                  80050fa0    00000200     interrupt.obj (.bss:fnRAMVectors)
                  800511a0    0000000c     (.common:Command_String)
                  800511ac    00000004     (.common:dummy)

.TI.noinit 
*          0    8004c000    00000000     UNINITIALIZED

.stack     0    87fffff0    00000008     UNINITIALIZED
                  87fffff0    00000008     --HOLE--


FAR CALL TRAMPOLINES

callee name               trampoline name
   callee addr  tramp addr   call addr  call info
--------------  -----------  ---------  ----------------
__TI_auto_init            $Tramp$AA$S$$__TI_auto_init
   8004893c     800000c8     800000a0   system.lib : init.obj (.text:Entry)

[1 trampolines]
[1 trampoline calls]


GLOBAL SYMBOLS: SORTED ALPHABETICALLY BY Name 

address   name                           
-------   ----                           
8004878c  AbortHandler                   
800000d0  BITMAP_CharlieBeach            
80047d10  CMD_CheckMatch                 
80047e9c  CMD_ClearNewCommand            
80047eac  CMD_GetNewCommand              
80047e7c  CMD_Help                       
80047e8c  CMD_SetNewCommand              
80046cb4  CP15AuxControlFeatureDisable   
80046ca0  CP15AuxControlFeatureEnable    
80046c48  CP15BranchPredictionDisable    
80046c38  CP15BranchPredictionEnable     
80046c2c  CP15BranchPredictorInvalidate  
80046c68  CP15ControlFeatureDisable      
80046c7c  CP15ControlFeatureEnable       
80046944  CP15DCacheClean                
80046a7c  CP15DCacheCleanBuff            
800469d8  CP15DCacheCleanFlush           
80046ad0  CP15DCacheCleanFlushBuff       
80046874  CP15DCacheDisable              
800468a0  CP15DCacheEnable               
800468b0  CP15DCacheFlush                
80046b24  CP15DCacheFlushBuff            
80046c58  CP15DomainAccessClientSet      
80046858  CP15ICacheDisable              
80046890  CP15ICacheEnable               
80046a6c  CP15ICacheFlush                
80046b88  CP15ICacheFlushBuff            
80046bf4  CP15MMUDisable                 
80046c0c  CP15MMUEnable                  
80046cc8  CP15MainIdPrimPartNumGet       
80046be8  CP15TlbInvalidate              
80046bdc  CP15Ttb0Set                    
80046c90  CP15TtbCtlTtb0Config           
80046c20  CP15VectorBaseAddrSet          
80048b4c  CPUAbortHandler                
80048b94  CPUIntStatus                   
80048b44  CPUSwitchToPrivilegedMode      
80048b30  CPUSwitchToUserMode            
80048b20  CPUfiqd                        
80048b10  CPUfiqe                        
80048b00  CPUirqd                        
80048af0  CPUirqe                        
800483e0  CacheDataCleanAll              
800483f8  CacheDataCleanBuff             
800483d4  CacheDataCleanInvalidateAll    
80048430  CacheDataCleanInvalidateBuff   
800483ec  CacheDataInvalidateAll         
80048414  CacheDataInvalidateBuff        
8004831c  CacheDisable                   
80048360  CacheEnable                    
800483ac  CacheInstInvalidateAll         
800483b8  CacheInstInvalidateBuff        
800511a0  Command_String                 
8003fd5c  Commands                       
80048d14  CurrentScreen                  
80000000  Entry                          
80048788  FIQHandler                     
80048d02  FT_DispCSpread                 
80048d04  FT_DispDither                  
80048cec  FT_DispHCycle                  
80048cee  FT_DispHOffset                 
80048cf0  FT_DispHSync0                  
80048cf2  FT_DispHSync1                  
80048cea  FT_DispHeight                  
80048cfc  FT_DispPCLK                    
80048d00  FT_DispPCLKPol                 
80048cfe  FT_DispSwizzle                 
80048cf4  FT_DispVCycle                  
80048cf6  FT_DispVOffset                 
80048cf8  FT_DispVSync0                  
80048cfa  FT_DispVSync1                  
80048ce8  FT_DispWidth                   
800485f4  GPIO0ModuleClkConfig           
800485a0  GPIO1ModuleClkConfig           
80048590  GPIO1Pin23PinMuxSetup          
80048580  GPIO1PinMuxSetup               
80045bf8  GPIOAutoIdleModeControl        
80045cc4  GPIODebounceFuncControl        
80045d14  GPIODebounceTimeConfig         
8004535c  GPIODirModeGet                 
800452fc  GPIODirModeSet                 
80045c80  GPIOGatingRatioConfigure       
80045c3c  GPIOIdleModeConfigure          
800458b0  GPIOIntTypeGet                 
80045510  GPIOIntTypeSet                 
800452d8  GPIOModuleDisable              
800452b4  GPIOModuleEnable               
80045280  GPIOModuleReset                
8004544c  GPIOMultiplePinsRead           
8004541c  GPIOMultiplePinsWrite          
800459f4  GPIOPinIntClear                
800454c0  GPIOPinIntDisable              
80045470  GPIOPinIntEnable               
80045990  GPIOPinIntStatus               
80045b98  GPIOPinIntWakeUpDisable        
80045b38  GPIOPinIntWakeUpEnable         
800453ec  GPIOPinRead                    
8004539c  GPIOPinWrite                   
80045a44  GPIORawIntStatus               
80045d38  GPIORevisionInfoGet            
80045aa0  GPIOTriggerPinInt              
80045b14  GPIOWakeupGlobalDisable        
80045af0  GPIOWakeupGlobalEnable         
80047b10  GPIO_3A_ISR                    
80047684  GPIO_Module0ClkConfig          
800476ec  GPIO_Module1ClkConfig          
80047754  GPIO_Module2ClkConfig          
800477bc  GPIO_Module3ClkConfig          
80045f70  GUI_DrawHomeScreen             
80045de4  GUI_DrawInitialScreen          
80045e64  GUI_DrawInitialScreenProgress  
800460e4  GUI_DrawTVRemoteScreen         
80046214  GUI_LoadItemToRAMG             
80046260  GUI_TouchConfig                
800462cc  GUI_UpdateScreen               
80048574  GpioPinMuxSetup                
8003fd6c  HEADER_CharlieBeach            
800486dc  IRQHandler                     
80047d00  InitCMD                        
8004751c  Init_GPIO                      
80045dd8  Init_GUI                       
8003fd78  Init_LCD                       
80047850  Init_LED                       
800489e0  Init_Modules                   
80046ce0  Init_SPI                       
80046e00  Init_SPI_Module0               
80046cf0  Init_SPI_Module1               
800463b8  Init_UART                      
80047180  IntAINTCInit                   
800472b8  IntActiveIrqNumGet             
80047350  IntCurrIrqPriorityGet          
800474a8  IntDisable                     
800474c0  IntEnable                      
8004733c  IntFuncClkAutoGateSet          
80047328  IntFuncClkFreeRunSet           
800472a4  IntIfClkAutoGateSet            
80047290  IntIfClkFreeRunSet             
80047490  IntMasterFIQDisable            
80047484  IntMasterFIQEnable             
80047478  IntMasterIRQDisable            
8004746c  IntMasterIRQEnable             
8004749c  IntMasterStatusGet             
80047430  IntPendingIrqMaskedStatusGet   
800471f0  IntPrioritySet                 
80047360  IntPriorityThresholdGet        
80047370  IntPriorityThresholdSet        
800472ec  IntProtectionDisable           
800472dc  IntProtectionEnable            
80047390  IntRawStatusGet                
8004713c  IntRegister                    
80047400  IntSoftwareIntClear            
800473d0  IntSoftwareIntSet              
800472c8  IntSpurIrqFlagGet              
80047314  IntSyncClkAutoGateSet          
80047300  IntSyncClkFreeRunSet           
8004725c  IntSystemDisable               
80047228  IntSystemEnable                
80047160  IntUnRegister                  
80042688  LCD_ClearInterruptFlag         
80042698  LCD_GetInterruptFlag           
80040874  LCD_IncrementWriteOffset       
800400f8  LCD_Interrupt                  
80040024  LCD_InterruptConfigure         
80040088  LCD_InteruptDisable            
80040070  LCD_InteruptEnable             
800400bc  LCD_Reset                      
800408e0  LCD_SendRAMAddress             
80042678  LCD_SetInterruptFlag           
80040950  LCD_WaitCoprocessorDone        
800408b4  LCD_WriteCommandParameters     
800407fc  LCD_cmd                        
800418e0  LCD_cmd_append                 
80040cd8  LCD_cmd_bgcolor                
80040ac0  LCD_cmd_button                 
8004209c  LCD_cmd_calibrate              
80040c24  LCD_cmd_clock                  
80041fc8  LCD_cmd_coldstart              
80041358  LCD_cmd_dial                   
80040d30  LCD_cmd_fgcolor                
80040e30  LCD_cmd_gauge                  
80041c1c  LCD_cmd_getmatrix              
80041d30  LCD_cmd_getprops               
80041cd8  LCD_cmd_getptr                 
80040d88  LCD_cmd_gradcolor              
80040f2c  LCD_cmd_gradient               
80041954  LCD_cmd_inflate                
80041fd8  LCD_cmd_interrupt              
80040fe4  LCD_cmd_keys                   
80041a64  LCD_cmd_loadidentity           
800419f8  LCD_cmd_loadimage              
80042634  LCD_cmd_logo                   
80041dc0  LCD_cmd_mediafifo              
80041860  LCD_cmd_memcpy                 
8004163c  LCD_cmd_memcrc                 
80041728  LCD_cmd_memset                 
800417ac  LCD_cmd_memwrite               
800416bc  LCD_cmd_memzero                
800415a8  LCD_cmd_number                 
80041e2c  LCD_cmd_playvideo              
80041148  LCD_cmd_progress               
80042030  LCD_cmd_regread                
800420f4  LCD_cmd_romfont                
80041b80  LCD_cmd_rotate                 
80041b14  LCD_cmd_scale                  
80042450  LCD_cmd_screensaver            
800411f4  LCD_cmd_scrollbar              
80041550  LCD_cmd_setbase                
800422fc  LCD_cmd_setbitmap              
80042160  LCD_cmd_setfont                
800421cc  LCD_cmd_setfont2               
80041bd8  LCD_cmd_setmatrix              
800422a4  LCD_cmd_setrotate              
8004224c  LCD_cmd_setscratch             
80042494  LCD_cmd_sketch                 
800412a8  LCD_cmd_slider                 
80042538  LCD_cmd_snapshot               
80042590  LCD_cmd_snapshot2              
80042388  LCD_cmd_spinner                
8004240c  LCD_cmd_stop                   
80040974  LCD_cmd_text                   
800413ec  LCD_cmd_toggle                 
80041f34  LCD_cmd_track                  
80041aa8  LCD_cmd_translate              
80041ec8  LCD_cmd_videoframe             
80041e84  LCD_cmd_videostart             
80040180  LCD_ft810memRead16             
800401e4  LCD_ft810memRead32             
80040134  LCD_ft810memRead8              
800402ac  LCD_ft810memWrite16            
80040310  LCD_ft810memWrite32            
80040270  LCD_ft810memWrite8             
800403a4  LCD_ft810memWriteBuffer        
80040824  LCD_host_command               
80040568  LCD_rd16                       
80040580  LCD_rd32                       
80040554  LCD_rd8                        
800406d4  LCD_rd_buffer                  
800404b0  LCD_wr16                       
800404cc  LCD_wr32                       
80040494  LCD_wr8                        
800404e8  LCD_wr8s                       
80040594  LCD_wr_buffer                  
80047854  LED_Show                       
800481ac  MMUEnable                      
80048058  MMUInit                        
800480b8  MMUMemRegionMap                
80048894  MMU_ConfigAndEnable            
8004844c  MSC_BufferCopy                 
80048500  MSC_DelayUS                    
800484c4  MSC_LowercaseChar              
800450fc  McSPI0ModuleClkConfig          
80044fa0  McSPI1ModuleClkConfig          
80044720  McSPICSAssert                  
80044758  McSPICSDeAssert                
80044628  McSPICSDisable                 
80044604  McSPICSEnable                  
8004464c  McSPICSPolarityConfig          
800446b4  McSPICSTimeControlSet          
80044a30  McSPIChannelDisable            
800449f8  McSPIChannelEnable             
80044eec  McSPIChannelStatusGet          
800443bc  McSPIClkConfig                 
80044d60  McSPIDMADisable                
80044d1c  McSPIDMAEnable                 
80044f5c  McSPIFIFODatManagementConfig   
80044bdc  McSPIFIFOTrigLvlSet            
80044dfc  McSPIInitDelayConfig           
80044dd0  McSPIIntDisable                
80044da4  McSPIIntEnable                 
80044eb8  McSPIIntStatusClear            
80044ea0  McSPIIntStatusGet              
8004488c  McSPIMasterModeConfig          
80044868  McSPIMasterModeEnable          
80044f18  McSPIMultipleWordAccessConfig  
80044e74  McSPIReceiveData               
80044a68  McSPIReset                     
80044b74  McSPIRxFIFOConfig              
80044830  McSPIStartBitDisable           
80044790  McSPIStartBitEnable            
800447c8  McSPIStartBitPolarityConfig    
80044e40  McSPITransmitData              
80044ad4  McSPITurboModeDisable          
80044a9c  McSPITurboModeEnable           
80044b0c  McSPITxFIFOConfig              
80044cdc  McSPIWordCountSet              
8004459c  McSPIWordLengthSet             
80048d07  NumCommand                     
80048d15  PreviousScreen                 
80048ce6  RAM_CMD_Offset                 
UNDEFED   SHT$$INIT_ARRAY$$Base          
UNDEFED   SHT$$INIT_ARRAY$$Limit         
80046f3c  SPI_1_ISR                      
80046f10  SPI_INTCConfigure1             
80046ff0  SPI_ReadWriteByte0             
80047048  SPI_ReadWriteByte1             
80046f40  SPI_WriteByte0                 
80046f98  SPI_WriteByte1                 
800470a0  SPI_WriteByteNoRx0             
800470d0  SPI_WriteByteNoRx1             
800486b4  SVC_Handler                    
80048ba4  Screens                        
80043cec  UARTAutoIdleModeControl        
80043a98  UARTAutoRTSAutoCTSControl      
800441d4  UARTAutobaudParityGet          
8004426c  UARTAutobaudSpeedGet           
80044220  UARTAutobaudWordLenGet         
80042a34  UARTBreakCtl                   
80043774  UARTCharGet                    
8004371c  UARTCharGetNonBlocking         
800437cc  UARTCharGetTimeout             
8004385c  UARTCharPut                    
800436b0  UARTCharPutNonBlocking         
8004365c  UARTCharsAvail                 
80044144  UARTDMACounterResetControl     
80042f70  UARTDMADisable                 
80042f14  UARTDMAEnable                  
8004405c  UARTDSRInterruptControl        
80042978  UARTDivisorLatchDisable        
80042954  UARTDivisorLatchEnable         
800427d0  UARTDivisorLatchWrite          
8004270c  UARTDivisorValCompute          
80043094  UARTEnhanFuncBitValRestore     
80043034  UARTEnhanFuncEnable            
800438d0  UARTFIFOCharGet                
800438b0  UARTFIFOCharPut                
80042b50  UARTFIFOConfig                 
80043a44  UARTFIFOEnableStatusGet        
80042fa8  UARTFIFORegisterWrite          
80043ff8  UARTFIFOTrigLvlGranControl     
800438ec  UARTFIFOWrite                  
80043d30  UARTFlowCtrlTrigLvlConfig      
80043c64  UARTIdleModeConfigure          
80043540  UARTIntDisable                 
8004345c  UARTIntEnable                  
800439a4  UARTIntIdentityGet             
800439f0  UARTIntPendingStatusGet        
80042a78  UARTLineCharacConfig           
80043ea4  UARTLoopbackModeControl        
80043f18  UARTModemControlClear          
80043ee8  UARTModemControlSet            
80043f64  UARTModemStatusChangeCheck     
80043f48  UARTModemStatusGet             
80043c30  UARTModuleReset                
80044318  UARTModuleVersionNumberGet     
800426ac  UARTOperatingModeSelect        
80042b34  UARTParityModeGet              
80042af0  UARTParityModeSet              
80043bec  UARTPulseShapingControl        
80044128  UARTRXCTSDSRTransitionStatusGet
800440e4  UARTRXCTSDSRWakeUpConfigure    
80042a14  UARTRegConfModeRestore         
8004299c  UARTRegConfigModeEnable        
80043f80  UARTResumeOperation            
80043958  UARTRxErrorGet                 
800441bc  UARTRxFIFOLevelGet             
800442fc  UARTScratchPadRegRead          
800442b8  UARTScratchPadRegWrite         
80043b88  UARTSoftwareFlowCtrlOptSet     
80043608  UARTSpaceAvail                 
80043b24  UARTSpecialCharDetectControl   
800430f8  UARTSubConfigMSRSPRModeEn      
800431d0  UARTSubConfigTCRTLRModeEn      
800432a8  UARTSubConfigXOFFModeEn        
80043380  UARTTCRTLRBitValRestore        
80044334  UARTTxDMAThresholdControl      
80044378  UARTTxDMAThresholdValConfig    
800440a0  UARTTxEmptyIntControl          
80044188  UARTTxFIFOFullStatusGet        
800441a4  UARTTxFIFOLevelGet             
80043ca8  UARTWakeUpControl              
80043fc8  UARTWakeUpEventsDisable        
80043f98  UARTWakeUpEventsEnable         
80043d80  UARTXON1XOFF1ValProgram        
80043db0  UARTXON2XOFF2ValProgram        
80043de0  UARTXONAnyFeatureControl       
80047b4c  UART_0_ISR                     
80046600  UART_AddToRXBuffer             
80046730  UART_AddToTXBuffer             
8004650c  UART_BaudRateSet               
80046588  UART_Configure                 
800464e8  UART_FIFOConfigure             
800467dc  UART_GetTXInterruptStatus      
800465d4  UART_InterruptConfigure0       
80046544  UART_LineCharacSet             
80046408  UART_Module0ClkConfig          
80046464  UART_PrintBuffer               
80046450  UART_PrintChar                 
800464b0  UART_PrintString               
80050000  UART_RX_buffer                 
80048d08  UART_RX_place                  
80048d0c  UART_TX_add                    
800507d0  UART_TX_buffer                 
80048d10  UART_TX_remove                 
8004878c  UndefInstHandler               
87fffff8  __STACK_END                    
00000008  __STACK_SIZE                   
UNDEFED   __TI_CINIT_Base                
UNDEFED   __TI_CINIT_Limit               
UNDEFED   __TI_Handler_Table_Base        
UNDEFED   __TI_Handler_Table_Limit       
8004893c  __TI_auto_init                 
80000000  __TI_static_base__             
80048ba0  __aeabi_idiv0                  
80047ed8  __aeabi_memcpy                 
80047ed8  __aeabi_memcpy4                
80047ed8  __aeabi_memcpy8                
800487a4  __aeabi_uidiv                  
800487a4  __aeabi_uidivmod               
ffffffff  __binit__                      
ffffffff  __c_args__                     
87fffff0  __stack                        
ffffffff  binit                          
800511b0  bss_end                        
8004c000  bss_start                      
80048a6c  copy_in                        
800511ac  dummy                          
80050fa0  fnRAMVectors                   
80045d94  gpioContextRestore             
80045d50  gpioContextSave                
800481c8  main                           
80047ed8  memcpy                         
80048b7c  start_boot                     


GLOBAL SYMBOLS: SORTED BY Symbol Address 

address   name                           
-------   ----                           
00000008  __STACK_SIZE                   
80000000  Entry                          
80000000  __TI_static_base__             
800000d0  BITMAP_CharlieBeach            
8003fd5c  Commands                       
8003fd6c  HEADER_CharlieBeach            
8003fd78  Init_LCD                       
80040024  LCD_InterruptConfigure         
80040070  LCD_InteruptEnable             
80040088  LCD_InteruptDisable            
800400bc  LCD_Reset                      
800400f8  LCD_Interrupt                  
80040134  LCD_ft810memRead8              
80040180  LCD_ft810memRead16             
800401e4  LCD_ft810memRead32             
80040270  LCD_ft810memWrite8             
800402ac  LCD_ft810memWrite16            
80040310  LCD_ft810memWrite32            
800403a4  LCD_ft810memWriteBuffer        
80040494  LCD_wr8                        
800404b0  LCD_wr16                       
800404cc  LCD_wr32                       
800404e8  LCD_wr8s                       
80040554  LCD_rd8                        
80040568  LCD_rd16                       
80040580  LCD_rd32                       
80040594  LCD_wr_buffer                  
800406d4  LCD_rd_buffer                  
800407fc  LCD_cmd                        
80040824  LCD_host_command               
80040874  LCD_IncrementWriteOffset       
800408b4  LCD_WriteCommandParameters     
800408e0  LCD_SendRAMAddress             
80040950  LCD_WaitCoprocessorDone        
80040974  LCD_cmd_text                   
80040ac0  LCD_cmd_button                 
80040c24  LCD_cmd_clock                  
80040cd8  LCD_cmd_bgcolor                
80040d30  LCD_cmd_fgcolor                
80040d88  LCD_cmd_gradcolor              
80040e30  LCD_cmd_gauge                  
80040f2c  LCD_cmd_gradient               
80040fe4  LCD_cmd_keys                   
80041148  LCD_cmd_progress               
800411f4  LCD_cmd_scrollbar              
800412a8  LCD_cmd_slider                 
80041358  LCD_cmd_dial                   
800413ec  LCD_cmd_toggle                 
80041550  LCD_cmd_setbase                
800415a8  LCD_cmd_number                 
8004163c  LCD_cmd_memcrc                 
800416bc  LCD_cmd_memzero                
80041728  LCD_cmd_memset                 
800417ac  LCD_cmd_memwrite               
80041860  LCD_cmd_memcpy                 
800418e0  LCD_cmd_append                 
80041954  LCD_cmd_inflate                
800419f8  LCD_cmd_loadimage              
80041a64  LCD_cmd_loadidentity           
80041aa8  LCD_cmd_translate              
80041b14  LCD_cmd_scale                  
80041b80  LCD_cmd_rotate                 
80041bd8  LCD_cmd_setmatrix              
80041c1c  LCD_cmd_getmatrix              
80041cd8  LCD_cmd_getptr                 
80041d30  LCD_cmd_getprops               
80041dc0  LCD_cmd_mediafifo              
80041e2c  LCD_cmd_playvideo              
80041e84  LCD_cmd_videostart             
80041ec8  LCD_cmd_videoframe             
80041f34  LCD_cmd_track                  
80041fc8  LCD_cmd_coldstart              
80041fd8  LCD_cmd_interrupt              
80042030  LCD_cmd_regread                
8004209c  LCD_cmd_calibrate              
800420f4  LCD_cmd_romfont                
80042160  LCD_cmd_setfont                
800421cc  LCD_cmd_setfont2               
8004224c  LCD_cmd_setscratch             
800422a4  LCD_cmd_setrotate              
800422fc  LCD_cmd_setbitmap              
80042388  LCD_cmd_spinner                
8004240c  LCD_cmd_stop                   
80042450  LCD_cmd_screensaver            
80042494  LCD_cmd_sketch                 
80042538  LCD_cmd_snapshot               
80042590  LCD_cmd_snapshot2              
80042634  LCD_cmd_logo                   
80042678  LCD_SetInterruptFlag           
80042688  LCD_ClearInterruptFlag         
80042698  LCD_GetInterruptFlag           
800426ac  UARTOperatingModeSelect        
8004270c  UARTDivisorValCompute          
800427d0  UARTDivisorLatchWrite          
80042954  UARTDivisorLatchEnable         
80042978  UARTDivisorLatchDisable        
8004299c  UARTRegConfigModeEnable        
80042a14  UARTRegConfModeRestore         
80042a34  UARTBreakCtl                   
80042a78  UARTLineCharacConfig           
80042af0  UARTParityModeSet              
80042b34  UARTParityModeGet              
80042b50  UARTFIFOConfig                 
80042f14  UARTDMAEnable                  
80042f70  UARTDMADisable                 
80042fa8  UARTFIFORegisterWrite          
80043034  UARTEnhanFuncEnable            
80043094  UARTEnhanFuncBitValRestore     
800430f8  UARTSubConfigMSRSPRModeEn      
800431d0  UARTSubConfigTCRTLRModeEn      
800432a8  UARTSubConfigXOFFModeEn        
80043380  UARTTCRTLRBitValRestore        
8004345c  UARTIntEnable                  
80043540  UARTIntDisable                 
80043608  UARTSpaceAvail                 
8004365c  UARTCharsAvail                 
800436b0  UARTCharPutNonBlocking         
8004371c  UARTCharGetNonBlocking         
80043774  UARTCharGet                    
800437cc  UARTCharGetTimeout             
8004385c  UARTCharPut                    
800438b0  UARTFIFOCharPut                
800438d0  UARTFIFOCharGet                
800438ec  UARTFIFOWrite                  
80043958  UARTRxErrorGet                 
800439a4  UARTIntIdentityGet             
800439f0  UARTIntPendingStatusGet        
80043a44  UARTFIFOEnableStatusGet        
80043a98  UARTAutoRTSAutoCTSControl      
80043b24  UARTSpecialCharDetectControl   
80043b88  UARTSoftwareFlowCtrlOptSet     
80043bec  UARTPulseShapingControl        
80043c30  UARTModuleReset                
80043c64  UARTIdleModeConfigure          
80043ca8  UARTWakeUpControl              
80043cec  UARTAutoIdleModeControl        
80043d30  UARTFlowCtrlTrigLvlConfig      
80043d80  UARTXON1XOFF1ValProgram        
80043db0  UARTXON2XOFF2ValProgram        
80043de0  UARTXONAnyFeatureControl       
80043ea4  UARTLoopbackModeControl        
80043ee8  UARTModemControlSet            
80043f18  UARTModemControlClear          
80043f48  UARTModemStatusGet             
80043f64  UARTModemStatusChangeCheck     
80043f80  UARTResumeOperation            
80043f98  UARTWakeUpEventsEnable         
80043fc8  UARTWakeUpEventsDisable        
80043ff8  UARTFIFOTrigLvlGranControl     
8004405c  UARTDSRInterruptControl        
800440a0  UARTTxEmptyIntControl          
800440e4  UARTRXCTSDSRWakeUpConfigure    
80044128  UARTRXCTSDSRTransitionStatusGet
80044144  UARTDMACounterResetControl     
80044188  UARTTxFIFOFullStatusGet        
800441a4  UARTTxFIFOLevelGet             
800441bc  UARTRxFIFOLevelGet             
800441d4  UARTAutobaudParityGet          
80044220  UARTAutobaudWordLenGet         
8004426c  UARTAutobaudSpeedGet           
800442b8  UARTScratchPadRegWrite         
800442fc  UARTScratchPadRegRead          
80044318  UARTModuleVersionNumberGet     
80044334  UARTTxDMAThresholdControl      
80044378  UARTTxDMAThresholdValConfig    
800443bc  McSPIClkConfig                 
8004459c  McSPIWordLengthSet             
80044604  McSPICSEnable                  
80044628  McSPICSDisable                 
8004464c  McSPICSPolarityConfig          
800446b4  McSPICSTimeControlSet          
80044720  McSPICSAssert                  
80044758  McSPICSDeAssert                
80044790  McSPIStartBitEnable            
800447c8  McSPIStartBitPolarityConfig    
80044830  McSPIStartBitDisable           
80044868  McSPIMasterModeEnable          
8004488c  McSPIMasterModeConfig          
800449f8  McSPIChannelEnable             
80044a30  McSPIChannelDisable            
80044a68  McSPIReset                     
80044a9c  McSPITurboModeEnable           
80044ad4  McSPITurboModeDisable          
80044b0c  McSPITxFIFOConfig              
80044b74  McSPIRxFIFOConfig              
80044bdc  McSPIFIFOTrigLvlSet            
80044cdc  McSPIWordCountSet              
80044d1c  McSPIDMAEnable                 
80044d60  McSPIDMADisable                
80044da4  McSPIIntEnable                 
80044dd0  McSPIIntDisable                
80044dfc  McSPIInitDelayConfig           
80044e40  McSPITransmitData              
80044e74  McSPIReceiveData               
80044ea0  McSPIIntStatusGet              
80044eb8  McSPIIntStatusClear            
80044eec  McSPIChannelStatusGet          
80044f18  McSPIMultipleWordAccessConfig  
80044f5c  McSPIFIFODatManagementConfig   
80044fa0  McSPI1ModuleClkConfig          
800450fc  McSPI0ModuleClkConfig          
80045280  GPIOModuleReset                
800452b4  GPIOModuleEnable               
800452d8  GPIOModuleDisable              
800452fc  GPIODirModeSet                 
8004535c  GPIODirModeGet                 
8004539c  GPIOPinWrite                   
800453ec  GPIOPinRead                    
8004541c  GPIOMultiplePinsWrite          
8004544c  GPIOMultiplePinsRead           
80045470  GPIOPinIntEnable               
800454c0  GPIOPinIntDisable              
80045510  GPIOIntTypeSet                 
800458b0  GPIOIntTypeGet                 
80045990  GPIOPinIntStatus               
800459f4  GPIOPinIntClear                
80045a44  GPIORawIntStatus               
80045aa0  GPIOTriggerPinInt              
80045af0  GPIOWakeupGlobalEnable         
80045b14  GPIOWakeupGlobalDisable        
80045b38  GPIOPinIntWakeUpEnable         
80045b98  GPIOPinIntWakeUpDisable        
80045bf8  GPIOAutoIdleModeControl        
80045c3c  GPIOIdleModeConfigure          
80045c80  GPIOGatingRatioConfigure       
80045cc4  GPIODebounceFuncControl        
80045d14  GPIODebounceTimeConfig         
80045d38  GPIORevisionInfoGet            
80045d50  gpioContextSave                
80045d94  gpioContextRestore             
80045dd8  Init_GUI                       
80045de4  GUI_DrawInitialScreen          
80045e64  GUI_DrawInitialScreenProgress  
80045f70  GUI_DrawHomeScreen             
800460e4  GUI_DrawTVRemoteScreen         
80046214  GUI_LoadItemToRAMG             
80046260  GUI_TouchConfig                
800462cc  GUI_UpdateScreen               
800463b8  Init_UART                      
80046408  UART_Module0ClkConfig          
80046450  UART_PrintChar                 
80046464  UART_PrintBuffer               
800464b0  UART_PrintString               
800464e8  UART_FIFOConfigure             
8004650c  UART_BaudRateSet               
80046544  UART_LineCharacSet             
80046588  UART_Configure                 
800465d4  UART_InterruptConfigure0       
80046600  UART_AddToRXBuffer             
80046730  UART_AddToTXBuffer             
800467dc  UART_GetTXInterruptStatus      
80046858  CP15ICacheDisable              
80046874  CP15DCacheDisable              
80046890  CP15ICacheEnable               
800468a0  CP15DCacheEnable               
800468b0  CP15DCacheFlush                
80046944  CP15DCacheClean                
800469d8  CP15DCacheCleanFlush           
80046a6c  CP15ICacheFlush                
80046a7c  CP15DCacheCleanBuff            
80046ad0  CP15DCacheCleanFlushBuff       
80046b24  CP15DCacheFlushBuff            
80046b88  CP15ICacheFlushBuff            
80046bdc  CP15Ttb0Set                    
80046be8  CP15TlbInvalidate              
80046bf4  CP15MMUDisable                 
80046c0c  CP15MMUEnable                  
80046c20  CP15VectorBaseAddrSet          
80046c2c  CP15BranchPredictorInvalidate  
80046c38  CP15BranchPredictionEnable     
80046c48  CP15BranchPredictionDisable    
80046c58  CP15DomainAccessClientSet      
80046c68  CP15ControlFeatureDisable      
80046c7c  CP15ControlFeatureEnable       
80046c90  CP15TtbCtlTtb0Config           
80046ca0  CP15AuxControlFeatureEnable    
80046cb4  CP15AuxControlFeatureDisable   
80046cc8  CP15MainIdPrimPartNumGet       
80046ce0  Init_SPI                       
80046cf0  Init_SPI_Module1               
80046e00  Init_SPI_Module0               
80046f10  SPI_INTCConfigure1             
80046f3c  SPI_1_ISR                      
80046f40  SPI_WriteByte0                 
80046f98  SPI_WriteByte1                 
80046ff0  SPI_ReadWriteByte0             
80047048  SPI_ReadWriteByte1             
800470a0  SPI_WriteByteNoRx0             
800470d0  SPI_WriteByteNoRx1             
8004713c  IntRegister                    
80047160  IntUnRegister                  
80047180  IntAINTCInit                   
800471f0  IntPrioritySet                 
80047228  IntSystemEnable                
8004725c  IntSystemDisable               
80047290  IntIfClkFreeRunSet             
800472a4  IntIfClkAutoGateSet            
800472b8  IntActiveIrqNumGet             
800472c8  IntSpurIrqFlagGet              
800472dc  IntProtectionEnable            
800472ec  IntProtectionDisable           
80047300  IntSyncClkFreeRunSet           
80047314  IntSyncClkAutoGateSet          
80047328  IntFuncClkFreeRunSet           
8004733c  IntFuncClkAutoGateSet          
80047350  IntCurrIrqPriorityGet          
80047360  IntPriorityThresholdGet        
80047370  IntPriorityThresholdSet        
80047390  IntRawStatusGet                
800473d0  IntSoftwareIntSet              
80047400  IntSoftwareIntClear            
80047430  IntPendingIrqMaskedStatusGet   
8004746c  IntMasterIRQEnable             
80047478  IntMasterIRQDisable            
80047484  IntMasterFIQEnable             
80047490  IntMasterFIQDisable            
8004749c  IntMasterStatusGet             
800474a8  IntDisable                     
800474c0  IntEnable                      
8004751c  Init_GPIO                      
80047684  GPIO_Module0ClkConfig          
800476ec  GPIO_Module1ClkConfig          
80047754  GPIO_Module2ClkConfig          
800477bc  GPIO_Module3ClkConfig          
80047850  Init_LED                       
80047854  LED_Show                       
80047b10  GPIO_3A_ISR                    
80047b4c  UART_0_ISR                     
80047d00  InitCMD                        
80047d10  CMD_CheckMatch                 
80047e7c  CMD_Help                       
80047e8c  CMD_SetNewCommand              
80047e9c  CMD_ClearNewCommand            
80047eac  CMD_GetNewCommand              
80047ed8  __aeabi_memcpy                 
80047ed8  __aeabi_memcpy4                
80047ed8  __aeabi_memcpy8                
80047ed8  memcpy                         
80048058  MMUInit                        
800480b8  MMUMemRegionMap                
800481ac  MMUEnable                      
800481c8  main                           
8004831c  CacheDisable                   
80048360  CacheEnable                    
800483ac  CacheInstInvalidateAll         
800483b8  CacheInstInvalidateBuff        
800483d4  CacheDataCleanInvalidateAll    
800483e0  CacheDataCleanAll              
800483ec  CacheDataInvalidateAll         
800483f8  CacheDataCleanBuff             
80048414  CacheDataInvalidateBuff        
80048430  CacheDataCleanInvalidateBuff   
8004844c  MSC_BufferCopy                 
800484c4  MSC_LowercaseChar              
80048500  MSC_DelayUS                    
80048574  GpioPinMuxSetup                
80048580  GPIO1PinMuxSetup               
80048590  GPIO1Pin23PinMuxSetup          
800485a0  GPIO1ModuleClkConfig           
800485f4  GPIO0ModuleClkConfig           
800486b4  SVC_Handler                    
800486dc  IRQHandler                     
80048788  FIQHandler                     
8004878c  AbortHandler                   
8004878c  UndefInstHandler               
800487a4  __aeabi_uidiv                  
800487a4  __aeabi_uidivmod               
80048894  MMU_ConfigAndEnable            
8004893c  __TI_auto_init                 
800489e0  Init_Modules                   
80048a6c  copy_in                        
80048af0  CPUirqe                        
80048b00  CPUirqd                        
80048b10  CPUfiqe                        
80048b20  CPUfiqd                        
80048b30  CPUSwitchToUserMode            
80048b44  CPUSwitchToPrivilegedMode      
80048b4c  CPUAbortHandler                
80048b7c  start_boot                     
80048b94  CPUIntStatus                   
80048ba0  __aeabi_idiv0                  
80048ba4  Screens                        
80048ce6  RAM_CMD_Offset                 
80048ce8  FT_DispWidth                   
80048cea  FT_DispHeight                  
80048cec  FT_DispHCycle                  
80048cee  FT_DispHOffset                 
80048cf0  FT_DispHSync0                  
80048cf2  FT_DispHSync1                  
80048cf4  FT_DispVCycle                  
80048cf6  FT_DispVOffset                 
80048cf8  FT_DispVSync0                  
80048cfa  FT_DispVSync1                  
80048cfc  FT_DispPCLK                    
80048cfe  FT_DispSwizzle                 
80048d00  FT_DispPCLKPol                 
80048d02  FT_DispCSpread                 
80048d04  FT_DispDither                  
80048d07  NumCommand                     
80048d08  UART_RX_place                  
80048d0c  UART_TX_add                    
80048d10  UART_TX_remove                 
80048d14  CurrentScreen                  
80048d15  PreviousScreen                 
8004c000  bss_start                      
80050000  UART_RX_buffer                 
800507d0  UART_TX_buffer                 
80050fa0  fnRAMVectors                   
800511a0  Command_String                 
800511ac  dummy                          
800511b0  bss_end                        
87fffff0  __stack                        
87fffff8  __STACK_END                    
ffffffff  __binit__                      
ffffffff  __c_args__                     
ffffffff  binit                          
UNDEFED   SHT$$INIT_ARRAY$$Base          
UNDEFED   SHT$$INIT_ARRAY$$Limit         
UNDEFED   __TI_CINIT_Base                
UNDEFED   __TI_CINIT_Limit               
UNDEFED   __TI_Handler_Table_Base        
UNDEFED   __TI_Handler_Table_Limit       

[422 symbols]
