******************************************************************************
                  TI ARM Linker PC v5.2.6                      
******************************************************************************
>> Linked Tue Apr 19 18:26:02 2016

OUTPUT FILE NAME:   <BeagleBone_Smart_Controler.out>
ENTRY POINT SYMBOL: "Entry"  address: 80000000


MEMORY CONFIGURATION

         name            origin    length      used     unused   attr    fill
----------------------  --------  ---------  --------  --------  ----  --------
  DDR_MEM               80000000   07ffffff  0000d99a  07ff2665  RWIX


SEGMENT ALLOCATION MAP

run origin  load origin   length   init length attrs members
----------  ----------- ---------- ----------- ----- -------
80000000    80000000    000087b4   000087b4    r-x
  80000000    80000000    000000d0   000000d0    r-x .text:Entry
  800000d0    800000d0    00008648   00008648    r-x .text
  80008718    80008718    0000009c   0000009c    r-- .const
800087b4    800087b4    0000002e   0000002e    rw-
  800087b4    800087b4    0000002e   0000002e    rw- .data
8000c000    8000c000    000051b0   00000000    rw-
  8000c000    8000c000    000051b0   00000000    rw- .bss
87fffff0    87fffff0    00000008   00000000    rw-
  87fffff0    87fffff0    00000008   00000000    rw- .stack


SECTION ALLOCATION MAP

 output                                  attributes/
section   page    origin      length       input sections
--------  ----  ----------  ----------   ----------------
.text:Entry 
*          0    80000000    000000d0     
                  80000000    000000c8     system.lib : init.obj (.text:Entry)
                  800000c8    00000008     rtsv7A8_A_le_n_eabi.lib : autoinit.obj (.tramp.__TI_auto_init.1)

.text      0    800000d0    00008648     
                  800000d0    000027d0     LCD.obj (.text)
                  800028a0    00001d10     uart_irda_cir.obj (.text)
                  800045b0    00000ec4     mcspi.obj (.text)
                  80005474    00000b50     gpio_v2.obj (.text)
                  80005fc4    00000640     UART.obj (.text)
                  80006604    00000488     system.lib : cp15.obj (.text)
                  80006a8c    00000458     SPI.obj (.text)
                  80006ee4    000003e4     interrupt.obj (.text)
                  800072c8    00000334     GPIO.obj (.text)
                  800075fc    000002c0     LEDS.obj (.text)
                  800078bc    000001d8     CMD.obj (.text)
                  80007a94    00000180     rtsv7A8_A_le_n_eabi.lib : memcpy32.obj (.text)
                  80007c14    00000170     mmu.obj (.text)
                  80007d84    00000130     cache.obj (.text)
                  80007eb4    00000128     MISC.obj (.text)
                  80007fdc    00000124     platform.lib : gpio.obj (.text)
                  80008100    0000010c     system.lib : exceptionhandler.obj (.text)
                  8000820c    000000f0     rtsv7A8_A_le_n_eabi.lib : u_div32.obj (.text)
                  800082fc    000000d0     main.obj (.text)
                  800083cc    000000a8     MEMORY.obj (.text)
                  80008474    000000a4     rtsv7A8_A_le_n_eabi.lib : autoinit.obj (.text)
                  80008518    0000009c     GUI.obj (.text)
                  800085b4    00000084     rtsv7A8_A_le_n_eabi.lib : cpy_tbl.obj (.text)
                  80008638    00000060     system.lib : cpu.obj (.text)
                  80008698    00000044                : startup.obj (.text)
                  800086dc    0000002c     SYSTEM.obj (.text)
                  80008708    0000000c     system.lib : cpu.obj (.text:CPUIntStatus)
                  80008714    00000004     rtsv7A8_A_le_n_eabi.lib : i_div0.obj (.text)

.const     0    80008718    0000009c     
                  80008718    00000054     MEMORY.obj (.const)
                  8000876c    00000038     system.lib : startup.obj (.const:vecTbl)
                  800087a4    00000010     CMD.obj (.const)

.data      0    800087b4    0000002e     
                  800087b4    00000020     LCD.obj (.data)
                  800087d4    0000000c     UART.obj (.data)
                  800087e0    00000002     CMD.obj (.data)

.TI.persistent 
*          0    800087b4    00000000     UNINITIALIZED

.bss       0    8000c000    000051b0     UNINITIALIZED
                  8000c000    00004000     MEMORY.obj (.bss:pageTable)
                  80010000    000007d0     UART.obj (.bss:UART_RX_buffer)
                  800107d0    000007d0     UART.obj (.bss:UART_TX_buffer)
                  80010fa0    00000200     interrupt.obj (.bss:fnRAMVectors)
                  800111a0    0000000c     (.common:Command_String)
                  800111ac    00000004     (.common:dummy)

.TI.noinit 
*          0    8000c000    00000000     UNINITIALIZED

.stack     0    87fffff0    00000008     UNINITIALIZED
                  87fffff0    00000008     --HOLE--


FAR CALL TRAMPOLINES

callee name               trampoline name
   callee addr  tramp addr   call addr  call info
--------------  -----------  ---------  ----------------
__TI_auto_init            $Tramp$AA$S$$__TI_auto_init
   80008474     800000c8     800000a0   system.lib : init.obj (.text:Entry)

[1 trampolines]
[1 trampoline calls]


GLOBAL SYMBOLS: SORTED ALPHABETICALLY BY Name 

address   name                           
-------   ----                           
800081f4  AbortHandler                   
800078cc  CMD_CheckMatch                 
80007a58  CMD_ClearNewCommand            
80007a68  CMD_GetNewCommand              
80007a38  CMD_Help                       
80007a48  CMD_SetNewCommand              
80006a60  CP15AuxControlFeatureDisable   
80006a4c  CP15AuxControlFeatureEnable    
800069f4  CP15BranchPredictionDisable    
800069e4  CP15BranchPredictionEnable     
800069d8  CP15BranchPredictorInvalidate  
80006a14  CP15ControlFeatureDisable      
80006a28  CP15ControlFeatureEnable       
800066f0  CP15DCacheClean                
80006828  CP15DCacheCleanBuff            
80006784  CP15DCacheCleanFlush           
8000687c  CP15DCacheCleanFlushBuff       
80006620  CP15DCacheDisable              
8000664c  CP15DCacheEnable               
8000665c  CP15DCacheFlush                
800068d0  CP15DCacheFlushBuff            
80006a04  CP15DomainAccessClientSet      
80006604  CP15ICacheDisable              
8000663c  CP15ICacheEnable               
80006818  CP15ICacheFlush                
80006934  CP15ICacheFlushBuff            
800069a0  CP15MMUDisable                 
800069b8  CP15MMUEnable                  
80006a74  CP15MainIdPrimPartNumGet       
80006994  CP15TlbInvalidate              
80006988  CP15Ttb0Set                    
80006a3c  CP15TtbCtlTtb0Config           
800069cc  CP15VectorBaseAddrSet          
80008694  CPUAbortHandler                
80008708  CPUIntStatus                   
8000868c  CPUSwitchToPrivilegedMode      
80008678  CPUSwitchToUserMode            
80008668  CPUfiqd                        
80008658  CPUfiqe                        
80008648  CPUirqd                        
80008638  CPUirqe                        
80007e48  CacheDataCleanAll              
80007e60  CacheDataCleanBuff             
80007e3c  CacheDataCleanInvalidateAll    
80007e98  CacheDataCleanInvalidateBuff   
80007e54  CacheDataInvalidateAll         
80007e7c  CacheDataInvalidateBuff        
80007d84  CacheDisable                   
80007dc8  CacheEnable                    
80007e14  CacheInstInvalidateAll         
80007e20  CacheInstInvalidateBuff        
800111a0  Command_String                 
800087a4  Commands                       
80000000  Entry                          
800081f0  FIQHandler                     
800087d0  FT_DispCSpread                 
800087d2  FT_DispDither                  
800087ba  FT_DispHCycle                  
800087bc  FT_DispHOffset                 
800087be  FT_DispHSync0                  
800087c0  FT_DispHSync1                  
800087b8  FT_DispHeight                  
800087ca  FT_DispPCLK                    
800087ce  FT_DispPCLKPol                 
800087cc  FT_DispSwizzle                 
800087c2  FT_DispVCycle                  
800087c4  FT_DispVOffset                 
800087c6  FT_DispVSync0                  
800087c8  FT_DispVSync1                  
800087b6  FT_DispWidth                   
8000805c  GPIO0ModuleClkConfig           
80008008  GPIO1ModuleClkConfig           
80007ff8  GPIO1Pin23PinMuxSetup          
80007fe8  GPIO1PinMuxSetup               
80005de4  GPIOAutoIdleModeControl        
80005eb0  GPIODebounceFuncControl        
80005f00  GPIODebounceTimeConfig         
80005550  GPIODirModeGet                 
800054f0  GPIODirModeSet                 
80005e6c  GPIOGatingRatioConfigure       
80005e28  GPIOIdleModeConfigure          
80005a9c  GPIOIntTypeGet                 
800056fc  GPIOIntTypeSet                 
800054cc  GPIOModuleDisable              
800054a8  GPIOModuleEnable               
80005474  GPIOModuleReset                
80005638  GPIOMultiplePinsRead           
80005608  GPIOMultiplePinsWrite          
80005be0  GPIOPinIntClear                
800056ac  GPIOPinIntDisable              
8000565c  GPIOPinIntEnable               
80005b7c  GPIOPinIntStatus               
80005d84  GPIOPinIntWakeUpDisable        
80005d24  GPIOPinIntWakeUpEnable         
800055e0  GPIOPinRead                    
80005590  GPIOPinWrite                   
80005c30  GPIORawIntStatus               
80005f24  GPIORevisionInfoGet            
80005c8c  GPIOTriggerPinInt              
80005d00  GPIOWakeupGlobalDisable        
80005cdc  GPIOWakeupGlobalEnable         
80007430  GPIO_Module0ClkConfig          
80007498  GPIO_Module1ClkConfig          
80007500  GPIO_Module2ClkConfig          
80007568  GPIO_Module3ClkConfig          
80008524  GUI_DrawInitialScreen          
80007fdc  GpioPinMuxSetup                
80008144  IRQHandler                     
800078bc  InitCMD                        
800072c8  Init_GPIO                      
80008518  Init_GUI                       
800000d0  Init_LCD                       
800075fc  Init_LED                       
800086dc  Init_Modules                   
80006a8c  Init_SPI                       
80006bac  Init_SPI_Module0               
80006a9c  Init_SPI_Module1               
80005fc4  Init_UART                      
80006f2c  IntAINTCInit                   
80007064  IntActiveIrqNumGet             
800070fc  IntCurrIrqPriorityGet          
80007254  IntDisable                     
8000726c  IntEnable                      
800070e8  IntFuncClkAutoGateSet          
800070d4  IntFuncClkFreeRunSet           
80007050  IntIfClkAutoGateSet            
8000703c  IntIfClkFreeRunSet             
8000723c  IntMasterFIQDisable            
80007230  IntMasterFIQEnable             
80007224  IntMasterIRQDisable            
80007218  IntMasterIRQEnable             
80007248  IntMasterStatusGet             
800071dc  IntPendingIrqMaskedStatusGet   
80006f9c  IntPrioritySet                 
8000710c  IntPriorityThresholdGet        
8000711c  IntPriorityThresholdSet        
80007098  IntProtectionDisable           
80007088  IntProtectionEnable            
8000713c  IntRawStatusGet                
80006ee8  IntRegister                    
800071ac  IntSoftwareIntClear            
8000717c  IntSoftwareIntSet              
80007074  IntSpurIrqFlagGet              
800070c0  IntSyncClkAutoGateSet          
800070ac  IntSyncClkFreeRunSet           
80007008  IntSystemDisable               
80006fd4  IntSystemEnable                
80006f0c  IntUnRegister                  
80000aac  LCD_IncrementWriteOffset       
80000330  LCD_Reset                      
80000b18  LCD_SendRAMAddress             
80000b88  LCD_WaitCoprocessorDone        
80000aec  LCD_WriteCommandParameters     
80000a34  LCD_cmd                        
80001b04  LCD_cmd_append                 
80000f10  LCD_cmd_bgcolor                
80000cf8  LCD_cmd_button                 
800022c0  LCD_cmd_calibrate              
80000e5c  LCD_cmd_clock                  
800021ec  LCD_cmd_coldstart              
8000157c  LCD_cmd_dial                   
80000f68  LCD_cmd_fgcolor                
80001018  LCD_cmd_gauge                  
80001e40  LCD_cmd_getmatrix              
80001f54  LCD_cmd_getprops               
80001efc  LCD_cmd_getptr                 
80000fc0  LCD_cmd_gradcolor              
800010d0  LCD_cmd_gradient               
80001b78  LCD_cmd_inflate                
800021fc  LCD_cmd_interrupt              
80001208  LCD_cmd_keys                   
80001c88  LCD_cmd_loadidentity           
80001c1c  LCD_cmd_loadimage              
80002858  LCD_cmd_logo                   
80001fe4  LCD_cmd_mediafifo              
80001a84  LCD_cmd_memcpy                 
80001860  LCD_cmd_memcrc                 
8000194c  LCD_cmd_memset                 
800019d0  LCD_cmd_memwrite               
800018e0  LCD_cmd_memzero                
800017cc  LCD_cmd_number                 
80002050  LCD_cmd_playvideo              
8000136c  LCD_cmd_progress               
80002254  LCD_cmd_regread                
80002318  LCD_cmd_romfont                
80001da4  LCD_cmd_rotate                 
80001d38  LCD_cmd_scale                  
80002674  LCD_cmd_screensaver            
80001418  LCD_cmd_scrollbar              
80001774  LCD_cmd_setbase                
80002520  LCD_cmd_setbitmap              
80002384  LCD_cmd_setfont                
800023f0  LCD_cmd_setfont2               
80001dfc  LCD_cmd_setmatrix              
800024c8  LCD_cmd_setrotate              
80002470  LCD_cmd_setscratch             
800026b8  LCD_cmd_sketch                 
800014cc  LCD_cmd_slider                 
8000275c  LCD_cmd_snapshot               
800027b4  LCD_cmd_snapshot2              
800025ac  LCD_cmd_spinner                
80002630  LCD_cmd_stop                   
80000bac  LCD_cmd_text                   
80001610  LCD_cmd_toggle                 
80002158  LCD_cmd_track                  
80001ccc  LCD_cmd_translate              
800020ec  LCD_cmd_videoframe             
800020a8  LCD_cmd_videostart             
800003b8  LCD_ft810memRead16             
8000041c  LCD_ft810memRead32             
8000036c  LCD_ft810memRead8              
800004e4  LCD_ft810memWrite16            
80000548  LCD_ft810memWrite32            
800004a8  LCD_ft810memWrite8             
800005dc  LCD_ft810memWriteBuffer        
80000a5c  LCD_host_command               
800007a0  LCD_rd16                       
800007b8  LCD_rd32                       
8000078c  LCD_rd8                        
8000090c  LCD_rd_buffer                  
800006e8  LCD_wr16                       
80000704  LCD_wr32                       
800006cc  LCD_wr8                        
80000720  LCD_wr8s                       
800007cc  LCD_wr_buffer                  
80007600  LED_Show                       
80007d68  MMUEnable                      
80007c14  MMUInit                        
80007c74  MMUMemRegionMap                
800083cc  MMU_ConfigAndEnable            
80007eb4  MSC_BufferCopy                 
80007f68  MSC_DelayUS                    
80007f2c  MSC_LowercaseChar              
800052f0  McSPI0ModuleClkConfig          
80005194  McSPI1ModuleClkConfig          
80004914  McSPICSAssert                  
8000494c  McSPICSDeAssert                
8000481c  McSPICSDisable                 
800047f8  McSPICSEnable                  
80004840  McSPICSPolarityConfig          
800048a8  McSPICSTimeControlSet          
80004c24  McSPIChannelDisable            
80004bec  McSPIChannelEnable             
800050e0  McSPIChannelStatusGet          
800045b0  McSPIClkConfig                 
80004f54  McSPIDMADisable                
80004f10  McSPIDMAEnable                 
80005150  McSPIFIFODatManagementConfig   
80004dd0  McSPIFIFOTrigLvlSet            
80004ff0  McSPIInitDelayConfig           
80004fc4  McSPIIntDisable                
80004f98  McSPIIntEnable                 
800050ac  McSPIIntStatusClear            
80005094  McSPIIntStatusGet              
80004a80  McSPIMasterModeConfig          
80004a5c  McSPIMasterModeEnable          
8000510c  McSPIMultipleWordAccessConfig  
80005068  McSPIReceiveData               
80004c5c  McSPIReset                     
80004d68  McSPIRxFIFOConfig              
80004a24  McSPIStartBitDisable           
80004984  McSPIStartBitEnable            
800049bc  McSPIStartBitPolarityConfig    
80005034  McSPITransmitData              
80004cc8  McSPITurboModeDisable          
80004c90  McSPITurboModeEnable           
80004d00  McSPITxFIFOConfig              
80004ed0  McSPIWordCountSet              
80004790  McSPIWordLengthSet             
800087e1  NumCommand                     
800087b4  RAM_CMD_Offset                 
UNDEFED   SHT$$INIT_ARRAY$$Base          
UNDEFED   SHT$$INIT_ARRAY$$Limit         
80006ce8  SPI_1_ISR                      
80006cbc  SPI_INTCConfigure1             
80006d9c  SPI_ReadWriteByte0             
80006df4  SPI_ReadWriteByte1             
80006cec  SPI_WriteByte0                 
80006d44  SPI_WriteByte1                 
80006e4c  SPI_WriteByteNoRx0             
80006e7c  SPI_WriteByteNoRx1             
8000811c  SVC_Handler                    
80003ee0  UARTAutoIdleModeControl        
80003c8c  UARTAutoRTSAutoCTSControl      
800043c8  UARTAutobaudParityGet          
80004460  UARTAutobaudSpeedGet           
80004414  UARTAutobaudWordLenGet         
80002c28  UARTBreakCtl                   
80003968  UARTCharGet                    
80003910  UARTCharGetNonBlocking         
800039c0  UARTCharGetTimeout             
80003a50  UARTCharPut                    
800038a4  UARTCharPutNonBlocking         
80003850  UARTCharsAvail                 
80004338  UARTDMACounterResetControl     
80003164  UARTDMADisable                 
80003108  UARTDMAEnable                  
80004250  UARTDSRInterruptControl        
80002b6c  UARTDivisorLatchDisable        
80002b48  UARTDivisorLatchEnable         
800029c4  UARTDivisorLatchWrite          
80002900  UARTDivisorValCompute          
80003288  UARTEnhanFuncBitValRestore     
80003228  UARTEnhanFuncEnable            
80003ac4  UARTFIFOCharGet                
80003aa4  UARTFIFOCharPut                
80002d44  UARTFIFOConfig                 
80003c38  UARTFIFOEnableStatusGet        
8000319c  UARTFIFORegisterWrite          
800041ec  UARTFIFOTrigLvlGranControl     
80003ae0  UARTFIFOWrite                  
80003f24  UARTFlowCtrlTrigLvlConfig      
80003e58  UARTIdleModeConfigure          
80003734  UARTIntDisable                 
80003650  UARTIntEnable                  
80003b98  UARTIntIdentityGet             
80003be4  UARTIntPendingStatusGet        
80002c6c  UARTLineCharacConfig           
80004098  UARTLoopbackModeControl        
8000410c  UARTModemControlClear          
800040dc  UARTModemControlSet            
80004158  UARTModemStatusChangeCheck     
8000413c  UARTModemStatusGet             
80003e24  UARTModuleReset                
8000450c  UARTModuleVersionNumberGet     
800028a0  UARTOperatingModeSelect        
80002d28  UARTParityModeGet              
80002ce4  UARTParityModeSet              
80003de0  UARTPulseShapingControl        
8000431c  UARTRXCTSDSRTransitionStatusGet
800042d8  UARTRXCTSDSRWakeUpConfigure    
80002c08  UARTRegConfModeRestore         
80002b90  UARTRegConfigModeEnable        
80004174  UARTResumeOperation            
80003b4c  UARTRxErrorGet                 
800043b0  UARTRxFIFOLevelGet             
800044f0  UARTScratchPadRegRead          
800044ac  UARTScratchPadRegWrite         
80003d7c  UARTSoftwareFlowCtrlOptSet     
800037fc  UARTSpaceAvail                 
80003d18  UARTSpecialCharDetectControl   
800032ec  UARTSubConfigMSRSPRModeEn      
800033c4  UARTSubConfigTCRTLRModeEn      
8000349c  UARTSubConfigXOFFModeEn        
80003574  UARTTCRTLRBitValRestore        
80004528  UARTTxDMAThresholdControl      
8000456c  UARTTxDMAThresholdValConfig    
80004294  UARTTxEmptyIntControl          
8000437c  UARTTxFIFOFullStatusGet        
80004398  UARTTxFIFOLevelGet             
80003e9c  UARTWakeUpControl              
800041bc  UARTWakeUpEventsDisable        
8000418c  UARTWakeUpEventsEnable         
80003f74  UARTXON1XOFF1ValProgram        
80003fa4  UARTXON2XOFF2ValProgram        
80003fd4  UARTXONAnyFeatureControl       
800061e0  UART_0_ISR                     
800063ac  UART_AddToRXBuffer             
800064dc  UART_AddToTXBuffer             
80006118  UART_BaudRateSet               
80006194  UART_Configure                 
800060f4  UART_FIFOConfigure             
80006588  UART_GetTXInterruptStatus      
80006380  UART_InterruptConfigure0       
80006150  UART_LineCharacSet             
80006014  UART_Module0ClkConfig          
80006070  UART_PrintBuffer               
8000605c  UART_PrintChar                 
800060bc  UART_PrintString               
80010000  UART_RX_buffer                 
800087d4  UART_RX_place                  
800087d8  UART_TX_add                    
800107d0  UART_TX_buffer                 
800087dc  UART_TX_remove                 
800081f4  UndefInstHandler               
87fffff8  __STACK_END                    
00000008  __STACK_SIZE                   
UNDEFED   __TI_CINIT_Base                
UNDEFED   __TI_CINIT_Limit               
UNDEFED   __TI_Handler_Table_Base        
UNDEFED   __TI_Handler_Table_Limit       
80008474  __TI_auto_init                 
80000000  __TI_static_base__             
80008714  __aeabi_idiv0                  
80007a94  __aeabi_memcpy                 
80007a94  __aeabi_memcpy4                
80007a94  __aeabi_memcpy8                
8000820c  __aeabi_uidiv                  
8000820c  __aeabi_uidivmod               
ffffffff  __binit__                      
ffffffff  __c_args__                     
87fffff0  __stack                        
ffffffff  binit                          
800111b0  bss_end                        
8000c000  bss_start                      
800085b4  copy_in                        
80010fa0  fnRAMVectors                   
80005f80  gpioContextRestore             
80005f3c  gpioContextSave                
800082fc  main                           
80007a94  memcpy                         
800086c4  start_boot                     


GLOBAL SYMBOLS: SORTED BY Symbol Address 

address   name                           
-------   ----                           
00000008  __STACK_SIZE                   
80000000  Entry                          
80000000  __TI_static_base__             
800000d0  Init_LCD                       
80000330  LCD_Reset                      
8000036c  LCD_ft810memRead8              
800003b8  LCD_ft810memRead16             
8000041c  LCD_ft810memRead32             
800004a8  LCD_ft810memWrite8             
800004e4  LCD_ft810memWrite16            
80000548  LCD_ft810memWrite32            
800005dc  LCD_ft810memWriteBuffer        
800006cc  LCD_wr8                        
800006e8  LCD_wr16                       
80000704  LCD_wr32                       
80000720  LCD_wr8s                       
8000078c  LCD_rd8                        
800007a0  LCD_rd16                       
800007b8  LCD_rd32                       
800007cc  LCD_wr_buffer                  
8000090c  LCD_rd_buffer                  
80000a34  LCD_cmd                        
80000a5c  LCD_host_command               
80000aac  LCD_IncrementWriteOffset       
80000aec  LCD_WriteCommandParameters     
80000b18  LCD_SendRAMAddress             
80000b88  LCD_WaitCoprocessorDone        
80000bac  LCD_cmd_text                   
80000cf8  LCD_cmd_button                 
80000e5c  LCD_cmd_clock                  
80000f10  LCD_cmd_bgcolor                
80000f68  LCD_cmd_fgcolor                
80000fc0  LCD_cmd_gradcolor              
80001018  LCD_cmd_gauge                  
800010d0  LCD_cmd_gradient               
80001208  LCD_cmd_keys                   
8000136c  LCD_cmd_progress               
80001418  LCD_cmd_scrollbar              
800014cc  LCD_cmd_slider                 
8000157c  LCD_cmd_dial                   
80001610  LCD_cmd_toggle                 
80001774  LCD_cmd_setbase                
800017cc  LCD_cmd_number                 
80001860  LCD_cmd_memcrc                 
800018e0  LCD_cmd_memzero                
8000194c  LCD_cmd_memset                 
800019d0  LCD_cmd_memwrite               
80001a84  LCD_cmd_memcpy                 
80001b04  LCD_cmd_append                 
80001b78  LCD_cmd_inflate                
80001c1c  LCD_cmd_loadimage              
80001c88  LCD_cmd_loadidentity           
80001ccc  LCD_cmd_translate              
80001d38  LCD_cmd_scale                  
80001da4  LCD_cmd_rotate                 
80001dfc  LCD_cmd_setmatrix              
80001e40  LCD_cmd_getmatrix              
80001efc  LCD_cmd_getptr                 
80001f54  LCD_cmd_getprops               
80001fe4  LCD_cmd_mediafifo              
80002050  LCD_cmd_playvideo              
800020a8  LCD_cmd_videostart             
800020ec  LCD_cmd_videoframe             
80002158  LCD_cmd_track                  
800021ec  LCD_cmd_coldstart              
800021fc  LCD_cmd_interrupt              
80002254  LCD_cmd_regread                
800022c0  LCD_cmd_calibrate              
80002318  LCD_cmd_romfont                
80002384  LCD_cmd_setfont                
800023f0  LCD_cmd_setfont2               
80002470  LCD_cmd_setscratch             
800024c8  LCD_cmd_setrotate              
80002520  LCD_cmd_setbitmap              
800025ac  LCD_cmd_spinner                
80002630  LCD_cmd_stop                   
80002674  LCD_cmd_screensaver            
800026b8  LCD_cmd_sketch                 
8000275c  LCD_cmd_snapshot               
800027b4  LCD_cmd_snapshot2              
80002858  LCD_cmd_logo                   
800028a0  UARTOperatingModeSelect        
80002900  UARTDivisorValCompute          
800029c4  UARTDivisorLatchWrite          
80002b48  UARTDivisorLatchEnable         
80002b6c  UARTDivisorLatchDisable        
80002b90  UARTRegConfigModeEnable        
80002c08  UARTRegConfModeRestore         
80002c28  UARTBreakCtl                   
80002c6c  UARTLineCharacConfig           
80002ce4  UARTParityModeSet              
80002d28  UARTParityModeGet              
80002d44  UARTFIFOConfig                 
80003108  UARTDMAEnable                  
80003164  UARTDMADisable                 
8000319c  UARTFIFORegisterWrite          
80003228  UARTEnhanFuncEnable            
80003288  UARTEnhanFuncBitValRestore     
800032ec  UARTSubConfigMSRSPRModeEn      
800033c4  UARTSubConfigTCRTLRModeEn      
8000349c  UARTSubConfigXOFFModeEn        
80003574  UARTTCRTLRBitValRestore        
80003650  UARTIntEnable                  
80003734  UARTIntDisable                 
800037fc  UARTSpaceAvail                 
80003850  UARTCharsAvail                 
800038a4  UARTCharPutNonBlocking         
80003910  UARTCharGetNonBlocking         
80003968  UARTCharGet                    
800039c0  UARTCharGetTimeout             
80003a50  UARTCharPut                    
80003aa4  UARTFIFOCharPut                
80003ac4  UARTFIFOCharGet                
80003ae0  UARTFIFOWrite                  
80003b4c  UARTRxErrorGet                 
80003b98  UARTIntIdentityGet             
80003be4  UARTIntPendingStatusGet        
80003c38  UARTFIFOEnableStatusGet        
80003c8c  UARTAutoRTSAutoCTSControl      
80003d18  UARTSpecialCharDetectControl   
80003d7c  UARTSoftwareFlowCtrlOptSet     
80003de0  UARTPulseShapingControl        
80003e24  UARTModuleReset                
80003e58  UARTIdleModeConfigure          
80003e9c  UARTWakeUpControl              
80003ee0  UARTAutoIdleModeControl        
80003f24  UARTFlowCtrlTrigLvlConfig      
80003f74  UARTXON1XOFF1ValProgram        
80003fa4  UARTXON2XOFF2ValProgram        
80003fd4  UARTXONAnyFeatureControl       
80004098  UARTLoopbackModeControl        
800040dc  UARTModemControlSet            
8000410c  UARTModemControlClear          
8000413c  UARTModemStatusGet             
80004158  UARTModemStatusChangeCheck     
80004174  UARTResumeOperation            
8000418c  UARTWakeUpEventsEnable         
800041bc  UARTWakeUpEventsDisable        
800041ec  UARTFIFOTrigLvlGranControl     
80004250  UARTDSRInterruptControl        
80004294  UARTTxEmptyIntControl          
800042d8  UARTRXCTSDSRWakeUpConfigure    
8000431c  UARTRXCTSDSRTransitionStatusGet
80004338  UARTDMACounterResetControl     
8000437c  UARTTxFIFOFullStatusGet        
80004398  UARTTxFIFOLevelGet             
800043b0  UARTRxFIFOLevelGet             
800043c8  UARTAutobaudParityGet          
80004414  UARTAutobaudWordLenGet         
80004460  UARTAutobaudSpeedGet           
800044ac  UARTScratchPadRegWrite         
800044f0  UARTScratchPadRegRead          
8000450c  UARTModuleVersionNumberGet     
80004528  UARTTxDMAThresholdControl      
8000456c  UARTTxDMAThresholdValConfig    
800045b0  McSPIClkConfig                 
80004790  McSPIWordLengthSet             
800047f8  McSPICSEnable                  
8000481c  McSPICSDisable                 
80004840  McSPICSPolarityConfig          
800048a8  McSPICSTimeControlSet          
80004914  McSPICSAssert                  
8000494c  McSPICSDeAssert                
80004984  McSPIStartBitEnable            
800049bc  McSPIStartBitPolarityConfig    
80004a24  McSPIStartBitDisable           
80004a5c  McSPIMasterModeEnable          
80004a80  McSPIMasterModeConfig          
80004bec  McSPIChannelEnable             
80004c24  McSPIChannelDisable            
80004c5c  McSPIReset                     
80004c90  McSPITurboModeEnable           
80004cc8  McSPITurboModeDisable          
80004d00  McSPITxFIFOConfig              
80004d68  McSPIRxFIFOConfig              
80004dd0  McSPIFIFOTrigLvlSet            
80004ed0  McSPIWordCountSet              
80004f10  McSPIDMAEnable                 
80004f54  McSPIDMADisable                
80004f98  McSPIIntEnable                 
80004fc4  McSPIIntDisable                
80004ff0  McSPIInitDelayConfig           
80005034  McSPITransmitData              
80005068  McSPIReceiveData               
80005094  McSPIIntStatusGet              
800050ac  McSPIIntStatusClear            
800050e0  McSPIChannelStatusGet          
8000510c  McSPIMultipleWordAccessConfig  
80005150  McSPIFIFODatManagementConfig   
80005194  McSPI1ModuleClkConfig          
800052f0  McSPI0ModuleClkConfig          
80005474  GPIOModuleReset                
800054a8  GPIOModuleEnable               
800054cc  GPIOModuleDisable              
800054f0  GPIODirModeSet                 
80005550  GPIODirModeGet                 
80005590  GPIOPinWrite                   
800055e0  GPIOPinRead                    
80005608  GPIOMultiplePinsWrite          
80005638  GPIOMultiplePinsRead           
8000565c  GPIOPinIntEnable               
800056ac  GPIOPinIntDisable              
800056fc  GPIOIntTypeSet                 
80005a9c  GPIOIntTypeGet                 
80005b7c  GPIOPinIntStatus               
80005be0  GPIOPinIntClear                
80005c30  GPIORawIntStatus               
80005c8c  GPIOTriggerPinInt              
80005cdc  GPIOWakeupGlobalEnable         
80005d00  GPIOWakeupGlobalDisable        
80005d24  GPIOPinIntWakeUpEnable         
80005d84  GPIOPinIntWakeUpDisable        
80005de4  GPIOAutoIdleModeControl        
80005e28  GPIOIdleModeConfigure          
80005e6c  GPIOGatingRatioConfigure       
80005eb0  GPIODebounceFuncControl        
80005f00  GPIODebounceTimeConfig         
80005f24  GPIORevisionInfoGet            
80005f3c  gpioContextSave                
80005f80  gpioContextRestore             
80005fc4  Init_UART                      
80006014  UART_Module0ClkConfig          
8000605c  UART_PrintChar                 
80006070  UART_PrintBuffer               
800060bc  UART_PrintString               
800060f4  UART_FIFOConfigure             
80006118  UART_BaudRateSet               
80006150  UART_LineCharacSet             
80006194  UART_Configure                 
800061e0  UART_0_ISR                     
80006380  UART_InterruptConfigure0       
800063ac  UART_AddToRXBuffer             
800064dc  UART_AddToTXBuffer             
80006588  UART_GetTXInterruptStatus      
80006604  CP15ICacheDisable              
80006620  CP15DCacheDisable              
8000663c  CP15ICacheEnable               
8000664c  CP15DCacheEnable               
8000665c  CP15DCacheFlush                
800066f0  CP15DCacheClean                
80006784  CP15DCacheCleanFlush           
80006818  CP15ICacheFlush                
80006828  CP15DCacheCleanBuff            
8000687c  CP15DCacheCleanFlushBuff       
800068d0  CP15DCacheFlushBuff            
80006934  CP15ICacheFlushBuff            
80006988  CP15Ttb0Set                    
80006994  CP15TlbInvalidate              
800069a0  CP15MMUDisable                 
800069b8  CP15MMUEnable                  
800069cc  CP15VectorBaseAddrSet          
800069d8  CP15BranchPredictorInvalidate  
800069e4  CP15BranchPredictionEnable     
800069f4  CP15BranchPredictionDisable    
80006a04  CP15DomainAccessClientSet      
80006a14  CP15ControlFeatureDisable      
80006a28  CP15ControlFeatureEnable       
80006a3c  CP15TtbCtlTtb0Config           
80006a4c  CP15AuxControlFeatureEnable    
80006a60  CP15AuxControlFeatureDisable   
80006a74  CP15MainIdPrimPartNumGet       
80006a8c  Init_SPI                       
80006a9c  Init_SPI_Module1               
80006bac  Init_SPI_Module0               
80006cbc  SPI_INTCConfigure1             
80006ce8  SPI_1_ISR                      
80006cec  SPI_WriteByte0                 
80006d44  SPI_WriteByte1                 
80006d9c  SPI_ReadWriteByte0             
80006df4  SPI_ReadWriteByte1             
80006e4c  SPI_WriteByteNoRx0             
80006e7c  SPI_WriteByteNoRx1             
80006ee8  IntRegister                    
80006f0c  IntUnRegister                  
80006f2c  IntAINTCInit                   
80006f9c  IntPrioritySet                 
80006fd4  IntSystemEnable                
80007008  IntSystemDisable               
8000703c  IntIfClkFreeRunSet             
80007050  IntIfClkAutoGateSet            
80007064  IntActiveIrqNumGet             
80007074  IntSpurIrqFlagGet              
80007088  IntProtectionEnable            
80007098  IntProtectionDisable           
800070ac  IntSyncClkFreeRunSet           
800070c0  IntSyncClkAutoGateSet          
800070d4  IntFuncClkFreeRunSet           
800070e8  IntFuncClkAutoGateSet          
800070fc  IntCurrIrqPriorityGet          
8000710c  IntPriorityThresholdGet        
8000711c  IntPriorityThresholdSet        
8000713c  IntRawStatusGet                
8000717c  IntSoftwareIntSet              
800071ac  IntSoftwareIntClear            
800071dc  IntPendingIrqMaskedStatusGet   
80007218  IntMasterIRQEnable             
80007224  IntMasterIRQDisable            
80007230  IntMasterFIQEnable             
8000723c  IntMasterFIQDisable            
80007248  IntMasterStatusGet             
80007254  IntDisable                     
8000726c  IntEnable                      
800072c8  Init_GPIO                      
80007430  GPIO_Module0ClkConfig          
80007498  GPIO_Module1ClkConfig          
80007500  GPIO_Module2ClkConfig          
80007568  GPIO_Module3ClkConfig          
800075fc  Init_LED                       
80007600  LED_Show                       
800078bc  InitCMD                        
800078cc  CMD_CheckMatch                 
80007a38  CMD_Help                       
80007a48  CMD_SetNewCommand              
80007a58  CMD_ClearNewCommand            
80007a68  CMD_GetNewCommand              
80007a94  __aeabi_memcpy                 
80007a94  __aeabi_memcpy4                
80007a94  __aeabi_memcpy8                
80007a94  memcpy                         
80007c14  MMUInit                        
80007c74  MMUMemRegionMap                
80007d68  MMUEnable                      
80007d84  CacheDisable                   
80007dc8  CacheEnable                    
80007e14  CacheInstInvalidateAll         
80007e20  CacheInstInvalidateBuff        
80007e3c  CacheDataCleanInvalidateAll    
80007e48  CacheDataCleanAll              
80007e54  CacheDataInvalidateAll         
80007e60  CacheDataCleanBuff             
80007e7c  CacheDataInvalidateBuff        
80007e98  CacheDataCleanInvalidateBuff   
80007eb4  MSC_BufferCopy                 
80007f2c  MSC_LowercaseChar              
80007f68  MSC_DelayUS                    
80007fdc  GpioPinMuxSetup                
80007fe8  GPIO1PinMuxSetup               
80007ff8  GPIO1Pin23PinMuxSetup          
80008008  GPIO1ModuleClkConfig           
8000805c  GPIO0ModuleClkConfig           
8000811c  SVC_Handler                    
80008144  IRQHandler                     
800081f0  FIQHandler                     
800081f4  AbortHandler                   
800081f4  UndefInstHandler               
8000820c  __aeabi_uidiv                  
8000820c  __aeabi_uidivmod               
800082fc  main                           
800083cc  MMU_ConfigAndEnable            
80008474  __TI_auto_init                 
80008518  Init_GUI                       
80008524  GUI_DrawInitialScreen          
800085b4  copy_in                        
80008638  CPUirqe                        
80008648  CPUirqd                        
80008658  CPUfiqe                        
80008668  CPUfiqd                        
80008678  CPUSwitchToUserMode            
8000868c  CPUSwitchToPrivilegedMode      
80008694  CPUAbortHandler                
800086c4  start_boot                     
800086dc  Init_Modules                   
80008708  CPUIntStatus                   
80008714  __aeabi_idiv0                  
800087a4  Commands                       
800087b4  RAM_CMD_Offset                 
800087b6  FT_DispWidth                   
800087b8  FT_DispHeight                  
800087ba  FT_DispHCycle                  
800087bc  FT_DispHOffset                 
800087be  FT_DispHSync0                  
800087c0  FT_DispHSync1                  
800087c2  FT_DispVCycle                  
800087c4  FT_DispVOffset                 
800087c6  FT_DispVSync0                  
800087c8  FT_DispVSync1                  
800087ca  FT_DispPCLK                    
800087cc  FT_DispSwizzle                 
800087ce  FT_DispPCLKPol                 
800087d0  FT_DispCSpread                 
800087d2  FT_DispDither                  
800087d4  UART_RX_place                  
800087d8  UART_TX_add                    
800087dc  UART_TX_remove                 
800087e1  NumCommand                     
8000c000  bss_start                      
80010000  UART_RX_buffer                 
800107d0  UART_TX_buffer                 
80010fa0  fnRAMVectors                   
800111a0  Command_String                 
800111b0  bss_end                        
87fffff0  __stack                        
87fffff8  __STACK_END                    
ffffffff  __binit__                      
ffffffff  __c_args__                     
ffffffff  binit                          
UNDEFED   SHT$$INIT_ARRAY$$Base          
UNDEFED   SHT$$INIT_ARRAY$$Limit         
UNDEFED   __TI_CINIT_Base                
UNDEFED   __TI_CINIT_Limit               
UNDEFED   __TI_Handler_Table_Base        
UNDEFED   __TI_Handler_Table_Limit       

[402 symbols]
