******************************************************************************
                  TI ARM Linker PC v5.2.6                      
******************************************************************************
>> Linked Fri May 13 17:12:05 2016

OUTPUT FILE NAME:   <BeagleBone_Smart_Controler.out>
ENTRY POINT SYMBOL: "Entry"  address: 80000000


MEMORY CONFIGURATION

         name            origin    length      used     unused   attr    fill
----------------------  --------  ---------  --------  --------  ----  --------
  SRAM_MEM              402f0400   0000fbff  00000000  0000fbff  RWIX
  L3_SRAM_MEM           40300000   0000ffff  00000b30  0000f4cf  RWIX
  DDR_MEM               80000000   07ffffff  00071b8f  07f8e470  RWIX


SEGMENT ALLOCATION MAP

run origin  load origin   length   init length attrs members
----------  ----------- ---------- ----------- ----- -------
40300000    40300000    00000b30   00000b30    rw-
  40300000    40300000    00000b30   00000b30    rw- .l3_memory
80000000    80000000    0006746c   0006746c    r-x
  80000000    80000000    000000d0   000000d0    r-x .text:Entry
  800000d0    800000d0    000430cc   000430cc    r-- .const
  8004319c    8004319c    000242d0   000242d0    r-x .text
80068000    80068000    0000627c   00000000    rw-
  80068000    80068000    0000627c   00000000    rw- .bss
8006e280    8006e280    0000449f   0000449f    rw-
  8006e280    8006e280    0000449f   0000449f    rw- .data
87fffff0    87fffff0    00000008   00000000    rw-
  87fffff0    87fffff0    00000008   00000000    rw- .stack


SECTION ALLOCATION MAP

 output                                  attributes/
section   page    origin      length       input sections
--------  ----  ----------  ----------   ----------------
.l3_memory 
*          0    40300000    00000b30     
                  40300000    00000830     usb_msc_structs.obj (.l3_memory:uninit) [fill = 0]
                  40300830    00000010     --HOLE-- [fill = 0]
                  40300840    00000240     SD.obj (.l3_memory) [fill = 0]
                  40300a80    00000048     usb_msc_structs.obj (.l3_memory:init)
                  40300ac8    00000038     --HOLE-- [fill = 0]
                  40300b00    00000030     usbdata.obj (.l3_memory) [fill = 0]

.text:Entry 
*          0    80000000    000000d0     
                  80000000    000000c8     system.lib : init.obj (.text:Entry)
                  800000c8    00000008     rtsv7A8_A_le_n_eabi.lib : autoinit.obj (.tramp.__TI_auto_init.1)

.const     0    800000d0    000430cc     
                  800000d0    0003fc00     BITMAP_CHARLIE_BEACH.obj (.const:.string:BITMAP_CharlieBeach)
                  8003fcd0    00002bc0     BITMAP_TV_REMOTE.obj (.const:.string:BITMAP_TVRemote)
                  80042890    000001f2     ccsbcs.obj (.const:cvt1$1)
                  80042a82    00000101     rtsv7A8_A_le_n_eabi.lib : ctype.obj (.const:.string:_ctypes_)
                  80042b83    00000001     --HOLE-- [fill = 0]
                  80042b84    00000100     ccsbcs.obj (.const:Tbl)
                  80042c84    000000cc     BITMAP_SD_CARD_SYMBOL.obj (.const:.string:BITMAP_SD_Card_Symbol)
                  80042d50    000000bc     ccsbcs.obj (.const:cvt2$2)
                  80042e0c    00000080     ff.obj (.const:.string:ExCvt)
                  80042e8c    00000078     usbdenum.obj (.const:g_sUSBDefaultFIFOConfig)
                  80042f04    00000058     BITMAP_USB_SYMBOL.obj (.const:.string:BITMAP_USB_Symbol)
                  80042f5c    00000054     MEMORY.obj (.const)
                  80042fb0    00000038     system.lib : startup.obj (.const:vecTbl)
                  80042fe8    00000034     usb_msc_structs.obj (.const:.string:g_pManufacturerString)
                  8004301c    00000034     usbdenum.obj (.const:g_psUSBDStdRequests)
                  80043050    00000030     usb_msc_structs.obj (.const:.string:g_pConfigString)
                  80043080    00000029     usbdmsc.obj (.const:.string)
                  800430a9    00000028     usb_msc_structs.obj (.const:.string:g_pDataInterfaceString)
                  800430d1    00000028     usb_msc_structs.obj (.const:.string:g_pProductString)
                  800430f9    00000003     --HOLE-- [fill = 0]
                  800430fc    0000001d     usbdmsc.obj (.const)
                  80043119    00000003     --HOLE-- [fill = 0]
                  8004311c    00000018     usb_msc_structs.obj (.const)
                  80043134    00000016     usb_msc_structs.obj (.const:.string)
                  8004314a    00000002     --HOLE-- [fill = 0]
                  8004314c    00000010     CMD.obj (.const)
                  8004315c    0000000d     ff.obj (.const:.string)
                  80043169    00000003     --HOLE-- [fill = 0]
                  8004316c    0000000c     BITMAP_CHARLIE_BEACH.obj (.const)
                  80043178    0000000c     BITMAP_SD_CARD_SYMBOL.obj (.const)
                  80043184    0000000c     BITMAP_TV_REMOTE.obj (.const)
                  80043190    0000000c     BITMAP_USB_SYMBOL.obj (.const)

.text      0    8004319c    000242d0     
                  8004319c    00005388     ff.obj (.text)
                  80048524    00003714     usbdmsc.obj (.text)
                  8004bc38    00002a68     LCD.obj (.text)
                  8004e6a0    00002268     usbdenum.obj (.text)
                  80050908    00001d10     uart_irda_cir.obj (.text)
                  80052618    00001a70     rtsv7A8_A_le_n_eabi.lib : _printfi.obj (.text)
                  80054088    00001a40     edma.obj (.text)
                  80055ac8    00001588     rtc.obj (.text)
                  80057050    0000140c     tsc_adc.obj (.text)
                  8005845c    00000ec4     mcspi.obj (.text)
                  80059320    00000e38     GUI.obj (.text)
                  8005a158    00000de0     mmcsd_proto.obj (.text)
                  8005af38    00000b98     gpio_v2.obj (.text)
                  8005bad0    00000b34     hsi2c.obj (.text)
                  8005c604    00000b10     SD.obj (.text)
                  8005d114    00000a90     hs_mmcsd.obj (.text)
                  8005dba4    000009d8     INTERRUPTS.obj (.text)
                  8005e57c    000008d8     MISC.obj (.text)
                  8005ee54    00000830     usbdconfig.obj (.text)
                  8005f684    00000788     dmtimer.obj (.text)
                  8005fe0c    000006c4     FRAM.obj (.text)
                  800604d0    00000544     usbdcdesc.obj (.text)
                  80060a14    00000510     SPI.obj (.text)
                  80060f24    00000504     AUDIO.obj (.text)
                  80061428    000004a0     UART.obj (.text)
                  800618c8    00000498     GPIO.obj (.text)
                  80061d60    00000488     system.lib : cp15.obj (.text)
                  800621e8    0000041c     EMMC.obj (.text)
                  80062604    0000041c     main.obj (.text)
                  80062a20    000003e4     interrupt.obj (.text)
                  80062e04    00000398     hs_mmcsdlib.obj (.text)
                  8006319c    00000360     usbdesc.obj (.text)
                  800634fc    0000033c     RTCC.obj (.text)
                  80063838    000002e8     WAV.obj (.text)
                  80063b20    000002c0     LEDS.obj (.text)
                  80063de0    000002b8     rtsv7A8_A_le_n_eabi.lib : ull_div32.obj (.text)
                  80064098    0000029c     ADC.obj (.text)
                  80064334    00000290     I2C.obj (.text)
                  800645c4    00000280     ccsbcs.obj (.text)
                  80064844    00000268     TIMERS.obj (.text)
                  80064aac    00000214     rtsv7A8_A_le_n_eabi.lib : fd_add32.obj (.text)
                  80064cc0    00000204     TEST.obj (.text)
                  80064ec4    000001f0     USB.obj (.text)
                  800650b4    000001d8     CMD.obj (.text)
                  8006528c    000001d4     EEPROM.obj (.text)
                  80065460    000001d0     PMIC.obj (.text)
                  80065630    000001a8     rtsv7A8_A_le_n_eabi.lib : xdscale.obj (.text)
                  800657d8    00000190                             : fd_div32.obj (.text)
                  80065968    00000180     SYSTEM.obj (.text)
                  80065ae8    00000180     rtsv7A8_A_le_n_eabi.lib : memcpy32.obj (.text)
                  80065c68    00000178     POWER.obj (.text)
                  80065de0    00000170     mmu.obj (.text)
                  80065f50    00000160     rtsv7A8_A_le_n_eabi.lib : xdnorm.obj (.text)
                  800660b0    00000144     usbtick.obj (.text)
                  800661f4    00000130     cache.obj (.text)
                  80066324    00000128     rtsv7A8_A_le_n_eabi.lib : fd_mul32.obj (.text)
                  8006644c    00000114                             : i_div32.obj (.text)
                  80066560    0000010c     system.lib : exceptionhandler.obj (.text)
                  8006666c    000000f0     rtsv7A8_A_le_n_eabi.lib : u_div32.obj (.text)
                  8006675c    000000e4     usbdmscglue.obj (.text)
                  80066840    000000e0     rtsv7A8_A_le_n_eabi.lib : fd_cmp32.obj (.text:__aeabi_cdcmple)
                  80066920    000000e0                             : fd_cmp32.obj (.text:__aeabi_cdrcmple)
                  80066a00    000000c8     usbphyGS70.obj (.text)
                  80066ac8    000000b8     rtsv7A8_A_le_n_eabi.lib : xdunscal.obj (.text)
                  80066b80    000000b0                             : memset32.obj (.text)
                  80066c30    000000a8     MEMORY.obj (.text)
                  80066cd8    000000a8     rtsv7A8_A_le_n_eabi.lib : sprintf.obj (.text)
                  80066d80    000000a4                             : autoinit.obj (.text)
                  80066e24    00000084                             : atoi.obj (.text)
                  80066ea8    00000084                             : cpy_tbl.obj (.text)
                  80066f2c    00000080                             : ltoa.obj (.text)
                  80066fac    00000078                             : ldexp.obj (.text)
                  80067024    00000064                             : signal.obj (.text)
                  80067088    00000060     system.lib : cpu.obj (.text)
                  800670e8    0000005c     rtsv7A8_A_le_n_eabi.lib : fd_toi32.obj (.text)
                  80067144    0000005c                             : fd_tou32.obj (.text)
                  800671a0    00000058                             : feraiseexcept.obj (.text)
                  800671f8    0000004c                             : raise.obj (.text)
                  80067244    00000044                             : xferaise.obj (.text)
                  80067288    00000044     system.lib : startup.obj (.text)
                  800672cc    0000003c     rtsv7A8_A_le_n_eabi.lib : i_tofd32.obj (.text)
                  80067308    00000038                             : xdclass.obj (.text)
                  80067340    00000034                             : u_tofd32.obj (.text)
                  80067374    00000030                             : frexp.obj (.text)
                  800673a4    0000002c                             : memccpy.obj (.text)
                  800673d0    00000028                             : strchr.obj (.text)
                  800673f8    00000024                             : _lock.obj (.text)
                  8006741c    00000024                             : ll_lsr32.obj (.text)
                  80067440    0000001c                             : strlen.obj (.text)
                  8006745c    0000000c     system.lib : cpu.obj (.text:CPUIntStatus)
                  80067468    00000004     rtsv7A8_A_le_n_eabi.lib : i_div0.obj (.text)

.bss       0    80068000    0000627c     UNINITIALIZED
                  80068000    00004000     MEMORY.obj (.bss:pageTable)
                  8006c000    000007d0     UART.obj (.bss:UART_RX_buffer)
                  8006c7d0    000007d0     UART.obj (.bss:UART_TX_buffer)
                  8006cfa0    00000400     SD.obj (.bss:FileDataBuffer)
                  8006d3a0    000003e8     MISC.obj (.bss:MISC_Buffer)
                  8006d788    00000018     (.common:fat_devices)
                  8006d7a0    00000010     (.common:EEPROM_Contents)
                  8006d7b0    00000010     (.common:I2C_0_Buffers)
                  8006d7c0    00000280     main.obj (.bss:fileWrite)
                  8006da40    00000200     ff.obj (.bss:LfnBuf)
                  8006dc40    00000200     interrupt.obj (.bss:fnRAMVectors)
                  8006de40    00000100     SD.obj (.bss:cb_Fxn)
                  8006df40    000000a8     usbdenum.obj (.bss:g_psUSBDevice)
                  8006dfe8    00000050     EMMC.obj (.bss:EMMC_Card)
                  8006e038    00000050     EMMC.obj (.bss:EMMC_ctrlInfo)
                  8006e088    00000050     SD.obj (.bss:ctrlInfo)
                  8006e0d8    00000050     SD.obj (.bss:sdCard)
                  8006e128    00000040     POWER.obj (.bss:Voltage)
                  8006e168    0000000c     (.common:Command_String)
                  8006e174    0000000c     (.common:g_pfTickHandlers)
                  8006e180    00000040     mmcsd_proto.obj (.bss:dataBuffer)
                  8006e1c0    00000040     usbdmsc.obj (.bss:g_pucCommand)
                  8006e200    00000040     usbdenum.obj (.bss:g_pucDataBufferIn)
                  8006e240    0000000c     (.common:g_pvTickInstance)
                  8006e24c    0000000a     (.common:CurrentTimeDate)
                  8006e256    00000002     (.common:Fsid)
                  8006e258    00000004     (.common:BytesWritten)
                  8006e25c    00000004     (.common:FatFs)
                  8006e260    00000004     (.common:dummy)
                  8006e264    00000004     (.common:g_sDriveInformation)
                  8006e268    00000004     (.common:p_CurrentScreen)
                  8006e26c    00000004     (.common:p_CurrentWAVFile)
                  8006e270    00000004     (.common:p_PreviousScreen)
                  8006e274    00000004     (.common:regionId)
                  8006e278    00000001     (.common:CurrentScreen)
                  8006e279    00000001     (.common:PreviousPreviousScreen)
                  8006e27a    00000001     (.common:PreviousScreen)
                  8006e27b    00000001     (.common:Result)

.TI.noinit 
*          0    80068000    00000000     UNINITIALIZED

.data      0    8006e280    0000449f     
                  8006e280    00003cbc     WAV_POST_COMPLETE.obj (.data:WAV_PostComplete)
                  80071f3c    00000500     GUI.obj (.data:Screens)
                  8007243c    000000b0     rtsv7A8_A_le_n_eabi.lib : signal.obj (.data:sigtable)
                  800724ec    00000004     USB.obj (.data)
                  800724f0    00000080     rtsv7A8_A_le_n_eabi.lib : xvalues.obj (.data)
                  80072570    00000062     WAV.obj (.data:WAV_Files)
                  800725d2    00000002     CMD.obj (.data)
                  800725d4    0000004c     usbdmsc.obj (.data:g_sMSCDeviceInfo)
                  80072620    00000030     usbdmsc.obj (.data)
                  80072650    00000028     SD.obj (.data)
                  80072678    00000023     LCD.obj (.data)
                  8007269b    0000001f     FRAM.obj (.data)
                  800726ba    00000001     ADC.obj (.data)
                  800726bb    00000001     I2C.obj (.data)
                  800726bc    00000010     AUDIO.obj (.data)
                  800726cc    00000010     TIMERS.obj (.data)
                  800726dc    0000000c     RTCC.obj (.data)
                  800726e8    0000000c     UART.obj (.data)
                  800726f4    0000000c     usbtick.obj (.data)
                  80072700    00000008     rtsv7A8_A_le_n_eabi.lib : _lock.obj (.data)
                  80072708    00000008                             : feraiseexcept.obj (.data)
                  80072710    00000008     usbdenum.obj (.data)
                  80072718    00000004     rtsv7A8_A_le_n_eabi.lib : errno.obj (.data)
                  8007271c    00000003     GUI.obj (.data)

.TI.persistent 
*          0    8006e280    00000000     UNINITIALIZED

.stack     0    87fffff0    00000008     UNINITIALIZED
                  87fffff0    00000008     --HOLE--


FAR CALL TRAMPOLINES

callee name               trampoline name
   callee addr  tramp addr   call addr  call info
--------------  -----------  ---------  ----------------
__TI_auto_init            $Tramp$AA$S$$__TI_auto_init
   80066d80     800000c8     800000a0   system.lib : init.obj (.text:Entry)

[1 trampolines]
[1 trampoline calls]


GLOBAL SYMBOLS: SORTED ALPHABETICALLY BY Name 

address   name                                 
-------   ----                                 
8005e024  ADC_0_ISR                            
80064304  ADC_ClearFinishedFlag                
8006424c  ADC_ConfigureInterrupt               
80064314  ADC_GetFinishedFlag                  
80064278  ADC_ReadChannels                     
800642f4  ADC_SetFinishedFlag                  
80061384  AUD_AmpShutdown                      
800726c4  AUD_AudioTimeoutCount                
800612bc  AUD_ClearPlaybackFinishedFlag        
8006102c  AUD_ClearPlayingFlag                 
800612f4  AUD_ClearTimoutFlag                  
800612d8  AUD_GetPlaybackFinishedFlag          
8006103c  AUD_GetPlayingFlag                   
80061304  AUD_GetTimoutFlag                    
80061310  AUD_IsWAVPlaying                     
80060f28  AUD_PlayWAV                          
800612ac  AUD_SetPlaybackFinishedFlag          
8006101c  AUD_SetPlayingFlag                   
800612e4  AUD_SetTimoutFlag                    
80060ff0  AUD_StopWAV                          
80061328  AUD_TestAudio                        
80061048  AUD_TransferWAVToRAMG                
80066654  AbortHandler                         
800726c0  AudioBytesTransferred                
800000d0  BITMAP_CharlieBeach                  
80042c84  BITMAP_SD_Card_Symbol                
8003fcd0  BITMAP_TVRemote                      
80042f04  BITMAP_USB_Symbol                    
8007269a  BackLightSetting                     
8006e258  BytesWritten                         
800650c4  CMD_CheckMatch                       
80065250  CMD_ClearNewCommand                  
80065260  CMD_GetNewCommand                    
80065230  CMD_Help                             
80065240  CMD_SetNewCommand                    
800621bc  CP15AuxControlFeatureDisable         
800621a8  CP15AuxControlFeatureEnable          
80062150  CP15BranchPredictionDisable          
80062140  CP15BranchPredictionEnable           
80062134  CP15BranchPredictorInvalidate        
80062170  CP15ControlFeatureDisable            
80062184  CP15ControlFeatureEnable             
80061e4c  CP15DCacheClean                      
80061f84  CP15DCacheCleanBuff                  
80061ee0  CP15DCacheCleanFlush                 
80061fd8  CP15DCacheCleanFlushBuff             
80061d7c  CP15DCacheDisable                    
80061da8  CP15DCacheEnable                     
80061db8  CP15DCacheFlush                      
8006202c  CP15DCacheFlushBuff                  
80062160  CP15DomainAccessClientSet            
80061d60  CP15ICacheDisable                    
80061d98  CP15ICacheEnable                     
80061f74  CP15ICacheFlush                      
80062090  CP15ICacheFlushBuff                  
800620fc  CP15MMUDisable                       
80062114  CP15MMUEnable                        
800621d0  CP15MainIdPrimPartNumGet             
800620f0  CP15TlbInvalidate                    
800620e4  CP15Ttb0Set                          
80062198  CP15TtbCtlTtb0Config                 
80062128  CP15VectorBaseAddrSet                
800670e4  CPUAbortHandler                      
8006745c  CPUIntStatus                         
800670dc  CPUSwitchToPrivilegedMode            
800670c8  CPUSwitchToUserMode                  
800670b8  CPUfiqd                              
800670a8  CPUfiqe                              
80067098  CPUirqd                              
80067088  CPUirqe                              
800662b8  CacheDataCleanAll                    
800662d0  CacheDataCleanBuff                   
800662ac  CacheDataCleanInvalidateAll          
80066308  CacheDataCleanInvalidateBuff         
800662c4  CacheDataInvalidateAll               
800662ec  CacheDataInvalidateBuff              
800661f4  CacheDisable                         
80066238  CacheEnable                          
80066284  CacheInstInvalidateAll               
80066290  CacheInstInvalidateBuff              
8006e168  Command_String                       
8004314c  Commands                             
8006e278  CurrentScreen                        
8007269b  CurrentSystemSettings                
8006e24c  CurrentTimeDate                      
8005fd20  DMTimer2ModuleClkConfig              
8005fd8c  DMTimer3ModuleClkConfig              
8005f9c4  DMTimerCompareGet                    
8005f988  DMTimerCompareSet                    
8005fbe4  DMTimerContextRestore                
8005fb64  DMTimerContextSave                   
8005f880  DMTimerCounterGet                    
8005f844  DMTimerCounterSet                    
8005f6c4  DMTimerDisable                       
8005f684  DMTimerEnable                        
8005f908  DMTimerGPOConfigure                  
8005fa78  DMTimerIntDisable                    
8005fa54  DMTimerIntEnable                     
8005fad4  DMTimerIntEnableGet                  
8005fa00  DMTimerIntRawStatusGet               
8005f9dc  DMTimerIntRawStatusSet               
8005fa30  DMTimerIntStatusClear                
8005fa18  DMTimerIntStatusGet                  
8005f704  DMTimerModeConfigure                 
8005fcc4  DMTimerPostedModeConfig              
8005f804  DMTimerPreScalerClkDisable           
8005f784  DMTimerPreScalerClkEnable            
8005f8f0  DMTimerReloadGet                     
8005f8b4  DMTimerReloadSet                     
8005fb30  DMTimerReset                         
8005faec  DMTimerResetConfigure                
8005fa9c  DMTimerTriggerSet                    
8005fd08  DMTimerWritePostedStatusGet          
800726de  DefaultTimeDate                      
800554d4  EDMA3CCErrorEvaluate                 
8005441c  EDMA3ChannelToParamMap               
80055340  EDMA3ClearErrorBits                  
800547a0  EDMA3ClrCCErr                        
80054840  EDMA3ClrEvt                          
80054c3c  EDMA3ClrIntr                         
800546a0  EDMA3ClrMissEvt                      
800557c0  EDMA3ContextRestore                  
80055610  EDMA3ContextSave                     
800554f0  EDMA3Deinit                          
8005435c  EDMA3DisableChInShadowReg            
80054940  EDMA3DisableDmaEvt                   
80054bbc  EDMA3DisableEvtIntr                  
800549f4  EDMA3DisableQdmaEvt                  
80055270  EDMA3DisableTransfer                 
8005429c  EDMA3EnableChInShadowReg             
800548c0  EDMA3EnableDmaEvt                    
80054b3c  EDMA3EnableEvtIntr                   
800549bc  EDMA3EnableQdmaEvt                   
800551a0  EDMA3EnableTransfer                  
80054aec  EDMA3ErrIntrHighStatusGet            
800550dc  EDMA3FreeChannel                     
80054a2c  EDMA3GetCCErrStatus                  
80054ac4  EDMA3GetErrIntrStatus                
80054a54  EDMA3GetIntrStatus                   
80054cac  EDMA3GetPaRAM                        
80054088  EDMA3Init                            
80054a8c  EDMA3IntrStatusHighGet               
8005444c  EDMA3MapChToEvtQ                     
80054598  EDMA3MapQdmaChToPaRAM                
80054284  EDMA3PeripheralIdGet                 
8005474c  EDMA3QdmaClrMissEvt                  
80054b14  EDMA3QdmaGetErrIntrStatus            
80054d30  EDMA3QdmaGetPaRAM                    
80054f44  EDMA3QdmaGetPaRAMEntry               
80054e5c  EDMA3QdmaSetPaRAM                    
80054ef0  EDMA3QdmaSetPaRAMEntry               
80054fa4  EDMA3RequestChannel                  
800547c0  EDMA3SetEvt                          
80054dc4  EDMA3SetPaRAM                        
80054664  EDMA3SetQdmaTrigWord                 
8005450c  EDMA3UnmapChToEvtQ                   
80055978  EDMAModuleClkConfig                  
80055970  EDMAVersionGet                       
8006d7a0  EEPROM_Contents                      
800652a4  EEPROM_ReadAddress                   
80065368  EEPROM_ReadBuffer                    
80065300  EEPROM_WriteAddress                  
800653e0  EEPROM_WriteBuffer                   
8006dfe8  EMMC_Card                            
800623e8  EMMC_ControllerInit                  
8006246c  EMMC_DiskInitialize                  
800624d8  EMMC_HSMMCSDCmdStatusGet             
80062384  EMMC_HSMMCSDModuleClkConfig          
800624a8  EMMC_HSMMCSDXferSetup                
80062528  EMMC_HSMMCSDXferStatusGet            
800623ac  EMMC_HardwareReset                   
800622e8  EMMC_PinMuxSetup                     
8006e038  EMMC_ctrlInfo                        
80000000  Entry                                
80066650  FIQHandler                           
80060394  FRAM_CalculateCRC                    
80060358  FRAM_Hold                            
800603ac  FRAM_LoadDefaultSettings             
8005ff0c  FRAM_LoadSettings                    
8006013c  FRAM_ReadMemory                      
80060010  FRAM_ReadStatusRegister              
8005ff28  FRAM_SaveSettings                    
80060428  FRAM_Test                            
8005ff90  FRAM_WriteDisable                    
8005ff54  FRAM_WriteEnable                     
80060050  FRAM_WriteMemory                     
8006031c  FRAM_WriteProtect                    
80060228  FRAM_WriteRead                       
8005ffcc  FRAM_WriteStatusRegister             
80072696  FT_DispCSpread                       
80072698  FT_DispDither                        
80072680  FT_DispHCycle                        
80072682  FT_DispHOffset                       
80072684  FT_DispHSync0                        
80072686  FT_DispHSync1                        
8007267e  FT_DispHeight                        
80072690  FT_DispPCLK                          
80072694  FT_DispPCLKPol                       
80072692  FT_DispSwizzle                       
80072688  FT_DispVCycle                        
8007268a  FT_DispVOffset                       
8007268c  FT_DispVSync0                        
8007268e  FT_DispVSync1                        
8007267c  FT_DispWidth                         
8006cfa0  FileDataBuffer                       
8005b8c8  GPIOAutoIdleModeControl              
8005b994  GPIODebounceFuncControl              
8005b9e4  GPIODebounceTimeConfig               
8005b014  GPIODirModeGet                       
8005afb4  GPIODirModeSet                       
8005b950  GPIOGatingRatioConfigure             
8005b90c  GPIOIdleModeConfigure                
8005b580  GPIOIntTypeGet                       
8005b1e0  GPIOIntTypeSet                       
8005af90  GPIOModuleDisable                    
8005af6c  GPIOModuleEnable                     
8005af38  GPIOModuleReset                      
8005b11c  GPIOMultiplePinsRead                 
8005b0ec  GPIOMultiplePinsWrite                
8005b6c4  GPIOPinIntClear                      
8005b190  GPIOPinIntDisable                    
8005b140  GPIOPinIntEnable                     
8005b660  GPIOPinIntStatus                     
8005b868  GPIOPinIntWakeUpDisable              
8005b808  GPIOPinIntWakeUpEnable               
8005b0a4  GPIOPinRead                          
8005b054  GPIOPinWrite                         
8005b714  GPIORawIntStatus                     
8005ba08  GPIORevisionInfoGet                  
8005b770  GPIOTriggerPinInt                    
8005b7e4  GPIOWakeupGlobalDisable              
8005b7c0  GPIOWakeupGlobalEnable               
8005dba4  GPIO_3A_ISR                          
80061b58  GPIO_Module0ClkConfig                
80061bc0  GPIO_Module1ClkConfig                
80061c28  GPIO_Module2ClkConfig                
80061c90  GPIO_Module3ClkConfig                
80059f74  GUI_Backlight                        
80059fbc  GUI_ClearBacklightTimeout            
80059ea8  GUI_ClearTagTimoutFlag               
80059d64  GUI_CreateTouchCalibration           
8005950c  GUI_DrawHomeScreen                   
80059368  GUI_DrawInitialScreen                
800593f0  GUI_DrawInitialScreenProgress        
80059b60  GUI_DrawNextScreen                   
80059c9c  GUI_DrawPreviousScreen               
80059950  GUI_DrawTVRemoteScreen               
80059ed8  GUI_DrawTime                         
80059fcc  GUI_GetBacklightTimeout              
80059ff4  GUI_GetCurrentTag                    
80059eb8  GUI_GetTagTimoutFlag                 
800599dc  GUI_LoadItemToRAMG                   
80059ce8  GUI_LoadTouchCalibration             
80059ec4  GUI_ScreenRefresh                    
80059fac  GUI_SetBacklightTimeout              
80059fd8  GUI_SetCurrentTag                    
80059e98  GUI_SetTagTimoutFlag                 
80059e7c  GUI_StartNewScreenTagTimer           
80059ad4  GUI_TouchConfig                      
8005baa8  GpioPinMuxSetup                      
8004316c  HEADER_CharlieBeach                  
80043178  HEADER_SD_Card_Symbol                
80043184  HEADER_TVRemote                      
80043190  HEADER_USB_Symbol                    
8005d84c  HSMMCSDBlkLenSet                     
80063170  HSMMCSDBusFreqConfig                 
8005d510  HSMMCSDBusFreqSet                    
8005d334  HSMMCSDBusPower                      
8005d2f4  HSMMCSDBusVoltSet                    
80063110  HSMMCSDBusWidthConfig                
8005d23c  HSMMCSDBusWidthSet                   
80062e04  HSMMCSDCardPresent                   
80062f14  HSMMCSDCmdSend                       
8005d88c  HSMMCSDCommandSend                   
80062e3c  HSMMCSDControllerInit                
8005d97c  HSMMCSDDataGet                       
8005d4d0  HSMMCSDDataTimeoutSet                
8005d64c  HSMMCSDInitStreamSend                
8005d3b4  HSMMCSDIntClock                      
80062e1c  HSMMCSDIntEnable                     
8005d710  HSMMCSDIntrEnable                    
8005d768  HSMMCSDIntrStatusClear               
8005d6e4  HSMMCSDIntrStatusDisable             
8005d6b8  HSMMCSDIntrStatusEnable              
8005d744  HSMMCSDIntrStatusGet                 
8005d9d0  HSMMCSDIsCardInserted                
8005d9f0  HSMMCSDIsCardWriteProtected          
8005d788  HSMMCSDIsCmdComplete                 
8005d4b0  HSMMCSDIsHSupported                  
8005d40c  HSMMCSDIsIntClockStable              
8005d7e8  HSMMCSDIsXferComplete                
8005d17c  HSMMCSDLinesReset                    
8005db50  HSMMCSDModuleClkConfig               
8005daf8  HSMMCSDPinMuxSetup                   
8005d920  HSMMCSDResponseGet                   
8005d114  HSMMCSDSoftReset                     
8005d470  HSMMCSDSupportedVoltSet              
8005d1f8  HSMMCSDSystemConfig                  
8005c5a0  I2C0ModuleClkConfig                  
8005c008  I2CActiveOwnAddressGet               
8005c218  I2CAutoIdleDisable                   
8005c1f4  I2CAutoIdleEnable                    
8005bf84  I2CBufferStatus                      
8005c2c4  I2CClockActivitySelect               
8005c08c  I2CClockBlockingControl              
8005c4cc  I2CContextRestore                    
8005c478  I2CContextSave                       
8005bf54  I2CDMARxEventDisable                 
8005bef4  I2CDMARxEventEnable                  
8005bf24  I2CDMATxEventDisable                 
8005bec4  I2CDMATxEventEnable                  
8005bde0  I2CDataCountGet                      
8005be78  I2CFIFOClear                         
8005bdf8  I2CFIFOThresholdConfig               
8005c260  I2CGlobalWakeUpDisable               
8005c23c  I2CGlobalWakeUpEnable                
8005c284  I2CIdleModeSelect                    
8005bb94  I2CMasterBusBusy                     
8005bbcc  I2CMasterBusy                        
8005bc10  I2CMasterControl                     
8005c458  I2CMasterDataGet                     
8005c438  I2CMasterDataPut                     
8005bb70  I2CMasterDisable                     
8005bb4c  I2CMasterEnable                      
8005bbe8  I2CMasterErr                         
8005bad0  I2CMasterInitExpClk                  
8005bd40  I2CMasterIntClearEx                  
8005bca8  I2CMasterIntDisableEx                
8005bc7c  I2CMasterIntEnableEx                 
8005bd04  I2CMasterIntRawStatus                
8005bd60  I2CMasterIntRawStatusClearEx         
8005bd1c  I2CMasterIntRawStatusEx              
8005bcc8  I2CMasterIntStatus                   
8005bce0  I2CMasterIntStatusEx                 
8005bda0  I2CMasterSlaveAddrGet                
8005bd80  I2CMasterSlaveAddrSet                
8005bc34  I2CMasterStart                       
8005bc58  I2CMasterStop                        
8005c158  I2COwnAddressSet                     
8005bdc0  I2CSetDataCount                      
8005c1d0  I2CSoftReset                         
8005c41c  I2CSystemStatusGet                   
8005c390  I2CWakeUpDisable                     
8005c304  I2CWakeUpEnable                      
8006d7b0  I2C_0_Buffers                        
8005deb0  I2C_0_ISR                            
80064578  I2C_ClearFailFlag0                   
80064588  I2C_GetFailFlag0                     
8006437c  I2C_InterruptConfigure0              
800643a8  I2C_SendReceiveData0                 
80064568  I2C_SetFailFlag0                     
800665a4  IRQHandler                           
800650b4  InitCMD                              
80064098  Init_ADC                             
80060f24  Init_Audio                           
8006528c  Init_EEPROM                          
800621e8  Init_EMMC                            
8005fe0c  Init_FRAM                            
800618c8  Init_GPIO                            
80059320  Init_GUI                             
80064334  Init_I2C                             
80064340  Init_I2C_Module0                     
8004bc38  Init_LCD                             
80063b20  Init_LED                             
80065968  Init_Modules                         
80065460  Init_PMIC                            
80065c68  Init_Power                           
800634fc  Init_RTC                             
8005c604  Init_SD                              
80060a14  Init_SPI                             
80060bd0  Init_SPI_Module0                     
80060a24  Init_SPI_Module1                     
80064cc0  Init_Test                            
80064854  Init_Timer2                          
800648cc  Init_Timer3                          
80064844  Init_Timers                          
80061428  Init_UART                            
80064ec4  Init_USB                             
80064ec8  Init_USB0                            
80063838  Init_WAV                             
80062a68  IntAINTCInit                         
80062ba0  IntActiveIrqNumGet                   
80062c38  IntCurrIrqPriorityGet                
80062d90  IntDisable                           
80062da8  IntEnable                            
80062c24  IntFuncClkAutoGateSet                
80062c10  IntFuncClkFreeRunSet                 
80062b8c  IntIfClkAutoGateSet                  
80062b78  IntIfClkFreeRunSet                   
80062d78  IntMasterFIQDisable                  
80062d6c  IntMasterFIQEnable                   
80062d60  IntMasterIRQDisable                  
80062d54  IntMasterIRQEnable                   
80062d84  IntMasterStatusGet                   
80062d18  IntPendingIrqMaskedStatusGet         
80062ad8  IntPrioritySet                       
80062c48  IntPriorityThresholdGet              
80062c58  IntPriorityThresholdSet              
80062bd4  IntProtectionDisable                 
80062bc4  IntProtectionEnable                  
80062c78  IntRawStatusGet                      
80062a24  IntRegister                          
80062ce8  IntSoftwareIntClear                  
80062cb8  IntSoftwareIntSet                    
80062bb0  IntSpurIrqFlagGet                    
80062bfc  IntSyncClkAutoGateSet                
80062be8  IntSyncClkFreeRunSet                 
80062b44  IntSystemDisable                     
80062b10  IntSystemEnable                      
80062a48  IntUnRegister                        
80066124  InternalUSBRegisterTickHandler       
8006615c  InternalUSBStartOfFrameTick          
800660b0  InternalUSBTickInit                  
8004e67c  LCD_ClearInterruptFlag               
8004e68c  LCD_GetInterruptFlag                 
8004c818  LCD_IncrementWriteOffset             
8004bfbc  LCD_Interrupt                        
8004becc  LCD_InterruptConfigure               
8004bf4c  LCD_InteruptDisable                  
8004bf18  LCD_InteruptEnable                   
8004bf80  LCD_Reset                            
8004c894  LCD_SendRAMAddress                   
8004e66c  LCD_SetInterruptFlag                 
8004c910  LCD_WaitCoprocessorDone              
8004c858  LCD_WriteCommandParameters           
8004c794  LCD_cmd                              
8004d8dc  LCD_cmd_append                       
8004ccb8  LCD_cmd_bgcolor                      
8004ca8c  LCD_cmd_button                       
8004e090  LCD_cmd_calibrate                    
8004cc00  LCD_cmd_clock                        
8004dfbc  LCD_cmd_coldstart                    
8004d340  LCD_cmd_dial                         
8004cd5c  LCD_cmd_fgcolor                      
8004ce68  LCD_cmd_gauge                        
8004dc10  LCD_cmd_getmatrix                    
8004dd24  LCD_cmd_getprops                     
8004dccc  LCD_cmd_getptr                       
8004cdf8  LCD_cmd_gradcolor                    
8004cf1c  LCD_cmd_gradient                     
8004d948  LCD_cmd_inflate                      
8004dfcc  LCD_cmd_interrupt                    
8004cfc0  LCD_cmd_keys                         
8004da58  LCD_cmd_loadidentity                 
8004d9ec  LCD_cmd_loadimage                    
8004e628  LCD_cmd_logo                         
8004ddb4  LCD_cmd_mediafifo                    
8004d854  LCD_cmd_memcpy                       
8004d630  LCD_cmd_memcrc                       
8004d71c  LCD_cmd_memset                       
8004d7a0  LCD_cmd_memwrite                     
8004d6b0  LCD_cmd_memzero                      
8004d59c  LCD_cmd_number                       
8004de20  LCD_cmd_playvideo                    
8004d130  LCD_cmd_progress                     
8004e024  LCD_cmd_regread                      
8004e0e8  LCD_cmd_romfont                      
8004db74  LCD_cmd_rotate                       
8004db08  LCD_cmd_scale                        
8004e444  LCD_cmd_screensaver                  
8004d1dc  LCD_cmd_scrollbar                    
8004d544  LCD_cmd_setbase                      
8004e2f0  LCD_cmd_setbitmap                    
8004e154  LCD_cmd_setfont                      
8004e1c0  LCD_cmd_setfont2                     
8004dbcc  LCD_cmd_setmatrix                    
8004e298  LCD_cmd_setrotate                    
8004e240  LCD_cmd_setscratch                   
8004e488  LCD_cmd_sketch                       
8004d294  LCD_cmd_slider                       
8004e52c  LCD_cmd_snapshot                     
8004e584  LCD_cmd_snapshot2                    
8004e37c  LCD_cmd_spinner                      
8004e400  LCD_cmd_stop                         
8004c934  LCD_cmd_text                         
8004d3d4  LCD_cmd_toggle                       
8004df28  LCD_cmd_track                        
8004da9c  LCD_cmd_translate                    
8004debc  LCD_cmd_videoframe                   
8004de78  LCD_cmd_videostart                   
8004c04c  LCD_ft810memRead16                   
8004c0bc  LCD_ft810memRead32                   
8004bff8  LCD_ft810memRead8                    
8004c19c  LCD_ft810memWrite16                  
8004c208  LCD_ft810memWrite32                  
8004c15c  LCD_ft810memWrite8                   
8004c2ac  LCD_ft810memWriteBuffer              
8004c7bc  LCD_host_command                     
8004c47c  LCD_rd16                             
8004c494  LCD_rd32                             
8004c468  LCD_rd8                              
8004c658  LCD_rd_buffer                        
8004c3bc  LCD_wr16                             
8004c3d8  LCD_wr32                             
8004c3a0  LCD_wr8                              
8004c3f4  LCD_wr8s                             
8004c4a8  LCD_wr_buffer                        
80063b24  LED_Show                             
800726c8  LastWritePointerAddress              
8006d3a0  MISC_Buffer                          
8005eac0  MISC_CRC_CRC16                       
8005ece4  MISC_Calculate_CRC16                 
8005a17c  MMCSDAppCmdSend                      
8005a1f8  MMCSDBusWidthSet                     
8005a560  MMCSDCardInit                        
8005a528  MMCSDCardPresent                     
8005a42c  MMCSDCardReset                       
8005a4cc  MMCSDCardTypeCheck                   
8005a158  MMCSDCmdSend                         
8005da84  MMCSDContextRestore                  
8005da10  MMCSDContextSave                     
8005a50c  MMCSDCtrlInit                        
8005a544  MMCSDIntEnable                       
8005adac  MMCSDReadCmdSend                     
8005a474  MMCSDStopCmdSend                     
8005a2c4  MMCSDTranSpeedSet                    
8005ac54  MMCSDWriteCmdSend                    
80065f34  MMUEnable                            
80065de0  MMUInit                              
80065e40  MMUMemRegionMap                      
80066c30  MMU_ConfigAndEnable                  
8005e7dc  MSC_BCDtoHEX                         
8005e57c  MSC_BufferCopy                       
8005e6bc  MSC_DelayNOP                         
8005e630  MSC_DelayUS                          
8005e900  MSC_EndianLong                       
8005e96c  MSC_EndianLongArray                  
8005e880  MSC_EndianShort                      
8005e8bc  MSC_EndianShortArray                 
8005e728  MSC_HEXtoBCD                         
8005e5f4  MSC_LowercaseChar                    
8005e9fc  MSC_ReverseByte                      
8005e6f4  MSC_Round                            
8005919c  McSPI0ModuleClkConfig                
80059040  McSPI1ModuleClkConfig                
800587c0  McSPICSAssert                        
800587f8  McSPICSDeAssert                      
800586c8  McSPICSDisable                       
800586a4  McSPICSEnable                        
800586ec  McSPICSPolarityConfig                
80058754  McSPICSTimeControlSet                
80058ad0  McSPIChannelDisable                  
80058a98  McSPIChannelEnable                   
80058f8c  McSPIChannelStatusGet                
8005845c  McSPIClkConfig                       
80058e00  McSPIDMADisable                      
80058dbc  McSPIDMAEnable                       
80058ffc  McSPIFIFODatManagementConfig         
80058c7c  McSPIFIFOTrigLvlSet                  
80058e9c  McSPIInitDelayConfig                 
80058e70  McSPIIntDisable                      
80058e44  McSPIIntEnable                       
80058f58  McSPIIntStatusClear                  
80058f40  McSPIIntStatusGet                    
8005892c  McSPIMasterModeConfig                
80058908  McSPIMasterModeEnable                
80058fb8  McSPIMultipleWordAccessConfig        
80058f14  McSPIReceiveData                     
80058b08  McSPIReset                           
80058c14  McSPIRxFIFOConfig                    
800588d0  McSPIStartBitDisable                 
80058830  McSPIStartBitEnable                  
80058868  McSPIStartBitPolarityConfig          
80058ee0  McSPITransmitData                    
80058b74  McSPITurboModeDisable                
80058b3c  McSPITurboModeEnable                 
80058bac  McSPITxFIFOConfig                    
80058d7c  McSPIWordCountSet                    
8005863c  McSPIWordLengthSet                   
800725d3  NumCommand                           
80065580  PMIC_ReadRegister                    
800655d0  PMIC_WriteRegister                   
80065c74  PWR_ReadVoltages                     
8006e279  PreviousPreviousScreen               
8006e27a  PreviousScreen                       
8007267a  RAM_CMD_Offset                       
80056ca8  RTC32KClkClockControl                
80056c44  RTC32KClkSourceSelect                
80056fe8  RTCAlarm2CalendarSet                 
80056f5c  RTCAlarm2IntStatusClear              
80056f40  RTCAlarm2IntStatusGet                
80056f80  RTCAlarm2TimeSet                     
80056990  RTCAlarmCalendarGet                  
80056930  RTCAlarmCalendarSet                  
80056874  RTCAlarmDayOfMonthGet                
80056840  RTCAlarmDayOfMonthSet                
800566a0  RTCAlarmHourGet                      
800566fc  RTCAlarmHourMeridiemGet              
800566bc  RTCAlarmHourMeridiemSet              
8005666c  RTCAlarmHourSet                      
80055d04  RTCAlarmIntStatusClear               
80055ce8  RTCAlarmIntStatusGet                 
80056650  RTCAlarmMinuteGet                    
8005661c  RTCAlarmMinuteSet                    
800568c4  RTCAlarmMonthGet                     
80056890  RTCAlarmMonthSet                     
80056600  RTCAlarmSecondGet                    
800565cc  RTCAlarmSecondSet                    
80056780  RTCAlarmTimeGet                      
80056718  RTCAlarmTimeSet                      
80056914  RTCAlarmYearGet                      
800568e0  RTCAlarmYearSet                      
80055e20  RTCAutoCompDisable                   
80055ddc  RTCAutoCompEnable                    
80055cb0  RTCBusyStatusGet                     
80056554  RTCCalendarGet                       
800564e4  RTCCalendarSet                       
80056a34  RTCCompensationGet                   
800569f0  RTCCompensationSet                   
80056e18  RTCConfigPmicExtWake                 
80056e70  RTCConfigPmicExtWakeDebounce         
80056db8  RTCConfigPmicExtWakePolarity         
80056d74  RTCConfigPmicPowerEnable             
8005628c  RTCDayOfMonthGet                     
80056258  RTCDayOfMonthSet                     
8005637c  RTCDayOfTheWeekGet                   
80056348  RTCDayOfTheWeekSet                   
80055ffc  RTCDisable                           
80056040  RTCEnable                            
800560a8  RTCEnableStatus                      
80055d28  RTCEventUpdateGet                    
80056d30  RTCFeedbackResistanceSelect          
800561e0  RTCHourGet                           
80055ef8  RTCHourModeGet                       
80055e74  RTCHourModeSet                       
800561ac  RTCHourSet                           
80056b2c  RTCIdleModeConfigure                 
80056f0c  RTCIntAlarm2Enable                   
80055bf4  RTCIntAlarmDisable                   
80055bc0  RTCIntAlarmEnable                    
80055c7c  RTCIntTimerDisable                   
80055c28  RTCIntTimerEnable                    
8005623c  RTCMeridiemGet                       
800561fc  RTCMeridiemSet                       
80055d88  RTCMinRoundingDisable                
80055d44  RTCMinRoundingEnable                 
80056190  RTCMinuteGet                         
8005615c  RTCMinuteSet                         
800562dc  RTCMonthGet                          
800562a8  RTCMonthSet                          
80056cec  RTCOscillatorStateControl            
80056ed0  RTCPmicExtWakeStatusClear            
80056b14  RTCRevisionIDGet                     
80055ac8  RTCRun                               
80055ccc  RTCRunStatusGet                      
80056ab8  RTCScratchPadGet                     
80056a78  RTCScratchPadSet                     
80056140  RTCSecondGet                         
8005610c  RTCSecondSet                         
80055f80  RTCSet32CounterDisable               
80055f14  RTCSet32CounterEnable                
80056af0  RTCSoftwareReset                     
800560e8  RTCSplitPwrDisable                   
800560c4  RTCSplitPwrEnable                    
80055b0c  RTCStop                              
80056c00  RTCTestModeControl                   
80056434  RTCTimeGet                           
80056398  RTCTimeSet                           
80056b78  RTCWakeUpAlarmEventControl           
80056bbc  RTCWakeUpTimerEventControl           
80055b98  RTCWriteProtectDisable               
80055b70  RTCWriteProtectEnable                
8005632c  RTCYearGet                           
800562f8  RTCYearSet                           
800635a8  RTC_ClearFlag                        
800635b8  RTC_GetFlag                          
800636a8  RTC_GetTimeDate                      
8005de9c  RTC_ISR                              
8006356c  RTC_InterruptConfigure               
80063784  RTC_ModuleClkConfig                  
80063598  RTC_SetFlag                          
800635c4  RTC_SetTimeDate                      
8006e27b  Result                               
80057048  RtcVersionGet                        
8005e44c  SD_0_ISR                             
8005cfbc  SD_ClearCardActionFlag               
8005d010  SD_ClearInitialized                  
8005cd08  SD_DMA_Callback                      
8005cd34  SD_DMA_ConfigureInterrupt            
8005cdc0  SD_DMA_HSMMCSD                       
8005e120  SD_DMA_ISR_EDMA3Complete             
8005e210  SD_DMA_ISR_EDMA3Error                
8005cda8  SD_DMA_Init                          
8005c858  SD_DiskIOCTL                         
8005c6b0  SD_DiskInitialize                    
8005c778  SD_DiskRead                          
8005c764  SD_DiskStatus                        
8005c7e8  SD_DiskWrite                         
8005cfcc  SD_GetCardActionFlag                 
8005cff4  SD_GetCardStatus                     
8005c874  SD_GetFatTime                        
8005c908  SD_HSMMCSDCmdStatusGet               
8005ce1c  SD_HSMMCSDControllerSetup            
8005cf40  SD_HSMMCSDFsMount                    
8005caac  SD_HSMMCSDRxDmaConfig                
8005cb98  SD_HSMMCSDTxDmaConfig                
8005cc84  SD_HSMMCSDXferSetup                  
8005c9a4  SD_HSMMCSDXferStatusGet              
8005c634  SD_IsCardInserted                    
8005d020  SD_IsInitialized                     
8005c658  SD_ReInitialize                      
8005cfac  SD_SetCardActionFlag                 
8005cfd8  SD_SetCardStatus                     
8005d000  SD_SetInitialized                    
80072658  SD_callbackOccured                   
UNDEFED   SHT$$INIT_ARRAY$$Base                
UNDEFED   SHT$$INIT_ARRAY$$Limit               
8005e0a4  SPI_1_ISR                            
80060ce0  SPI_INTCConfigure1                   
80060dc4  SPI_ReadWriteByte0                   
80060e20  SPI_ReadWriteByte1                   
80060d0c  SPI_WriteByte0                       
80060d68  SPI_WriteByte1                       
80060e7c  SPI_WriteByteNoRx0                   
80060eb0  SPI_WriteByteNoRx1                   
8006657c  SVC_Handler                          
80071f3c  Screens                              
80064d10  TEST_Setpoint1                       
80064d4c  TEST_Setpoint2                       
80064d88  TEST_Setpoint3                       
80064dc4  TEST_Togglepoint1                    
80064e14  TEST_Togglepoint2                    
80064e64  TEST_Togglepoint3                    
8005dd80  TMR_2_ISR                            
8005de64  TMR_3_ISR                            
800726d4  TMR_AudioPlaybackTimer               
800726d8  TMR_BacklightTimer                   
80064938  TMR_CalculateReload                  
80064a60  TMR_ClearMISCTimerFlag               
80064a70  TMR_GetMISCTimerFlag                 
800649dc  TMR_GetNewScreenTagTimerEnabled      
80064984  TMR_InterruptConfigure2              
800649b0  TMR_InterruptConfigure3              
800726d0  TMR_NewScreenTagTimer                
80064a30  TMR_ResetAudioPlaybackTimer          
80064a40  TMR_ResetBacklightTimer              
80064a20  TMR_ResetNewScreenTagTimer           
80064a50  TMR_SetMISCTimerFlag                 
800649e8  TMR_SetNewScreenTagTimerEnabled      
800573bc  TSCADCBiasConfig                     
80057b00  TSCADCChargeStepAnalogGroundConfig   
80057a60  TSCADCChargeStepAnalogSupplyConfig   
80057994  TSCADCChargeStepConfig               
80057948  TSCADCChargeStepOperationModeControl 
80057260  TSCADCConfigHWEventPrempt            
800575b4  TSCADCConfigureAFEClock              
80057604  TSCADCConfigureMisc                  
80057674  TSCADCConfigureStepEnable            
80057208  TSCADCDMAFIFODisable                 
800571d8  TSCADCDMAFIFOEnable                  
80057198  TSCADCEventInterruptDisable          
8005716c  TSCADCEventInterruptEnable           
80058164  TSCADCFIFOADCDataRead                
80058138  TSCADCFIFOChannelIDRead              
800581f0  TSCADCFIFODMAThresholdLevelConfig    
800581b8  TSCADCFIFOIRQThresholdLevelConfig    
8005818c  TSCADCFIFOWordCountRead              
80057050  TSCADCGetRevision                    
800572a0  TSCADCHWEventMapSet                  
80057068  TSCADCIdleModeSet                    
8005787c  TSCADCIdleStepAnalogGroundConfig     
800577dc  TSCADCIdleStepAnalogSupplyConfig     
80057710  TSCADCIdleStepConfig                 
800576c4  TSCADCIdleStepOperationModeControl   
80057154  TSCADCIntStatus                      
80057110  TSCADCIntStatusClear                 
80057130  TSCADCIntStatusRead                  
80057238  TSCADCIsDMAFIFOEnabled               
80058228  TSCADCModuleClkConfig                
80057484  TSCADCModuleStateSet                 
80057544  TSCADCOutputRangeConfig              
800570f8  TSCADCRawIntStatus                   
800570d4  TSCADCRawIntStatusRead               
800570a8  TSCADCRawIntStatusSet                
80057528  TSCADCSequencerCurrentStepID         
80057508  TSCADCSequencerFSMBusyStatus         
800574c4  TSCADCSequencerPenIrqStatusRead      
80057360  TSCADCSetADCPowerDown                
80057398  TSCADCSetADCPowerUp                  
80057420  TSCADCStepConfigProtectionDisable    
800573fc  TSCADCStepConfigProtectionEnable     
80057444  TSCADCStepIDTagConfig                
80057bcc  TSCADCTSChargeStepOpenDelayConfig    
80057320  TSCADCTSModeConfig                   
80057e28  TSCADCTSStepAnalogGroundConfig       
80057d58  TSCADCTSStepAnalogSupplyConfig       
80057fe8  TSCADCTSStepAverageConfig            
80057c4c  TSCADCTSStepConfig                   
80057f94  TSCADCTSStepFIFOSelConfig            
8005803c  TSCADCTSStepModeConfig               
800580e4  TSCADCTSStepOpenDelayConfig          
80057bec  TSCADCTSStepOperationModeControl     
80057f64  TSCADCTSStepOutOfRangeCheckDisable   
80057f34  TSCADCTSStepOutOfRangeCheckEnable    
80058090  TSCADCTSStepSampleDelayConfig        
800572e0  TSCADCTSTransistorConfig             
800571b8  TSCADCWakeUpPenEventConfig           
80051f48  UARTAutoIdleModeControl              
80051cf4  UARTAutoRTSAutoCTSControl            
80052430  UARTAutobaudParityGet                
800524c8  UARTAutobaudSpeedGet                 
8005247c  UARTAutobaudWordLenGet               
80050c90  UARTBreakCtl                         
800519d0  UARTCharGet                          
80051978  UARTCharGetNonBlocking               
80051a28  UARTCharGetTimeout                   
80051ab8  UARTCharPut                          
8005190c  UARTCharPutNonBlocking               
800518b8  UARTCharsAvail                       
800523a0  UARTDMACounterResetControl           
800511cc  UARTDMADisable                       
80051170  UARTDMAEnable                        
800522b8  UARTDSRInterruptControl              
80050bd4  UARTDivisorLatchDisable              
80050bb0  UARTDivisorLatchEnable               
80050a2c  UARTDivisorLatchWrite                
80050968  UARTDivisorValCompute                
800512f0  UARTEnhanFuncBitValRestore           
80051290  UARTEnhanFuncEnable                  
80051b2c  UARTFIFOCharGet                      
80051b0c  UARTFIFOCharPut                      
80050dac  UARTFIFOConfig                       
80051ca0  UARTFIFOEnableStatusGet              
80051204  UARTFIFORegisterWrite                
80052254  UARTFIFOTrigLvlGranControl           
80051b48  UARTFIFOWrite                        
80051f8c  UARTFlowCtrlTrigLvlConfig            
80051ec0  UARTIdleModeConfigure                
8005179c  UARTIntDisable                       
800516b8  UARTIntEnable                        
80051c00  UARTIntIdentityGet                   
80051c4c  UARTIntPendingStatusGet              
80050cd4  UARTLineCharacConfig                 
80052100  UARTLoopbackModeControl              
80052174  UARTModemControlClear                
80052144  UARTModemControlSet                  
800521c0  UARTModemStatusChangeCheck           
800521a4  UARTModemStatusGet                   
80051e8c  UARTModuleReset                      
80052574  UARTModuleVersionNumberGet           
80050908  UARTOperatingModeSelect              
80050d90  UARTParityModeGet                    
80050d4c  UARTParityModeSet                    
80051e48  UARTPulseShapingControl              
80052384  UARTRXCTSDSRTransitionStatusGet      
80052340  UARTRXCTSDSRWakeUpConfigure          
80050c70  UARTRegConfModeRestore               
80050bf8  UARTRegConfigModeEnable              
800521dc  UARTResumeOperation                  
80051bb4  UARTRxErrorGet                       
80052418  UARTRxFIFOLevelGet                   
80052558  UARTScratchPadRegRead                
80052514  UARTScratchPadRegWrite               
80051de4  UARTSoftwareFlowCtrlOptSet           
80051864  UARTSpaceAvail                       
80051d80  UARTSpecialCharDetectControl         
80051354  UARTSubConfigMSRSPRModeEn            
8005142c  UARTSubConfigTCRTLRModeEn            
80051504  UARTSubConfigXOFFModeEn              
800515dc  UARTTCRTLRBitValRestore              
80052590  UARTTxDMAThresholdControl            
800525d4  UARTTxDMAThresholdValConfig          
800522fc  UARTTxEmptyIntControl                
800523e4  UARTTxFIFOFullStatusGet              
80052400  UARTTxFIFOLevelGet                   
80051f04  UARTWakeUpControl                    
80052224  UARTWakeUpEventsDisable              
800521f4  UARTWakeUpEventsEnable               
80051fdc  UARTXON1XOFF1ValProgram              
8005200c  UARTXON2XOFF2ValProgram              
8005203c  UARTXONAnyFeatureControl             
8005dbe0  UART_0_ISR                           
80061670  UART_AddToRXBuffer                   
800617a0  UART_AddToTXBuffer                   
8006157c  UART_BaudRateSet                     
800615f8  UART_Configure                       
80061558  UART_FIFOConfigure                   
8006184c  UART_GetTXInterruptStatus            
80061644  UART_InterruptConfigure0             
800615b4  UART_LineCharacSet                   
80061478  UART_Module0ClkConfig                
800614d4  UART_PrintBuffer                     
800614c0  UART_PrintChar                       
80061520  UART_PrintString                     
8006c000  UART_RX_buffer                       
800726e8  UART_RX_place                        
800726ec  UART_TX_add                          
8006c7d0  UART_TX_buffer                       
800726f0  UART_TX_remove                       
8004b990  USB0ModuleClkConfig                  
8004ba00  USBClearInt                          
8004b974  USBClearOtgIntr                      
8006074c  USBDCDConfigDescGet                  
800606c0  USBDCDConfigDescGetNum               
80060658  USBDCDConfigDescGetSize              
800608e8  USBDCDConfigGetInterface             
80060940  USBDCDConfigGetInterfaceEndpoint     
8006084c  USBDCDConfigGetNumAlternateInterfaces
8004e6a0  USBDCDInit                           
8004ebec  USBDCDPowerStatusSet                 
8004ec54  USBDCDRemoteWakeupRequest            
8004eaa0  USBDCDRequestDataEP0                 
8004eb18  USBDCDSendDataEP0                    
8004eb7c  USBDCDSetDefaultConfiguration        
8004eba8  USBDCDStallEP0                       
8004e984  USBDCDTerm                           
80048b7c  USBDMSCCompositeInit                 
80048b48  USBDMSCInit                          
80048524  USBDMSCMediaChange                   
8006677c  USBDMSCStorageClose                  
80066810  USBDMSCStorageNumBlocks              
8006675c  USBDMSCStorageOpen                   
80066798  USBDMSCStorageRead                   
800667d4  USBDMSCStorageWrite                  
80048e8c  USBDMSCTerm                          
80049b28  USBDSCSICommand                      
80063248  USBDescGet                           
8006346c  USBDescGetInterface                  
800634b8  USBDescGetInterfaceEndpoint          
8006319c  USBDescGetNum                        
80063310  USBDescGetNumAlternateInterfaces     
8004a758  USBDevAddrGet                        
8004a738  USBDevAddrSet                        
8004a6f0  USBDevConnect                        
8004a714  USBDevDisconnect                     
8004ab58  USBDevEndpointConfigGet              
8004a9d8  USBDevEndpointConfigSet              
8004b0c0  USBDevEndpointDataAck                
8004a590  USBDevEndpointStall                  
8004a620  USBDevEndpointStallClear             
8004a328  USBDevEndpointStatusClear            
8005f020  USBDeviceConfig                      
8005f4c0  USBDeviceConfigAlternate             
8004ef14  USBDeviceEnumHandler                 
8004f18c  USBDeviceEnumResetHandler            
8005064c  USBDeviceIntHandlerInternal          
8004ecf0  USBDeviceResumeTickHandler           
8004ba44  USBDmaTxChDisable                    
8004ba9c  USBDmaTxChTeardown                   
8004b9d8  USBEnableInt                         
8004b8f8  USBEnableOtgIntr                     
8004b890  USBEndpointDMAChannel                
8004aee0  USBEndpointDMADisable                
8004ae78  USBEndpointDMAEnable                 
8004af48  USBEndpointDataAvail                 
8004afb4  USBEndpointDataGet                   
8004b188  USBEndpointDataPut                   
8004b238  USBEndpointDataSend                  
8004a528  USBEndpointDataToggleClear           
8004a24c  USBEndpointStatus                    
8004b850  USBFIFOAddrGet                       
8004adc0  USBFIFOConfigGet                     
8004ad08  USBFIFOConfigSet                     
8004b2b0  USBFIFOFlush                         
8004b7ec  USBFrameNumberGet                    
8004b62c  USBHostAddrGet                       
8004b5d8  USBHostAddrSet                       
8004b468  USBHostAutoReqClear                  
8004b414  USBHostAutoReqSet                    
8004a770  USBHostEndpointConfig                
8004b12c  USBHostEndpointDataAck               
8004a40c  USBHostEndpointDataToggle            
8004a29c  USBHostEndpointStatusClear           
8004b6c8  USBHostHubAddrGet                    
8004b674  USBHostHubAddrSet                    
8004b710  USBHostPwrConfig                     
8004b7c8  USBHostPwrDisable                    
8004b7a4  USBHostPwrEnable                     
8004b780  USBHostPwrFaultDisable               
8004b75c  USBHostPwrFaultEnable                
8004b374  USBHostRequestIN                     
8004b3c0  USBHostRequestINClear                
8004b5bc  USBHostRequestStatus                 
80049ed4  USBHostReset                         
80049f2c  USBHostResume                        
80049f88  USBHostSpeedGet                      
80049eac  USBHostSuspend                       
8004bb34  USBHostTxFifoFlush                   
80049fe4  USBIntDisableControl                 
8004a13c  USBIntDisableEndpoint                
8004a050  USBIntEnableControl                  
8004a198  USBIntEnableEndpoint                 
8004a218  USBIntRegister                       
8004a0b8  USBIntStatusControl                  
8004a1e4  USBIntStatusEndpoint                 
8004a23c  USBIntUnregister                     
8004b874  USBModeGet                           
8004ba24  USBModuleClkDisable                  
8004ba10  USBModuleClkEnable                   
8004b804  USBOTGSessionRequest                 
8004b930  USBReset                             
8004b4bc  USBRxChAbort                         
8004b988  USBVersionGet                        
8005e0a8  USB_0_ISR                            
80065080  USB_ClearUSBMSCFlag0                 
80065054  USB_ClearUSBStatusFlag0              
80064f70  USB_DMSCEventCallback0               
80065000  USB_GetMSCState0                     
80065090  USB_GetUSBMSCFlag0                   
80065038  USB_GetUSBStatus0                    
80065064  USB_GetUSBStatusFlag0                
80064ef4  USB_InterruptConfigure0              
80064f44  USB_InterruptEnable0                 
80064fe4  USB_SetMSCState0                     
80065070  USB_SetUSBMSCFlag0                   
8006500c  USB_SetUSBStatus0                    
80065044  USB_SetUSBStatusFlag0                
80066654  UndefInstHandler                     
80066a68  UsbPhyOff                            
80066a00  UsbPhyOn                             
8006e128  Voltage                              
80063890  WAV_CalculateHeader                  
80072570  WAV_Files                            
8006e280  WAV_PostComplete                     
80067308  _Dclass                              
800724f0  _Denorm                              
80065f50  _Dnorm                               
80065630  _Dscale                              
80066ac8  _Dunscale                            
80072500  _Eps                                 
80072718  _Errno                               
80072708  _Fenv                                
80067244  _Feraise                             
80072510  _Hugeval                             
80072520  _Inf                                 
80072530  _Nan                                 
80072550  _Rteps                               
80072540  _Snan                                
8007270c  _Tls_setup__Fenv                     
80072560  _Xbig                                
80072568  _Zero                                
87fffff8  __STACK_END                          
00000008  __STACK_SIZE                         
UNDEFED   __TI_CINIT_Base                      
UNDEFED   __TI_CINIT_Limit                     
UNDEFED   __TI_Handler_Table_Base              
UNDEFED   __TI_Handler_Table_Limit             
80066d80  __TI_auto_init                       
80053b8c  __TI_printfi                         
40300000  __TI_static_base__                   
80066840  __aeabi_cdcmpeq                      
80066840  __aeabi_cdcmple                      
80066920  __aeabi_cdrcmple                     
800670e8  __aeabi_d2iz                         
80067144  __aeabi_d2uiz                        
80064ab8  __aeabi_dadd                         
800657d8  __aeabi_ddiv                         
80066324  __aeabi_dmul                         
80064aac  __aeabi_dsub                         
800672cc  __aeabi_i2d                          
8006644c  __aeabi_idiv                         
80067468  __aeabi_idiv0                        
8006644c  __aeabi_idivmod                      
8006741c  __aeabi_llsr                         
80066b80  __aeabi_memclr                       
80066b80  __aeabi_memclr4                      
80066b80  __aeabi_memclr8                      
80065ae8  __aeabi_memcpy                       
80065ae8  __aeabi_memcpy4                      
80065ae8  __aeabi_memcpy8                      
80066b84  __aeabi_memset                       
80066b84  __aeabi_memset4                      
80066b84  __aeabi_memset8                      
80067340  __aeabi_ui2d                         
8006666c  __aeabi_uidiv                        
8006666c  __aeabi_uidivmod                     
80063de0  __aeabi_uldivmod                     
ffffffff  __binit__                            
ffffffff  __c_args__                           
87fffff0  __stack                              
80042a82  _ctypes_                             
80072700  _lock                                
80067410  _nop                                 
80067404  _register_lock                       
800673f8  _register_unlock                     
80072704  _unlock                              
80066e24  atoi                                 
ffffffff  binit                                
8006e27c  bss_end                              
80068000  bss_start                            
8006de40  cb_Fxn                               
80072664  cmdCompFlag                          
80072668  cmdTimeout                           
80066ea8  copy_in                              
8006e088  ctrlInfo                             
80072660  dataTimeout                          
8006e260  dummy                                
8007266c  errFlag                              
80047338  f_close                              
800478d8  f_closedir                           
80047a7c  f_getfree                            
80047398  f_lseek                              
8004801c  f_mkdir                              
80046564  f_mount                              
80046630  f_open                               
800477a0  f_opendir                            
80046940  f_read                               
80047910  f_readdir                            
80048308  f_rename                             
800479e0  f_stat                               
800471ec  f_sync                               
80047cb8  f_truncate                           
80047e8c  f_unlink                             
80046d40  f_write                              
8006d788  fat_devices                          
800671a0  feraiseexcept                        
800645c4  ff_convert                           
80064688  ff_wtoupper                          
8006dc40  fnRAMVectors                         
80067374  frexp                                
8007263a  gDMAflag                             
40300b00  g_USBInstance                        
800726f4  g_bUSBTimerInitialized               
80072624  g_bytesRead                          
80072628  g_bytesWritten                       
80043050  g_pConfigString                      
800430a9  g_pDataInterfaceString               
80043134  g_pLangDescriptor                    
80043114  g_pMSCConfigDescriptors              
80043092  g_pMSCInterface                      
80042fe8  g_pManufacturerString                
800430d1  g_pProductString                     
80043138  g_pSerialNumberString                
8004311c  g_pStringDescriptors                 
8006e174  g_pfTickHandlers                     
80072648  g_psMSCSections                      
8006df40  g_psUSBDevice                        
8006e1c0  g_pucCommand                         
8006e240  g_pvTickInstance                     
80072674  g_sCState                            
8006e264  g_sDriveInformation                  
8004310c  g_sMSCConfigHeader                   
800430fc  g_sMSCConfigSection                  
40300a80  g_sMSCDevice                         
800725d4  g_sMSCDeviceInfo                     
40300000  g_sMSCInstance                       
80043104  g_sMSCInterfaceSection               
80072670  g_sPState                            
80042e8c  g_sUSBDefaultFIFOConfig              
800726f8  g_ulCurrentUSBTick                   
800726fc  g_ulUSBSOFCount                      
8005ba64  gpioContextRestore                   
8005ba20  gpioContextSave                      
80072620  intStatus                            
80066fac  ldexp                                
80066f2c  ltoa                                 
80062604  main                                 
800673a4  memccpy                              
80065ae8  memcpy                               
80066b90  memset                               
8006e268  p_CurrentScreen                      
8006e26c  p_CurrentWAVFile                     
8006e270  p_PreviousScreen                     
800671f8  raise                                
8006e274  regionId                             
80072654  sdBlkSize                            
8006e0d8  sdCard                               
80067024  signal                               
80066cd8  sprintf                              
800672b4  start_boot                           
800673d0  strchr                               
80067440  strlen                               
8007265c  xferCompFlag                         


GLOBAL SYMBOLS: SORTED BY Symbol Address 

address   name                                 
-------   ----                                 
00000008  __STACK_SIZE                         
40300000  __TI_static_base__                   
40300000  g_sMSCInstance                       
40300a80  g_sMSCDevice                         
40300b00  g_USBInstance                        
80000000  Entry                                
800000d0  BITMAP_CharlieBeach                  
8003fcd0  BITMAP_TVRemote                      
80042a82  _ctypes_                             
80042c84  BITMAP_SD_Card_Symbol                
80042e8c  g_sUSBDefaultFIFOConfig              
80042f04  BITMAP_USB_Symbol                    
80042fe8  g_pManufacturerString                
80043050  g_pConfigString                      
80043092  g_pMSCInterface                      
800430a9  g_pDataInterfaceString               
800430d1  g_pProductString                     
800430fc  g_sMSCConfigSection                  
80043104  g_sMSCInterfaceSection               
8004310c  g_sMSCConfigHeader                   
80043114  g_pMSCConfigDescriptors              
8004311c  g_pStringDescriptors                 
80043134  g_pLangDescriptor                    
80043138  g_pSerialNumberString                
8004314c  Commands                             
8004316c  HEADER_CharlieBeach                  
80043178  HEADER_SD_Card_Symbol                
80043184  HEADER_TVRemote                      
80043190  HEADER_USB_Symbol                    
80046564  f_mount                              
80046630  f_open                               
80046940  f_read                               
80046d40  f_write                              
800471ec  f_sync                               
80047338  f_close                              
80047398  f_lseek                              
800477a0  f_opendir                            
800478d8  f_closedir                           
80047910  f_readdir                            
800479e0  f_stat                               
80047a7c  f_getfree                            
80047cb8  f_truncate                           
80047e8c  f_unlink                             
8004801c  f_mkdir                              
80048308  f_rename                             
80048524  USBDMSCMediaChange                   
80048b48  USBDMSCInit                          
80048b7c  USBDMSCCompositeInit                 
80048e8c  USBDMSCTerm                          
80049b28  USBDSCSICommand                      
80049eac  USBHostSuspend                       
80049ed4  USBHostReset                         
80049f2c  USBHostResume                        
80049f88  USBHostSpeedGet                      
80049fe4  USBIntDisableControl                 
8004a050  USBIntEnableControl                  
8004a0b8  USBIntStatusControl                  
8004a13c  USBIntDisableEndpoint                
8004a198  USBIntEnableEndpoint                 
8004a1e4  USBIntStatusEndpoint                 
8004a218  USBIntRegister                       
8004a23c  USBIntUnregister                     
8004a24c  USBEndpointStatus                    
8004a29c  USBHostEndpointStatusClear           
8004a328  USBDevEndpointStatusClear            
8004a40c  USBHostEndpointDataToggle            
8004a528  USBEndpointDataToggleClear           
8004a590  USBDevEndpointStall                  
8004a620  USBDevEndpointStallClear             
8004a6f0  USBDevConnect                        
8004a714  USBDevDisconnect                     
8004a738  USBDevAddrSet                        
8004a758  USBDevAddrGet                        
8004a770  USBHostEndpointConfig                
8004a9d8  USBDevEndpointConfigSet              
8004ab58  USBDevEndpointConfigGet              
8004ad08  USBFIFOConfigSet                     
8004adc0  USBFIFOConfigGet                     
8004ae78  USBEndpointDMAEnable                 
8004aee0  USBEndpointDMADisable                
8004af48  USBEndpointDataAvail                 
8004afb4  USBEndpointDataGet                   
8004b0c0  USBDevEndpointDataAck                
8004b12c  USBHostEndpointDataAck               
8004b188  USBEndpointDataPut                   
8004b238  USBEndpointDataSend                  
8004b2b0  USBFIFOFlush                         
8004b374  USBHostRequestIN                     
8004b3c0  USBHostRequestINClear                
8004b414  USBHostAutoReqSet                    
8004b468  USBHostAutoReqClear                  
8004b4bc  USBRxChAbort                         
8004b5bc  USBHostRequestStatus                 
8004b5d8  USBHostAddrSet                       
8004b62c  USBHostAddrGet                       
8004b674  USBHostHubAddrSet                    
8004b6c8  USBHostHubAddrGet                    
8004b710  USBHostPwrConfig                     
8004b75c  USBHostPwrFaultEnable                
8004b780  USBHostPwrFaultDisable               
8004b7a4  USBHostPwrEnable                     
8004b7c8  USBHostPwrDisable                    
8004b7ec  USBFrameNumberGet                    
8004b804  USBOTGSessionRequest                 
8004b850  USBFIFOAddrGet                       
8004b874  USBModeGet                           
8004b890  USBEndpointDMAChannel                
8004b8f8  USBEnableOtgIntr                     
8004b930  USBReset                             
8004b974  USBClearOtgIntr                      
8004b988  USBVersionGet                        
8004b990  USB0ModuleClkConfig                  
8004b9d8  USBEnableInt                         
8004ba00  USBClearInt                          
8004ba10  USBModuleClkEnable                   
8004ba24  USBModuleClkDisable                  
8004ba44  USBDmaTxChDisable                    
8004ba9c  USBDmaTxChTeardown                   
8004bb34  USBHostTxFifoFlush                   
8004bc38  Init_LCD                             
8004becc  LCD_InterruptConfigure               
8004bf18  LCD_InteruptEnable                   
8004bf4c  LCD_InteruptDisable                  
8004bf80  LCD_Reset                            
8004bfbc  LCD_Interrupt                        
8004bff8  LCD_ft810memRead8                    
8004c04c  LCD_ft810memRead16                   
8004c0bc  LCD_ft810memRead32                   
8004c15c  LCD_ft810memWrite8                   
8004c19c  LCD_ft810memWrite16                  
8004c208  LCD_ft810memWrite32                  
8004c2ac  LCD_ft810memWriteBuffer              
8004c3a0  LCD_wr8                              
8004c3bc  LCD_wr16                             
8004c3d8  LCD_wr32                             
8004c3f4  LCD_wr8s                             
8004c468  LCD_rd8                              
8004c47c  LCD_rd16                             
8004c494  LCD_rd32                             
8004c4a8  LCD_wr_buffer                        
8004c658  LCD_rd_buffer                        
8004c794  LCD_cmd                              
8004c7bc  LCD_host_command                     
8004c818  LCD_IncrementWriteOffset             
8004c858  LCD_WriteCommandParameters           
8004c894  LCD_SendRAMAddress                   
[...]
8005ff54  FRAM_WriteEnable                     
8005ff90  FRAM_WriteDisable                    
8005ffcc  FRAM_WriteStatusRegister             
80060010  FRAM_ReadStatusRegister              
80060050  FRAM_WriteMemory                     
8006013c  FRAM_ReadMemory                      
80060228  FRAM_WriteRead                       
8006031c  FRAM_WriteProtect                    
80060358  FRAM_Hold                            
80060394  FRAM_CalculateCRC                    
800603ac  FRAM_LoadDefaultSettings             
80060428  FRAM_Test                            
80060658  USBDCDConfigDescGetSize              
800606c0  USBDCDConfigDescGetNum               
8006074c  USBDCDConfigDescGet                  
8006084c  USBDCDConfigGetNumAlternateInterfaces
800608e8  USBDCDConfigGetInterface             
80060940  USBDCDConfigGetInterfaceEndpoint     
80060a14  Init_SPI                             
80060a24  Init_SPI_Module1                     
80060bd0  Init_SPI_Module0                     
80060ce0  SPI_INTCConfigure1                   
80060d0c  SPI_WriteByte0                       
80060d68  SPI_WriteByte1                       
80060dc4  SPI_ReadWriteByte0                   
80060e20  SPI_ReadWriteByte1                   
80060e7c  SPI_WriteByteNoRx0                   
80060eb0  SPI_WriteByteNoRx1                   
80060f24  Init_Audio                           
80060f28  AUD_PlayWAV                          
80060ff0  AUD_StopWAV                          
8006101c  AUD_SetPlayingFlag                   
8006102c  AUD_ClearPlayingFlag                 
8006103c  AUD_GetPlayingFlag                   
80061048  AUD_TransferWAVToRAMG                
800612ac  AUD_SetPlaybackFinishedFlag          
800612bc  AUD_ClearPlaybackFinishedFlag        
800612d8  AUD_GetPlaybackFinishedFlag          
800612e4  AUD_SetTimoutFlag                    
800612f4  AUD_ClearTimoutFlag                  
80061304  AUD_GetTimoutFlag                    
80061310  AUD_IsWAVPlaying                     
80061328  AUD_TestAudio                        
80061384  AUD_AmpShutdown                      
80061428  Init_UART                            
80061478  UART_Module0ClkConfig                
800614c0  UART_PrintChar                       
800614d4  UART_PrintBuffer                     
80061520  UART_PrintString                     
80061558  UART_FIFOConfigure                   
8006157c  UART_BaudRateSet                     
800615b4  UART_LineCharacSet                   
800615f8  UART_Configure                       
80061644  UART_InterruptConfigure0             
80061670  UART_AddToRXBuffer                   
800617a0  UART_AddToTXBuffer                   
8006184c  UART_GetTXInterruptStatus            
800618c8  Init_GPIO                            
80061b58  GPIO_Module0ClkConfig                
80061bc0  GPIO_Module1ClkConfig                
80061c28  GPIO_Module2ClkConfig                
80061c90  GPIO_Module3ClkConfig                
80061d60  CP15ICacheDisable                    
80061d7c  CP15DCacheDisable                    
80061d98  CP15ICacheEnable                     
80061da8  CP15DCacheEnable                     
80061db8  CP15DCacheFlush                      
80061e4c  CP15DCacheClean                      
80061ee0  CP15DCacheCleanFlush                 
80061f74  CP15ICacheFlush                      
80061f84  CP15DCacheCleanBuff                  
80061fd8  CP15DCacheCleanFlushBuff             
8006202c  CP15DCacheFlushBuff                  
80062090  CP15ICacheFlushBuff                  
800620e4  CP15Ttb0Set                          
800620f0  CP15TlbInvalidate                    
800620fc  CP15MMUDisable                       
80062114  CP15MMUEnable                        
80062128  CP15VectorBaseAddrSet                
80062134  CP15BranchPredictorInvalidate        
80062140  CP15BranchPredictionEnable           
80062150  CP15BranchPredictionDisable          
80062160  CP15DomainAccessClientSet            
80062170  CP15ControlFeatureDisable            
80062184  CP15ControlFeatureEnable             
80062198  CP15TtbCtlTtb0Config                 
800621a8  CP15AuxControlFeatureEnable          
800621bc  CP15AuxControlFeatureDisable         
800621d0  CP15MainIdPrimPartNumGet             
800621e8  Init_EMMC                            
800622e8  EMMC_PinMuxSetup                     
80062384  EMMC_HSMMCSDModuleClkConfig          
800623ac  EMMC_HardwareReset                   
800623e8  EMMC_ControllerInit                  
8006246c  EMMC_DiskInitialize                  
800624a8  EMMC_HSMMCSDXferSetup                
800624d8  EMMC_HSMMCSDCmdStatusGet             
80062528  EMMC_HSMMCSDXferStatusGet            
80062604  main                                 
80062a24  IntRegister                          
80062a48  IntUnRegister                        
80062a68  IntAINTCInit                         
80062ad8  IntPrioritySet                       
80062b10  IntSystemEnable                      
80062b44  IntSystemDisable                     
80062b78  IntIfClkFreeRunSet                   
80062b8c  IntIfClkAutoGateSet                  
80062ba0  IntActiveIrqNumGet                   
80062bb0  IntSpurIrqFlagGet                    
80062bc4  IntProtectionEnable                  
80062bd4  IntProtectionDisable                 
80062be8  IntSyncClkFreeRunSet                 
80062bfc  IntSyncClkAutoGateSet                
80062c10  IntFuncClkFreeRunSet                 
80062c24  IntFuncClkAutoGateSet                
80062c38  IntCurrIrqPriorityGet                
80062c48  IntPriorityThresholdGet              
80062c58  IntPriorityThresholdSet              
80062c78  IntRawStatusGet                      
80062cb8  IntSoftwareIntSet                    
80062ce8  IntSoftwareIntClear                  
80062d18  IntPendingIrqMaskedStatusGet         
80062d54  IntMasterIRQEnable                   
80062d60  IntMasterIRQDisable                  
80062d6c  IntMasterFIQEnable                   
80062d78  IntMasterFIQDisable                  
80062d84  IntMasterStatusGet                   
80062d90  IntDisable                           
80062da8  IntEnable                            
80062e04  HSMMCSDCardPresent                   
80062e1c  HSMMCSDIntEnable                     
80062e3c  HSMMCSDControllerInit                
80062f14  HSMMCSDCmdSend                       
80063110  HSMMCSDBusWidthConfig                
80063170  HSMMCSDBusFreqConfig                 
8006319c  USBDescGetNum                        
80063248  USBDescGet                           
80063310  USBDescGetNumAlternateInterfaces     
8006346c  USBDescGetInterface                  
800634b8  USBDescGetInterfaceEndpoint          
800634fc  Init_RTC                             
8006356c  RTC_InterruptConfigure               
80063598  RTC_SetFlag                          
800635a8  RTC_ClearFlag                        
800635b8  RTC_GetFlag                          
800635c4  RTC_SetTimeDate                      
800636a8  RTC_GetTimeDate                      
80063784  RTC_ModuleClkConfig                  
80063838  Init_WAV                             
80063890  WAV_CalculateHeader                  
80063b20  Init_LED                             
80063b24  LED_Show                             
80063de0  __aeabi_uldivmod                     
80064098  Init_ADC                             
8006424c  ADC_ConfigureInterrupt               
80064278  ADC_ReadChannels                     
800642f4  ADC_SetFinishedFlag                  
80064304  ADC_ClearFinishedFlag                
80064314  ADC_GetFinishedFlag                  
80064334  Init_I2C                             
80064340  Init_I2C_Module0                     
8006437c  I2C_InterruptConfigure0              
800643a8  I2C_SendReceiveData0                 
80064568  I2C_SetFailFlag0                     
80064578  I2C_ClearFailFlag0                   
80064588  I2C_GetFailFlag0                     
800645c4  ff_convert                           
80064688  ff_wtoupper                          
80064844  Init_Timers                          
80064854  Init_Timer2                          
800648cc  Init_Timer3                          
80064938  TMR_CalculateReload                  
80064984  TMR_InterruptConfigure2              
800649b0  TMR_InterruptConfigure3              
800649dc  TMR_GetNewScreenTagTimerEnabled      
800649e8  TMR_SetNewScreenTagTimerEnabled      
80064a20  TMR_ResetNewScreenTagTimer           
80064a30  TMR_ResetAudioPlaybackTimer          
80064a40  TMR_ResetBacklightTimer              
80064a50  TMR_SetMISCTimerFlag                 
80064a60  TMR_ClearMISCTimerFlag               
80064a70  TMR_GetMISCTimerFlag                 
80064aac  __aeabi_dsub                         
80064ab8  __aeabi_dadd                         
80064cc0  Init_Test                            
80064d10  TEST_Setpoint1                       
80064d4c  TEST_Setpoint2                       
80064d88  TEST_Setpoint3                       
80064dc4  TEST_Togglepoint1                    
80064e14  TEST_Togglepoint2                    
80064e64  TEST_Togglepoint3                    
80064ec4  Init_USB                             
80064ec8  Init_USB0                            
80064ef4  USB_InterruptConfigure0              
80064f44  USB_InterruptEnable0                 
80064f70  USB_DMSCEventCallback0               
80064fe4  USB_SetMSCState0                     
80065000  USB_GetMSCState0                     
8006500c  USB_SetUSBStatus0                    
80065038  USB_GetUSBStatus0                    
80065044  USB_SetUSBStatusFlag0                
80065054  USB_ClearUSBStatusFlag0              
80065064  USB_GetUSBStatusFlag0                
80065070  USB_SetUSBMSCFlag0                   
80065080  USB_ClearUSBMSCFlag0                 
80065090  USB_GetUSBMSCFlag0                   
800650b4  InitCMD                              
800650c4  CMD_CheckMatch                       
80065230  CMD_Help                             
80065240  CMD_SetNewCommand                    
80065250  CMD_ClearNewCommand                  
80065260  CMD_GetNewCommand                    
8006528c  Init_EEPROM                          
800652a4  EEPROM_ReadAddress                   
80065300  EEPROM_WriteAddress                  
80065368  EEPROM_ReadBuffer                    
800653e0  EEPROM_WriteBuffer                   
80065460  Init_PMIC                            
80065580  PMIC_ReadRegister                    
800655d0  PMIC_WriteRegister                   
80065630  _Dscale                              
800657d8  __aeabi_ddiv                         
80065968  Init_Modules                         
80065ae8  __aeabi_memcpy                       
80065ae8  __aeabi_memcpy4                      
80065ae8  __aeabi_memcpy8                      
80065ae8  memcpy                               
80065c68  Init_Power                           
80065c74  PWR_ReadVoltages                     
80065de0  MMUInit                              
80065e40  MMUMemRegionMap                      
80065f34  MMUEnable                            
80065f50  _Dnorm                               
800660b0  InternalUSBTickInit                  
80066124  InternalUSBRegisterTickHandler       
8006615c  InternalUSBStartOfFrameTick          
800661f4  CacheDisable                         
80066238  CacheEnable                          
80066284  CacheInstInvalidateAll               
80066290  CacheInstInvalidateBuff              
800662ac  CacheDataCleanInvalidateAll          
800662b8  CacheDataCleanAll                    
800662c4  CacheDataInvalidateAll               
800662d0  CacheDataCleanBuff                   
800662ec  CacheDataInvalidateBuff              
80066308  CacheDataCleanInvalidateBuff         
80066324  __aeabi_dmul                         
8006644c  __aeabi_idiv                         
8006644c  __aeabi_idivmod                      
8006657c  SVC_Handler                          
800665a4  IRQHandler                           
80066650  FIQHandler                           
80066654  AbortHandler                         
80066654  UndefInstHandler                     
8006666c  __aeabi_uidiv                        
8006666c  __aeabi_uidivmod                     
8006675c  USBDMSCStorageOpen                   
8006677c  USBDMSCStorageClose                  
80066798  USBDMSCStorageRead                   
800667d4  USBDMSCStorageWrite                  
80066810  USBDMSCStorageNumBlocks              
80066840  __aeabi_cdcmpeq                      
80066840  __aeabi_cdcmple                      
80066920  __aeabi_cdrcmple                     
80066a00  UsbPhyOn                             
80066a68  UsbPhyOff                            
80066ac8  _Dunscale                            
80066b80  __aeabi_memclr                       
80066b80  __aeabi_memclr4                      
80066b80  __aeabi_memclr8                      
80066b84  __aeabi_memset                       
80066b84  __aeabi_memset4                      
80066b84  __aeabi_memset8                      
80066b90  memset                               
80066c30  MMU_ConfigAndEnable                  
80066cd8  sprintf                              
80066d80  __TI_auto_init                       
80066e24  atoi                                 
80066ea8  copy_in                              
80066f2c  ltoa                                 
80066fac  ldexp                                
80067024  signal                               
80067088  CPUirqe                              
80067098  CPUirqd                              
800670a8  CPUfiqe                              
800670b8  CPUfiqd                              
800670c8  CPUSwitchToUserMode                  
800670dc  CPUSwitchToPrivilegedMode            
800670e4  CPUAbortHandler                      
800670e8  __aeabi_d2iz                         
80067144  __aeabi_d2uiz                        
800671a0  feraiseexcept                        
800671f8  raise                                
80067244  _Feraise                             
800672b4  start_boot                           
800672cc  __aeabi_i2d                          
80067308  _Dclass                              
80067340  __aeabi_ui2d                         
80067374  frexp                                
800673a4  memccpy                              
800673d0  strchr                               
800673f8  _register_unlock                     
80067404  _register_lock                       
80067410  _nop                                 
8006741c  __aeabi_llsr                         
80067440  strlen                               
8006745c  CPUIntStatus                         
80067468  __aeabi_idiv0                        
80068000  bss_start                            
8006c000  UART_RX_buffer                       
8006c7d0  UART_TX_buffer                       
8006cfa0  FileDataBuffer                       
8006d3a0  MISC_Buffer                          
8006d788  fat_devices                          
8006d7a0  EEPROM_Contents                      
8006d7b0  I2C_0_Buffers                        
8006dc40  fnRAMVectors                         
8006de40  cb_Fxn                               
8006df40  g_psUSBDevice                        
8006dfe8  EMMC_Card                            
8006e038  EMMC_ctrlInfo                        
8006e088  ctrlInfo                             
8006e0d8  sdCard                               
8006e128  Voltage                              
8006e168  Command_String                       
8006e174  g_pfTickHandlers                     
8006e1c0  g_pucCommand                         
8006e240  g_pvTickInstance                     
8006e24c  CurrentTimeDate                      
8006e258  BytesWritten                         
8006e260  dummy                                
8006e264  g_sDriveInformation                  
8006e268  p_CurrentScreen                      
8006e26c  p_CurrentWAVFile                     
8006e270  p_PreviousScreen                     
8006e274  regionId                             
8006e278  CurrentScreen                        
8006e279  PreviousPreviousScreen               
8006e27a  PreviousScreen                       
8006e27b  Result                               
8006e27c  bss_end                              
8006e280  WAV_PostComplete                     
80071f3c  Screens                              
800724f0  _Denorm                              
80072500  _Eps                                 
80072510  _Hugeval                             
80072520  _Inf                                 
80072530  _Nan                                 
80072540  _Snan                                
80072550  _Rteps                               
80072560  _Xbig                                
80072568  _Zero                                
80072570  WAV_Files                            
800725d3  NumCommand                           
800725d4  g_sMSCDeviceInfo                     
80072620  intStatus                            
80072624  g_bytesRead                          
80072628  g_bytesWritten                       
8007263a  gDMAflag                             
80072648  g_psMSCSections                      
80072654  sdBlkSize                            
80072658  SD_callbackOccured                   
8007265c  xferCompFlag                         
80072660  dataTimeout                          
80072664  cmdCompFlag                          
80072668  cmdTimeout                           
8007266c  errFlag                              
80072670  g_sPState                            
80072674  g_sCState                            
8007267a  RAM_CMD_Offset                       
8007267c  FT_DispWidth                         
8007267e  FT_DispHeight                        
80072680  FT_DispHCycle                        
80072682  FT_DispHOffset                       
80072684  FT_DispHSync0                        
80072686  FT_DispHSync1                        
80072688  FT_DispVCycle                        
8007268a  FT_DispVOffset                       
8007268c  FT_DispVSync0                        
8007268e  FT_DispVSync1                        
80072690  FT_DispPCLK                          
80072692  FT_DispSwizzle                       
80072694  FT_DispPCLKPol                       
80072696  FT_DispCSpread                       
80072698  FT_DispDither                        
8007269a  BackLightSetting                     
8007269b  CurrentSystemSettings                
800726c0  AudioBytesTransferred                
800726c4  AUD_AudioTimeoutCount                
800726c8  LastWritePointerAddress              
800726d0  TMR_NewScreenTagTimer                
800726d4  TMR_AudioPlaybackTimer               
800726d8  TMR_BacklightTimer                   
800726de  DefaultTimeDate                      
800726e8  UART_RX_place                        
800726ec  UART_TX_add                          
800726f0  UART_TX_remove                       
800726f4  g_bUSBTimerInitialized               
800726f8  g_ulCurrentUSBTick                   
800726fc  g_ulUSBSOFCount                      
80072700  _lock                                
80072704  _unlock                              
80072708  _Fenv                                
8007270c  _Tls_setup__Fenv                     
80072718  _Errno                               
87fffff0  __stack                              
87fffff8  __STACK_END                          
ffffffff  __binit__                            
ffffffff  __c_args__                           
ffffffff  binit                                
UNDEFED   SHT$$INIT_ARRAY$$Base                
UNDEFED   SHT$$INIT_ARRAY$$Limit               
UNDEFED   __TI_CINIT_Base                      
UNDEFED   __TI_CINIT_Limit                     
UNDEFED   __TI_Handler_Table_Base              
UNDEFED   __TI_Handler_Table_Limit             

[1163 symbols]
