******************************************************************************
                  TI ARM Linker PC v5.2.5                      
******************************************************************************
>> Linked Thu Apr 14 17:39:52 2016

OUTPUT FILE NAME:   <BeagleBone_Smart_Controler.out>
ENTRY POINT SYMBOL: "Entry"  address: 80000000


MEMORY CONFIGURATION

         name            origin    length      used     unused   attr    fill
----------------------  --------  ---------  --------  --------  ----  --------
  DDR_MEM               80000000   07ffffff  00006108  07ff9ef7  RWIX


SEGMENT ALLOCATION MAP

run origin  load origin   length   init length attrs members
----------  ----------- ---------- ----------- ----- -------
80000000    80000000    00001f00   00001f00    r-x
  80000000    80000000    000000d0   000000d0    r-x .text:Entry
  800000d0    800000d0    00001da4   00001da4    r-x .text
  80001e74    80001e74    0000008c   0000008c    r-- .const
80004000    80004000    00004200   00000000    rw-
  80004000    80004000    00004200   00000000    rw- .bss
87fffff0    87fffff0    00000008   00000000    rw-
  87fffff0    87fffff0    00000008   00000000    rw- .stack


SECTION ALLOCATION MAP

 output                                  attributes/
section   page    origin      length       input sections
--------  ----  ----------  ----------   ----------------
.text:Entry 
*          0    80000000    000000d0     
                  80000000    000000c8     system.lib : init.obj (.text:Entry)
                  800000c8    00000008     rtsv7A8_A_le_n_eabi.lib : autoinit.obj (.tramp.__TI_auto_init.1)

.text      0    800000d0    00001da4     
                  800000d0    00000b50     gpio_v2.obj (.text)
                  80000c20    00000488     system.lib : cp15.obj (.text)
                  800010a8    0000026c     GPIO.obj (.text)
                  80001314    00000008     --HOLE-- [fill = 0]
                  8000131c    00000254     LEDS.obj (.text)
                  80001570    00000180     rtsv7A8_A_le_n_eabi.lib : memcpy32.obj (.text)
                  800016f0    0000016c     mmu.obj (.text)
                  8000185c    00000130     cache.obj (.text)
                  8000198c    00000124     platform.lib : gpio.obj (.text)
                  80001ab0    0000010c     system.lib : exceptionhandler.obj (.text)
                  80001bbc    000000a8     MEMORY.obj (.text)
                  80001c64    000000a4     rtsv7A8_A_le_n_eabi.lib : autoinit.obj (.text)
                  80001d08    00000008     --HOLE-- [fill = 0]
                  80001d10    00000084                             : cpy_tbl.obj (.text)
                  80001d94    00000060     system.lib : cpu.obj (.text)
                  80001df4    00000044                : startup.obj (.text)
                  80001e38    00000008     --HOLE-- [fill = 0]
                  80001e40    0000001c     main.obj (.text)
                  80001e5c    00000008     --HOLE-- [fill = 0]
                  80001e64    00000010     SYSTEM.obj (.text)

.const     0    80001e74    0000008c     
                  80001e74    00000054     MEMORY.obj (.const)
                  80001ec8    00000038     system.lib : startup.obj (.const:vecTbl)

.bss       0    80004000    00004200     UNINITIALIZED
                  80004000    00004000     MEMORY.obj (.bss:pageTable)
                  80008000    00000200     interrupt.obj (.bss:fnRAMVectors)

.TI.noinit 
*          0    80004000    00000000     UNINITIALIZED

.stack     0    87fffff0    00000008     UNINITIALIZED
                  87fffff0    00000008     --HOLE--


FAR CALL TRAMPOLINES

callee name               trampoline name
   callee addr  tramp addr   call addr  call info
--------------  -----------  ---------  ----------------
__TI_auto_init            $Tramp$AA$S$$__TI_auto_init
   80001c64     800000c8     800000a0   system.lib : init.obj (.text:Entry)

[1 trampolines]
[1 trampoline calls]


GLOBAL SYMBOLS: SORTED ALPHABETICALLY BY Name 

address   name                         
-------   ----                         
80001ba4  AbortHandler                 
8000107c  CP15AuxControlFeatureDisable 
80001068  CP15AuxControlFeatureEnable  
80001010  CP15BranchPredictionDisable  
80001000  CP15BranchPredictionEnable   
80000ff4  CP15BranchPredictorInvalidate
80001030  CP15ControlFeatureDisable    
80001044  CP15ControlFeatureEnable     
80000d0c  CP15DCacheClean              
80000e44  CP15DCacheCleanBuff          
80000da0  CP15DCacheCleanFlush         
80000e98  CP15DCacheCleanFlushBuff     
80000c3c  CP15DCacheDisable            
80000c68  CP15DCacheEnable             
80000c78  CP15DCacheFlush              
80000eec  CP15DCacheFlushBuff          
80001020  CP15DomainAccessClientSet    
80000c20  CP15ICacheDisable            
80000c58  CP15ICacheEnable             
80000e34  CP15ICacheFlush              
80000f50  CP15ICacheFlushBuff          
80000fbc  CP15MMUDisable               
80000fd4  CP15MMUEnable                
80001090  CP15MainIdPrimPartNumGet     
80000fb0  CP15TlbInvalidate            
80000fa4  CP15Ttb0Set                  
80001058  CP15TtbCtlTtb0Config         
80000fe8  CP15VectorBaseAddrSet        
80001df0  CPUAbortHandler              
80001de8  CPUSwitchToPrivilegedMode    
80001dd4  CPUSwitchToUserMode          
80001dc4  CPUfiqd                      
80001db4  CPUfiqe                      
80001da4  CPUirqd                      
80001d94  CPUirqe                      
80001920  CacheDataCleanAll            
80001938  CacheDataCleanBuff           
80001914  CacheDataCleanInvalidateAll  
80001970  CacheDataCleanInvalidateBuff 
8000192c  CacheDataInvalidateAll       
80001954  CacheDataInvalidateBuff      
8000185c  CacheDisable                 
800018a0  CacheEnable                  
800018ec  CacheInstInvalidateAll       
800018f8  CacheInstInvalidateBuff      
80000000  Entry                        
80001ba0  FIQHandler                   
80001a0c  GPIO0ModuleClkConfig         
800019b8  GPIO1ModuleClkConfig         
800019a8  GPIO1Pin23PinMuxSetup        
80001998  GPIO1PinMuxSetup             
80000a40  GPIOAutoIdleModeControl      
80000b0c  GPIODebounceFuncControl      
80000b5c  GPIODebounceTimeConfig       
800001ac  GPIODirModeGet               
8000014c  GPIODirModeSet               
80000ac8  GPIOGatingRatioConfigure     
80000a84  GPIOIdleModeConfigure        
800006f8  GPIOIntTypeGet               
80000358  GPIOIntTypeSet               
80000128  GPIOModuleDisable            
80000104  GPIOModuleEnable             
800000d0  GPIOModuleReset              
80000294  GPIOMultiplePinsRead         
80000264  GPIOMultiplePinsWrite        
8000083c  GPIOPinIntClear              
80000308  GPIOPinIntDisable            
800002b8  GPIOPinIntEnable             
800007d8  GPIOPinIntStatus             
800009e0  GPIOPinIntWakeUpDisable      
80000980  GPIOPinIntWakeUpEnable       
8000023c  GPIOPinRead                  
800001ec  GPIOPinWrite                 
8000088c  GPIORawIntStatus             
80000b80  GPIORevisionInfoGet          
800008e8  GPIOTriggerPinInt            
8000095c  GPIOWakeupGlobalDisable      
80000938  GPIOWakeupGlobalEnable       
80001170  GPIO_Module0ClkConfig        
800011d8  GPIO_Module1ClkConfig        
80001240  GPIO_Module2ClkConfig        
800012a8  GPIO_Module3ClkConfig        
8000198c  GpioPinMuxSetup              
80001af4  IRQHandler                   
800010a8  Init_GPIO                    
8000131c  Init_LED                     
80001e64  Init_Modules                 
80001320  LED_Show                     
80001840  MMUEnable                    
800016f0  MMUInit                      
80001750  MMUMemRegionMap              
80001bbc  MMU_ConfigAndEnable          
UNDEFED   SHT$$INIT_ARRAY$$Base        
UNDEFED   SHT$$INIT_ARRAY$$Limit       
80001acc  SVC_Handler                  
80001ba4  UndefInstHandler             
87fffff8  __STACK_END                  
00000008  __STACK_SIZE                 
UNDEFED   __TI_CINIT_Base              
UNDEFED   __TI_CINIT_Limit             
UNDEFED   __TI_Handler_Table_Base      
UNDEFED   __TI_Handler_Table_Limit     
80001c64  __TI_auto_init               
80000000  __TI_static_base__           
80001570  __aeabi_memcpy               
80001570  __aeabi_memcpy4              
80001570  __aeabi_memcpy8              
ffffffff  __binit__                    
ffffffff  __c_args__                   
87fffff0  __stack                      
ffffffff  binit                        
80008200  bss_end                      
80004000  bss_start                    
80001d10  copy_in                      
80008000  fnRAMVectors                 
80000bdc  gpioContextRestore           
80000b98  gpioContextSave              
80001e40  main                         
80001570  memcpy                       
80001e20  start_boot                   


GLOBAL SYMBOLS: SORTED BY Symbol Address 

address   name                         
-------   ----                         
00000008  __STACK_SIZE                 
80000000  Entry                        
80000000  __TI_static_base__           
800000d0  GPIOModuleReset              
80000104  GPIOModuleEnable             
80000128  GPIOModuleDisable            
8000014c  GPIODirModeSet               
800001ac  GPIODirModeGet               
800001ec  GPIOPinWrite                 
8000023c  GPIOPinRead                  
80000264  GPIOMultiplePinsWrite        
80000294  GPIOMultiplePinsRead         
800002b8  GPIOPinIntEnable             
80000308  GPIOPinIntDisable            
80000358  GPIOIntTypeSet               
800006f8  GPIOIntTypeGet               
800007d8  GPIOPinIntStatus             
8000083c  GPIOPinIntClear              
8000088c  GPIORawIntStatus             
800008e8  GPIOTriggerPinInt            
80000938  GPIOWakeupGlobalEnable       
8000095c  GPIOWakeupGlobalDisable      
80000980  GPIOPinIntWakeUpEnable       
800009e0  GPIOPinIntWakeUpDisable      
80000a40  GPIOAutoIdleModeControl      
80000a84  GPIOIdleModeConfigure        
80000ac8  GPIOGatingRatioConfigure     
80000b0c  GPIODebounceFuncControl      
80000b5c  GPIODebounceTimeConfig       
80000b80  GPIORevisionInfoGet          
80000b98  gpioContextSave              
80000bdc  gpioContextRestore           
80000c20  CP15ICacheDisable            
80000c3c  CP15DCacheDisable            
80000c58  CP15ICacheEnable             
80000c68  CP15DCacheEnable             
80000c78  CP15DCacheFlush              
80000d0c  CP15DCacheClean              
80000da0  CP15DCacheCleanFlush         
80000e34  CP15ICacheFlush              
80000e44  CP15DCacheCleanBuff          
80000e98  CP15DCacheCleanFlushBuff     
80000eec  CP15DCacheFlushBuff          
80000f50  CP15ICacheFlushBuff          
80000fa4  CP15Ttb0Set                  
80000fb0  CP15TlbInvalidate            
80000fbc  CP15MMUDisable               
80000fd4  CP15MMUEnable                
80000fe8  CP15VectorBaseAddrSet        
80000ff4  CP15BranchPredictorInvalidate
80001000  CP15BranchPredictionEnable   
80001010  CP15BranchPredictionDisable  
80001020  CP15DomainAccessClientSet    
80001030  CP15ControlFeatureDisable    
80001044  CP15ControlFeatureEnable     
80001058  CP15TtbCtlTtb0Config         
80001068  CP15AuxControlFeatureEnable  
8000107c  CP15AuxControlFeatureDisable 
80001090  CP15MainIdPrimPartNumGet     
800010a8  Init_GPIO                    
80001170  GPIO_Module0ClkConfig        
800011d8  GPIO_Module1ClkConfig        
80001240  GPIO_Module2ClkConfig        
800012a8  GPIO_Module3ClkConfig        
8000131c  Init_LED                     
80001320  LED_Show                     
80001570  __aeabi_memcpy               
80001570  __aeabi_memcpy4              
80001570  __aeabi_memcpy8              
80001570  memcpy                       
800016f0  MMUInit                      
80001750  MMUMemRegionMap              
80001840  MMUEnable                    
8000185c  CacheDisable                 
800018a0  CacheEnable                  
800018ec  CacheInstInvalidateAll       
800018f8  CacheInstInvalidateBuff      
80001914  CacheDataCleanInvalidateAll  
80001920  CacheDataCleanAll            
8000192c  CacheDataInvalidateAll       
80001938  CacheDataCleanBuff           
80001954  CacheDataInvalidateBuff      
80001970  CacheDataCleanInvalidateBuff 
8000198c  GpioPinMuxSetup              
80001998  GPIO1PinMuxSetup             
800019a8  GPIO1Pin23PinMuxSetup        
800019b8  GPIO1ModuleClkConfig         
80001a0c  GPIO0ModuleClkConfig         
80001acc  SVC_Handler                  
80001af4  IRQHandler                   
80001ba0  FIQHandler                   
80001ba4  AbortHandler                 
80001ba4  UndefInstHandler             
80001bbc  MMU_ConfigAndEnable          
80001c64  __TI_auto_init               
80001d10  copy_in                      
80001d94  CPUirqe                      
80001da4  CPUirqd                      
80001db4  CPUfiqe                      
80001dc4  CPUfiqd                      
80001dd4  CPUSwitchToUserMode          
80001de8  CPUSwitchToPrivilegedMode    
80001df0  CPUAbortHandler              
80001e20  start_boot                   
80001e40  main                         
80001e64  Init_Modules                 
80004000  bss_start                    
80008000  fnRAMVectors                 
80008200  bss_end                      
87fffff0  __stack                      
87fffff8  __STACK_END                  
ffffffff  __binit__                    
ffffffff  __c_args__                   
ffffffff  binit                        
UNDEFED   SHT$$INIT_ARRAY$$Base        
UNDEFED   SHT$$INIT_ARRAY$$Limit       
UNDEFED   __TI_CINIT_Base              
UNDEFED   __TI_CINIT_Limit             
UNDEFED   __TI_Handler_Table_Base      
UNDEFED   __TI_Handler_Table_Limit     

[120 symbols]
