******************************************************************************
                  TI ARM Linker PC v5.2.5                      
******************************************************************************
>> Linked Tue Sep 20 17:35:55 2016

OUTPUT FILE NAME:   <BeagleBone_Smart_Controler.out>
ENTRY POINT SYMBOL: "Entry"  address: 80000000


MEMORY CONFIGURATION

         name            origin    length      used     unused   attr    fill
----------------------  --------  ---------  --------  --------  ----  --------
  SRAM_MEM              402f0400   0000fbff  00000000  0000fbff  RWIX
  L3_SRAM_MEM           40300000   0000ffff  00000b30  0000f4cf  RWIX
  DDR_MEM               80000000   07ffffff  0006ebed  07f91412  RWIX


SEGMENT ALLOCATION MAP

run origin  load origin   length   init length attrs members
----------  ----------- ---------- ----------- ----- -------
40300000    40300000    00000b30   00000b30    rw-
  40300000    40300000    00000b30   00000b30    rw- .l3_memory
80000000    80000000    00064d68   00064d68    r-x
  80000000    80000000    000000d0   000000d0    r-x .text:Entry
  800000d0    800000d0    000430cc   000430cc    r-- .const
  8004319c    8004319c    00021bcc   00021bcc    r-x .text
80068000    80068000    00005a03   00000000    rw-
  80068000    80068000    00005a03   00000000    rw- .bss
8006da08    8006da08    0000447a   0000447a    rw-
  8006da08    8006da08    0000447a   0000447a    rw- .data
87fffff0    87fffff0    00000008   00000000    rw-
  87fffff0    87fffff0    00000008   00000000    rw- .stack


SECTION ALLOCATION MAP

 output                                  attributes/
section   page    origin      length       input sections
--------  ----  ----------  ----------   ----------------
.l3_memory 
*          0    40300000    00000b30     
                  40300000    00000830     usb_msc_structs.obj (.l3_memory:uninit) [fill = 0]
                  40300830    00000010     --HOLE-- [fill = 0]
                  40300840    00000240     SD.obj (.l3_memory) [fill = 0]
                  40300a80    00000048     usb_msc_structs.obj (.l3_memory:init)
                  40300ac8    00000038     --HOLE-- [fill = 0]
                  40300b00    00000030     usbdata.obj (.l3_memory) [fill = 0]

.text:Entry 
*          0    80000000    000000d0     
                  80000000    000000c8     system.lib : init.obj (.text:Entry)
                  800000c8    00000008     rtsv7A8_A_le_n_eabi.lib : autoinit.obj (.tramp.__TI_auto_init.1)

.const     0    800000d0    000430cc     
                  800000d0    0003fc00     BITMAP_CHARLIE_BEACH.obj (.const:.string:BITMAP_CharlieBeach)
                  8003fcd0    00002bc0     BITMAP_TV_REMOTE.obj (.const:.string:BITMAP_TVRemote)
                  80042890    000001f2     ccsbcs.obj (.const:cvt1$1)
                  80042a82    00000101     rtsv7A8_A_le_n_eabi.lib : ctype.obj (.const:.string:_ctypes_)
                  80042b83    00000001     --HOLE-- [fill = 0]
                  80042b84    00000100     ccsbcs.obj (.const:Tbl)
                  80042c84    000000cc     BITMAP_SD_CARD_SYMBOL.obj (.const:.string:BITMAP_SD_Card_Symbol)
                  80042d50    000000bc     ccsbcs.obj (.const:cvt2$2)
                  80042e0c    00000080     ff.obj (.const:.string:ExCvt)
                  80042e8c    00000078     usbdenum.obj (.const:g_sUSBDefaultFIFOConfig)
                  80042f04    00000058     BITMAP_USB_SYMBOL.obj (.const:.string:BITMAP_USB_Symbol)
                  80042f5c    00000054     MEMORY.obj (.const)
                  80042fb0    00000038     system.lib : startup.obj (.const:vecTbl)
                  80042fe8    00000034     usb_msc_structs.obj (.const:.string:g_pManufacturerString)
                  8004301c    00000034     usbdenum.obj (.const:g_psUSBDStdRequests)
                  80043050    00000030     usb_msc_structs.obj (.const:.string:g_pConfigString)
                  80043080    00000029     usbdmsc.obj (.const:.string)
                  800430a9    00000028     usb_msc_structs.obj (.const:.string:g_pDataInterfaceString)
                  800430d1    00000028     usb_msc_structs.obj (.const:.string:g_pProductString)
                  800430f9    00000003     --HOLE-- [fill = 0]
                  800430fc    0000001d     usbdmsc.obj (.const)
                  80043119    00000003     --HOLE-- [fill = 0]
                  8004311c    00000018     usb_msc_structs.obj (.const)
                  80043134    00000016     usb_msc_structs.obj (.const:.string)
                  8004314a    00000002     --HOLE-- [fill = 0]
                  8004314c    00000010     CMD.obj (.const)
                  8004315c    0000000d     ff.obj (.const:.string)
                  80043169    00000003     --HOLE-- [fill = 0]
                  8004316c    0000000c     BITMAP_CHARLIE_BEACH.obj (.const)
                  80043178    0000000c     BITMAP_SD_CARD_SYMBOL.obj (.const)
                  80043184    0000000c     BITMAP_TV_REMOTE.obj (.const)
                  80043190    0000000c     BITMAP_USB_SYMBOL.obj (.const)

.text      0    8004319c    00021bcc     
                  8004319c    00005388     ff.obj (.text)
                  80048524    00003714     usbdmsc.obj (.text)
                  8004bc38    00002a68     LCD.obj (.text)
                  8004e6a0    00002268     usbdenum.obj (.text)
                  80050908    00001d10     uart_irda_cir.obj (.text)
                  80052618    00001a70     rtsv7A8_A_le_n_eabi.lib : _printfi.obj (.text)
                  80054088    00001588     rtc.obj (.text)
                  80055610    0000140c     tsc_adc.obj (.text)
                  80056a1c    00000ec4     mcspi.obj (.text)
                  800578e0    00000e44     mmcsd_proto.obj (.text)
                  80058724    00000e38     GUI.obj (.text)
                  8005955c    00000b98     gpio_v2.obj (.text)
                  8005a0f4    00000b34     hsi2c.obj (.text)
                  8005ac28    00000a98     SD.obj (.text)
                  8005b6c0    00000a90     hs_mmcsd.obj (.text)
                  8005c150    000008d8     MISC.obj (.text)
                  8005ca28    00000830     usbdconfig.obj (.text)
                  8005d258    00000788     dmtimer.obj (.text)
                  8005d9e0    000006c4     FRAM.obj (.text)
                  8005e0a4    000005e0     INTERRUPTS.obj (.text)
                  8005e684    00000544     usbdcdesc.obj (.text)
                  8005ebc8    00000510     SPI.obj (.text)
                  8005f0d8    00000504     AUDIO.obj (.text)
                  8005f5dc    000004a0     UART.obj (.text)
                  8005fa7c    00000498     GPIO.obj (.text)
                  8005ff14    00000488     system.lib : cp15.obj (.text)
                  8006039c    000003e4     interrupt.obj (.text)
                  80060780    00000360     usbdesc.obj (.text)
                  80060ae0    0000033c     RTCC.obj (.text)
                  80060e1c    0000031c     main.obj (.text)
                  80061138    000002e8     WAV.obj (.text)
                  80061420    000002c0     LEDS.obj (.text)
                  800616e0    000002b8     rtsv7A8_A_le_n_eabi.lib : ull_div32.obj (.text)
                  80061998    0000029c     ADC.obj (.text)
                  80061c34    00000290     I2C.obj (.text)
                  80061ec4    00000280     ccsbcs.obj (.text)
                  80062144    00000268     TIMERS.obj (.text)
                  800623ac    00000214     rtsv7A8_A_le_n_eabi.lib : fd_add32.obj (.text)
                  800625c0    00000204     TEST.obj (.text)
                  800627c4    000001f0     USB.obj (.text)
                  800629b4    000001d8     CMD.obj (.text)
                  80062b8c    000001d4     EEPROM.obj (.text)
                  80062d60    000001d0     PMIC.obj (.text)
                  80062f30    000001a8     rtsv7A8_A_le_n_eabi.lib : xdscale.obj (.text)
                  800630d8    00000190                             : fd_div32.obj (.text)
                  80063268    00000180                             : memcpy32.obj (.text)
                  800633e8    0000017c     SYSTEM.obj (.text)
                  80063564    00000178     POWER.obj (.text)
                  800636dc    00000170     mmu.obj (.text)
                  8006384c    00000160     rtsv7A8_A_le_n_eabi.lib : xdnorm.obj (.text)
                  800639ac    00000144     usbtick.obj (.text)
                  80063af0    00000130     cache.obj (.text)
                  80063c20    00000128     rtsv7A8_A_le_n_eabi.lib : fd_mul32.obj (.text)
                  80063d48    00000114                             : i_div32.obj (.text)
                  80063e5c    0000010c     system.lib : exceptionhandler.obj (.text)
                  80063f68    000000f0     rtsv7A8_A_le_n_eabi.lib : u_div32.obj (.text)
                  80064058    000000e4     usbdmscglue.obj (.text)
                  8006413c    000000e0     rtsv7A8_A_le_n_eabi.lib : fd_cmp32.obj (.text:__aeabi_cdcmple)
                  8006421c    000000e0                             : fd_cmp32.obj (.text:__aeabi_cdrcmple)
                  800642fc    000000c8     usbphyGS70.obj (.text)
                  800643c4    000000b8     rtsv7A8_A_le_n_eabi.lib : xdunscal.obj (.text)
                  8006447c    000000b0                             : memset32.obj (.text)
                  8006452c    000000a8     MEMORY.obj (.text)
                  800645d4    000000a8     rtsv7A8_A_le_n_eabi.lib : sprintf.obj (.text)
                  8006467c    000000a4                             : autoinit.obj (.text)
                  80064720    00000084                             : atoi.obj (.text)
                  800647a4    00000084                             : cpy_tbl.obj (.text)
                  80064828    00000080                             : ltoa.obj (.text)
                  800648a8    00000078                             : ldexp.obj (.text)
                  80064920    00000064                             : signal.obj (.text)
                  80064984    00000060     system.lib : cpu.obj (.text)
                  800649e4    0000005c     rtsv7A8_A_le_n_eabi.lib : fd_toi32.obj (.text)
                  80064a40    0000005c                             : fd_tou32.obj (.text)
                  80064a9c    00000058                             : feraiseexcept.obj (.text)
                  80064af4    0000004c                             : raise.obj (.text)
                  80064b40    00000044                             : xferaise.obj (.text)
                  80064b84    00000044     system.lib : startup.obj (.text)
                  80064bc8    0000003c     rtsv7A8_A_le_n_eabi.lib : i_tofd32.obj (.text)
                  80064c04    00000038                             : xdclass.obj (.text)
                  80064c3c    00000034                             : u_tofd32.obj (.text)
                  80064c70    00000030                             : frexp.obj (.text)
                  80064ca0    0000002c                             : memccpy.obj (.text)
                  80064ccc    00000028                             : strchr.obj (.text)
                  80064cf4    00000024                             : _lock.obj (.text)
                  80064d18    00000024                             : ll_lsr32.obj (.text)
                  80064d3c    0000001c                             : strlen.obj (.text)
                  80064d58    0000000c     system.lib : cpu.obj (.text:CPUIntStatus)
                  80064d64    00000004     rtsv7A8_A_le_n_eabi.lib : i_div0.obj (.text)

.bss       0    80068000    00005a03     UNINITIALIZED
                  80068000    00004000     MEMORY.obj (.bss:pageTable)
                  8006c000    000007d0     UART.obj (.bss:UART_RX_buffer)
                  8006c7d0    000007d0     UART.obj (.bss:UART_TX_buffer)
                  8006cfa0    000003e8     MISC.obj (.bss:MISC_Buffer)
                  8006d388    00000200     ff.obj (.bss:LfnBuf)
                  8006d588    00000200     interrupt.obj (.bss:fnRAMVectors)
                  8006d788    000000a8     usbdenum.obj (.bss:g_psUSBDevice)
                  8006d830    00000050     SD.obj (.bss:sdCard)
                  8006d880    00000040     POWER.obj (.bss:Voltage)
                  8006d8c0    00000040     mmcsd_proto.obj (.bss:dataBuffer)
                  8006d900    00000040     usbdmsc.obj (.bss:g_pucCommand)
                  8006d940    00000040     usbdenum.obj (.bss:g_pucDataBufferIn)
                  8006d980    00000018     (.common:fat_devices)
                  8006d998    00000010     (.common:EEPROM_Contents)
                  8006d9a8    00000010     (.common:I2C_0_Buffers)
                  8006d9b8    0000000c     (.common:Command_String)
                  8006d9c4    0000000c     (.common:g_pfTickHandlers)
                  8006d9d0    0000000c     (.common:g_pvTickInstance)
                  8006d9dc    0000000a     (.common:CurrentTimeDate)
                  8006d9e6    00000002     (.common:Fsid)
                  8006d9e8    00000004     (.common:FatFs)
                  8006d9ec    00000004     (.common:dummy)
                  8006d9f0    00000004     (.common:g_sDriveInformation)
                  8006d9f4    00000004     (.common:p_CurrentScreen)
                  8006d9f8    00000004     (.common:p_CurrentWAVFile)
                  8006d9fc    00000004     (.common:p_PreviousScreen)
                  8006da00    00000001     (.common:CurrentScreen)
                  8006da01    00000001     (.common:PreviousPreviousScreen)
                  8006da02    00000001     (.common:PreviousScreen)

.TI.noinit 
*          0    80068000    00000000     UNINITIALIZED

.data      0    8006da08    0000447a     
                  8006da08    00003cbc     WAV_POST_COMPLETE.obj (.data:WAV_PostComplete)
                  800716c4    00000500     GUI.obj (.data:Screens)
                  80071bc4    000000b0     rtsv7A8_A_le_n_eabi.lib : signal.obj (.data:sigtable)
                  80071c74    00000004     USB.obj (.data)
                  80071c78    00000080     rtsv7A8_A_le_n_eabi.lib : xvalues.obj (.data)
                  80071cf8    00000062     WAV.obj (.data:WAV_Files)
                  80071d5a    00000002     CMD.obj (.data)
                  80071d5c    0000004c     usbdmsc.obj (.data:g_sMSCDeviceInfo)
                  80071da8    00000030     usbdmsc.obj (.data)
                  80071dd8    00000023     LCD.obj (.data)
                  80071dfb    0000001f     FRAM.obj (.data)
                  80071e1a    00000001     ADC.obj (.data)
                  80071e1b    00000001     I2C.obj (.data)
                  80071e1c    00000010     AUDIO.obj (.data)
                  80071e2c    00000010     TIMERS.obj (.data)
                  80071e3c    0000000c     RTCC.obj (.data)
                  80071e48    0000000c     UART.obj (.data)
                  80071e54    0000000c     usbtick.obj (.data)
                  80071e60    00000008     rtsv7A8_A_le_n_eabi.lib : _lock.obj (.data)
                  80071e68    00000008                             : feraiseexcept.obj (.data)
                  80071e70    00000008     usbdenum.obj (.data)
                  80071e78    00000004     rtsv7A8_A_le_n_eabi.lib : errno.obj (.data)
                  80071e7c    00000003     GUI.obj (.data)
                  80071e7f    00000003     SD.obj (.data)

.TI.persistent 
*          0    8006da08    00000000     UNINITIALIZED

.stack     0    87fffff0    00000008     UNINITIALIZED
                  87fffff0    00000008     --HOLE--


FAR CALL TRAMPOLINES

callee name               trampoline name
   callee addr  tramp addr   call addr  call info
--------------  -----------  ---------  ----------------
__TI_auto_init            $Tramp$AA$S$$__TI_auto_init
   8006467c     800000c8     800000a0   system.lib : init.obj (.text:Entry)

[1 trampolines]
[1 trampoline calls]


GLOBAL SYMBOLS: SORTED ALPHABETICALLY BY Name 

address   name                                 
-------   ----                                 
8005e524  ADC_0_ISR                            
80061c04  ADC_ClearFinishedFlag                
80061b4c  ADC_ConfigureInterrupt               
80061c14  ADC_GetFinishedFlag                  
80061b78  ADC_ReadChannels                     
80061bf4  ADC_SetFinishedFlag                  
8005f538  AUD_AmpShutdown                      
80071e24  AUD_AudioTimeoutCount                
8005f470  AUD_ClearPlaybackFinishedFlag        
8005f1e0  AUD_ClearPlayingFlag                 
8005f4a8  AUD_ClearTimoutFlag                  
8005f48c  AUD_GetPlaybackFinishedFlag          
8005f1f0  AUD_GetPlayingFlag                   
8005f4b8  AUD_GetTimoutFlag                    
8005f4c4  AUD_IsWAVPlaying                     
8005f0dc  AUD_PlayWAV                          
8005f460  AUD_SetPlaybackFinishedFlag          
8005f1d0  AUD_SetPlayingFlag                   
8005f498  AUD_SetTimoutFlag                    
8005f1a4  AUD_StopWAV                          
8005f4dc  AUD_TestAudio                        
8005f1fc  AUD_TransferWAVToRAMG                
80063f50  AbortHandler                         
80071e20  AudioBytesTransferred                
800000d0  BITMAP_CharlieBeach                  
80042c84  BITMAP_SD_Card_Symbol                
8003fcd0  BITMAP_TVRemote                      
80042f04  BITMAP_USB_Symbol                    
80071dfa  BackLightSetting                     
800629c4  CMD_CheckMatch                       
80062b50  CMD_ClearNewCommand                  
80062b60  CMD_GetNewCommand                    
80062b30  CMD_Help                             
80062b40  CMD_SetNewCommand                    
80060370  CP15AuxControlFeatureDisable         
8006035c  CP15AuxControlFeatureEnable          
80060304  CP15BranchPredictionDisable          
800602f4  CP15BranchPredictionEnable           
800602e8  CP15BranchPredictorInvalidate        
80060324  CP15ControlFeatureDisable            
80060338  CP15ControlFeatureEnable             
80060000  CP15DCacheClean                      
80060138  CP15DCacheCleanBuff                  
80060094  CP15DCacheCleanFlush                 
8006018c  CP15DCacheCleanFlushBuff             
8005ff30  CP15DCacheDisable                    
8005ff5c  CP15DCacheEnable                     
8005ff6c  CP15DCacheFlush                      
800601e0  CP15DCacheFlushBuff                  
80060314  CP15DomainAccessClientSet            
8005ff14  CP15ICacheDisable                    
8005ff4c  CP15ICacheEnable                     
80060128  CP15ICacheFlush                      
80060244  CP15ICacheFlushBuff                  
800602b0  CP15MMUDisable                       
800602c8  CP15MMUEnable                        
80060384  CP15MainIdPrimPartNumGet             
800602a4  CP15TlbInvalidate                    
80060298  CP15Ttb0Set                          
8006034c  CP15TtbCtlTtb0Config                 
800602dc  CP15VectorBaseAddrSet                
800649e0  CPUAbortHandler                      
80064d58  CPUIntStatus                         
800649d8  CPUSwitchToPrivilegedMode            
800649c4  CPUSwitchToUserMode                  
800649b4  CPUfiqd                              
800649a4  CPUfiqe                              
80064994  CPUirqd                              
80064984  CPUirqe                              
80063bb4  CacheDataCleanAll                    
80063bcc  CacheDataCleanBuff                   
80063ba8  CacheDataCleanInvalidateAll          
80063c04  CacheDataCleanInvalidateBuff         
80063bc0  CacheDataInvalidateAll               
80063be8  CacheDataInvalidateBuff              
80063af0  CacheDisable                         
80063b34  CacheEnable                          
80063b80  CacheInstInvalidateAll               
80063b8c  CacheInstInvalidateBuff              
8006d9b8  Command_String                       
8004314c  Commands                             
8006da00  CurrentScreen                        
80071dfb  CurrentSystemSettings                
8006d9dc  CurrentTimeDate                      
8005d8f4  DMTimer2ModuleClkConfig              
8005d960  DMTimer3ModuleClkConfig              
8005d598  DMTimerCompareGet                    
8005d55c  DMTimerCompareSet                    
8005d7b8  DMTimerContextRestore                
8005d738  DMTimerContextSave                   
8005d454  DMTimerCounterGet                    
8005d418  DMTimerCounterSet                    
8005d298  DMTimerDisable                       
8005d258  DMTimerEnable                        
8005d4dc  DMTimerGPOConfigure                  
8005d64c  DMTimerIntDisable                    
8005d628  DMTimerIntEnable                     
8005d6a8  DMTimerIntEnableGet                  
8005d5d4  DMTimerIntRawStatusGet               
8005d5b0  DMTimerIntRawStatusSet               
8005d604  DMTimerIntStatusClear                
8005d5ec  DMTimerIntStatusGet                  
8005d2d8  DMTimerModeConfigure                 
8005d898  DMTimerPostedModeConfig              
8005d3d8  DMTimerPreScalerClkDisable           
8005d358  DMTimerPreScalerClkEnable            
8005d4c4  DMTimerReloadGet                     
8005d488  DMTimerReloadSet                     
8005d704  DMTimerReset                         
8005d6c0  DMTimerResetConfigure                
8005d670  DMTimerTriggerSet                    
8005d8dc  DMTimerWritePostedStatusGet          
80071e3e  DefaultTimeDate                      
8006d998  EEPROM_Contents                      
80062ba4  EEPROM_ReadAddress                   
80062c68  EEPROM_ReadBuffer                    
80062c00  EEPROM_WriteAddress                  
80062ce0  EEPROM_WriteBuffer                   
80000000  Entry                                
80063f4c  FIQHandler                           
8005df68  FRAM_CalculateCRC                    
8005df2c  FRAM_Hold                            
8005df80  FRAM_LoadDefaultSettings             
8005dae0  FRAM_LoadSettings                    
8005dd10  FRAM_ReadMemory                      
8005dbe4  FRAM_ReadStatusRegister              
8005dafc  FRAM_SaveSettings                    
8005dffc  FRAM_Test                            
8005db64  FRAM_WriteDisable                    
8005db28  FRAM_WriteEnable                     
8005dc24  FRAM_WriteMemory                     
8005def0  FRAM_WriteProtect                    
8005ddfc  FRAM_WriteRead                       
8005dba0  FRAM_WriteStatusRegister             
80071df6  FT_DispCSpread                       
80071df8  FT_DispDither                        
80071de0  FT_DispHCycle                        
80071de2  FT_DispHOffset                       
80071de4  FT_DispHSync0                        
80071de6  FT_DispHSync1                        
80071dde  FT_DispHeight                        
80071df0  FT_DispPCLK                          
80071df4  FT_DispPCLKPol                       
80071df2  FT_DispSwizzle                       
80071de8  FT_DispVCycle                        
80071dea  FT_DispVOffset                       
80071dec  FT_DispVSync0                        
80071dee  FT_DispVSync1                        
80071ddc  FT_DispWidth                         
80059eec  GPIOAutoIdleModeControl              
80059fb8  GPIODebounceFuncControl              
8005a008  GPIODebounceTimeConfig               
80059638  GPIODirModeGet                       
800595d8  GPIODirModeSet                       
80059f74  GPIOGatingRatioConfigure             
80059f30  GPIOIdleModeConfigure                
80059ba4  GPIOIntTypeGet                       
80059804  GPIOIntTypeSet                       
800595b4  GPIOModuleDisable                    
80059590  GPIOModuleEnable                     
8005955c  GPIOModuleReset                      
80059740  GPIOMultiplePinsRead                 
80059710  GPIOMultiplePinsWrite                
80059ce8  GPIOPinIntClear                      
800597b4  GPIOPinIntDisable                    
80059764  GPIOPinIntEnable                     
80059c84  GPIOPinIntStatus                     
80059e8c  GPIOPinIntWakeUpDisable              
80059e2c  GPIOPinIntWakeUpEnable               
800596c8  GPIOPinRead                          
80059678  GPIOPinWrite                         
80059d38  GPIORawIntStatus                     
8005a02c  GPIORevisionInfoGet                  
80059d94  GPIOTriggerPinInt                    
80059e08  GPIOWakeupGlobalDisable              
80059de4  GPIOWakeupGlobalEnable               
8005e0a4  GPIO_3A_ISR                          
8005fd0c  GPIO_Module0ClkConfig                
8005fd74  GPIO_Module1ClkConfig                
8005fddc  GPIO_Module2ClkConfig                
8005fe44  GPIO_Module3ClkConfig                
80059378  GUI_Backlight                        
800593c0  GUI_ClearBacklightTimeout            
800592ac  GUI_ClearTagTimoutFlag               
80059168  GUI_CreateTouchCalibration           
80058910  GUI_DrawHomeScreen                   
8005876c  GUI_DrawInitialScreen                
800587f4  GUI_DrawInitialScreenProgress        
80058f64  GUI_DrawNextScreen                   
800590a0  GUI_DrawPreviousScreen               
80058d54  GUI_DrawTVRemoteScreen               
800592dc  GUI_DrawTime                         
800593d0  GUI_GetBacklightTimeout              
800593f8  GUI_GetCurrentTag                    
800592bc  GUI_GetTagTimoutFlag                 
80058de0  GUI_LoadItemToRAMG                   
800590ec  GUI_LoadTouchCalibration             
800592c8  GUI_ScreenRefresh                    
800593b0  GUI_SetBacklightTimeout              
800593dc  GUI_SetCurrentTag                    
8005929c  GUI_SetTagTimoutFlag                 
80059280  GUI_StartNewScreenTagTimer           
80058ed8  GUI_TouchConfig                      
8005a0cc  GpioPinMuxSetup                      
8004316c  HEADER_CharlieBeach                  
80043178  HEADER_SD_Card_Symbol                
80043184  HEADER_TVRemote                      
80043190  HEADER_USB_Symbol                    
8005bdf8  HSMMCSDBlkLenSet                     
8005babc  HSMMCSDBusFreqSet                    
8005b8e0  HSMMCSDBusPower                      
8005b8a0  HSMMCSDBusVoltSet                    
8005b7e8  HSMMCSDBusWidthSet                   
8005be38  HSMMCSDCommandSend                   
8005bf28  HSMMCSDDataGet                       
8005ba7c  HSMMCSDDataTimeoutSet                
8005bbf8  HSMMCSDInitStreamSend                
8005b960  HSMMCSDIntClock                      
8005bcbc  HSMMCSDIntrEnable                    
8005bd14  HSMMCSDIntrStatusClear               
8005bc90  HSMMCSDIntrStatusDisable             
8005bc64  HSMMCSDIntrStatusEnable              
8005bcf0  HSMMCSDIntrStatusGet                 
8005bf7c  HSMMCSDIsCardInserted                
8005bf9c  HSMMCSDIsCardWriteProtected          
8005bd34  HSMMCSDIsCmdComplete                 
8005ba5c  HSMMCSDIsHSupported                  
8005b9b8  HSMMCSDIsIntClockStable              
8005bd94  HSMMCSDIsXferComplete                
8005b728  HSMMCSDLinesReset                    
8005c0fc  HSMMCSDModuleClkConfig               
8005c0a4  HSMMCSDPinMuxSetup                   
8005becc  HSMMCSDResponseGet                   
8005b6c0  HSMMCSDSoftReset                     
8005ba1c  HSMMCSDSupportedVoltSet              
8005b7a4  HSMMCSDSystemConfig                  
8005abc4  I2C0ModuleClkConfig                  
8005a62c  I2CActiveOwnAddressGet               
8005a83c  I2CAutoIdleDisable                   
8005a818  I2CAutoIdleEnable                    
8005a5a8  I2CBufferStatus                      
8005a8e8  I2CClockActivitySelect               
8005a6b0  I2CClockBlockingControl              
8005aaf0  I2CContextRestore                    
8005aa9c  I2CContextSave                       
8005a578  I2CDMARxEventDisable                 
8005a518  I2CDMARxEventEnable                  
8005a548  I2CDMATxEventDisable                 
8005a4e8  I2CDMATxEventEnable                  
8005a404  I2CDataCountGet                      
8005a49c  I2CFIFOClear                         
8005a41c  I2CFIFOThresholdConfig               
8005a884  I2CGlobalWakeUpDisable               
8005a860  I2CGlobalWakeUpEnable                
8005a8a8  I2CIdleModeSelect                    
8005a1b8  I2CMasterBusBusy                     
8005a1f0  I2CMasterBusy                        
8005a234  I2CMasterControl                     
8005aa7c  I2CMasterDataGet                     
8005aa5c  I2CMasterDataPut                     
8005a194  I2CMasterDisable                     
8005a170  I2CMasterEnable                      
8005a20c  I2CMasterErr                         
8005a0f4  I2CMasterInitExpClk                  
8005a364  I2CMasterIntClearEx                  
8005a2cc  I2CMasterIntDisableEx                
8005a2a0  I2CMasterIntEnableEx                 
8005a328  I2CMasterIntRawStatus                
8005a384  I2CMasterIntRawStatusClearEx         
8005a340  I2CMasterIntRawStatusEx              
8005a2ec  I2CMasterIntStatus                   
8005a304  I2CMasterIntStatusEx                 
8005a3c4  I2CMasterSlaveAddrGet                
8005a3a4  I2CMasterSlaveAddrSet                
8005a258  I2CMasterStart                       
8005a27c  I2CMasterStop                        
8005a77c  I2COwnAddressSet                     
8005a3e4  I2CSetDataCount                      
8005a7f4  I2CSoftReset                         
8005aa40  I2CSystemStatusGet                   
8005a9b4  I2CWakeUpDisable                     
8005a928  I2CWakeUpEnable                      
8006d9a8  I2C_0_Buffers                        
8005e3b0  I2C_0_ISR                            
80061e78  I2C_ClearFailFlag0                   
80061e88  I2C_GetFailFlag0                     
80061c7c  I2C_InterruptConfigure0              
80061ca8  I2C_SendReceiveData0                 
80061e68  I2C_SetFailFlag0                     
80063ea0  IRQHandler                           
800629b4  InitCMD                              
80061998  Init_ADC                             
8005f0d8  Init_Audio                           
80062b8c  Init_EEPROM                          
8005d9e0  Init_FRAM                            
8005fa7c  Init_GPIO                            
80058724  Init_GUI                             
80061c34  Init_I2C                             
80061c40  Init_I2C_Module0                     
8004bc38  Init_LCD                             
80061420  Init_LED                             
800633e8  Init_Modules                         
80062d60  Init_PMIC                            
80063564  Init_Power                           
80060ae0  Init_RTC                             
8005ac28  Init_SD                              
8005ebc8  Init_SPI                             
8005ed84  Init_SPI_Module0                     
8005ebd8  Init_SPI_Module1                     
800625c0  Init_Test                            
80062154  Init_Timer2                          
800621cc  Init_Timer3                          
80062144  Init_Timers                          
8005f5dc  Init_UART                            
800627c4  Init_USB                             
800627c8  Init_USB0                            
80061138  Init_WAV                             
800603e4  IntAINTCInit                         
8006051c  IntActiveIrqNumGet                   
800605b4  IntCurrIrqPriorityGet                
8006070c  IntDisable                           
80060724  IntEnable                            
800605a0  IntFuncClkAutoGateSet                
8006058c  IntFuncClkFreeRunSet                 
80060508  IntIfClkAutoGateSet                  
800604f4  IntIfClkFreeRunSet                   
800606f4  IntMasterFIQDisable                  
800606e8  IntMasterFIQEnable                   
800606dc  IntMasterIRQDisable                  
800606d0  IntMasterIRQEnable                   
80060700  IntMasterStatusGet                   
80060694  IntPendingIrqMaskedStatusGet         
80060454  IntPrioritySet                       
800605c4  IntPriorityThresholdGet              
800605d4  IntPriorityThresholdSet              
80060550  IntProtectionDisable                 
80060540  IntProtectionEnable                  
800605f4  IntRawStatusGet                      
800603a0  IntRegister                          
80060664  IntSoftwareIntClear                  
80060634  IntSoftwareIntSet                    
8006052c  IntSpurIrqFlagGet                    
80060578  IntSyncClkAutoGateSet                
80060564  IntSyncClkFreeRunSet                 
800604c0  IntSystemDisable                     
8006048c  IntSystemEnable                      
800603c4  IntUnRegister                        
80063a20  InternalUSBRegisterTickHandler       
80063a58  InternalUSBStartOfFrameTick          
800639ac  InternalUSBTickInit                  
8004e67c  LCD_ClearInterruptFlag               
8004e68c  LCD_GetInterruptFlag                 
8004c818  LCD_IncrementWriteOffset             
8004bfbc  LCD_Interrupt                        
8004becc  LCD_InterruptConfigure               
8004bf4c  LCD_InteruptDisable                  
8004bf18  LCD_InteruptEnable                   
8004bf80  LCD_Reset                            
8004c894  LCD_SendRAMAddress                   
8004e66c  LCD_SetInterruptFlag                 
8004c910  LCD_WaitCoprocessorDone              
8004c858  LCD_WriteCommandParameters           
8004c794  LCD_cmd                              
8004d8dc  LCD_cmd_append                       
8004ccb8  LCD_cmd_bgcolor                      
8004ca8c  LCD_cmd_button                       
8004e090  LCD_cmd_calibrate                    
8004cc00  LCD_cmd_clock                        
8004dfbc  LCD_cmd_coldstart                    
8004d340  LCD_cmd_dial                         
8004cd5c  LCD_cmd_fgcolor                      
8004ce68  LCD_cmd_gauge                        
8004dc10  LCD_cmd_getmatrix                    
8004dd24  LCD_cmd_getprops                     
8004dccc  LCD_cmd_getptr                       
8004cdf8  LCD_cmd_gradcolor                    
8004cf1c  LCD_cmd_gradient                     
8004d948  LCD_cmd_inflate                      
8004dfcc  LCD_cmd_interrupt                    
8004cfc0  LCD_cmd_keys                         
8004da58  LCD_cmd_loadidentity                 
8004d9ec  LCD_cmd_loadimage                    
8004e628  LCD_cmd_logo                         
8004ddb4  LCD_cmd_mediafifo                    
8004d854  LCD_cmd_memcpy                       
8004d630  LCD_cmd_memcrc                       
8004d71c  LCD_cmd_memset                       
8004d7a0  LCD_cmd_memwrite                     
8004d6b0  LCD_cmd_memzero                      
8004d59c  LCD_cmd_number                       
8004de20  LCD_cmd_playvideo                    
8004d130  LCD_cmd_progress                     
8004e024  LCD_cmd_regread                      
8004e0e8  LCD_cmd_romfont                      
8004db74  LCD_cmd_rotate                       
8004db08  LCD_cmd_scale                        
8004e444  LCD_cmd_screensaver                  
8004d1dc  LCD_cmd_scrollbar                    
8004d544  LCD_cmd_setbase                      
8004e2f0  LCD_cmd_setbitmap                    
8004e154  LCD_cmd_setfont                      
8004e1c0  LCD_cmd_setfont2                     
8004dbcc  LCD_cmd_setmatrix                    
8004e298  LCD_cmd_setrotate                    
8004e240  LCD_cmd_setscratch                   
8004e488  LCD_cmd_sketch                       
8004d294  LCD_cmd_slider                       
8004e52c  LCD_cmd_snapshot                     
8004e584  LCD_cmd_snapshot2                    
8004e37c  LCD_cmd_spinner                      
8004e400  LCD_cmd_stop                         
8004c934  LCD_cmd_text                         
8004d3d4  LCD_cmd_toggle                       
8004df28  LCD_cmd_track                        
8004da9c  LCD_cmd_translate                    
8004debc  LCD_cmd_videoframe                   
8004de78  LCD_cmd_videostart                   
8004c04c  LCD_ft810memRead16                   
8004c0bc  LCD_ft810memRead32                   
8004bff8  LCD_ft810memRead8                    
8004c19c  LCD_ft810memWrite16                  
8004c208  LCD_ft810memWrite32                  
8004c15c  LCD_ft810memWrite8                   
8004c2ac  LCD_ft810memWriteBuffer              
8004c7bc  LCD_host_command                     
8004c47c  LCD_rd16                             
8004c494  LCD_rd32                             
8004c468  LCD_rd8                              
8004c658  LCD_rd_buffer                        
8004c3bc  LCD_wr16                             
8004c3d8  LCD_wr32                             
8004c3a0  LCD_wr8                              
8004c3f4  LCD_wr8s                             
8004c4a8  LCD_wr_buffer                        
80061424  LED_Show                             
80071e28  LastWritePointerAddress              
8006cfa0  MISC_Buffer                          
8005c694  MISC_CRC_CRC16                       
8005c8b8  MISC_Calculate_CRC16                 
80057904  MMCSDAppCmdSend                      
80057984  MMCSDBusWidthSet                     
80057d00  MMCSDCardInit                        
80057cc8  MMCSDCardPresent                     
80057bc0  MMCSDCardReset                       
80057c68  MMCSDCardTypeCheck                   
800578e0  MMCSDCmdSend                         
8005c030  MMCSDContextRestore                  
8005bfbc  MMCSDContextSave                     
80057cac  MMCSDCtrlInit                        
80057ce4  MMCSDIntEnable                       
8005857c  MMCSDReadCmdSend                     
80057c0c  MMCSDStopCmdSend                     
80057a54  MMCSDTranSpeedSet                    
8005841c  MMCSDWriteCmdSend                    
80063830  MMUEnable                            
800636dc  MMUInit                              
8006373c  MMUMemRegionMap                      
8006452c  MMU_ConfigAndEnable                  
8005c3b0  MSC_BCDtoHEX                         
8005c150  MSC_BufferCopy                       
8005c290  MSC_DelayNOP                         
8005c204  MSC_DelayUS                          
8005c4d4  MSC_EndianLong                       
8005c540  MSC_EndianLongArray                  
8005c454  MSC_EndianShort                      
8005c490  MSC_EndianShortArray                 
8005c2fc  MSC_HEXtoBCD                         
8005c1c8  MSC_LowercaseChar                    
8005c5d0  MSC_ReverseByte                      
8005c2c8  MSC_Round                            
8005775c  McSPI0ModuleClkConfig                
80057600  McSPI1ModuleClkConfig                
80056d80  McSPICSAssert                        
80056db8  McSPICSDeAssert                      
80056c88  McSPICSDisable                       
80056c64  McSPICSEnable                        
80056cac  McSPICSPolarityConfig                
80056d14  McSPICSTimeControlSet                
80057090  McSPIChannelDisable                  
80057058  McSPIChannelEnable                   
8005754c  McSPIChannelStatusGet                
80056a1c  McSPIClkConfig                       
800573c0  McSPIDMADisable                      
8005737c  McSPIDMAEnable                       
800575bc  McSPIFIFODatManagementConfig         
8005723c  McSPIFIFOTrigLvlSet                  
8005745c  McSPIInitDelayConfig                 
80057430  McSPIIntDisable                      
80057404  McSPIIntEnable                       
80057518  McSPIIntStatusClear                  
80057500  McSPIIntStatusGet                    
80056eec  McSPIMasterModeConfig                
80056ec8  McSPIMasterModeEnable                
80057578  McSPIMultipleWordAccessConfig        
800574d4  McSPIReceiveData                     
800570c8  McSPIReset                           
800571d4  McSPIRxFIFOConfig                    
80056e90  McSPIStartBitDisable                 
80056df0  McSPIStartBitEnable                  
80056e28  McSPIStartBitPolarityConfig          
800574a0  McSPITransmitData                    
80057134  McSPITurboModeDisable                
800570fc  McSPITurboModeEnable                 
8005716c  McSPITxFIFOConfig                    
8005733c  McSPIWordCountSet                    
80056bfc  McSPIWordLengthSet                   
80071d5b  NumCommand                           
80062e80  PMIC_ReadRegister                    
80062ed0  PMIC_WriteRegister                   
80063570  PWR_ReadVoltages                     
8006da01  PreviousPreviousScreen               
8006da02  PreviousScreen                       
80071dda  RAM_CMD_Offset                       
80055268  RTC32KClkClockControl                
80055204  RTC32KClkSourceSelect                
800555a8  RTCAlarm2CalendarSet                 
8005551c  RTCAlarm2IntStatusClear              
80055500  RTCAlarm2IntStatusGet                
80055540  RTCAlarm2TimeSet                     
80054f50  RTCAlarmCalendarGet                  
80054ef0  RTCAlarmCalendarSet                  
80054e34  RTCAlarmDayOfMonthGet                
80054e00  RTCAlarmDayOfMonthSet                
80054c60  RTCAlarmHourGet                      
80054cbc  RTCAlarmHourMeridiemGet              
80054c7c  RTCAlarmHourMeridiemSet              
80054c2c  RTCAlarmHourSet                      
800542c4  RTCAlarmIntStatusClear               
800542a8  RTCAlarmIntStatusGet                 
80054c10  RTCAlarmMinuteGet                    
80054bdc  RTCAlarmMinuteSet                    
80054e84  RTCAlarmMonthGet                     
80054e50  RTCAlarmMonthSet                     
80054bc0  RTCAlarmSecondGet                    
80054b8c  RTCAlarmSecondSet                    
80054d40  RTCAlarmTimeGet                      
80054cd8  RTCAlarmTimeSet                      
80054ed4  RTCAlarmYearGet                      
80054ea0  RTCAlarmYearSet                      
800543e0  RTCAutoCompDisable                   
8005439c  RTCAutoCompEnable                    
80054270  RTCBusyStatusGet                     
80054b14  RTCCalendarGet                       
80054aa4  RTCCalendarSet                       
80054ff4  RTCCompensationGet                   
80054fb0  RTCCompensationSet                   
800553d8  RTCConfigPmicExtWake                 
80055430  RTCConfigPmicExtWakeDebounce         
80055378  RTCConfigPmicExtWakePolarity         
80055334  RTCConfigPmicPowerEnable             
8005484c  RTCDayOfMonthGet                     
80054818  RTCDayOfMonthSet                     
8005493c  RTCDayOfTheWeekGet                   
80054908  RTCDayOfTheWeekSet                   
800545bc  RTCDisable                           
80054600  RTCEnable                            
80054668  RTCEnableStatus                      
800542e8  RTCEventUpdateGet                    
800552f0  RTCFeedbackResistanceSelect          
800547a0  RTCHourGet                           
800544b8  RTCHourModeGet                       
80054434  RTCHourModeSet                       
8005476c  RTCHourSet                           
800550ec  RTCIdleModeConfigure                 
800554cc  RTCIntAlarm2Enable                   
800541b4  RTCIntAlarmDisable                   
80054180  RTCIntAlarmEnable                    
8005423c  RTCIntTimerDisable                   
800541e8  RTCIntTimerEnable                    
800547fc  RTCMeridiemGet                       
800547bc  RTCMeridiemSet                       
80054348  RTCMinRoundingDisable                
80054304  RTCMinRoundingEnable                 
80054750  RTCMinuteGet                         
8005471c  RTCMinuteSet                         
8005489c  RTCMonthGet                          
80054868  RTCMonthSet                          
800552ac  RTCOscillatorStateControl            
80055490  RTCPmicExtWakeStatusClear            
800550d4  RTCRevisionIDGet                     
80054088  RTCRun                               
8005428c  RTCRunStatusGet                      
80055078  RTCScratchPadGet                     
80055038  RTCScratchPadSet                     
80054700  RTCSecondGet                         
800546cc  RTCSecondSet                         
80054540  RTCSet32CounterDisable               
800544d4  RTCSet32CounterEnable                
800550b0  RTCSoftwareReset                     
800546a8  RTCSplitPwrDisable                   
80054684  RTCSplitPwrEnable                    
800540cc  RTCStop                              
800551c0  RTCTestModeControl                   
800549f4  RTCTimeGet                           
80054958  RTCTimeSet                           
80055138  RTCWakeUpAlarmEventControl           
8005517c  RTCWakeUpTimerEventControl           
80054158  RTCWriteProtectDisable               
80054130  RTCWriteProtectEnable                
800548ec  RTCYearGet                           
800548b8  RTCYearSet                           
80060b8c  RTC_ClearFlag                        
80060b9c  RTC_GetFlag                          
80060c8c  RTC_GetTimeDate                      
8005e39c  RTC_ISR                              
80060b50  RTC_InterruptConfigure               
80060d68  RTC_ModuleClkConfig                  
80060b7c  RTC_SetFlag                          
80060ba8  RTC_SetTimeDate                      
80055608  RtcVersionGet                        
800586dc  SD_CMD                               
8005b064  SD_CardInit                          
8005af90  SD_ClearCardActionFlag               
8005afe4  SD_ClearInitialized                  
8005ae64  SD_DiskIOCTL                         
8005ad60  SD_DiskInitialize                    
8005ad84  SD_DiskRead                          
8005ad70  SD_DiskStatus                        
8005adf4  SD_DiskWrite                         
8005afa0  SD_GetCardActionFlag                 
8005afc8  SD_GetCardStatus                     
8005ae80  SD_GetFatTime                        
8005ac48  SD_HSMMCSDControllerSetup            
8005af14  SD_HSMMCSDFsMount                    
8005ad38  SD_IsCardInserted                    
8005aff4  SD_IsInitialized                     
8005ad5c  SD_ReInitialize                      
8005b608  SD_SendAppCommand                    
8005b3f4  SD_SendCommand                       
8005af80  SD_SetCardActionFlag                 
8005afac  SD_SetCardStatus                     
8005afd4  SD_SetInitialized                    
8005ac4c  SD_SetUpController                   
UNDEFED   SHT$$INIT_ARRAY$$Base                
UNDEFED   SHT$$INIT_ARRAY$$Limit               
8005e5a4  SPI_1_ISR                            
8005ee94  SPI_INTCConfigure1                   
8005ef78  SPI_ReadWriteByte0                   
8005efd4  SPI_ReadWriteByte1                   
8005eec0  SPI_WriteByte0                       
8005ef1c  SPI_WriteByte1                       
8005f030  SPI_WriteByteNoRx0                   
8005f064  SPI_WriteByteNoRx1                   
80063e78  SVC_Handler                          
800716c4  Screens                              
80062610  TEST_Setpoint1                       
8006264c  TEST_Setpoint2                       
80062688  TEST_Setpoint3                       
800626c4  TEST_Togglepoint1                    
80062714  TEST_Togglepoint2                    
80062764  TEST_Togglepoint3                    
8005e280  TMR_2_ISR                            
8005e364  TMR_3_ISR                            
80071e34  TMR_AudioPlaybackTimer               
80071e38  TMR_BacklightTimer                   
80062238  TMR_CalculateReload                  
80062360  TMR_ClearMISCTimerFlag               
80062370  TMR_GetMISCTimerFlag                 
800622dc  TMR_GetNewScreenTagTimerEnabled      
80062284  TMR_InterruptConfigure2              
800622b0  TMR_InterruptConfigure3              
80071e30  TMR_NewScreenTagTimer                
80062330  TMR_ResetAudioPlaybackTimer          
80062340  TMR_ResetBacklightTimer              
80062320  TMR_ResetNewScreenTagTimer           
80062350  TMR_SetMISCTimerFlag                 
800622e8  TMR_SetNewScreenTagTimerEnabled      
8005597c  TSCADCBiasConfig                     
800560c0  TSCADCChargeStepAnalogGroundConfig   
80056020  TSCADCChargeStepAnalogSupplyConfig   
80055f54  TSCADCChargeStepConfig               
80055f08  TSCADCChargeStepOperationModeControl 
80055820  TSCADCConfigHWEventPrempt            
80055b74  TSCADCConfigureAFEClock              
80055bc4  TSCADCConfigureMisc                  
80055c34  TSCADCConfigureStepEnable            
800557c8  TSCADCDMAFIFODisable                 
80055798  TSCADCDMAFIFOEnable                  
80055758  TSCADCEventInterruptDisable          
8005572c  TSCADCEventInterruptEnable           
80056724  TSCADCFIFOADCDataRead                
800566f8  TSCADCFIFOChannelIDRead              
800567b0  TSCADCFIFODMAThresholdLevelConfig    
80056778  TSCADCFIFOIRQThresholdLevelConfig    
8005674c  TSCADCFIFOWordCountRead              
80055610  TSCADCGetRevision                    
80055860  TSCADCHWEventMapSet                  
80055628  TSCADCIdleModeSet                    
80055e3c  TSCADCIdleStepAnalogGroundConfig     
80055d9c  TSCADCIdleStepAnalogSupplyConfig     
80055cd0  TSCADCIdleStepConfig                 
80055c84  TSCADCIdleStepOperationModeControl   
80055714  TSCADCIntStatus                      
800556d0  TSCADCIntStatusClear                 
800556f0  TSCADCIntStatusRead                  
800557f8  TSCADCIsDMAFIFOEnabled               
800567e8  TSCADCModuleClkConfig                
80055a44  TSCADCModuleStateSet                 
80055b04  TSCADCOutputRangeConfig              
800556b8  TSCADCRawIntStatus                   
80055694  TSCADCRawIntStatusRead               
80055668  TSCADCRawIntStatusSet                
80055ae8  TSCADCSequencerCurrentStepID         
80055ac8  TSCADCSequencerFSMBusyStatus         
80055a84  TSCADCSequencerPenIrqStatusRead      
80055920  TSCADCSetADCPowerDown                
80055958  TSCADCSetADCPowerUp                  
800559e0  TSCADCStepConfigProtectionDisable    
800559bc  TSCADCStepConfigProtectionEnable     
80055a04  TSCADCStepIDTagConfig                
8005618c  TSCADCTSChargeStepOpenDelayConfig    
800558e0  TSCADCTSModeConfig                   
800563e8  TSCADCTSStepAnalogGroundConfig       
80056318  TSCADCTSStepAnalogSupplyConfig       
800565a8  TSCADCTSStepAverageConfig            
8005620c  TSCADCTSStepConfig                   
80056554  TSCADCTSStepFIFOSelConfig            
800565fc  TSCADCTSStepModeConfig               
800566a4  TSCADCTSStepOpenDelayConfig          
800561ac  TSCADCTSStepOperationModeControl     
80056524  TSCADCTSStepOutOfRangeCheckDisable   
800564f4  TSCADCTSStepOutOfRangeCheckEnable    
80056650  TSCADCTSStepSampleDelayConfig        
800558a0  TSCADCTSTransistorConfig             
80055778  TSCADCWakeUpPenEventConfig           
80051f48  UARTAutoIdleModeControl              
80051cf4  UARTAutoRTSAutoCTSControl            
80052430  UARTAutobaudParityGet                
800524c8  UARTAutobaudSpeedGet                 
8005247c  UARTAutobaudWordLenGet               
80050c90  UARTBreakCtl                         
800519d0  UARTCharGet                          
80051978  UARTCharGetNonBlocking               
80051a28  UARTCharGetTimeout                   
80051ab8  UARTCharPut                          
8005190c  UARTCharPutNonBlocking               
800518b8  UARTCharsAvail                       
800523a0  UARTDMACounterResetControl           
800511cc  UARTDMADisable                       
80051170  UARTDMAEnable                        
800522b8  UARTDSRInterruptControl              
80050bd4  UARTDivisorLatchDisable              
80050bb0  UARTDivisorLatchEnable               
80050a2c  UARTDivisorLatchWrite                
80050968  UARTDivisorValCompute                
800512f0  UARTEnhanFuncBitValRestore           
80051290  UARTEnhanFuncEnable                  
80051b2c  UARTFIFOCharGet                      
80051b0c  UARTFIFOCharPut                      
80050dac  UARTFIFOConfig                       
80051ca0  UARTFIFOEnableStatusGet              
80051204  UARTFIFORegisterWrite                
80052254  UARTFIFOTrigLvlGranControl           
80051b48  UARTFIFOWrite                        
80051f8c  UARTFlowCtrlTrigLvlConfig            
80051ec0  UARTIdleModeConfigure                
8005179c  UARTIntDisable                       
800516b8  UARTIntEnable                        
80051c00  UARTIntIdentityGet                   
80051c4c  UARTIntPendingStatusGet              
80050cd4  UARTLineCharacConfig                 
80052100  UARTLoopbackModeControl              
80052174  UARTModemControlClear                
80052144  UARTModemControlSet                  
800521c0  UARTModemStatusChangeCheck           
800521a4  UARTModemStatusGet                   
80051e8c  UARTModuleReset                      
80052574  UARTModuleVersionNumberGet           
80050908  UARTOperatingModeSelect              
80050d90  UARTParityModeGet                    
80050d4c  UARTParityModeSet                    
80051e48  UARTPulseShapingControl              
80052384  UARTRXCTSDSRTransitionStatusGet      
80052340  UARTRXCTSDSRWakeUpConfigure          
80050c70  UARTRegConfModeRestore               
80050bf8  UARTRegConfigModeEnable              
800521dc  UARTResumeOperation                  
80051bb4  UARTRxErrorGet                       
80052418  UARTRxFIFOLevelGet                   
80052558  UARTScratchPadRegRead                
80052514  UARTScratchPadRegWrite               
80051de4  UARTSoftwareFlowCtrlOptSet           
80051864  UARTSpaceAvail                       
80051d80  UARTSpecialCharDetectControl         
80051354  UARTSubConfigMSRSPRModeEn            
8005142c  UARTSubConfigTCRTLRModeEn            
80051504  UARTSubConfigXOFFModeEn              
800515dc  UARTTCRTLRBitValRestore              
80052590  UARTTxDMAThresholdControl            
800525d4  UARTTxDMAThresholdValConfig          
800522fc  UARTTxEmptyIntControl                
800523e4  UARTTxFIFOFullStatusGet              
80052400  UARTTxFIFOLevelGet                   
80051f04  UARTWakeUpControl                    
80052224  UARTWakeUpEventsDisable              
800521f4  UARTWakeUpEventsEnable               
80051fdc  UARTXON1XOFF1ValProgram              
8005200c  UARTXON2XOFF2ValProgram              
8005203c  UARTXONAnyFeatureControl             
8005e0e0  UART_0_ISR                           
8005f824  UART_AddToRXBuffer                   
8005f954  UART_AddToTXBuffer                   
8005f730  UART_BaudRateSet                     
8005f7ac  UART_Configure                       
8005f70c  UART_FIFOConfigure                   
8005fa00  UART_GetTXInterruptStatus            
8005f7f8  UART_InterruptConfigure0             
8005f768  UART_LineCharacSet                   
8005f62c  UART_Module0ClkConfig                
8005f688  UART_PrintBuffer                     
8005f674  UART_PrintChar                       
8005f6d4  UART_PrintString                     
8006c000  UART_RX_buffer                       
80071e48  UART_RX_place                        
80071e4c  UART_TX_add                          
8006c7d0  UART_TX_buffer                       
80071e50  UART_TX_remove                       
8004b990  USB0ModuleClkConfig                  
8004ba00  USBClearInt                          
8004b974  USBClearOtgIntr                      
8005e900  USBDCDConfigDescGet                  
8005e874  USBDCDConfigDescGetNum               
8005e80c  USBDCDConfigDescGetSize              
8005ea9c  USBDCDConfigGetInterface             
8005eaf4  USBDCDConfigGetInterfaceEndpoint     
8005ea00  USBDCDConfigGetNumAlternateInterfaces
8004e6a0  USBDCDInit                           
8004ebec  USBDCDPowerStatusSet                 
8004ec54  USBDCDRemoteWakeupRequest            
8004eaa0  USBDCDRequestDataEP0                 
8004eb18  USBDCDSendDataEP0                    
8004eb7c  USBDCDSetDefaultConfiguration        
8004eba8  USBDCDStallEP0                       
8004e984  USBDCDTerm                           
80048b7c  USBDMSCCompositeInit                 
80048b48  USBDMSCInit                          
80048524  USBDMSCMediaChange                   
80064078  USBDMSCStorageClose                  
8006410c  USBDMSCStorageNumBlocks              
80064058  USBDMSCStorageOpen                   
80064094  USBDMSCStorageRead                   
800640d0  USBDMSCStorageWrite                  
80048e8c  USBDMSCTerm                          
80049b28  USBDSCSICommand                      
8006082c  USBDescGet                           
80060a50  USBDescGetInterface                  
80060a9c  USBDescGetInterfaceEndpoint          
80060780  USBDescGetNum                        
800608f4  USBDescGetNumAlternateInterfaces     
8004a758  USBDevAddrGet                        
8004a738  USBDevAddrSet                        
8004a6f0  USBDevConnect                        
8004a714  USBDevDisconnect                     
8004ab58  USBDevEndpointConfigGet              
8004a9d8  USBDevEndpointConfigSet              
8004b0c0  USBDevEndpointDataAck                
8004a590  USBDevEndpointStall                  
8004a620  USBDevEndpointStallClear             
8004a328  USBDevEndpointStatusClear            
8005cbf4  USBDeviceConfig                      
8005d094  USBDeviceConfigAlternate             
8004ef14  USBDeviceEnumHandler                 
8004f18c  USBDeviceEnumResetHandler            
8005064c  USBDeviceIntHandlerInternal          
8004ecf0  USBDeviceResumeTickHandler           
8004ba44  USBDmaTxChDisable                    
8004ba9c  USBDmaTxChTeardown                   
8004b9d8  USBEnableInt                         
8004b8f8  USBEnableOtgIntr                     
8004b890  USBEndpointDMAChannel                
8004aee0  USBEndpointDMADisable                
8004ae78  USBEndpointDMAEnable                 
8004af48  USBEndpointDataAvail                 
8004afb4  USBEndpointDataGet                   
8004b188  USBEndpointDataPut                   
8004b238  USBEndpointDataSend                  
8004a528  USBEndpointDataToggleClear           
8004a24c  USBEndpointStatus                    
8004b850  USBFIFOAddrGet                       
8004adc0  USBFIFOConfigGet                     
8004ad08  USBFIFOConfigSet                     
8004b2b0  USBFIFOFlush                         
8004b7ec  USBFrameNumberGet                    
8004b62c  USBHostAddrGet                       
8004b5d8  USBHostAddrSet                       
8004b468  USBHostAutoReqClear                  
8004b414  USBHostAutoReqSet                    
8004a770  USBHostEndpointConfig                
8004b12c  USBHostEndpointDataAck               
8004a40c  USBHostEndpointDataToggle            
8004a29c  USBHostEndpointStatusClear           
8004b6c8  USBHostHubAddrGet                    
8004b674  USBHostHubAddrSet                    
8004b710  USBHostPwrConfig                     
8004b7c8  USBHostPwrDisable                    
8004b7a4  USBHostPwrEnable                     
8004b780  USBHostPwrFaultDisable               
8004b75c  USBHostPwrFaultEnable                
8004b374  USBHostRequestIN                     
8004b3c0  USBHostRequestINClear                
8004b5bc  USBHostRequestStatus                 
80049ed4  USBHostReset                         
80049f2c  USBHostResume                        
80049f88  USBHostSpeedGet                      
80049eac  USBHostSuspend                       
8004bb34  USBHostTxFifoFlush                   
80049fe4  USBIntDisableControl                 
8004a13c  USBIntDisableEndpoint                
8004a050  USBIntEnableControl                  
8004a198  USBIntEnableEndpoint                 
8004a218  USBIntRegister                       
8004a0b8  USBIntStatusControl                  
8004a1e4  USBIntStatusEndpoint                 
8004a23c  USBIntUnregister                     
8004b874  USBModeGet                           
8004ba24  USBModuleClkDisable                  
8004ba10  USBModuleClkEnable                   
8004b804  USBOTGSessionRequest                 
8004b930  USBReset                             
8004b4bc  USBRxChAbort                         
8004b988  USBVersionGet                        
8005e5a8  USB_0_ISR                            
80062980  USB_ClearUSBMSCFlag0                 
80062954  USB_ClearUSBStatusFlag0              
80062870  USB_DMSCEventCallback0               
80062900  USB_GetMSCState0                     
80062990  USB_GetUSBMSCFlag0                   
80062938  USB_GetUSBStatus0                    
80062964  USB_GetUSBStatusFlag0                
800627f4  USB_InterruptConfigure0              
80062844  USB_InterruptEnable0                 
800628e4  USB_SetMSCState0                     
80062970  USB_SetUSBMSCFlag0                   
8006290c  USB_SetUSBStatus0                    
80062944  USB_SetUSBStatusFlag0                
80063f50  UndefInstHandler                     
80064364  UsbPhyOff                            
800642fc  UsbPhyOn                             
8006d880  Voltage                              
80061190  WAV_CalculateHeader                  
80071cf8  WAV_Files                            
8006da08  WAV_PostComplete                     
80064c04  _Dclass                              
80071c78  _Denorm                              
8006384c  _Dnorm                               
80062f30  _Dscale                              
800643c4  _Dunscale                            
80071c88  _Eps                                 
80071e78  _Errno                               
80071e68  _Fenv                                
80064b40  _Feraise                             
80071c98  _Hugeval                             
80071ca8  _Inf                                 
80071cb8  _Nan                                 
80071cd8  _Rteps                               
80071cc8  _Snan                                
80071e6c  _Tls_setup__Fenv                     
80071ce8  _Xbig                                
80071cf0  _Zero                                
87fffff8  __STACK_END                          
00000008  __STACK_SIZE                         
UNDEFED   __TI_CINIT_Base                      
UNDEFED   __TI_CINIT_Limit                     
UNDEFED   __TI_Handler_Table_Base              
UNDEFED   __TI_Handler_Table_Limit             
8006467c  __TI_auto_init                       
80053b8c  __TI_printfi                         
40300000  __TI_static_base__                   
8006413c  __aeabi_cdcmpeq                      
8006413c  __aeabi_cdcmple                      
8006421c  __aeabi_cdrcmple                     
800649e4  __aeabi_d2iz                         
80064a40  __aeabi_d2uiz                        
800623b8  __aeabi_dadd                         
800630d8  __aeabi_ddiv                         
80063c20  __aeabi_dmul                         
800623ac  __aeabi_dsub                         
80064bc8  __aeabi_i2d                          
80063d48  __aeabi_idiv                         
80064d64  __aeabi_idiv0                        
80063d48  __aeabi_idivmod                      
80064d18  __aeabi_llsr                         
8006447c  __aeabi_memclr                       
8006447c  __aeabi_memclr4                      
8006447c  __aeabi_memclr8                      
80063268  __aeabi_memcpy                       
80063268  __aeabi_memcpy4                      
80063268  __aeabi_memcpy8                      
80064480  __aeabi_memset                       
80064480  __aeabi_memset4                      
80064480  __aeabi_memset8                      
80064c3c  __aeabi_ui2d                         
80063f68  __aeabi_uidiv                        
80063f68  __aeabi_uidivmod                     
800616e0  __aeabi_uldivmod                     
ffffffff  __binit__                            
ffffffff  __c_args__                           
87fffff0  __stack                              
80042a82  _ctypes_                             
80071e60  _lock                                
80064d0c  _nop                                 
80064d00  _register_lock                       
80064cf4  _register_unlock                     
80071e64  _unlock                              
80064720  atoi                                 
ffffffff  binit                                
8006da03  bss_end                              
80068000  bss_start                            
800647a4  copy_in                              
8006d9ec  dummy                                
80047338  f_close                              
800478d8  f_closedir                           
80047a7c  f_getfree                            
80047398  f_lseek                              
8004801c  f_mkdir                              
80046564  f_mount                              
80046630  f_open                               
800477a0  f_opendir                            
80046940  f_read                               
80047910  f_readdir                            
80048308  f_rename                             
800479e0  f_stat                               
800471ec  f_sync                               
80047cb8  f_truncate                           
80047e8c  f_unlink                             
80046d40  f_write                              
8006d980  fat_devices                          
80064a9c  feraiseexcept                        
80061ec4  ff_convert                           
80061f88  ff_wtoupper                          
8006d588  fnRAMVectors                         
80064c70  frexp                                
80071dc2  gDMAflag                             
40300b00  g_USBInstance                        
80071e54  g_bUSBTimerInitialized               
80071dac  g_bytesRead                          
80071db0  g_bytesWritten                       
80043050  g_pConfigString                      
800430a9  g_pDataInterfaceString               
80043134  g_pLangDescriptor                    
80043114  g_pMSCConfigDescriptors              
80043092  g_pMSCInterface                      
80042fe8  g_pManufacturerString                
800430d1  g_pProductString                     
80043138  g_pSerialNumberString                
8004311c  g_pStringDescriptors                 
8006d9c4  g_pfTickHandlers                     
80071dd0  g_psMSCSections                      
8006d788  g_psUSBDevice                        
8006d900  g_pucCommand                         
8006d9d0  g_pvTickInstance                     
8006d9f0  g_sDriveInformation                  
8004310c  g_sMSCConfigHeader                   
800430fc  g_sMSCConfigSection                  
40300a80  g_sMSCDevice                         
80071d5c  g_sMSCDeviceInfo                     
40300000  g_sMSCInstance                       
80043104  g_sMSCInterfaceSection               
80042e8c  g_sUSBDefaultFIFOConfig              
80071e58  g_ulCurrentUSBTick                   
80071e5c  g_ulUSBSOFCount                      
8005a088  gpioContextRestore                   
8005a044  gpioContextSave                      
80071da8  intStatus                            
800648a8  ldexp                                
80064828  ltoa                                 
80060e1c  main                                 
80064ca0  memccpy                              
80063268  memcpy                               
8006448c  memset                               
8006d9f4  p_CurrentScreen                      
8006d9f8  p_CurrentWAVFile                     
8006d9fc  p_PreviousScreen                     
80064af4  raise                                
8006d830  sdCard                               
80064920  signal                               
800645d4  sprintf                              
80064bb0  start_boot                           
80064ccc  strchr                               
80064d3c  strlen                               


GLOBAL SYMBOLS: SORTED BY Symbol Address 

address   name                                 
-------   ----                                 
00000008  __STACK_SIZE                         
40300000  __TI_static_base__                   
40300000  g_sMSCInstance                       
40300a80  g_sMSCDevice                         
40300b00  g_USBInstance                        
80000000  Entry                                
800000d0  BITMAP_CharlieBeach                  
8003fcd0  BITMAP_TVRemote                      
80042a82  _ctypes_                             
80042c84  BITMAP_SD_Card_Symbol                
80042e8c  g_sUSBDefaultFIFOConfig              
80042f04  BITMAP_USB_Symbol                    
80042fe8  g_pManufacturerString                
80043050  g_pConfigString                      
80043092  g_pMSCInterface                      
800430a9  g_pDataInterfaceString               
800430d1  g_pProductString                     
800430fc  g_sMSCConfigSection                  
80043104  g_sMSCInterfaceSection               
8004310c  g_sMSCConfigHeader                   
80043114  g_pMSCConfigDescriptors              
8004311c  g_pStringDescriptors                 
80043134  g_pLangDescriptor                    
80043138  g_pSerialNumberString                
8004314c  Commands                             
8004316c  HEADER_CharlieBeach                  
80043178  HEADER_SD_Card_Symbol                
80043184  HEADER_TVRemote                      
80043190  HEADER_USB_Symbol                    
80046564  f_mount                              
80046630  f_open                               
80046940  f_read                               
80046d40  f_write                              
800471ec  f_sync                               
80047338  f_close                              
80047398  f_lseek                              
800477a0  f_opendir                            
800478d8  f_closedir                           
80047910  f_readdir                            
800479e0  f_stat                               
80047a7c  f_getfree                            
80047cb8  f_truncate                           
80047e8c  f_unlink                             
8004801c  f_mkdir                              
80048308  f_rename                             
80048524  USBDMSCMediaChange                   
80048b48  USBDMSCInit                          
80048b7c  USBDMSCCompositeInit                 
80048e8c  USBDMSCTerm                          
80049b28  USBDSCSICommand                      
80049eac  USBHostSuspend                       
80049ed4  USBHostReset                         
80049f2c  USBHostResume                        
80049f88  USBHostSpeedGet                      
80049fe4  USBIntDisableControl                 
8004a050  USBIntEnableControl                  
8004a0b8  USBIntStatusControl                  
8004a13c  USBIntDisableEndpoint                
8004a198  USBIntEnableEndpoint                 
8004a1e4  USBIntStatusEndpoint                 
8004a218  USBIntRegister                       
8004a23c  USBIntUnregister                     
8004a24c  USBEndpointStatus                    
8004a29c  USBHostEndpointStatusClear           
8004a328  USBDevEndpointStatusClear            
8004a40c  USBHostEndpointDataToggle            
8004a528  USBEndpointDataToggleClear           
8004a590  USBDevEndpointStall                  
8004a620  USBDevEndpointStallClear             
8004a6f0  USBDevConnect                        
8004a714  USBDevDisconnect                     
8004a738  USBDevAddrSet                        
8004a758  USBDevAddrGet                        
8004a770  USBHostEndpointConfig                
8004a9d8  USBDevEndpointConfigSet              
8004ab58  USBDevEndpointConfigGet              
8004ad08  USBFIFOConfigSet                     
8004adc0  USBFIFOConfigGet                     
8004ae78  USBEndpointDMAEnable                 
8004aee0  USBEndpointDMADisable                
8004af48  USBEndpointDataAvail                 
8004afb4  USBEndpointDataGet                   
8004b0c0  USBDevEndpointDataAck                
8004b12c  USBHostEndpointDataAck               
8004b188  USBEndpointDataPut                   
8004b238  USBEndpointDataSend                  
8004b2b0  USBFIFOFlush                         
8004b374  USBHostRequestIN                     
8004b3c0  USBHostRequestINClear                
8004b414  USBHostAutoReqSet                    
8004b468  USBHostAutoReqClear                  
8004b4bc  USBRxChAbort                         
8004b5bc  USBHostRequestStatus                 
8004b5d8  USBHostAddrSet                       
8004b62c  USBHostAddrGet                       
8004b674  USBHostHubAddrSet                    
8004b6c8  USBHostHubAddrGet                    
8004b710  USBHostPwrConfig                     
8004b75c  USBHostPwrFaultEnable                
8004b780  USBHostPwrFaultDisable               
8004b7a4  USBHostPwrEnable                     
8004b7c8  USBHostPwrDisable                    
8004b7ec  USBFrameNumberGet                    
8004b804  USBOTGSessionRequest                 
8004b850  USBFIFOAddrGet                       
8004b874  USBModeGet                           
8004b890  USBEndpointDMAChannel                
8004b8f8  USBEnableOtgIntr                     
8004b930  USBReset                             
8004b974  USBClearOtgIntr                      
8004b988  USBVersionGet                        
8004b990  USB0ModuleClkConfig                  
8004b9d8  USBEnableInt                         
8004ba00  USBClearInt                          
8004ba10  USBModuleClkEnable                   
8004ba24  USBModuleClkDisable                  
8004ba44  USBDmaTxChDisable                    
8004ba9c  USBDmaTxChTeardown                   
8004bb34  USBHostTxFifoFlush                   
8004bc38  Init_LCD                             
8004becc  LCD_InterruptConfigure               
8004bf18  LCD_InteruptEnable                   
8004bf4c  LCD_InteruptDisable                  
8004bf80  LCD_Reset                            
8004bfbc  LCD_Interrupt                        
8004bff8  LCD_ft810memRead8                    
8004c04c  LCD_ft810memRead16                   
8004c0bc  LCD_ft810memRead32                   
8004c15c  LCD_ft810memWrite8                   
8004c19c  LCD_ft810memWrite16                  
8004c208  LCD_ft810memWrite32                  
8004c2ac  LCD_ft810memWriteBuffer              
8004c3a0  LCD_wr8                              
8004c3bc  LCD_wr16                             
8004c3d8  LCD_wr32                             
8004c3f4  LCD_wr8s                             
8004c468  LCD_rd8                              
8004c47c  LCD_rd16                             
8004c494  LCD_rd32                             
8004c4a8  LCD_wr_buffer                        
8004c658  LCD_rd_buffer                        
8004c794  LCD_cmd                              
8004c7bc  LCD_host_command                     
8004c818  LCD_IncrementWriteOffset             
8004c858  LCD_WriteCommandParameters           
8004c894  LCD_SendRAMAddress                   
8004c910  LCD_WaitCoprocessorDone              
8004c934  LCD_cmd_text                         
8004ca8c  LCD_cmd_button                       
8004cc00  LCD_cmd_clock                        
8004ccb8  LCD_cmd_bgcolor                      
8004cd5c  LCD_cmd_fgcolor                      
8004cdf8  LCD_cmd_gradcolor                    
8004ce68  LCD_cmd_gauge                        
8004cf1c  LCD_cmd_gradient                     
8004cfc0  LCD_cmd_keys                         
8004d130  LCD_cmd_progress                     
8004d1dc  LCD_cmd_scrollbar                    
8004d294  LCD_cmd_slider                       
8004d340  LCD_cmd_dial                         
8004d3d4  LCD_cmd_toggle                       
8004d544  LCD_cmd_setbase                      
8004d59c  LCD_cmd_number                       
8004d630  LCD_cmd_memcrc                       
8004d6b0  LCD_cmd_memzero                      
8004d71c  LCD_cmd_memset                       
8004d7a0  LCD_cmd_memwrite                     
8004d854  LCD_cmd_memcpy                       
8004d8dc  LCD_cmd_append                       
8004d948  LCD_cmd_inflate                      
8004d9ec  LCD_cmd_loadimage                    
8004da58  LCD_cmd_loadidentity                 
8004da9c  LCD_cmd_translate                    
8004db08  LCD_cmd_scale                        
8004db74  LCD_cmd_rotate                       
8004dbcc  LCD_cmd_setmatrix                    
8004dc10  LCD_cmd_getmatrix                    
8004dccc  LCD_cmd_getptr                       
8004dd24  LCD_cmd_getprops                     
8004ddb4  LCD_cmd_mediafifo                    
8004de20  LCD_cmd_playvideo                    
8004de78  LCD_cmd_videostart                   
8004debc  LCD_cmd_videoframe                   
8004df28  LCD_cmd_track                        
8004dfbc  LCD_cmd_coldstart                    
8004dfcc  LCD_cmd_interrupt                    
8004e024  LCD_cmd_regread                      
8004e090  LCD_cmd_calibrate                    
8004e0e8  LCD_cmd_romfont                      
8004e154  LCD_cmd_setfont                      
8004e1c0  LCD_cmd_setfont2                     
8004e240  LCD_cmd_setscratch                   
8004e298  LCD_cmd_setrotate                    
8004e2f0  LCD_cmd_setbitmap                    
8004e37c  LCD_cmd_spinner                      
8004e400  LCD_cmd_stop                         
8004e444  LCD_cmd_screensaver                  
8004e488  LCD_cmd_sketch                       
8004e52c  LCD_cmd_snapshot                     
8004e584  LCD_cmd_snapshot2                    
8004e628  LCD_cmd_logo                         
8004e66c  LCD_SetInterruptFlag                 
8004e67c  LCD_ClearInterruptFlag               
8004e68c  LCD_GetInterruptFlag                 
8004e6a0  USBDCDInit                           
8004e984  USBDCDTerm                           
8004eaa0  USBDCDRequestDataEP0                 
8004eb18  USBDCDSendDataEP0                    
8004eb7c  USBDCDSetDefaultConfiguration        
8004eba8  USBDCDStallEP0                       
8004ebec  USBDCDPowerStatusSet                 
8004ec54  USBDCDRemoteWakeupRequest            
8004ecf0  USBDeviceResumeTickHandler           
8004ef14  USBDeviceEnumHandler                 
8004f18c  USBDeviceEnumResetHandler            
8005064c  USBDeviceIntHandlerInternal          
80050908  UARTOperatingModeSelect              
80050968  UARTDivisorValCompute                
80050a2c  UARTDivisorLatchWrite                
80050bb0  UARTDivisorLatchEnable               
80050bd4  UARTDivisorLatchDisable              
80050bf8  UARTRegConfigModeEnable              
80050c70  UARTRegConfModeRestore               
80050c90  UARTBreakCtl                         
80050cd4  UARTLineCharacConfig                 
80050d4c  UARTParityModeSet                    
80050d90  UARTParityModeGet                    
80050dac  UARTFIFOConfig                       
80051170  UARTDMAEnable                        
800511cc  UARTDMADisable                       
80051204  UARTFIFORegisterWrite                
80051290  UARTEnhanFuncEnable                  
800512f0  UARTEnhanFuncBitValRestore           
80051354  UARTSubConfigMSRSPRModeEn            
8005142c  UARTSubConfigTCRTLRModeEn            
80051504  UARTSubConfigXOFFModeEn              
800515dc  UARTTCRTLRBitValRestore              
800516b8  UARTIntEnable                        
8005179c  UARTIntDisable                       
80051864  UARTSpaceAvail                       
800518b8  UARTCharsAvail                       
8005190c  UARTCharPutNonBlocking               
80051978  UARTCharGetNonBlocking               
800519d0  UARTCharGet                          
80051a28  UARTCharGetTimeout                   
80051ab8  UARTCharPut                          
[...]
8005d4c4  DMTimerReloadGet                     
8005d4dc  DMTimerGPOConfigure                  
8005d55c  DMTimerCompareSet                    
8005d598  DMTimerCompareGet                    
8005d5b0  DMTimerIntRawStatusSet               
8005d5d4  DMTimerIntRawStatusGet               
8005d5ec  DMTimerIntStatusGet                  
8005d604  DMTimerIntStatusClear                
8005d628  DMTimerIntEnable                     
8005d64c  DMTimerIntDisable                    
8005d670  DMTimerTriggerSet                    
8005d6a8  DMTimerIntEnableGet                  
8005d6c0  DMTimerResetConfigure                
8005d704  DMTimerReset                         
8005d738  DMTimerContextSave                   
8005d7b8  DMTimerContextRestore                
8005d898  DMTimerPostedModeConfig              
8005d8dc  DMTimerWritePostedStatusGet          
8005d8f4  DMTimer2ModuleClkConfig              
8005d960  DMTimer3ModuleClkConfig              
8005d9e0  Init_FRAM                            
8005dae0  FRAM_LoadSettings                    
8005dafc  FRAM_SaveSettings                    
8005db28  FRAM_WriteEnable                     
8005db64  FRAM_WriteDisable                    
8005dba0  FRAM_WriteStatusRegister             
8005dbe4  FRAM_ReadStatusRegister              
8005dc24  FRAM_WriteMemory                     
8005dd10  FRAM_ReadMemory                      
8005ddfc  FRAM_WriteRead                       
8005def0  FRAM_WriteProtect                    
8005df2c  FRAM_Hold                            
8005df68  FRAM_CalculateCRC                    
8005df80  FRAM_LoadDefaultSettings             
8005dffc  FRAM_Test                            
8005e0a4  GPIO_3A_ISR                          
8005e0e0  UART_0_ISR                           
8005e280  TMR_2_ISR                            
8005e364  TMR_3_ISR                            
8005e39c  RTC_ISR                              
8005e3b0  I2C_0_ISR                            
8005e524  ADC_0_ISR                            
8005e5a4  SPI_1_ISR                            
8005e5a8  USB_0_ISR                            
8005e80c  USBDCDConfigDescGetSize              
8005e874  USBDCDConfigDescGetNum               
8005e900  USBDCDConfigDescGet                  
8005ea00  USBDCDConfigGetNumAlternateInterfaces
8005ea9c  USBDCDConfigGetInterface             
8005eaf4  USBDCDConfigGetInterfaceEndpoint     
8005ebc8  Init_SPI                             
8005ebd8  Init_SPI_Module1                     
8005ed84  Init_SPI_Module0                     
8005ee94  SPI_INTCConfigure1                   
8005eec0  SPI_WriteByte0                       
8005ef1c  SPI_WriteByte1                       
8005ef78  SPI_ReadWriteByte0                   
8005efd4  SPI_ReadWriteByte1                   
8005f030  SPI_WriteByteNoRx0                   
8005f064  SPI_WriteByteNoRx1                   
8005f0d8  Init_Audio                           
8005f0dc  AUD_PlayWAV                          
8005f1a4  AUD_StopWAV                          
8005f1d0  AUD_SetPlayingFlag                   
8005f1e0  AUD_ClearPlayingFlag                 
8005f1f0  AUD_GetPlayingFlag                   
8005f1fc  AUD_TransferWAVToRAMG                
8005f460  AUD_SetPlaybackFinishedFlag          
8005f470  AUD_ClearPlaybackFinishedFlag        
8005f48c  AUD_GetPlaybackFinishedFlag          
8005f498  AUD_SetTimoutFlag                    
8005f4a8  AUD_ClearTimoutFlag                  
8005f4b8  AUD_GetTimoutFlag                    
8005f4c4  AUD_IsWAVPlaying                     
8005f4dc  AUD_TestAudio                        
8005f538  AUD_AmpShutdown                      
8005f5dc  Init_UART                            
8005f62c  UART_Module0ClkConfig                
8005f674  UART_PrintChar                       
8005f688  UART_PrintBuffer                     
8005f6d4  UART_PrintString                     
8005f70c  UART_FIFOConfigure                   
8005f730  UART_BaudRateSet                     
8005f768  UART_LineCharacSet                   
8005f7ac  UART_Configure                       
8005f7f8  UART_InterruptConfigure0             
8005f824  UART_AddToRXBuffer                   
8005f954  UART_AddToTXBuffer                   
8005fa00  UART_GetTXInterruptStatus            
8005fa7c  Init_GPIO                            
8005fd0c  GPIO_Module0ClkConfig                
8005fd74  GPIO_Module1ClkConfig                
8005fddc  GPIO_Module2ClkConfig                
8005fe44  GPIO_Module3ClkConfig                
8005ff14  CP15ICacheDisable                    
8005ff30  CP15DCacheDisable                    
8005ff4c  CP15ICacheEnable                     
8005ff5c  CP15DCacheEnable                     
8005ff6c  CP15DCacheFlush                      
80060000  CP15DCacheClean                      
80060094  CP15DCacheCleanFlush                 
80060128  CP15ICacheFlush                      
80060138  CP15DCacheCleanBuff                  
8006018c  CP15DCacheCleanFlushBuff             
800601e0  CP15DCacheFlushBuff                  
80060244  CP15ICacheFlushBuff                  
80060298  CP15Ttb0Set                          
800602a4  CP15TlbInvalidate                    
800602b0  CP15MMUDisable                       
800602c8  CP15MMUEnable                        
800602dc  CP15VectorBaseAddrSet                
800602e8  CP15BranchPredictorInvalidate        
800602f4  CP15BranchPredictionEnable           
80060304  CP15BranchPredictionDisable          
80060314  CP15DomainAccessClientSet            
80060324  CP15ControlFeatureDisable            
80060338  CP15ControlFeatureEnable             
8006034c  CP15TtbCtlTtb0Config                 
8006035c  CP15AuxControlFeatureEnable          
80060370  CP15AuxControlFeatureDisable         
80060384  CP15MainIdPrimPartNumGet             
800603a0  IntRegister                          
800603c4  IntUnRegister                        
800603e4  IntAINTCInit                         
80060454  IntPrioritySet                       
8006048c  IntSystemEnable                      
800604c0  IntSystemDisable                     
800604f4  IntIfClkFreeRunSet                   
80060508  IntIfClkAutoGateSet                  
8006051c  IntActiveIrqNumGet                   
8006052c  IntSpurIrqFlagGet                    
80060540  IntProtectionEnable                  
80060550  IntProtectionDisable                 
80060564  IntSyncClkFreeRunSet                 
80060578  IntSyncClkAutoGateSet                
8006058c  IntFuncClkFreeRunSet                 
800605a0  IntFuncClkAutoGateSet                
800605b4  IntCurrIrqPriorityGet                
800605c4  IntPriorityThresholdGet              
800605d4  IntPriorityThresholdSet              
800605f4  IntRawStatusGet                      
80060634  IntSoftwareIntSet                    
80060664  IntSoftwareIntClear                  
80060694  IntPendingIrqMaskedStatusGet         
800606d0  IntMasterIRQEnable                   
800606dc  IntMasterIRQDisable                  
800606e8  IntMasterFIQEnable                   
800606f4  IntMasterFIQDisable                  
80060700  IntMasterStatusGet                   
8006070c  IntDisable                           
80060724  IntEnable                            
80060780  USBDescGetNum                        
8006082c  USBDescGet                           
800608f4  USBDescGetNumAlternateInterfaces     
80060a50  USBDescGetInterface                  
80060a9c  USBDescGetInterfaceEndpoint          
80060ae0  Init_RTC                             
80060b50  RTC_InterruptConfigure               
80060b7c  RTC_SetFlag                          
80060b8c  RTC_ClearFlag                        
80060b9c  RTC_GetFlag                          
80060ba8  RTC_SetTimeDate                      
80060c8c  RTC_GetTimeDate                      
80060d68  RTC_ModuleClkConfig                  
80060e1c  main                                 
80061138  Init_WAV                             
80061190  WAV_CalculateHeader                  
80061420  Init_LED                             
80061424  LED_Show                             
800616e0  __aeabi_uldivmod                     
80061998  Init_ADC                             
80061b4c  ADC_ConfigureInterrupt               
80061b78  ADC_ReadChannels                     
80061bf4  ADC_SetFinishedFlag                  
80061c04  ADC_ClearFinishedFlag                
80061c14  ADC_GetFinishedFlag                  
80061c34  Init_I2C                             
80061c40  Init_I2C_Module0                     
80061c7c  I2C_InterruptConfigure0              
80061ca8  I2C_SendReceiveData0                 
80061e68  I2C_SetFailFlag0                     
80061e78  I2C_ClearFailFlag0                   
80061e88  I2C_GetFailFlag0                     
80061ec4  ff_convert                           
80061f88  ff_wtoupper                          
80062144  Init_Timers                          
80062154  Init_Timer2                          
800621cc  Init_Timer3                          
80062238  TMR_CalculateReload                  
80062284  TMR_InterruptConfigure2              
800622b0  TMR_InterruptConfigure3              
800622dc  TMR_GetNewScreenTagTimerEnabled      
800622e8  TMR_SetNewScreenTagTimerEnabled      
80062320  TMR_ResetNewScreenTagTimer           
80062330  TMR_ResetAudioPlaybackTimer          
80062340  TMR_ResetBacklightTimer              
80062350  TMR_SetMISCTimerFlag                 
80062360  TMR_ClearMISCTimerFlag               
80062370  TMR_GetMISCTimerFlag                 
800623ac  __aeabi_dsub                         
800623b8  __aeabi_dadd                         
800625c0  Init_Test                            
80062610  TEST_Setpoint1                       
8006264c  TEST_Setpoint2                       
80062688  TEST_Setpoint3                       
800626c4  TEST_Togglepoint1                    
80062714  TEST_Togglepoint2                    
80062764  TEST_Togglepoint3                    
800627c4  Init_USB                             
800627c8  Init_USB0                            
800627f4  USB_InterruptConfigure0              
80062844  USB_InterruptEnable0                 
80062870  USB_DMSCEventCallback0               
800628e4  USB_SetMSCState0                     
80062900  USB_GetMSCState0                     
8006290c  USB_SetUSBStatus0                    
80062938  USB_GetUSBStatus0                    
80062944  USB_SetUSBStatusFlag0                
80062954  USB_ClearUSBStatusFlag0              
80062964  USB_GetUSBStatusFlag0                
80062970  USB_SetUSBMSCFlag0                   
80062980  USB_ClearUSBMSCFlag0                 
80062990  USB_GetUSBMSCFlag0                   
800629b4  InitCMD                              
800629c4  CMD_CheckMatch                       
80062b30  CMD_Help                             
80062b40  CMD_SetNewCommand                    
80062b50  CMD_ClearNewCommand                  
80062b60  CMD_GetNewCommand                    
80062b8c  Init_EEPROM                          
80062ba4  EEPROM_ReadAddress                   
80062c00  EEPROM_WriteAddress                  
80062c68  EEPROM_ReadBuffer                    
80062ce0  EEPROM_WriteBuffer                   
80062d60  Init_PMIC                            
80062e80  PMIC_ReadRegister                    
80062ed0  PMIC_WriteRegister                   
80062f30  _Dscale                              
800630d8  __aeabi_ddiv                         
80063268  __aeabi_memcpy                       
80063268  __aeabi_memcpy4                      
80063268  __aeabi_memcpy8                      
80063268  memcpy                               
800633e8  Init_Modules                         
80063564  Init_Power                           
80063570  PWR_ReadVoltages                     
800636dc  MMUInit                              
8006373c  MMUMemRegionMap                      
80063830  MMUEnable                            
8006384c  _Dnorm                               
800639ac  InternalUSBTickInit                  
80063a20  InternalUSBRegisterTickHandler       
80063a58  InternalUSBStartOfFrameTick          
80063af0  CacheDisable                         
80063b34  CacheEnable                          
80063b80  CacheInstInvalidateAll               
80063b8c  CacheInstInvalidateBuff              
80063ba8  CacheDataCleanInvalidateAll          
80063bb4  CacheDataCleanAll                    
80063bc0  CacheDataInvalidateAll               
80063bcc  CacheDataCleanBuff                   
80063be8  CacheDataInvalidateBuff              
80063c04  CacheDataCleanInvalidateBuff         
80063c20  __aeabi_dmul                         
80063d48  __aeabi_idiv                         
80063d48  __aeabi_idivmod                      
80063e78  SVC_Handler                          
80063ea0  IRQHandler                           
80063f4c  FIQHandler                           
80063f50  AbortHandler                         
80063f50  UndefInstHandler                     
80063f68  __aeabi_uidiv                        
80063f68  __aeabi_uidivmod                     
80064058  USBDMSCStorageOpen                   
80064078  USBDMSCStorageClose                  
80064094  USBDMSCStorageRead                   
800640d0  USBDMSCStorageWrite                  
8006410c  USBDMSCStorageNumBlocks              
8006413c  __aeabi_cdcmpeq                      
8006413c  __aeabi_cdcmple                      
8006421c  __aeabi_cdrcmple                     
800642fc  UsbPhyOn                             
80064364  UsbPhyOff                            
800643c4  _Dunscale                            
8006447c  __aeabi_memclr                       
8006447c  __aeabi_memclr4                      
8006447c  __aeabi_memclr8                      
80064480  __aeabi_memset                       
80064480  __aeabi_memset4                      
80064480  __aeabi_memset8                      
8006448c  memset                               
8006452c  MMU_ConfigAndEnable                  
800645d4  sprintf                              
8006467c  __TI_auto_init                       
80064720  atoi                                 
800647a4  copy_in                              
80064828  ltoa                                 
800648a8  ldexp                                
80064920  signal                               
80064984  CPUirqe                              
80064994  CPUirqd                              
800649a4  CPUfiqe                              
800649b4  CPUfiqd                              
800649c4  CPUSwitchToUserMode                  
800649d8  CPUSwitchToPrivilegedMode            
800649e0  CPUAbortHandler                      
800649e4  __aeabi_d2iz                         
80064a40  __aeabi_d2uiz                        
80064a9c  feraiseexcept                        
80064af4  raise                                
80064b40  _Feraise                             
80064bb0  start_boot                           
80064bc8  __aeabi_i2d                          
80064c04  _Dclass                              
80064c3c  __aeabi_ui2d                         
80064c70  frexp                                
80064ca0  memccpy                              
80064ccc  strchr                               
80064cf4  _register_unlock                     
80064d00  _register_lock                       
80064d0c  _nop                                 
80064d18  __aeabi_llsr                         
80064d3c  strlen                               
80064d58  CPUIntStatus                         
80064d64  __aeabi_idiv0                        
80068000  bss_start                            
8006c000  UART_RX_buffer                       
8006c7d0  UART_TX_buffer                       
8006cfa0  MISC_Buffer                          
8006d588  fnRAMVectors                         
8006d788  g_psUSBDevice                        
8006d830  sdCard                               
8006d880  Voltage                              
8006d900  g_pucCommand                         
8006d980  fat_devices                          
8006d998  EEPROM_Contents                      
8006d9a8  I2C_0_Buffers                        
8006d9b8  Command_String                       
8006d9c4  g_pfTickHandlers                     
8006d9d0  g_pvTickInstance                     
8006d9dc  CurrentTimeDate                      
8006d9ec  dummy                                
8006d9f0  g_sDriveInformation                  
8006d9f4  p_CurrentScreen                      
8006d9f8  p_CurrentWAVFile                     
8006d9fc  p_PreviousScreen                     
8006da00  CurrentScreen                        
8006da01  PreviousPreviousScreen               
8006da02  PreviousScreen                       
8006da03  bss_end                              
8006da08  WAV_PostComplete                     
800716c4  Screens                              
80071c78  _Denorm                              
80071c88  _Eps                                 
80071c98  _Hugeval                             
80071ca8  _Inf                                 
80071cb8  _Nan                                 
80071cc8  _Snan                                
80071cd8  _Rteps                               
80071ce8  _Xbig                                
80071cf0  _Zero                                
80071cf8  WAV_Files                            
80071d5b  NumCommand                           
80071d5c  g_sMSCDeviceInfo                     
80071da8  intStatus                            
80071dac  g_bytesRead                          
80071db0  g_bytesWritten                       
80071dc2  gDMAflag                             
80071dd0  g_psMSCSections                      
80071dda  RAM_CMD_Offset                       
80071ddc  FT_DispWidth                         
80071dde  FT_DispHeight                        
80071de0  FT_DispHCycle                        
80071de2  FT_DispHOffset                       
80071de4  FT_DispHSync0                        
80071de6  FT_DispHSync1                        
80071de8  FT_DispVCycle                        
80071dea  FT_DispVOffset                       
80071dec  FT_DispVSync0                        
80071dee  FT_DispVSync1                        
80071df0  FT_DispPCLK                          
80071df2  FT_DispSwizzle                       
80071df4  FT_DispPCLKPol                       
80071df6  FT_DispCSpread                       
80071df8  FT_DispDither                        
80071dfa  BackLightSetting                     
80071dfb  CurrentSystemSettings                
80071e20  AudioBytesTransferred                
80071e24  AUD_AudioTimeoutCount                
80071e28  LastWritePointerAddress              
80071e30  TMR_NewScreenTagTimer                
80071e34  TMR_AudioPlaybackTimer               
80071e38  TMR_BacklightTimer                   
80071e3e  DefaultTimeDate                      
80071e48  UART_RX_place                        
80071e4c  UART_TX_add                          
80071e50  UART_TX_remove                       
80071e54  g_bUSBTimerInitialized               
80071e58  g_ulCurrentUSBTick                   
80071e5c  g_ulUSBSOFCount                      
80071e60  _lock                                
80071e64  _unlock                              
80071e68  _Fenv                                
80071e6c  _Tls_setup__Fenv                     
80071e78  _Errno                               
87fffff0  __stack                              
87fffff8  __STACK_END                          
ffffffff  __binit__                            
ffffffff  __c_args__                           
ffffffff  binit                                
UNDEFED   SHT$$INIT_ARRAY$$Base                
UNDEFED   SHT$$INIT_ARRAY$$Limit               
UNDEFED   __TI_CINIT_Base                      
UNDEFED   __TI_CINIT_Limit                     
UNDEFED   __TI_Handler_Table_Base              
UNDEFED   __TI_Handler_Table_Limit             

[1080 symbols]
