******************************************************************************
                  TI ARM Linker PC v5.2.6                      
******************************************************************************
>> Linked Fri Apr 22 13:33:48 2016

OUTPUT FILE NAME:   <BeagleBone_Smart_Controler.out>
ENTRY POINT SYMBOL: "Entry"  address: 80000000


MEMORY CONFIGURATION

         name            origin    length      used     unused   attr    fill
----------------------  --------  ---------  --------  --------  ----  --------
  DDR_MEM               80000000   07ffffff  000510f8  07faef07  RWIX


SEGMENT ALLOCATION MAP

run origin  load origin   length   init length attrs members
----------  ----------- ---------- ----------- ----- -------
80000000    80000000    0004ba08   0004ba08    r-x
  80000000    80000000    000000d0   000000d0    r-x .text:Entry
  800000d0    800000d0    00042874   00042874    r-- .const
  80042944    80042944    000090c4   000090c4    r-x .text
8004ba08    8004ba08    00000531   00000531    rw-
  8004ba08    8004ba08    00000531   00000531    rw- .data
8004c000    8004c000    000051b7   00000000    rw-
  8004c000    8004c000    000051b7   00000000    rw- .bss
87fffff0    87fffff0    00000008   00000000    rw-
  87fffff0    87fffff0    00000008   00000000    rw- .stack


SECTION ALLOCATION MAP

 output                                  attributes/
section   page    origin      length       input sections
--------  ----  ----------  ----------   ----------------
.text:Entry 
*          0    80000000    000000d0     
                  80000000    000000c8     system.lib : init.obj (.text:Entry)
                  800000c8    00000008     rtsv7A8_A_le_n_eabi.lib : autoinit.obj (.tramp.__TI_auto_init.1)

.const     0    800000d0    00042874     
                  800000d0    0003fc00     BITMAP_CHARLIE_BEACH.obj (.const:.string:BITMAP_CharlieBeach)
                  8003fcd0    00002bc0     BITMAP_TV_REMOTE.obj (.const:.string:BITMAP_TVRemote)
                  80042890    00000054     MEMORY.obj (.const)
                  800428e4    00000038     system.lib : startup.obj (.const:vecTbl)
                  8004291c    00000010     CMD.obj (.const)
                  8004292c    0000000c     BITMAP_CHARLIE_BEACH.obj (.const)
                  80042938    0000000c     BITMAP_TV_REMOTE.obj (.const)

.text      0    80042944    000090c4     
                  80042944    00002920     LCD.obj (.text)
                  80045264    00001d10     uart_irda_cir.obj (.text)
                  80046f74    00000ec4     mcspi.obj (.text)
                  80047e38    00000b58     gpio_v2.obj (.text)
                  80048990    0000082c     GUI.obj (.text)
                  800491bc    000004a0     UART.obj (.text)
                  8004965c    00000488     system.lib : cp15.obj (.text)
                  80049ae4    00000458     SPI.obj (.text)
                  80049f3c    000003e4     interrupt.obj (.text)
                  8004a320    00000334     GPIO.obj (.text)
                  8004a654    000002c0     LEDS.obj (.text)
                  8004a914    000001f0     INTERRUPTS.obj (.text)
                  8004ab04    000001d8     CMD.obj (.text)
                  8004acdc    00000180     rtsv7A8_A_le_n_eabi.lib : memcpy32.obj (.text)
                  8004ae5c    0000017c     main.obj (.text)
                  8004afd8    00000170     mmu.obj (.text)
                  8004b148    00000130     cache.obj (.text)
                  8004b278    00000128     MISC.obj (.text)
                  8004b3a0    00000124     platform.lib : gpio.obj (.text)
                  8004b4c4    0000010c     system.lib : exceptionhandler.obj (.text)
                  8004b5d0    000000f0     rtsv7A8_A_le_n_eabi.lib : u_div32.obj (.text)
                  8004b6c0    000000c4     SYSTEM.obj (.text)
                  8004b784    000000a8     MEMORY.obj (.text)
                  8004b82c    000000a4     rtsv7A8_A_le_n_eabi.lib : autoinit.obj (.text)
                  8004b8d0    00000084                             : cpy_tbl.obj (.text)
                  8004b954    00000060     system.lib : cpu.obj (.text)
                  8004b9b4    00000044                : startup.obj (.text)
                  8004b9f8    0000000c                : cpu.obj (.text:CPUIntStatus)
                  8004ba04    00000004     rtsv7A8_A_le_n_eabi.lib : i_div0.obj (.text)

.data      0    8004ba08    00000531     
                  8004ba08    00000500     GUI.obj (.data:Screens)
                  8004bf08    00000022     LCD.obj (.data)
                  8004bf2a    00000002     CMD.obj (.data)
                  8004bf2c    0000000c     UART.obj (.data)
                  8004bf38    00000001     GUI.obj (.data)

.TI.persistent 
*          0    8004ba08    00000000     UNINITIALIZED

.bss       0    8004c000    000051b7     UNINITIALIZED
                  8004c000    00004000     MEMORY.obj (.bss:pageTable)
                  80050000    000007d0     UART.obj (.bss:UART_RX_buffer)
                  800507d0    000007d0     UART.obj (.bss:UART_TX_buffer)
                  80050fa0    00000200     interrupt.obj (.bss:fnRAMVectors)
                  800511a0    0000000c     (.common:Command_String)
                  800511ac    00000004     (.common:dummy)
                  800511b0    00000004     (.common:p_PreviousScreen)
                  800511b4    00000001     (.common:CurrentScreen)
                  800511b5    00000001     (.common:PreviousPreviousScreen)
                  800511b6    00000001     (.common:PreviousScreen)

.TI.noinit 
*          0    8004c000    00000000     UNINITIALIZED

.stack     0    87fffff0    00000008     UNINITIALIZED
                  87fffff0    00000008     --HOLE--


FAR CALL TRAMPOLINES

callee name               trampoline name
   callee addr  tramp addr   call addr  call info
--------------  -----------  ---------  ----------------
__TI_auto_init            $Tramp$AA$S$$__TI_auto_init
   8004b82c     800000c8     800000a0   system.lib : init.obj (.text:Entry)

[1 trampolines]
[1 trampoline calls]


GLOBAL SYMBOLS: SORTED ALPHABETICALLY BY Name 

address   name                           
-------   ----                           
8004b5b8  AbortHandler                   
800000d0  BITMAP_CharlieBeach            
8003fcd0  BITMAP_TVRemote                
8004ab14  CMD_CheckMatch                 
8004aca0  CMD_ClearNewCommand            
8004acb0  CMD_GetNewCommand              
8004ac80  CMD_Help                       
8004ac90  CMD_SetNewCommand              
80049ab8  CP15AuxControlFeatureDisable   
80049aa4  CP15AuxControlFeatureEnable    
80049a4c  CP15BranchPredictionDisable    
80049a3c  CP15BranchPredictionEnable     
80049a30  CP15BranchPredictorInvalidate  
80049a6c  CP15ControlFeatureDisable      
80049a80  CP15ControlFeatureEnable       
80049748  CP15DCacheClean                
80049880  CP15DCacheCleanBuff            
800497dc  CP15DCacheCleanFlush           
800498d4  CP15DCacheCleanFlushBuff       
80049678  CP15DCacheDisable              
800496a4  CP15DCacheEnable               
800496b4  CP15DCacheFlush                
80049928  CP15DCacheFlushBuff            
80049a5c  CP15DomainAccessClientSet      
8004965c  CP15ICacheDisable              
80049694  CP15ICacheEnable               
80049870  CP15ICacheFlush                
8004998c  CP15ICacheFlushBuff            
800499f8  CP15MMUDisable                 
80049a10  CP15MMUEnable                  
80049acc  CP15MainIdPrimPartNumGet       
800499ec  CP15TlbInvalidate              
800499e0  CP15Ttb0Set                    
80049a94  CP15TtbCtlTtb0Config           
80049a24  CP15VectorBaseAddrSet          
8004b9b0  CPUAbortHandler                
8004b9f8  CPUIntStatus                   
8004b9a8  CPUSwitchToPrivilegedMode      
8004b994  CPUSwitchToUserMode            
8004b984  CPUfiqd                        
8004b974  CPUfiqe                        
8004b964  CPUirqd                        
8004b954  CPUirqe                        
8004b20c  CacheDataCleanAll              
8004b224  CacheDataCleanBuff             
8004b200  CacheDataCleanInvalidateAll    
8004b25c  CacheDataCleanInvalidateBuff   
8004b218  CacheDataInvalidateAll         
8004b240  CacheDataInvalidateBuff        
8004b148  CacheDisable                   
8004b18c  CacheEnable                    
8004b1d8  CacheInstInvalidateAll         
8004b1e4  CacheInstInvalidateBuff        
800511a0  Command_String                 
8004291c  Commands                       
800511b4  CurrentScreen                  
80000000  Entry                          
8004b5b4  FIQHandler                     
8004bf26  FT_DispCSpread                 
8004bf28  FT_DispDither                  
8004bf10  FT_DispHCycle                  
8004bf12  FT_DispHOffset                 
8004bf14  FT_DispHSync0                  
8004bf16  FT_DispHSync1                  
8004bf0e  FT_DispHeight                  
8004bf20  FT_DispPCLK                    
8004bf24  FT_DispPCLKPol                 
8004bf22  FT_DispSwizzle                 
8004bf18  FT_DispVCycle                  
8004bf1a  FT_DispVOffset                 
8004bf1c  FT_DispVSync0                  
8004bf1e  FT_DispVSync1                  
8004bf0c  FT_DispWidth                   
8004b420  GPIO0ModuleClkConfig           
8004b3cc  GPIO1ModuleClkConfig           
8004b3bc  GPIO1Pin23PinMuxSetup          
8004b3ac  GPIO1PinMuxSetup               
800487b0  GPIOAutoIdleModeControl        
8004887c  GPIODebounceFuncControl        
800488cc  GPIODebounceTimeConfig         
80047f14  GPIODirModeGet                 
80047eb4  GPIODirModeSet                 
80048838  GPIOGatingRatioConfigure       
800487f4  GPIOIdleModeConfigure          
80048468  GPIOIntTypeGet                 
800480c8  GPIOIntTypeSet                 
80047e90  GPIOModuleDisable              
80047e6c  GPIOModuleEnable               
80047e38  GPIOModuleReset                
80048004  GPIOMultiplePinsRead           
80047fd4  GPIOMultiplePinsWrite          
800485ac  GPIOPinIntClear                
80048078  GPIOPinIntDisable              
80048028  GPIOPinIntEnable               
80048548  GPIOPinIntStatus               
80048750  GPIOPinIntWakeUpDisable        
800486f0  GPIOPinIntWakeUpEnable         
80047fa4  GPIOPinRead                    
80047f54  GPIOPinWrite                   
800485fc  GPIORawIntStatus               
800488f0  GPIORevisionInfoGet            
80048658  GPIOTriggerPinInt              
800486cc  GPIOWakeupGlobalDisable        
800486a8  GPIOWakeupGlobalEnable         
8004a914  GPIO_3A_ISR                    
8004a488  GPIO_Module0ClkConfig          
8004a4f0  GPIO_Module1ClkConfig          
8004a558  GPIO_Module2ClkConfig          
8004a5c0  GPIO_Module3ClkConfig          
80048b58  GUI_DrawHomeScreen             
800489cc  GUI_DrawInitialScreen          
80048a4c  GUI_DrawInitialScreenProgress  
80048f18  GUI_DrawNextScreen             
8004903c  GUI_DrawPreviousScreen         
80049088  GUI_DrawScreenCalibration      
80048dac  GUI_DrawTVRemoteScreen         
80048e38  GUI_LoadItemToRAMG             
80048eb8  GUI_TouchConfig                
8004b3a0  GpioPinMuxSetup                
8004292c  HEADER_CharlieBeach            
80042938  HEADER_TVRemote                
8004b508  IRQHandler                     
8004ab04  InitCMD                        
8004a320  Init_GPIO                      
80048990  Init_GUI                       
80042944  Init_LCD                       
8004a654  Init_LED                       
8004b6c0  Init_Modules                   
80049ae4  Init_SPI                       
80049c04  Init_SPI_Module0               
80049af4  Init_SPI_Module1               
800491bc  Init_UART                      
80049f84  IntAINTCInit                   
8004a0bc  IntActiveIrqNumGet             
8004a154  IntCurrIrqPriorityGet          
8004a2ac  IntDisable                     
8004a2c4  IntEnable                      
8004a140  IntFuncClkAutoGateSet          
8004a12c  IntFuncClkFreeRunSet           
8004a0a8  IntIfClkAutoGateSet            
8004a094  IntIfClkFreeRunSet             
8004a294  IntMasterFIQDisable            
8004a288  IntMasterFIQEnable             
8004a27c  IntMasterIRQDisable            
8004a270  IntMasterIRQEnable             
8004a2a0  IntMasterStatusGet             
8004a234  IntPendingIrqMaskedStatusGet   
80049ff4  IntPrioritySet                 
8004a164  IntPriorityThresholdGet        
8004a174  IntPriorityThresholdSet        
8004a0f0  IntProtectionDisable           
8004a0e0  IntProtectionEnable            
8004a194  IntRawStatusGet                
80049f40  IntRegister                    
8004a204  IntSoftwareIntClear            
8004a1d4  IntSoftwareIntSet              
8004a0cc  IntSpurIrqFlagGet              
8004a118  IntSyncClkAutoGateSet          
8004a104  IntSyncClkFreeRunSet           
8004a060  IntSystemDisable               
8004a02c  IntSystemEnable                
80049f64  IntUnRegister                  
80045240  LCD_ClearInterruptFlag         
80045250  LCD_GetInterruptFlag           
80043434  LCD_IncrementWriteOffset       
80042cb8  LCD_Interrupt                  
80042bc8  LCD_InterruptConfigure         
80042c48  LCD_InteruptDisable            
80042c14  LCD_InteruptEnable             
80042c7c  LCD_Reset                      
800434a0  LCD_SendRAMAddress             
80045230  LCD_SetInterruptFlag           
80043510  LCD_WaitCoprocessorDone        
80043474  LCD_WriteCommandParameters     
800433bc  LCD_cmd                        
80044498  LCD_cmd_append                 
80043898  LCD_cmd_bgcolor                
80043680  LCD_cmd_button                 
80044c54  LCD_cmd_calibrate              
800437e4  LCD_cmd_clock                  
80044b80  LCD_cmd_coldstart              
80043f10  LCD_cmd_dial                   
800438f0  LCD_cmd_fgcolor                
800439e0  LCD_cmd_gauge                  
800447d4  LCD_cmd_getmatrix              
800448e8  LCD_cmd_getprops               
80044890  LCD_cmd_getptr                 
80043948  LCD_cmd_gradcolor              
80043ae8  LCD_cmd_gradient               
8004450c  LCD_cmd_inflate                
80044b90  LCD_cmd_interrupt              
80043b9c  LCD_cmd_keys                   
8004461c  LCD_cmd_loadidentity           
800445b0  LCD_cmd_loadimage              
800451ec  LCD_cmd_logo                   
80044978  LCD_cmd_mediafifo              
80044418  LCD_cmd_memcpy                 
800441f4  LCD_cmd_memcrc                 
800442e0  LCD_cmd_memset                 
80044364  LCD_cmd_memwrite               
80044274  LCD_cmd_memzero                
80044160  LCD_cmd_number                 
800449e4  LCD_cmd_playvideo              
80043d00  LCD_cmd_progress               
80044be8  LCD_cmd_regread                
80044cac  LCD_cmd_romfont                
80044738  LCD_cmd_rotate                 
800446cc  LCD_cmd_scale                  
80045008  LCD_cmd_screensaver            
80043dac  LCD_cmd_scrollbar              
80044108  LCD_cmd_setbase                
80044eb4  LCD_cmd_setbitmap              
80044d18  LCD_cmd_setfont                
80044d84  LCD_cmd_setfont2               
80044790  LCD_cmd_setmatrix              
80044e5c  LCD_cmd_setrotate              
80044e04  LCD_cmd_setscratch             
8004504c  LCD_cmd_sketch                 
80043e60  LCD_cmd_slider                 
800450f0  LCD_cmd_snapshot               
80045148  LCD_cmd_snapshot2              
80044f40  LCD_cmd_spinner                
80044fc4  LCD_cmd_stop                   
80043534  LCD_cmd_text                   
80043fa4  LCD_cmd_toggle                 
80044aec  LCD_cmd_track                  
80044660  LCD_cmd_translate              
80044a80  LCD_cmd_videoframe             
80044a3c  LCD_cmd_videostart             
80042d40  LCD_ft810memRead16             
80042da4  LCD_ft810memRead32             
80042cf4  LCD_ft810memRead8              
80042e6c  LCD_ft810memWrite16            
80042ed0  LCD_ft810memWrite32            
80042e30  LCD_ft810memWrite8             
80042f64  LCD_ft810memWriteBuffer        
800433e4  LCD_host_command               
80043128  LCD_rd16                       
80043140  LCD_rd32                       
80043114  LCD_rd8                        
80043294  LCD_rd_buffer                  
80043070  LCD_wr16                       
8004308c  LCD_wr32                       
80043054  LCD_wr8                        
800430a8  LCD_wr8s                       
80043154  LCD_wr_buffer                  
8004a658  LED_Show                       
8004b12c  MMUEnable                      
8004afd8  MMUInit                        
8004b038  MMUMemRegionMap                
8004b784  MMU_ConfigAndEnable            
8004b278  MSC_BufferCopy                 
8004b32c  MSC_DelayUS                    
8004b2f0  MSC_LowercaseChar              
80047cb4  McSPI0ModuleClkConfig          
80047b58  McSPI1ModuleClkConfig          
800472d8  McSPICSAssert                  
80047310  McSPICSDeAssert                
800471e0  McSPICSDisable                 
800471bc  McSPICSEnable                  
80047204  McSPICSPolarityConfig          
8004726c  McSPICSTimeControlSet          
800475e8  McSPIChannelDisable            
800475b0  McSPIChannelEnable             
80047aa4  McSPIChannelStatusGet          
80046f74  McSPIClkConfig                 
80047918  McSPIDMADisable                
800478d4  McSPIDMAEnable                 
80047b14  McSPIFIFODatManagementConfig   
80047794  McSPIFIFOTrigLvlSet            
800479b4  McSPIInitDelayConfig           
80047988  McSPIIntDisable                
8004795c  McSPIIntEnable                 
80047a70  McSPIIntStatusClear            
80047a58  McSPIIntStatusGet              
80047444  McSPIMasterModeConfig          
80047420  McSPIMasterModeEnable          
80047ad0  McSPIMultipleWordAccessConfig  
80047a2c  McSPIReceiveData               
80047620  McSPIReset                     
8004772c  McSPIRxFIFOConfig              
800473e8  McSPIStartBitDisable           
80047348  McSPIStartBitEnable            
80047380  McSPIStartBitPolarityConfig    
800479f8  McSPITransmitData              
8004768c  McSPITurboModeDisable          
80047654  McSPITurboModeEnable           
800476c4  McSPITxFIFOConfig              
80047894  McSPIWordCountSet              
80047154  McSPIWordLengthSet             
8004bf2b  NumCommand                     
800511b5  PreviousPreviousScreen         
800511b6  PreviousScreen                 
8004bf0a  RAM_CMD_Offset                 
UNDEFED   SHT$$INIT_ARRAY$$Base          
UNDEFED   SHT$$INIT_ARRAY$$Limit         
80049d40  SPI_1_ISR                      
80049d14  SPI_INTCConfigure1             
80049df4  SPI_ReadWriteByte0             
80049e4c  SPI_ReadWriteByte1             
80049d44  SPI_WriteByte0                 
80049d9c  SPI_WriteByte1                 
80049ea4  SPI_WriteByteNoRx0             
80049ed4  SPI_WriteByteNoRx1             
8004b4e0  SVC_Handler                    
8004ba08  Screens                        
800468a4  UARTAutoIdleModeControl        
80046650  UARTAutoRTSAutoCTSControl      
80046d8c  UARTAutobaudParityGet          
80046e24  UARTAutobaudSpeedGet           
80046dd8  UARTAutobaudWordLenGet         
800455ec  UARTBreakCtl                   
8004632c  UARTCharGet                    
800462d4  UARTCharGetNonBlocking         
80046384  UARTCharGetTimeout             
80046414  UARTCharPut                    
80046268  UARTCharPutNonBlocking         
80046214  UARTCharsAvail                 
80046cfc  UARTDMACounterResetControl     
80045b28  UARTDMADisable                 
80045acc  UARTDMAEnable                  
80046c14  UARTDSRInterruptControl        
80045530  UARTDivisorLatchDisable        
8004550c  UARTDivisorLatchEnable         
80045388  UARTDivisorLatchWrite          
800452c4  UARTDivisorValCompute          
80045c4c  UARTEnhanFuncBitValRestore     
80045bec  UARTEnhanFuncEnable            
80046488  UARTFIFOCharGet                
80046468  UARTFIFOCharPut                
80045708  UARTFIFOConfig                 
800465fc  UARTFIFOEnableStatusGet        
80045b60  UARTFIFORegisterWrite          
80046bb0  UARTFIFOTrigLvlGranControl     
800464a4  UARTFIFOWrite                  
800468e8  UARTFlowCtrlTrigLvlConfig      
8004681c  UARTIdleModeConfigure          
800460f8  UARTIntDisable                 
80046014  UARTIntEnable                  
8004655c  UARTIntIdentityGet             
800465a8  UARTIntPendingStatusGet        
80045630  UARTLineCharacConfig           
80046a5c  UARTLoopbackModeControl        
80046ad0  UARTModemControlClear          
80046aa0  UARTModemControlSet            
80046b1c  UARTModemStatusChangeCheck     
80046b00  UARTModemStatusGet             
800467e8  UARTModuleReset                
80046ed0  UARTModuleVersionNumberGet     
80045264  UARTOperatingModeSelect        
800456ec  UARTParityModeGet              
800456a8  UARTParityModeSet              
800467a4  UARTPulseShapingControl        
80046ce0  UARTRXCTSDSRTransitionStatusGet
80046c9c  UARTRXCTSDSRWakeUpConfigure    
800455cc  UARTRegConfModeRestore         
80045554  UARTRegConfigModeEnable        
80046b38  UARTResumeOperation            
80046510  UARTRxErrorGet                 
80046d74  UARTRxFIFOLevelGet             
80046eb4  UARTScratchPadRegRead          
80046e70  UARTScratchPadRegWrite         
80046740  UARTSoftwareFlowCtrlOptSet     
800461c0  UARTSpaceAvail                 
800466dc  UARTSpecialCharDetectControl   
80045cb0  UARTSubConfigMSRSPRModeEn      
80045d88  UARTSubConfigTCRTLRModeEn      
80045e60  UARTSubConfigXOFFModeEn        
80045f38  UARTTCRTLRBitValRestore        
80046eec  UARTTxDMAThresholdControl      
80046f30  UARTTxDMAThresholdValConfig    
80046c58  UARTTxEmptyIntControl          
80046d40  UARTTxFIFOFullStatusGet        
80046d5c  UARTTxFIFOLevelGet             
80046860  UARTWakeUpControl              
80046b80  UARTWakeUpEventsDisable        
80046b50  UARTWakeUpEventsEnable         
80046938  UARTXON1XOFF1ValProgram        
80046968  UARTXON2XOFF2ValProgram        
80046998  UARTXONAnyFeatureControl       
8004a950  UART_0_ISR                     
80049404  UART_AddToRXBuffer             
80049534  UART_AddToTXBuffer             
80049310  UART_BaudRateSet               
8004938c  UART_Configure                 
800492ec  UART_FIFOConfigure             
800495e0  UART_GetTXInterruptStatus      
800493d8  UART_InterruptConfigure0       
80049348  UART_LineCharacSet             
8004920c  UART_Module0ClkConfig          
80049268  UART_PrintBuffer               
80049254  UART_PrintChar                 
800492b4  UART_PrintString               
80050000  UART_RX_buffer                 
8004bf2c  UART_RX_place                  
8004bf30  UART_TX_add                    
800507d0  UART_TX_buffer                 
8004bf34  UART_TX_remove                 
8004b5b8  UndefInstHandler               
87fffff8  __STACK_END                    
00000008  __STACK_SIZE                   
UNDEFED   __TI_CINIT_Base                
UNDEFED   __TI_CINIT_Limit               
UNDEFED   __TI_Handler_Table_Base        
UNDEFED   __TI_Handler_Table_Limit       
8004b82c  __TI_auto_init                 
80000000  __TI_static_base__             
8004ba04  __aeabi_idiv0                  
8004acdc  __aeabi_memcpy                 
8004acdc  __aeabi_memcpy4                
8004acdc  __aeabi_memcpy8                
8004b5d0  __aeabi_uidiv                  
8004b5d0  __aeabi_uidivmod               
ffffffff  __binit__                      
ffffffff  __c_args__                     
87fffff0  __stack                        
ffffffff  binit                          
800511b7  bss_end                        
8004c000  bss_start                      
8004b8d0  copy_in                        
800511ac  dummy                          
80050fa0  fnRAMVectors                   
8004894c  gpioContextRestore             
80048908  gpioContextSave                
8004ae5c  main                           
8004acdc  memcpy                         
800511b0  p_PreviousScreen               
8004b9e0  start_boot                     


GLOBAL SYMBOLS: SORTED BY Symbol Address 

address   name                           
-------   ----                           
00000008  __STACK_SIZE                   
80000000  Entry                          
80000000  __TI_static_base__             
800000d0  BITMAP_CharlieBeach            
8003fcd0  BITMAP_TVRemote                
8004291c  Commands                       
8004292c  HEADER_CharlieBeach            
80042938  HEADER_TVRemote                
80042944  Init_LCD                       
80042bc8  LCD_InterruptConfigure         
80042c14  LCD_InteruptEnable             
80042c48  LCD_InteruptDisable            
80042c7c  LCD_Reset                      
80042cb8  LCD_Interrupt                  
80042cf4  LCD_ft810memRead8              
80042d40  LCD_ft810memRead16             
80042da4  LCD_ft810memRead32             
80042e30  LCD_ft810memWrite8             
80042e6c  LCD_ft810memWrite16            
80042ed0  LCD_ft810memWrite32            
80042f64  LCD_ft810memWriteBuffer        
80043054  LCD_wr8                        
80043070  LCD_wr16                       
8004308c  LCD_wr32                       
800430a8  LCD_wr8s                       
80043114  LCD_rd8                        
80043128  LCD_rd16                       
80043140  LCD_rd32                       
80043154  LCD_wr_buffer                  
80043294  LCD_rd_buffer                  
800433bc  LCD_cmd                        
800433e4  LCD_host_command               
80043434  LCD_IncrementWriteOffset       
80043474  LCD_WriteCommandParameters     
800434a0  LCD_SendRAMAddress             
80043510  LCD_WaitCoprocessorDone        
80043534  LCD_cmd_text                   
80043680  LCD_cmd_button                 
800437e4  LCD_cmd_clock                  
80043898  LCD_cmd_bgcolor                
800438f0  LCD_cmd_fgcolor                
80043948  LCD_cmd_gradcolor              
800439e0  LCD_cmd_gauge                  
80043ae8  LCD_cmd_gradient               
80043b9c  LCD_cmd_keys                   
80043d00  LCD_cmd_progress               
80043dac  LCD_cmd_scrollbar              
80043e60  LCD_cmd_slider                 
80043f10  LCD_cmd_dial                   
80043fa4  LCD_cmd_toggle                 
80044108  LCD_cmd_setbase                
80044160  LCD_cmd_number                 
800441f4  LCD_cmd_memcrc                 
80044274  LCD_cmd_memzero                
800442e0  LCD_cmd_memset                 
80044364  LCD_cmd_memwrite               
80044418  LCD_cmd_memcpy                 
80044498  LCD_cmd_append                 
8004450c  LCD_cmd_inflate                
800445b0  LCD_cmd_loadimage              
8004461c  LCD_cmd_loadidentity           
80044660  LCD_cmd_translate              
800446cc  LCD_cmd_scale                  
80044738  LCD_cmd_rotate                 
80044790  LCD_cmd_setmatrix              
800447d4  LCD_cmd_getmatrix              
80044890  LCD_cmd_getptr                 
800448e8  LCD_cmd_getprops               
80044978  LCD_cmd_mediafifo              
800449e4  LCD_cmd_playvideo              
80044a3c  LCD_cmd_videostart             
80044a80  LCD_cmd_videoframe             
80044aec  LCD_cmd_track                  
80044b80  LCD_cmd_coldstart              
80044b90  LCD_cmd_interrupt              
80044be8  LCD_cmd_regread                
80044c54  LCD_cmd_calibrate              
80044cac  LCD_cmd_romfont                
80044d18  LCD_cmd_setfont                
80044d84  LCD_cmd_setfont2               
80044e04  LCD_cmd_setscratch             
80044e5c  LCD_cmd_setrotate              
80044eb4  LCD_cmd_setbitmap              
80044f40  LCD_cmd_spinner                
80044fc4  LCD_cmd_stop                   
80045008  LCD_cmd_screensaver            
8004504c  LCD_cmd_sketch                 
800450f0  LCD_cmd_snapshot               
80045148  LCD_cmd_snapshot2              
800451ec  LCD_cmd_logo                   
80045230  LCD_SetInterruptFlag           
80045240  LCD_ClearInterruptFlag         
80045250  LCD_GetInterruptFlag           
80045264  UARTOperatingModeSelect        
800452c4  UARTDivisorValCompute          
80045388  UARTDivisorLatchWrite          
8004550c  UARTDivisorLatchEnable         
80045530  UARTDivisorLatchDisable        
80045554  UARTRegConfigModeEnable        
800455cc  UARTRegConfModeRestore         
800455ec  UARTBreakCtl                   
80045630  UARTLineCharacConfig           
800456a8  UARTParityModeSet              
800456ec  UARTParityModeGet              
80045708  UARTFIFOConfig                 
80045acc  UARTDMAEnable                  
80045b28  UARTDMADisable                 
80045b60  UARTFIFORegisterWrite          
80045bec  UARTEnhanFuncEnable            
80045c4c  UARTEnhanFuncBitValRestore     
80045cb0  UARTSubConfigMSRSPRModeEn      
80045d88  UARTSubConfigTCRTLRModeEn      
80045e60  UARTSubConfigXOFFModeEn        
80045f38  UARTTCRTLRBitValRestore        
80046014  UARTIntEnable                  
800460f8  UARTIntDisable                 
800461c0  UARTSpaceAvail                 
80046214  UARTCharsAvail                 
80046268  UARTCharPutNonBlocking         
800462d4  UARTCharGetNonBlocking         
8004632c  UARTCharGet                    
80046384  UARTCharGetTimeout             
80046414  UARTCharPut                    
80046468  UARTFIFOCharPut                
80046488  UARTFIFOCharGet                
800464a4  UARTFIFOWrite                  
80046510  UARTRxErrorGet                 
8004655c  UARTIntIdentityGet             
800465a8  UARTIntPendingStatusGet        
800465fc  UARTFIFOEnableStatusGet        
80046650  UARTAutoRTSAutoCTSControl      
800466dc  UARTSpecialCharDetectControl   
80046740  UARTSoftwareFlowCtrlOptSet     
800467a4  UARTPulseShapingControl        
800467e8  UARTModuleReset                
8004681c  UARTIdleModeConfigure          
80046860  UARTWakeUpControl              
800468a4  UARTAutoIdleModeControl        
800468e8  UARTFlowCtrlTrigLvlConfig      
80046938  UARTXON1XOFF1ValProgram        
80046968  UARTXON2XOFF2ValProgram        
80046998  UARTXONAnyFeatureControl       
80046a5c  UARTLoopbackModeControl        
80046aa0  UARTModemControlSet            
80046ad0  UARTModemControlClear          
80046b00  UARTModemStatusGet             
80046b1c  UARTModemStatusChangeCheck     
80046b38  UARTResumeOperation            
80046b50  UARTWakeUpEventsEnable         
80046b80  UARTWakeUpEventsDisable        
80046bb0  UARTFIFOTrigLvlGranControl     
80046c14  UARTDSRInterruptControl        
80046c58  UARTTxEmptyIntControl          
80046c9c  UARTRXCTSDSRWakeUpConfigure    
80046ce0  UARTRXCTSDSRTransitionStatusGet
80046cfc  UARTDMACounterResetControl     
80046d40  UARTTxFIFOFullStatusGet        
80046d5c  UARTTxFIFOLevelGet             
80046d74  UARTRxFIFOLevelGet             
80046d8c  UARTAutobaudParityGet          
80046dd8  UARTAutobaudWordLenGet         
80046e24  UARTAutobaudSpeedGet           
80046e70  UARTScratchPadRegWrite         
80046eb4  UARTScratchPadRegRead          
80046ed0  UARTModuleVersionNumberGet     
80046eec  UARTTxDMAThresholdControl      
80046f30  UARTTxDMAThresholdValConfig    
80046f74  McSPIClkConfig                 
80047154  McSPIWordLengthSet             
800471bc  McSPICSEnable                  
800471e0  McSPICSDisable                 
80047204  McSPICSPolarityConfig          
8004726c  McSPICSTimeControlSet          
800472d8  McSPICSAssert                  
80047310  McSPICSDeAssert                
80047348  McSPIStartBitEnable            
80047380  McSPIStartBitPolarityConfig    
800473e8  McSPIStartBitDisable           
80047420  McSPIMasterModeEnable          
80047444  McSPIMasterModeConfig          
800475b0  McSPIChannelEnable             
800475e8  McSPIChannelDisable            
80047620  McSPIReset                     
80047654  McSPITurboModeEnable           
8004768c  McSPITurboModeDisable          
800476c4  McSPITxFIFOConfig              
8004772c  McSPIRxFIFOConfig              
80047794  McSPIFIFOTrigLvlSet            
80047894  McSPIWordCountSet              
800478d4  McSPIDMAEnable                 
80047918  McSPIDMADisable                
8004795c  McSPIIntEnable                 
80047988  McSPIIntDisable                
800479b4  McSPIInitDelayConfig           
800479f8  McSPITransmitData              
80047a2c  McSPIReceiveData               
80047a58  McSPIIntStatusGet              
80047a70  McSPIIntStatusClear            
80047aa4  McSPIChannelStatusGet          
80047ad0  McSPIMultipleWordAccessConfig  
80047b14  McSPIFIFODatManagementConfig   
80047b58  McSPI1ModuleClkConfig          
80047cb4  McSPI0ModuleClkConfig          
80047e38  GPIOModuleReset                
80047e6c  GPIOModuleEnable               
80047e90  GPIOModuleDisable              
80047eb4  GPIODirModeSet                 
80047f14  GPIODirModeGet                 
80047f54  GPIOPinWrite                   
80047fa4  GPIOPinRead                    
80047fd4  GPIOMultiplePinsWrite          
80048004  GPIOMultiplePinsRead           
80048028  GPIOPinIntEnable               
80048078  GPIOPinIntDisable              
800480c8  GPIOIntTypeSet                 
80048468  GPIOIntTypeGet                 
80048548  GPIOPinIntStatus               
800485ac  GPIOPinIntClear                
800485fc  GPIORawIntStatus               
80048658  GPIOTriggerPinInt              
800486a8  GPIOWakeupGlobalEnable         
800486cc  GPIOWakeupGlobalDisable        
800486f0  GPIOPinIntWakeUpEnable         
80048750  GPIOPinIntWakeUpDisable        
800487b0  GPIOAutoIdleModeControl        
800487f4  GPIOIdleModeConfigure          
80048838  GPIOGatingRatioConfigure       
8004887c  GPIODebounceFuncControl        
800488cc  GPIODebounceTimeConfig         
800488f0  GPIORevisionInfoGet            
80048908  gpioContextSave                
8004894c  gpioContextRestore             
80048990  Init_GUI                       
800489cc  GUI_DrawInitialScreen          
80048a4c  GUI_DrawInitialScreenProgress  
80048b58  GUI_DrawHomeScreen             
80048dac  GUI_DrawTVRemoteScreen         
80048e38  GUI_LoadItemToRAMG             
80048eb8  GUI_TouchConfig                
80048f18  GUI_DrawNextScreen             
8004903c  GUI_DrawPreviousScreen         
80049088  GUI_DrawScreenCalibration      
800491bc  Init_UART                      
8004920c  UART_Module0ClkConfig          
80049254  UART_PrintChar                 
80049268  UART_PrintBuffer               
800492b4  UART_PrintString               
800492ec  UART_FIFOConfigure             
80049310  UART_BaudRateSet               
80049348  UART_LineCharacSet             
8004938c  UART_Configure                 
800493d8  UART_InterruptConfigure0       
80049404  UART_AddToRXBuffer             
80049534  UART_AddToTXBuffer             
800495e0  UART_GetTXInterruptStatus      
8004965c  CP15ICacheDisable              
80049678  CP15DCacheDisable              
80049694  CP15ICacheEnable               
800496a4  CP15DCacheEnable               
800496b4  CP15DCacheFlush                
80049748  CP15DCacheClean                
800497dc  CP15DCacheCleanFlush           
80049870  CP15ICacheFlush                
80049880  CP15DCacheCleanBuff            
800498d4  CP15DCacheCleanFlushBuff       
80049928  CP15DCacheFlushBuff            
8004998c  CP15ICacheFlushBuff            
800499e0  CP15Ttb0Set                    
800499ec  CP15TlbInvalidate              
800499f8  CP15MMUDisable                 
80049a10  CP15MMUEnable                  
80049a24  CP15VectorBaseAddrSet          
80049a30  CP15BranchPredictorInvalidate  
80049a3c  CP15BranchPredictionEnable     
80049a4c  CP15BranchPredictionDisable    
80049a5c  CP15DomainAccessClientSet      
80049a6c  CP15ControlFeatureDisable      
80049a80  CP15ControlFeatureEnable       
80049a94  CP15TtbCtlTtb0Config           
80049aa4  CP15AuxControlFeatureEnable    
80049ab8  CP15AuxControlFeatureDisable   
80049acc  CP15MainIdPrimPartNumGet       
80049ae4  Init_SPI                       
80049af4  Init_SPI_Module1               
80049c04  Init_SPI_Module0               
80049d14  SPI_INTCConfigure1             
80049d40  SPI_1_ISR                      
80049d44  SPI_WriteByte0                 
80049d9c  SPI_WriteByte1                 
80049df4  SPI_ReadWriteByte0             
80049e4c  SPI_ReadWriteByte1             
80049ea4  SPI_WriteByteNoRx0             
80049ed4  SPI_WriteByteNoRx1             
80049f40  IntRegister                    
80049f64  IntUnRegister                  
80049f84  IntAINTCInit                   
80049ff4  IntPrioritySet                 
8004a02c  IntSystemEnable                
8004a060  IntSystemDisable               
8004a094  IntIfClkFreeRunSet             
8004a0a8  IntIfClkAutoGateSet            
8004a0bc  IntActiveIrqNumGet             
8004a0cc  IntSpurIrqFlagGet              
8004a0e0  IntProtectionEnable            
8004a0f0  IntProtectionDisable           
8004a104  IntSyncClkFreeRunSet           
8004a118  IntSyncClkAutoGateSet          
8004a12c  IntFuncClkFreeRunSet           
8004a140  IntFuncClkAutoGateSet          
8004a154  IntCurrIrqPriorityGet          
8004a164  IntPriorityThresholdGet        
8004a174  IntPriorityThresholdSet        
8004a194  IntRawStatusGet                
8004a1d4  IntSoftwareIntSet              
8004a204  IntSoftwareIntClear            
8004a234  IntPendingIrqMaskedStatusGet   
8004a270  IntMasterIRQEnable             
8004a27c  IntMasterIRQDisable            
8004a288  IntMasterFIQEnable             
8004a294  IntMasterFIQDisable            
8004a2a0  IntMasterStatusGet             
8004a2ac  IntDisable                     
8004a2c4  IntEnable                      
8004a320  Init_GPIO                      
8004a488  GPIO_Module0ClkConfig          
8004a4f0  GPIO_Module1ClkConfig          
8004a558  GPIO_Module2ClkConfig          
8004a5c0  GPIO_Module3ClkConfig          
8004a654  Init_LED                       
8004a658  LED_Show                       
8004a914  GPIO_3A_ISR                    
8004a950  UART_0_ISR                     
8004ab04  InitCMD                        
8004ab14  CMD_CheckMatch                 
8004ac80  CMD_Help                       
8004ac90  CMD_SetNewCommand              
8004aca0  CMD_ClearNewCommand            
8004acb0  CMD_GetNewCommand              
8004acdc  __aeabi_memcpy                 
8004acdc  __aeabi_memcpy4                
8004acdc  __aeabi_memcpy8                
8004acdc  memcpy                         
8004ae5c  main                           
8004afd8  MMUInit                        
8004b038  MMUMemRegionMap                
8004b12c  MMUEnable                      
8004b148  CacheDisable                   
8004b18c  CacheEnable                    
8004b1d8  CacheInstInvalidateAll         
8004b1e4  CacheInstInvalidateBuff        
8004b200  CacheDataCleanInvalidateAll    
8004b20c  CacheDataCleanAll              
8004b218  CacheDataInvalidateAll         
8004b224  CacheDataCleanBuff             
8004b240  CacheDataInvalidateBuff        
8004b25c  CacheDataCleanInvalidateBuff   
8004b278  MSC_BufferCopy                 
8004b2f0  MSC_LowercaseChar              
8004b32c  MSC_DelayUS                    
8004b3a0  GpioPinMuxSetup                
8004b3ac  GPIO1PinMuxSetup               
8004b3bc  GPIO1Pin23PinMuxSetup          
8004b3cc  GPIO1ModuleClkConfig           
8004b420  GPIO0ModuleClkConfig           
8004b4e0  SVC_Handler                    
8004b508  IRQHandler                     
8004b5b4  FIQHandler                     
8004b5b8  AbortHandler                   
8004b5b8  UndefInstHandler               
8004b5d0  __aeabi_uidiv                  
8004b5d0  __aeabi_uidivmod               
8004b6c0  Init_Modules                   
8004b784  MMU_ConfigAndEnable            
8004b82c  __TI_auto_init                 
8004b8d0  copy_in                        
8004b954  CPUirqe                        
8004b964  CPUirqd                        
8004b974  CPUfiqe                        
8004b984  CPUfiqd                        
8004b994  CPUSwitchToUserMode            
8004b9a8  CPUSwitchToPrivilegedMode      
8004b9b0  CPUAbortHandler                
8004b9e0  start_boot                     
8004b9f8  CPUIntStatus                   
8004ba04  __aeabi_idiv0                  
8004ba08  Screens                        
8004bf0a  RAM_CMD_Offset                 
8004bf0c  FT_DispWidth                   
8004bf0e  FT_DispHeight                  
8004bf10  FT_DispHCycle                  
8004bf12  FT_DispHOffset                 
8004bf14  FT_DispHSync0                  
8004bf16  FT_DispHSync1                  
8004bf18  FT_DispVCycle                  
8004bf1a  FT_DispVOffset                 
8004bf1c  FT_DispVSync0                  
8004bf1e  FT_DispVSync1                  
8004bf20  FT_DispPCLK                    
8004bf22  FT_DispSwizzle                 
8004bf24  FT_DispPCLKPol                 
8004bf26  FT_DispCSpread                 
8004bf28  FT_DispDither                  
8004bf2b  NumCommand                     
8004bf2c  UART_RX_place                  
8004bf30  UART_TX_add                    
8004bf34  UART_TX_remove                 
8004c000  bss_start                      
80050000  UART_RX_buffer                 
800507d0  UART_TX_buffer                 
80050fa0  fnRAMVectors                   
800511a0  Command_String                 
800511ac  dummy                          
800511b0  p_PreviousScreen               
800511b4  CurrentScreen                  
800511b5  PreviousPreviousScreen         
800511b6  PreviousScreen                 
800511b7  bss_end                        
87fffff0  __stack                        
87fffff8  __STACK_END                    
ffffffff  __binit__                      
ffffffff  __c_args__                     
ffffffff  binit                          
UNDEFED   SHT$$INIT_ARRAY$$Base          
UNDEFED   SHT$$INIT_ARRAY$$Limit         
UNDEFED   __TI_CINIT_Base                
UNDEFED   __TI_CINIT_Limit               
UNDEFED   __TI_Handler_Table_Base        
UNDEFED   __TI_Handler_Table_Limit       

[428 symbols]
