******************************************************************************
                  TI ARM Linker PC v5.2.6                      
******************************************************************************
>> Linked Tue May 10 12:22:24 2016

OUTPUT FILE NAME:   <BeagleBone_Smart_Controler.out>
ENTRY POINT SYMBOL: "Entry"  address: 80000000


MEMORY CONFIGURATION

         name            origin    length      used     unused   attr    fill
----------------------  --------  ---------  --------  --------  ----  --------
  DDR_MEM               80000000   07ffffff  0017043d  07e8fbc2  RWIX


SEGMENT ALLOCATION MAP

run origin  load origin   length   init length attrs members
----------  ----------- ---------- ----------- ----- -------
80000000    80000000    000000d0   000000d0    r-x
  80000000    80000000    000000d0   000000d0    r-x .text:Entry
80004000    80004000    00106801   00000000    rw-
  80004000    80004000    00106801   00000000    rw- .bss
8010a804    8010a804    000654cc   000654cc    r-x
  8010a804    8010a804    00042d00   00042d00    r-- .const
  8014d504    8014d504    000227cc   000227cc    r-x .text
8016fcd0    8016fcd0    00004698   00004698    rw-
  8016fcd0    8016fcd0    00004698   00004698    rw- .data
87fffff0    87fffff0    00000008   00000000    rw-
  87fffff0    87fffff0    00000008   00000000    rw- .stack


SECTION ALLOCATION MAP

 output                                  attributes/
section   page    origin      length       input sections
--------  ----  ----------  ----------   ----------------
.text:Entry 
*          0    80000000    000000d0     
                  80000000    000000c8     system.lib : init.obj (.text:Entry)
                  800000c8    00000008     rtsv7A8_A_le_n_eabi.lib : autoinit.obj (.tramp.__TI_auto_init.1)

.bss       0    80004000    00106801     UNINITIALIZED
                  80004000    00100000     ramdisk.obj (.bss:ram_disk)
                  80104000    00004000     MEMORY.obj (.bss:pageTable)
                  80108000    00000830     usb_msc_structs.obj (.bss:g_sMSCInstance)
                  80108830    000007d0     UART.obj (.bss:UART_RX_buffer)
                  80109000    000007d0     UART.obj (.bss:UART_TX_buffer)
                  801097d0    000003e8     MISC.obj (.bss:MISC_Buffer)
                  80109bb8    00000004     (.common:FatFs)
                  80109bbc    00000004     (.common:dummy)
                  80109bc0    00000230     SD.obj (.bss:g_sFatFs)
                  80109df0    00000010     (.common:I2C_0_Buffers)
                  80109e00    00000228     main.obj (.bss:fileWrite)
                  8010a028    00000200     interrupt.obj (.bss:fnRAMVectors)
                  8010a228    00000200     SD.obj (.bss:g_cCmdBuf)
                  8010a428    00000100     SD.obj (.bss:cb_Fxn)
                  8010a528    000000a8     usbdenum.obj (.bss:g_psUSBDevice)
                  8010a5d0    00000050     SD.obj (.bss:ctrlInfo)
                  8010a620    00000050     SD.obj (.bss:sdCard)
                  8010a670    00000040     POWER.obj (.bss:Voltage)
                  8010a6b0    0000000c     (.common:Command_String)
                  8010a6bc    00000004     (.common:g_sDriveInformation)
                  8010a6c0    00000040     mmcsd_proto.obj (.bss:dataBuffer)
                  8010a700    00000040     usbdmsc.obj (.bss:g_pucCommand)
                  8010a740    00000040     usbdenum.obj (.bss:g_pucDataBufferIn)
                  8010a780    00000030     usbdata.obj (.bss:g_USBInstance)
                  8010a7b0    00000018     (.common:fat_devices)
                  8010a7c8    0000000c     (.common:g_pfTickHandlers)
                  8010a7d4    0000000c     (.common:g_pvTickInstance)
                  8010a7e0    0000000a     (.common:CurrentTimeDate)
                  8010a7ea    00000002     (.common:Fsid)
                  8010a7ec    00000004     (.common:p_CurrentScreen)
                  8010a7f0    00000004     (.common:p_CurrentWAVFile)
                  8010a7f4    00000004     (.common:p_PreviousScreen)
                  8010a7f8    00000004     (.common:regionId)
                  8010a7fc    00000001     (.common:CurrentScreen)
                  8010a7fd    00000001     (.common:PreviousPreviousScreen)
                  8010a7fe    00000001     (.common:PreviousScreen)
                  8010a7ff    00000001     (.common:USB0_MSCState)
                  8010a800    00000001     (.common:USB0_Status)

.TI.noinit 
*          0    80004000    00000000     UNINITIALIZED

.const     0    8010a804    00042d00     
                  8010a804    0003fc00     BITMAP_CHARLIE_BEACH.obj (.const:.string:BITMAP_CharlieBeach)
                  8014a404    00002bc0     BITMAP_TV_REMOTE.obj (.const:.string:BITMAP_TVRemote)
                  8014cfc4    00000101     rtsv7A8_A_le_n_eabi.lib : ctype.obj (.const:.string:_ctypes_)
                  8014d0c5    00000100     main.obj (.const:.string:$P$T0$1)
                  8014d1c5    00000001     --HOLE-- [fill = 0]
                  8014d1c6    00000078     usbdenum.obj (.const:g_sUSBDefaultFIFOConfig)
                  8014d23e    00000058     BITMAP_USB_SYMBOL.obj (.const:.string:BITMAP_USB_Symbol)
                  8014d296    00000002     --HOLE-- [fill = 0]
                  8014d298    00000054     MEMORY.obj (.const)
                  8014d2ec    00000048     usb_msc_structs.obj (.const:g_sMSCDevice)
                  8014d334    00000038     system.lib : startup.obj (.const:vecTbl)
                  8014d36c    00000034     usb_msc_structs.obj (.const:.string:g_pManufacturerString)
                  8014d3a0    00000034     usbdenum.obj (.const:g_psUSBDStdRequests)
                  8014d3d4    00000030     usb_msc_structs.obj (.const:.string:g_pConfigString)
                  8014d404    00000029     usbdmsc.obj (.const:.string)
                  8014d42d    00000028     usb_msc_structs.obj (.const:.string:g_pDataInterfaceString)
                  8014d455    00000028     usb_msc_structs.obj (.const:.string:g_pProductString)
                  8014d47d    00000003     --HOLE-- [fill = 0]
                  8014d480    0000001d     usbdmsc.obj (.const)
                  8014d49d    00000003     --HOLE-- [fill = 0]
                  8014d4a0    00000018     usb_msc_structs.obj (.const)
                  8014d4b8    00000016     usb_msc_structs.obj (.const:.string)
                  8014d4ce    00000002     --HOLE-- [fill = 0]
                  8014d4d0    00000010     CMD.obj (.const)
                  8014d4e0    0000000c     BITMAP_CHARLIE_BEACH.obj (.const)
                  8014d4ec    0000000c     BITMAP_TV_REMOTE.obj (.const)
                  8014d4f8    0000000c     BITMAP_USB_SYMBOL.obj (.const)

.text      0    8014d504    000227cc     
                  8014d504    000044b0     ff.obj (.text)
                  801519b4    00003724     usbdmsc.obj (.text)
                  801550d8    00002a68     LCD.obj (.text)
                  80157b40    00002268     usbdenum.obj (.text)
                  80159da8    00001d10     uart_irda_cir.obj (.text)
                  8015bab8    00001a70     rtsv7A8_A_le_n_eabi.lib : _printfi.obj (.text)
                  8015d528    00001a40     edma.obj (.text)
                  8015ef68    00001588     rtc.obj (.text)
                  801604f0    0000140c     tsc_adc.obj (.text)
                  801618fc    00000ec4     mcspi.obj (.text)
                  801627c0    00000de0     mmcsd_proto.obj (.text)
                  801635a0    00000d78     SD.obj (.text)
                  80164318    00000cf8     GUI.obj (.text)
                  80165010    00000b98     gpio_v2.obj (.text)
                  80165ba8    00000b34     hsi2c.obj (.text)
                  801666dc    00000a90     hs_mmcsd.obj (.text)
                  8016716c    000008d8     MISC.obj (.text)
                  80167a44    00000830     usbdconfig.obj (.text)
                  80168274    00000788     dmtimer.obj (.text)
                  801689fc    000006c4     FRAM.obj (.text)
                  801690c0    000005e0     INTERRUPTS.obj (.text)
                  801696a0    00000544     usbdcdesc.obj (.text)
                  80169be4    00000510     SPI.obj (.text)
                  8016a0f4    00000504     AUDIO.obj (.text)
                  8016a5f8    000004a0     UART.obj (.text)
                  8016aa98    00000498     GPIO.obj (.text)
                  8016af30    00000488     system.lib : cp15.obj (.text)
                  8016b3b8    000003e4     interrupt.obj (.text)
                  8016b79c    000003e4     main.obj (.text)
                  8016bb80    00000378     hs_mmcsdlib.obj (.text)
                  8016bef8    00000360     usbdesc.obj (.text)
                  8016c258    0000033c     RTCC.obj (.text)
                  8016c594    000002e8     WAV.obj (.text)
                  8016c87c    000002c0     LEDS.obj (.text)
                  8016cb3c    000002b8     rtsv7A8_A_le_n_eabi.lib : ull_div32.obj (.text)
                  8016cdf4    0000029c     ADC.obj (.text)
                  8016d090    00000290     I2C.obj (.text)
                  8016d320    00000268     TIMERS.obj (.text)
                  8016d588    00000214     rtsv7A8_A_le_n_eabi.lib : fd_add32.obj (.text)
                  8016d79c    00000204     TEST.obj (.text)
                  8016d9a0    000001d8     CMD.obj (.text)
                  8016db78    000001a8     rtsv7A8_A_le_n_eabi.lib : xdscale.obj (.text)
                  8016dd20    00000190                             : fd_div32.obj (.text)
                  8016deb0    00000180                             : memcpy32.obj (.text)
                  8016e030    00000178     POWER.obj (.text)
                  8016e1a8    00000178     USB.obj (.text)
                  8016e320    00000170     mmu.obj (.text)
                  8016e490    00000160     rtsv7A8_A_le_n_eabi.lib : xdnorm.obj (.text)
                  8016e5f0    00000144     usbtick.obj (.text)
                  8016e734    0000013c     ramdisk.obj (.text)
                  8016e870    00000130     cache.obj (.text)
                  8016e9a0    00000128     rtsv7A8_A_le_n_eabi.lib : fd_mul32.obj (.text)
                  8016eac8    00000114                             : i_div32.obj (.text)
                  8016ebdc    00000110     SYSTEM.obj (.text)
                  8016ecec    0000010c     system.lib : exceptionhandler.obj (.text)
                  8016edf8    000000f4     usbdmscglue.obj (.text)
                  8016eeec    000000f0     rtsv7A8_A_le_n_eabi.lib : u_div32.obj (.text)
                  8016efdc    000000e0                             : fd_cmp32.obj (.text:__aeabi_cdcmple)
                  8016f0bc    000000e0                             : fd_cmp32.obj (.text:__aeabi_cdrcmple)
                  8016f19c    000000c8     usbphyGS70.obj (.text)
                  8016f264    000000b8     rtsv7A8_A_le_n_eabi.lib : xdunscal.obj (.text)
                  8016f31c    000000b0     PMIC.obj (.text)
                  8016f3cc    000000b0     rtsv7A8_A_le_n_eabi.lib : memset32.obj (.text)
                  8016f47c    000000a8     MEMORY.obj (.text)
                  8016f524    000000a8     rtsv7A8_A_le_n_eabi.lib : sprintf.obj (.text)
                  8016f5cc    000000a4                             : autoinit.obj (.text)
                  8016f670    00000084                             : atoi.obj (.text)
                  8016f6f4    00000084                             : cpy_tbl.obj (.text)
                  8016f778    00000080                             : ltoa.obj (.text)
                  8016f7f8    00000078                             : ldexp.obj (.text)
                  8016f870    00000064                             : signal.obj (.text)
                  8016f8d4    00000060     system.lib : cpu.obj (.text)
                  8016f934    0000005c     rtsv7A8_A_le_n_eabi.lib : fd_toi32.obj (.text)
                  8016f990    0000005c                             : fd_tou32.obj (.text)
                  8016f9ec    00000058                             : feraiseexcept.obj (.text)
                  8016fa44    0000004c                             : raise.obj (.text)
                  8016fa90    00000044                             : xferaise.obj (.text)
                  8016fad4    00000044     system.lib : startup.obj (.text)
                  8016fb18    0000003c     rtsv7A8_A_le_n_eabi.lib : i_tofd32.obj (.text)
                  8016fb54    00000038                             : xdclass.obj (.text)
                  8016fb8c    00000034                             : u_tofd32.obj (.text)
                  8016fbc0    00000030                             : frexp.obj (.text)
                  8016fbf0    0000002c                             : memccpy.obj (.text)
                  8016fc1c    00000028                             : strchr.obj (.text)
                  8016fc44    00000024                             : _lock.obj (.text)
                  8016fc68    00000024                             : ll_lsr32.obj (.text)
                  8016fc8c    0000001c                             : strlen.obj (.text)
                  8016fca8    00000018                             : strcpy.obj (.text)
                  8016fcc0    0000000c     system.lib : cpu.obj (.text:CPUIntStatus)
                  8016fccc    00000004     rtsv7A8_A_le_n_eabi.lib : i_div0.obj (.text)

.data      0    8016fcd0    00004698     
                  8016fcd0    00003cbc     WAV_POST_COMPLETE.obj (.data:WAV_PostComplete)
                  8017398c    00000500     GUI.obj (.data:Screens)
                  80173e8c    00000200     SD.obj (.data:g_cCwdBuf)
                  8017408c    000000b0     rtsv7A8_A_le_n_eabi.lib : signal.obj (.data:sigtable)
                  8017413c    00000004                             : errno.obj (.data)
                  80174140    00000080                             : xvalues.obj (.data)
                  801741c0    00000062     WAV.obj (.data:WAV_Files)
                  80174222    00000002     CMD.obj (.data)
                  80174224    0000004c     usbdmsc.obj (.data:g_sMSCDeviceInfo)
                  80174270    00000030     usbdmsc.obj (.data)
                  801742a0    00000024     SD.obj (.data)
                  801742c4    00000023     LCD.obj (.data)
                  801742e7    0000001f     FRAM.obj (.data)
                  80174306    00000001     ADC.obj (.data)
                  80174307    00000001     I2C.obj (.data)
                  80174308    00000010     AUDIO.obj (.data)
                  80174318    00000010     TIMERS.obj (.data)
                  80174328    0000000c     RTCC.obj (.data)
                  80174334    0000000c     UART.obj (.data)
                  80174340    0000000c     usbtick.obj (.data)
                  8017434c    00000008     rtsv7A8_A_le_n_eabi.lib : _lock.obj (.data)
                  80174354    00000008                             : feraiseexcept.obj (.data)
                  8017435c    00000008     usbdenum.obj (.data)
                  80174364    00000003     GUI.obj (.data)
                  80174367    00000001     USB.obj (.data)

.TI.persistent 
*          0    8016fcd0    00000000     UNINITIALIZED

.stack     0    87fffff0    00000008     UNINITIALIZED
                  87fffff0    00000008     --HOLE--


FAR CALL TRAMPOLINES

callee name               trampoline name
   callee addr  tramp addr   call addr  call info
--------------  -----------  ---------  ----------------
__TI_auto_init            $Tramp$AA$S$$__TI_auto_init
   8016f5cc     800000c8     800000a0   system.lib : init.obj (.text:Entry)

[1 trampolines]
[1 trampoline calls]


GLOBAL SYMBOLS: SORTED ALPHABETICALLY BY Name 

address   name                                 
-------   ----                                 
80169540  ADC_0_ISR                            
8016d060  ADC_ClearFinishedFlag                
8016cfa8  ADC_ConfigureInterrupt               
8016d070  ADC_GetFinishedFlag                  
8016cfd4  ADC_ReadChannels                     
8016d050  ADC_SetFinishedFlag                  
8016a554  AUD_AmpShutdown                      
80174310  AUD_AudioTimeoutCount                
8016a48c  AUD_ClearPlaybackFinishedFlag        
8016a1fc  AUD_ClearPlayingFlag                 
8016a4c4  AUD_ClearTimoutFlag                  
8016a4a8  AUD_GetPlaybackFinishedFlag          
8016a20c  AUD_GetPlayingFlag                   
8016a4d4  AUD_GetTimoutFlag                    
8016a4e0  AUD_IsWAVPlaying                     
8016a0f8  AUD_PlayWAV                          
8016a47c  AUD_SetPlaybackFinishedFlag          
8016a1ec  AUD_SetPlayingFlag                   
8016a4b4  AUD_SetTimoutFlag                    
8016a1c0  AUD_StopWAV                          
8016a4f8  AUD_TestAudio                        
8016a218  AUD_TransferWAVToRAMG                
8016ede0  AbortHandler                         
8017430c  AudioBytesTransferred                
8010a804  BITMAP_CharlieBeach                  
8014a404  BITMAP_TVRemote                      
8014d23e  BITMAP_USB_Symbol                    
801742e6  BackLightSetting                     
8016d9b0  CMD_CheckMatch                       
8016db3c  CMD_ClearNewCommand                  
8016db4c  CMD_GetNewCommand                    
8016db1c  CMD_Help                             
8016db2c  CMD_SetNewCommand                    
8016b38c  CP15AuxControlFeatureDisable         
8016b378  CP15AuxControlFeatureEnable          
8016b320  CP15BranchPredictionDisable          
8016b310  CP15BranchPredictionEnable           
8016b304  CP15BranchPredictorInvalidate        
8016b340  CP15ControlFeatureDisable            
8016b354  CP15ControlFeatureEnable             
8016b01c  CP15DCacheClean                      
8016b154  CP15DCacheCleanBuff                  
8016b0b0  CP15DCacheCleanFlush                 
8016b1a8  CP15DCacheCleanFlushBuff             
8016af4c  CP15DCacheDisable                    
8016af78  CP15DCacheEnable                     
8016af88  CP15DCacheFlush                      
8016b1fc  CP15DCacheFlushBuff                  
8016b330  CP15DomainAccessClientSet            
8016af30  CP15ICacheDisable                    
8016af68  CP15ICacheEnable                     
8016b144  CP15ICacheFlush                      
8016b260  CP15ICacheFlushBuff                  
8016b2cc  CP15MMUDisable                       
8016b2e4  CP15MMUEnable                        
8016b3a0  CP15MainIdPrimPartNumGet             
8016b2c0  CP15TlbInvalidate                    
8016b2b4  CP15Ttb0Set                          
8016b368  CP15TtbCtlTtb0Config                 
8016b2f8  CP15VectorBaseAddrSet                
8016f930  CPUAbortHandler                      
8016fcc0  CPUIntStatus                         
8016f928  CPUSwitchToPrivilegedMode            
8016f914  CPUSwitchToUserMode                  
8016f904  CPUfiqd                              
8016f8f4  CPUfiqe                              
8016f8e4  CPUirqd                              
8016f8d4  CPUirqe                              
8016e934  CacheDataCleanAll                    
8016e94c  CacheDataCleanBuff                   
8016e928  CacheDataCleanInvalidateAll          
8016e984  CacheDataCleanInvalidateBuff         
8016e940  CacheDataInvalidateAll               
8016e968  CacheDataInvalidateBuff              
8016e870  CacheDisable                         
8016e8b4  CacheEnable                          
8016e900  CacheInstInvalidateAll               
8016e90c  CacheInstInvalidateBuff              
8010a6b0  Command_String                       
8014d4d0  Commands                             
8010a7fc  CurrentScreen                        
801742e7  CurrentSystemSettings                
8010a7e0  CurrentTimeDate                      
80168910  DMTimer2ModuleClkConfig              
8016897c  DMTimer3ModuleClkConfig              
801685b4  DMTimerCompareGet                    
80168578  DMTimerCompareSet                    
801687d4  DMTimerContextRestore                
80168754  DMTimerContextSave                   
80168470  DMTimerCounterGet                    
80168434  DMTimerCounterSet                    
801682b4  DMTimerDisable                       
80168274  DMTimerEnable                        
801684f8  DMTimerGPOConfigure                  
80168668  DMTimerIntDisable                    
80168644  DMTimerIntEnable                     
801686c4  DMTimerIntEnableGet                  
801685f0  DMTimerIntRawStatusGet               
801685cc  DMTimerIntRawStatusSet               
80168620  DMTimerIntStatusClear                
80168608  DMTimerIntStatusGet                  
801682f4  DMTimerModeConfigure                 
801688b4  DMTimerPostedModeConfig              
801683f4  DMTimerPreScalerClkDisable           
80168374  DMTimerPreScalerClkEnable            
801684e0  DMTimerReloadGet                     
801684a4  DMTimerReloadSet                     
80168720  DMTimerReset                         
801686dc  DMTimerResetConfigure                
8016868c  DMTimerTriggerSet                    
801688f8  DMTimerWritePostedStatusGet          
8017432a  DefaultTimeDate                      
80163f70  EDMA3AINTCConfigure                  
8015e974  EDMA3CCErrorEvaluate                 
8015d8bc  EDMA3ChannelToParamMap               
8015e7e0  EDMA3ClearErrorBits                  
8015dc40  EDMA3ClrCCErr                        
8015dce0  EDMA3ClrEvt                          
8015e0dc  EDMA3ClrIntr                         
8015db40  EDMA3ClrMissEvt                      
8015ec60  EDMA3ContextRestore                  
8015eab0  EDMA3ContextSave                     
8015e990  EDMA3Deinit                          
8015d7fc  EDMA3DisableChInShadowReg            
8015dde0  EDMA3DisableDmaEvt                   
8015e05c  EDMA3DisableEvtIntr                  
8015de94  EDMA3DisableQdmaEvt                  
8015e710  EDMA3DisableTransfer                 
8015d73c  EDMA3EnableChInShadowReg             
8015dd60  EDMA3EnableDmaEvt                    
8015dfdc  EDMA3EnableEvtIntr                   
8015de5c  EDMA3EnableQdmaEvt                   
8015e640  EDMA3EnableTransfer                  
8015df8c  EDMA3ErrIntrHighStatusGet            
8015e57c  EDMA3FreeChannel                     
8015decc  EDMA3GetCCErrStatus                  
8015df64  EDMA3GetErrIntrStatus                
8015def4  EDMA3GetIntrStatus                   
8015e14c  EDMA3GetPaRAM                        
8015d528  EDMA3Init                            
80163fec  EDMA3Initialize                      
8015df2c  EDMA3IntrStatusHighGet               
8015d8ec  EDMA3MapChToEvtQ                     
8015da38  EDMA3MapQdmaChToPaRAM                
8015d724  EDMA3PeripheralIdGet                 
8015dbec  EDMA3QdmaClrMissEvt                  
8015dfb4  EDMA3QdmaGetErrIntrStatus            
8015e1d0  EDMA3QdmaGetPaRAM                    
8015e3e4  EDMA3QdmaGetPaRAMEntry               
8015e2fc  EDMA3QdmaSetPaRAM                    
8015e390  EDMA3QdmaSetPaRAMEntry               
8015e444  EDMA3RequestChannel                  
8015dc60  EDMA3SetEvt                          
8015e264  EDMA3SetPaRAM                        
8015db04  EDMA3SetQdmaTrigWord                 
8015d9ac  EDMA3UnmapChToEvtQ                   
8015ee18  EDMAModuleClkConfig                  
8015ee10  EDMAVersionGet                       
80163c84  Edma3CCErrorIsr                      
80163b94  Edma3CompletionIsr                   
80000000  Entry                                
8016eddc  FIQHandler                           
80168f84  FRAM_CalculateCRC                    
80168f48  FRAM_Hold                            
80168f9c  FRAM_LoadDefaultSettings             
80168afc  FRAM_LoadSettings                    
80168d2c  FRAM_ReadMemory                      
80168c00  FRAM_ReadStatusRegister              
80168b18  FRAM_SaveSettings                    
80169018  FRAM_Test                            
80168b80  FRAM_WriteDisable                    
80168b44  FRAM_WriteEnable                     
80168c40  FRAM_WriteMemory                     
80168f0c  FRAM_WriteProtect                    
80168e18  FRAM_WriteRead                       
80168bbc  FRAM_WriteStatusRegister             
801742e2  FT_DispCSpread                       
801742e4  FT_DispDither                        
801742cc  FT_DispHCycle                        
801742ce  FT_DispHOffset                       
801742d0  FT_DispHSync0                        
801742d2  FT_DispHSync1                        
801742ca  FT_DispHeight                        
801742dc  FT_DispPCLK                          
801742e0  FT_DispPCLKPol                       
801742de  FT_DispSwizzle                       
801742d4  FT_DispVCycle                        
801742d6  FT_DispVOffset                       
801742d8  FT_DispVSync0                        
801742da  FT_DispVSync1                        
801742c8  FT_DispWidth                         
801659a0  GPIOAutoIdleModeControl              
80165a6c  GPIODebounceFuncControl              
80165abc  GPIODebounceTimeConfig               
801650ec  GPIODirModeGet                       
8016508c  GPIODirModeSet                       
80165a28  GPIOGatingRatioConfigure             
801659e4  GPIOIdleModeConfigure                
80165658  GPIOIntTypeGet                       
801652b8  GPIOIntTypeSet                       
80165068  GPIOModuleDisable                    
80165044  GPIOModuleEnable                     
80165010  GPIOModuleReset                      
801651f4  GPIOMultiplePinsRead                 
801651c4  GPIOMultiplePinsWrite                
8016579c  GPIOPinIntClear                      
80165268  GPIOPinIntDisable                    
80165218  GPIOPinIntEnable                     
80165738  GPIOPinIntStatus                     
80165940  GPIOPinIntWakeUpDisable              
801658e0  GPIOPinIntWakeUpEnable               
8016517c  GPIOPinRead                          
8016512c  GPIOPinWrite                         
801657ec  GPIORawIntStatus                     
80165ae0  GPIORevisionInfoGet                  
80165848  GPIOTriggerPinInt                    
801658bc  GPIOWakeupGlobalDisable              
80165898  GPIOWakeupGlobalEnable               
801690c0  GPIO_3A_ISR                          
8016ad28  GPIO_Module0ClkConfig                
8016ad90  GPIO_Module1ClkConfig                
8016adf8  GPIO_Module2ClkConfig                
8016ae60  GPIO_Module3ClkConfig                
80164e44  GUI_Backlight                        
80164e8c  GUI_ClearBacklightTimeout            
80164d78  GUI_ClearTagTimoutFlag               
80164c34  GUI_CreateTouchCalibration           
80164504  GUI_DrawHomeScreen                   
80164360  GUI_DrawInitialScreen                
801643e8  GUI_DrawInitialScreenProgress        
80164a30  GUI_DrawNextScreen                   
80164b6c  GUI_DrawPreviousScreen               
80164858  GUI_DrawTVRemoteScreen               
80164da8  GUI_DrawTime                         
80164e9c  GUI_GetBacklightTimeout              
80164ec4  GUI_GetCurrentTag                    
80164d88  GUI_GetTagTimoutFlag                 
801648e4  GUI_LoadItemToRAMG                   
80164bb8  GUI_LoadTouchCalibration             
80164d94  GUI_ScreenRefresh                    
80164e7c  GUI_SetBacklightTimeout              
80164ea8  GUI_SetCurrentTag                    
80164d68  GUI_SetTagTimoutFlag                 
80164d4c  GUI_StartNewScreenTagTimer           
801649a4  GUI_TouchConfig                      
80165b80  GpioPinMuxSetup                      
8014d4e0  HEADER_CharlieBeach                  
8014d4ec  HEADER_TVRemote                      
8014d4f8  HEADER_USB_Symbol                    
80166e14  HSMMCSDBlkLenSet                     
8016becc  HSMMCSDBusFreqConfig                 
80166ad8  HSMMCSDBusFreqSet                    
801668fc  HSMMCSDBusPower                      
801668bc  HSMMCSDBusVoltSet                    
8016be8c  HSMMCSDBusWidthConfig                
80166804  HSMMCSDBusWidthSet                   
8016bb80  HSMMCSDCardPresent                   
8016bc90  HSMMCSDCmdSend                       
80163798  HSMMCSDCmdStatusGet                  
80166e54  HSMMCSDCommandSend                   
8016bbb8  HSMMCSDControllerInit                
80164060  HSMMCSDControllerSetup               
80166f44  HSMMCSDDataGet                       
80166a98  HSMMCSDDataTimeoutSet                
80164004  HSMMCSDEdmaInit                      
80164184  HSMMCSDFsMount                       
80166c14  HSMMCSDInitStreamSend                
8016697c  HSMMCSDIntClock                      
8016bb98  HSMMCSDIntEnable                     
80166cd8  HSMMCSDIntrEnable                    
80166d30  HSMMCSDIntrStatusClear               
80166cac  HSMMCSDIntrStatusDisable             
80166c80  HSMMCSDIntrStatusEnable              
80166d0c  HSMMCSDIntrStatusGet                 
80166f98  HSMMCSDIsCardInserted                
80166fb8  HSMMCSDIsCardWriteProtected          
80166d50  HSMMCSDIsCmdComplete                 
80166a78  HSMMCSDIsHSupported                  
801669d4  HSMMCSDIsIntClockStable              
80166db0  HSMMCSDIsXferComplete                
80163ec0  HSMMCSDIsr                           
80166744  HSMMCSDLinesReset                    
80167118  HSMMCSDModuleClkConfig               
801670c0  HSMMCSDPinMuxSetup                   
80166ee8  HSMMCSDResponseGet                   
8016390c  HSMMCSDRxDmaConfig                   
801666dc  HSMMCSDSoftReset                     
80166a38  HSMMCSDSupportedVoltSet              
801667c0  HSMMCSDSystemConfig                  
801639f8  HSMMCSDTxDmaConfig                   
80163ae4  HSMMCSDXferSetup                     
8016381c  HSMMCSDXferStatusGet                 
80166678  I2C0ModuleClkConfig                  
801660e0  I2CActiveOwnAddressGet               
801662f0  I2CAutoIdleDisable                   
801662cc  I2CAutoIdleEnable                    
8016605c  I2CBufferStatus                      
8016639c  I2CClockActivitySelect               
80166164  I2CClockBlockingControl              
801665a4  I2CContextRestore                    
80166550  I2CContextSave                       
8016602c  I2CDMARxEventDisable                 
80165fcc  I2CDMARxEventEnable                  
80165ffc  I2CDMATxEventDisable                 
80165f9c  I2CDMATxEventEnable                  
80165eb8  I2CDataCountGet                      
80165f50  I2CFIFOClear                         
80165ed0  I2CFIFOThresholdConfig               
80166338  I2CGlobalWakeUpDisable               
80166314  I2CGlobalWakeUpEnable                
8016635c  I2CIdleModeSelect                    
80165c6c  I2CMasterBusBusy                     
80165ca4  I2CMasterBusy                        
80165ce8  I2CMasterControl                     
80166530  I2CMasterDataGet                     
80166510  I2CMasterDataPut                     
80165c48  I2CMasterDisable                     
80165c24  I2CMasterEnable                      
80165cc0  I2CMasterErr                         
80165ba8  I2CMasterInitExpClk                  
80165e18  I2CMasterIntClearEx                  
80165d80  I2CMasterIntDisableEx                
80165d54  I2CMasterIntEnableEx                 
80165ddc  I2CMasterIntRawStatus                
80165e38  I2CMasterIntRawStatusClearEx         
80165df4  I2CMasterIntRawStatusEx              
80165da0  I2CMasterIntStatus                   
80165db8  I2CMasterIntStatusEx                 
80165e78  I2CMasterSlaveAddrGet                
80165e58  I2CMasterSlaveAddrSet                
80165d0c  I2CMasterStart                       
80165d30  I2CMasterStop                        
80166230  I2COwnAddressSet                     
80165e98  I2CSetDataCount                      
801662a8  I2CSoftReset                         
801664f4  I2CSystemStatusGet                   
80166468  I2CWakeUpDisable                     
801663dc  I2CWakeUpEnable                      
80109df0  I2C_0_Buffers                        
801693cc  I2C_0_ISR                            
8016d2d4  I2C_ClearFailFlag0                   
8016d2e4  I2C_GetFailFlag0                     
8016d0e4  I2C_InterruptConfigure0              
8016d110  I2C_SendReceiveData0                 
8016d2c4  I2C_SetFailFlag0                     
8016ed30  IRQHandler                           
8016d9a0  InitCMD                              
8016cdf4  Init_ADC                             
8016a0f4  Init_Audio                           
801689fc  Init_FRAM                            
8016aa98  Init_GPIO                            
80164318  Init_GUI                             
8016d090  Init_I2C                             
8016d09c  Init_I2C_Module0                     
801550d8  Init_LCD                             
8016c87c  Init_LED                             
8016ebdc  Init_Modules                         
8016f31c  Init_PMIC                            
8016e030  Init_Power                           
8016c258  Init_RTC                             
801635a0  Init_SD                              
80169be4  Init_SPI                             
80169da0  Init_SPI_Module0                     
80169bf4  Init_SPI_Module1                     
8016d79c  Init_Test                            
8016d330  Init_Timer2                          
8016d3a8  Init_Timer3                          
8016d320  Init_Timers                          
8016a5f8  Init_UART                            
8016e1a8  Init_USB                             
8016e1b4  Init_USB0                            
8016c594  Init_WAV                             
8016b400  IntAINTCInit                         
8016b538  IntActiveIrqNumGet                   
8016b5d0  IntCurrIrqPriorityGet                
8016b728  IntDisable                           
8016b740  IntEnable                            
8016b5bc  IntFuncClkAutoGateSet                
8016b5a8  IntFuncClkFreeRunSet                 
8016b524  IntIfClkAutoGateSet                  
8016b510  IntIfClkFreeRunSet                   
8016b710  IntMasterFIQDisable                  
8016b704  IntMasterFIQEnable                   
8016b6f8  IntMasterIRQDisable                  
8016b6ec  IntMasterIRQEnable                   
8016b71c  IntMasterStatusGet                   
8016b6b0  IntPendingIrqMaskedStatusGet         
8016b470  IntPrioritySet                       
8016b5e0  IntPriorityThresholdGet              
8016b5f0  IntPriorityThresholdSet              
8016b56c  IntProtectionDisable                 
8016b55c  IntProtectionEnable                  
8016b610  IntRawStatusGet                      
8016b3bc  IntRegister                          
8016b680  IntSoftwareIntClear                  
8016b650  IntSoftwareIntSet                    
8016b548  IntSpurIrqFlagGet                    
8016b594  IntSyncClkAutoGateSet                
8016b580  IntSyncClkFreeRunSet                 
8016b4dc  IntSystemDisable                     
8016b4a8  IntSystemEnable                      
8016b3e0  IntUnRegister                        
8016e664  InternalUSBRegisterTickHandler       
8016e69c  InternalUSBStartOfFrameTick          
8016e5f0  InternalUSBTickInit                  
80157b1c  LCD_ClearInterruptFlag               
80157b2c  LCD_GetInterruptFlag                 
80155cb8  LCD_IncrementWriteOffset             
8015545c  LCD_Interrupt                        
8015536c  LCD_InterruptConfigure               
801553ec  LCD_InteruptDisable                  
801553b8  LCD_InteruptEnable                   
80155420  LCD_Reset                            
80155d34  LCD_SendRAMAddress                   
80157b0c  LCD_SetInterruptFlag                 
80155db0  LCD_WaitCoprocessorDone              
80155cf8  LCD_WriteCommandParameters           
80155c34  LCD_cmd                              
80156d7c  LCD_cmd_append                       
80156158  LCD_cmd_bgcolor                      
80155f2c  LCD_cmd_button                       
80157530  LCD_cmd_calibrate                    
801560a0  LCD_cmd_clock                        
8015745c  LCD_cmd_coldstart                    
801567e0  LCD_cmd_dial                         
801561fc  LCD_cmd_fgcolor                      
80156308  LCD_cmd_gauge                        
801570b0  LCD_cmd_getmatrix                    
801571c4  LCD_cmd_getprops                     
8015716c  LCD_cmd_getptr                       
80156298  LCD_cmd_gradcolor                    
801563bc  LCD_cmd_gradient                     
80156de8  LCD_cmd_inflate                      
8015746c  LCD_cmd_interrupt                    
80156460  LCD_cmd_keys                         
80156ef8  LCD_cmd_loadidentity                 
80156e8c  LCD_cmd_loadimage                    
80157ac8  LCD_cmd_logo                         
80157254  LCD_cmd_mediafifo                    
80156cf4  LCD_cmd_memcpy                       
80156ad0  LCD_cmd_memcrc                       
80156bbc  LCD_cmd_memset                       
80156c40  LCD_cmd_memwrite                     
80156b50  LCD_cmd_memzero                      
80156a3c  LCD_cmd_number                       
801572c0  LCD_cmd_playvideo                    
801565d0  LCD_cmd_progress                     
801574c4  LCD_cmd_regread                      
80157588  LCD_cmd_romfont                      
80157014  LCD_cmd_rotate                       
80156fa8  LCD_cmd_scale                        
801578e4  LCD_cmd_screensaver                  
8015667c  LCD_cmd_scrollbar                    
801569e4  LCD_cmd_setbase                      
80157790  LCD_cmd_setbitmap                    
801575f4  LCD_cmd_setfont                      
80157660  LCD_cmd_setfont2                     
8015706c  LCD_cmd_setmatrix                    
80157738  LCD_cmd_setrotate                    
801576e0  LCD_cmd_setscratch                   
80157928  LCD_cmd_sketch                       
80156734  LCD_cmd_slider                       
801579cc  LCD_cmd_snapshot                     
80157a24  LCD_cmd_snapshot2                    
8015781c  LCD_cmd_spinner                      
801578a0  LCD_cmd_stop                         
80155dd4  LCD_cmd_text                         
80156874  LCD_cmd_toggle                       
801573c8  LCD_cmd_track                        
80156f3c  LCD_cmd_translate                    
8015735c  LCD_cmd_videoframe                   
80157318  LCD_cmd_videostart                   
801554ec  LCD_ft810memRead16                   
8015555c  LCD_ft810memRead32                   
80155498  LCD_ft810memRead8                    
8015563c  LCD_ft810memWrite16                  
801556a8  LCD_ft810memWrite32                  
801555fc  LCD_ft810memWrite8                   
8015574c  LCD_ft810memWriteBuffer              
80155c5c  LCD_host_command                     
8015591c  LCD_rd16                             
80155934  LCD_rd32                             
80155908  LCD_rd8                              
80155af8  LCD_rd_buffer                        
8015585c  LCD_wr16                             
80155878  LCD_wr32                             
80155840  LCD_wr8                              
80155894  LCD_wr8s                             
80155948  LCD_wr_buffer                        
8016c880  LED_Show                             
80174314  LastWritePointerAddress              
801097d0  MISC_Buffer                          
801676b0  MISC_CRC_CRC16                       
801678d4  MISC_Calculate_CRC16                 
801627e4  MMCSDAppCmdSend                      
80162860  MMCSDBusWidthSet                     
80162bc8  MMCSDCardInit                        
80162b90  MMCSDCardPresent                     
80162a94  MMCSDCardReset                       
80162b34  MMCSDCardTypeCheck                   
801627c0  MMCSDCmdSend                         
8016704c  MMCSDContextRestore                  
80166fd8  MMCSDContextSave                     
80162b74  MMCSDCtrlInit                        
80162bac  MMCSDIntEnable                       
80163414  MMCSDReadCmdSend                     
80162adc  MMCSDStopCmdSend                     
8016292c  MMCSDTranSpeedSet                    
801632bc  MMCSDWriteCmdSend                    
8016e474  MMUEnable                            
8016e320  MMUInit                              
8016e380  MMUMemRegionMap                      
8016f47c  MMU_ConfigAndEnable                  
801673cc  MSC_BCDtoHEX                         
8016716c  MSC_BufferCopy                       
801672ac  MSC_DelayNOP                         
80167220  MSC_DelayUS                          
801674f0  MSC_EndianLong                       
8016755c  MSC_EndianLongArray                  
80167470  MSC_EndianShort                      
801674ac  MSC_EndianShortArray                 
80167318  MSC_HEXtoBCD                         
801671e4  MSC_LowercaseChar                    
801675ec  MSC_ReverseByte                      
801672e4  MSC_Round                            
8016263c  McSPI0ModuleClkConfig                
801624e0  McSPI1ModuleClkConfig                
80161c60  McSPICSAssert                        
80161c98  McSPICSDeAssert                      
80161b68  McSPICSDisable                       
80161b44  McSPICSEnable                        
80161b8c  McSPICSPolarityConfig                
80161bf4  McSPICSTimeControlSet                
80161f70  McSPIChannelDisable                  
80161f38  McSPIChannelEnable                   
8016242c  McSPIChannelStatusGet                
801618fc  McSPIClkConfig                       
801622a0  McSPIDMADisable                      
8016225c  McSPIDMAEnable                       
8016249c  McSPIFIFODatManagementConfig         
8016211c  McSPIFIFOTrigLvlSet                  
8016233c  McSPIInitDelayConfig                 
80162310  McSPIIntDisable                      
801622e4  McSPIIntEnable                       
801623f8  McSPIIntStatusClear                  
801623e0  McSPIIntStatusGet                    
80161dcc  McSPIMasterModeConfig                
80161da8  McSPIMasterModeEnable                
80162458  McSPIMultipleWordAccessConfig        
801623b4  McSPIReceiveData                     
80161fa8  McSPIReset                           
801620b4  McSPIRxFIFOConfig                    
80161d70  McSPIStartBitDisable                 
80161cd0  McSPIStartBitEnable                  
80161d08  McSPIStartBitPolarityConfig          
80162380  McSPITransmitData                    
80162014  McSPITurboModeDisable                
80161fdc  McSPITurboModeEnable                 
8016204c  McSPITxFIFOConfig                    
8016221c  McSPIWordCountSet                    
80161adc  McSPIWordLengthSet                   
80174223  NumCommand                           
8016f33c  PMIC_ReadRegister                    
8016f37c  PMIC_WriteRegister                   
8016e03c  PWR_ReadVoltages                     
8010a7fd  PreviousPreviousScreen               
8010a7fe  PreviousScreen                       
801742c6  RAM_CMD_Offset                       
8016e734  RAM_disk_initialize                  
8016e80c  RAM_disk_ioctl                       
8016e74c  RAM_disk_read                        
8016e7ac  RAM_disk_write                       
80160148  RTC32KClkClockControl                
801600e4  RTC32KClkSourceSelect                
80160488  RTCAlarm2CalendarSet                 
801603fc  RTCAlarm2IntStatusClear              
801603e0  RTCAlarm2IntStatusGet                
80160420  RTCAlarm2TimeSet                     
8015fe30  RTCAlarmCalendarGet                  
8015fdd0  RTCAlarmCalendarSet                  
8015fd14  RTCAlarmDayOfMonthGet                
8015fce0  RTCAlarmDayOfMonthSet                
8015fb40  RTCAlarmHourGet                      
8015fb9c  RTCAlarmHourMeridiemGet              
8015fb5c  RTCAlarmHourMeridiemSet              
8015fb0c  RTCAlarmHourSet                      
8015f1a4  RTCAlarmIntStatusClear               
8015f188  RTCAlarmIntStatusGet                 
8015faf0  RTCAlarmMinuteGet                    
8015fabc  RTCAlarmMinuteSet                    
8015fd64  RTCAlarmMonthGet                     
8015fd30  RTCAlarmMonthSet                     
8015faa0  RTCAlarmSecondGet                    
8015fa6c  RTCAlarmSecondSet                    
8015fc20  RTCAlarmTimeGet                      
8015fbb8  RTCAlarmTimeSet                      
8015fdb4  RTCAlarmYearGet                      
8015fd80  RTCAlarmYearSet                      
8015f2c0  RTCAutoCompDisable                   
8015f27c  RTCAutoCompEnable                    
8015f150  RTCBusyStatusGet                     
8015f9f4  RTCCalendarGet                       
8015f984  RTCCalendarSet                       
8015fed4  RTCCompensationGet                   
8015fe90  RTCCompensationSet                   
801602b8  RTCConfigPmicExtWake                 
80160310  RTCConfigPmicExtWakeDebounce         
80160258  RTCConfigPmicExtWakePolarity         
80160214  RTCConfigPmicPowerEnable             
8015f72c  RTCDayOfMonthGet                     
8015f6f8  RTCDayOfMonthSet                     
8015f81c  RTCDayOfTheWeekGet                   
8015f7e8  RTCDayOfTheWeekSet                   
8015f49c  RTCDisable                           
8015f4e0  RTCEnable                            
8015f548  RTCEnableStatus                      
8015f1c8  RTCEventUpdateGet                    
801601d0  RTCFeedbackResistanceSelect          
8015f680  RTCHourGet                           
8015f398  RTCHourModeGet                       
8015f314  RTCHourModeSet                       
8015f64c  RTCHourSet                           
8015ffcc  RTCIdleModeConfigure                 
801603ac  RTCIntAlarm2Enable                   
8015f094  RTCIntAlarmDisable                   
8015f060  RTCIntAlarmEnable                    
8015f11c  RTCIntTimerDisable                   
8015f0c8  RTCIntTimerEnable                    
8015f6dc  RTCMeridiemGet                       
8015f69c  RTCMeridiemSet                       
8015f228  RTCMinRoundingDisable                
8015f1e4  RTCMinRoundingEnable                 
8015f630  RTCMinuteGet                         
8015f5fc  RTCMinuteSet                         
8015f77c  RTCMonthGet                          
8015f748  RTCMonthSet                          
8016018c  RTCOscillatorStateControl            
80160370  RTCPmicExtWakeStatusClear            
8015ffb4  RTCRevisionIDGet                     
8015ef68  RTCRun                               
8015f16c  RTCRunStatusGet                      
8015ff58  RTCScratchPadGet                     
8015ff18  RTCScratchPadSet                     
8015f5e0  RTCSecondGet                         
8015f5ac  RTCSecondSet                         
8015f420  RTCSet32CounterDisable               
8015f3b4  RTCSet32CounterEnable                
8015ff90  RTCSoftwareReset                     
8015f588  RTCSplitPwrDisable                   
8015f564  RTCSplitPwrEnable                    
8015efac  RTCStop                              
801600a0  RTCTestModeControl                   
8015f8d4  RTCTimeGet                           
8015f838  RTCTimeSet                           
80160018  RTCWakeUpAlarmEventControl           
8016005c  RTCWakeUpTimerEventControl           
8015f038  RTCWriteProtectDisable               
8015f010  RTCWriteProtectEnable                
8015f7cc  RTCYearGet                           
8015f798  RTCYearSet                           
8016c304  RTC_ClearFlag                        
8016c314  RTC_GetFlag                          
8016c404  RTC_GetTimeDate                      
801693b8  RTC_ISR                              
8016c2c8  RTC_InterruptConfigure               
8016c4e0  RTC_ModuleClkConfig                  
8016c2f4  RTC_SetFlag                          
8016c320  RTC_SetTimeDate                      
801604e8  RtcVersionGet                        
UNDEFED   SHT$$INIT_ARRAY$$Base                
UNDEFED   SHT$$INIT_ARRAY$$Limit               
801695c0  SPI_1_ISR                            
80169eb0  SPI_INTCConfigure1                   
80169f94  SPI_ReadWriteByte0                   
80169ff0  SPI_ReadWriteByte1                   
80169edc  SPI_WriteByte0                       
80169f38  SPI_WriteByte1                       
8016a04c  SPI_WriteByteNoRx0                   
8016a080  SPI_WriteByteNoRx1                   
8016ed08  SVC_Handler                          
8017398c  Screens                              
8016d7ec  TEST_Setpoint1                       
8016d828  TEST_Setpoint2                       
8016d864  TEST_Setpoint3                       
8016d8a0  TEST_Togglepoint1                    
8016d8f0  TEST_Togglepoint2                    
8016d940  TEST_Togglepoint3                    
8016929c  TMR_2_ISR                            
80169380  TMR_3_ISR                            
80174320  TMR_AudioPlaybackTimer               
80174324  TMR_BacklightTimer                   
8016d414  TMR_CalculateReload                  
8016d53c  TMR_ClearMISCTimerFlag               
8016d54c  TMR_GetMISCTimerFlag                 
8016d4b8  TMR_GetNewScreenTagTimerEnabled      
8016d460  TMR_InterruptConfigure2              
8016d48c  TMR_InterruptConfigure3              
8017431c  TMR_NewScreenTagTimer                
8016d50c  TMR_ResetAudioPlaybackTimer          
8016d51c  TMR_ResetBacklightTimer              
8016d4fc  TMR_ResetNewScreenTagTimer           
8016d52c  TMR_SetMISCTimerFlag                 
8016d4c4  TMR_SetNewScreenTagTimerEnabled      
8016085c  TSCADCBiasConfig                     
80160fa0  TSCADCChargeStepAnalogGroundConfig   
80160f00  TSCADCChargeStepAnalogSupplyConfig   
80160e34  TSCADCChargeStepConfig               
80160de8  TSCADCChargeStepOperationModeControl 
80160700  TSCADCConfigHWEventPrempt            
80160a54  TSCADCConfigureAFEClock              
80160aa4  TSCADCConfigureMisc                  
80160b14  TSCADCConfigureStepEnable            
801606a8  TSCADCDMAFIFODisable                 
80160678  TSCADCDMAFIFOEnable                  
80160638  TSCADCEventInterruptDisable          
8016060c  TSCADCEventInterruptEnable           
80161604  TSCADCFIFOADCDataRead                
801615d8  TSCADCFIFOChannelIDRead              
80161690  TSCADCFIFODMAThresholdLevelConfig    
80161658  TSCADCFIFOIRQThresholdLevelConfig    
8016162c  TSCADCFIFOWordCountRead              
801604f0  TSCADCGetRevision                    
80160740  TSCADCHWEventMapSet                  
80160508  TSCADCIdleModeSet                    
80160d1c  TSCADCIdleStepAnalogGroundConfig     
80160c7c  TSCADCIdleStepAnalogSupplyConfig     
80160bb0  TSCADCIdleStepConfig                 
80160b64  TSCADCIdleStepOperationModeControl   
801605f4  TSCADCIntStatus                      
801605b0  TSCADCIntStatusClear                 
801605d0  TSCADCIntStatusRead                  
801606d8  TSCADCIsDMAFIFOEnabled               
801616c8  TSCADCModuleClkConfig                
80160924  TSCADCModuleStateSet                 
801609e4  TSCADCOutputRangeConfig              
80160598  TSCADCRawIntStatus                   
80160574  TSCADCRawIntStatusRead               
80160548  TSCADCRawIntStatusSet                
801609c8  TSCADCSequencerCurrentStepID         
801609a8  TSCADCSequencerFSMBusyStatus         
80160964  TSCADCSequencerPenIrqStatusRead      
80160800  TSCADCSetADCPowerDown                
80160838  TSCADCSetADCPowerUp                  
801608c0  TSCADCStepConfigProtectionDisable    
8016089c  TSCADCStepConfigProtectionEnable     
801608e4  TSCADCStepIDTagConfig                
8016106c  TSCADCTSChargeStepOpenDelayConfig    
801607c0  TSCADCTSModeConfig                   
801612c8  TSCADCTSStepAnalogGroundConfig       
801611f8  TSCADCTSStepAnalogSupplyConfig       
80161488  TSCADCTSStepAverageConfig            
801610ec  TSCADCTSStepConfig                   
80161434  TSCADCTSStepFIFOSelConfig            
801614dc  TSCADCTSStepModeConfig               
80161584  TSCADCTSStepOpenDelayConfig          
8016108c  TSCADCTSStepOperationModeControl     
80161404  TSCADCTSStepOutOfRangeCheckDisable   
801613d4  TSCADCTSStepOutOfRangeCheckEnable    
80161530  TSCADCTSStepSampleDelayConfig        
80160780  TSCADCTSTransistorConfig             
80160658  TSCADCWakeUpPenEventConfig           
8015b3e8  UARTAutoIdleModeControl              
8015b194  UARTAutoRTSAutoCTSControl            
8015b8d0  UARTAutobaudParityGet                
8015b968  UARTAutobaudSpeedGet                 
8015b91c  UARTAutobaudWordLenGet               
8015a130  UARTBreakCtl                         
8015ae70  UARTCharGet                          
8015ae18  UARTCharGetNonBlocking               
8015aec8  UARTCharGetTimeout                   
8015af58  UARTCharPut                          
8015adac  UARTCharPutNonBlocking               
8015ad58  UARTCharsAvail                       
8015b840  UARTDMACounterResetControl           
8015a66c  UARTDMADisable                       
8015a610  UARTDMAEnable                        
8015b758  UARTDSRInterruptControl              
8015a074  UARTDivisorLatchDisable              
8015a050  UARTDivisorLatchEnable               
80159ecc  UARTDivisorLatchWrite                
80159e08  UARTDivisorValCompute                
8015a790  UARTEnhanFuncBitValRestore           
8015a730  UARTEnhanFuncEnable                  
8015afcc  UARTFIFOCharGet                      
8015afac  UARTFIFOCharPut                      
8015a24c  UARTFIFOConfig                       
8015b140  UARTFIFOEnableStatusGet              
8015a6a4  UARTFIFORegisterWrite                
8015b6f4  UARTFIFOTrigLvlGranControl           
8015afe8  UARTFIFOWrite                        
8015b42c  UARTFlowCtrlTrigLvlConfig            
8015b360  UARTIdleModeConfigure                
8015ac3c  UARTIntDisable                       
8015ab58  UARTIntEnable                        
8015b0a0  UARTIntIdentityGet                   
8015b0ec  UARTIntPendingStatusGet              
8015a174  UARTLineCharacConfig                 
8015b5a0  UARTLoopbackModeControl              
8015b614  UARTModemControlClear                
8015b5e4  UARTModemControlSet                  
8015b660  UARTModemStatusChangeCheck           
8015b644  UARTModemStatusGet                   
8015b32c  UARTModuleReset                      
8015ba14  UARTModuleVersionNumberGet           
80159da8  UARTOperatingModeSelect              
8015a230  UARTParityModeGet                    
8015a1ec  UARTParityModeSet                    
8015b2e8  UARTPulseShapingControl              
8015b824  UARTRXCTSDSRTransitionStatusGet      
8015b7e0  UARTRXCTSDSRWakeUpConfigure          
8015a110  UARTRegConfModeRestore               
8015a098  UARTRegConfigModeEnable              
8015b67c  UARTResumeOperation                  
8015b054  UARTRxErrorGet                       
8015b8b8  UARTRxFIFOLevelGet                   
8015b9f8  UARTScratchPadRegRead                
8015b9b4  UARTScratchPadRegWrite               
8015b284  UARTSoftwareFlowCtrlOptSet           
8015ad04  UARTSpaceAvail                       
8015b220  UARTSpecialCharDetectControl         
8015a7f4  UARTSubConfigMSRSPRModeEn            
8015a8cc  UARTSubConfigTCRTLRModeEn            
8015a9a4  UARTSubConfigXOFFModeEn              
8015aa7c  UARTTCRTLRBitValRestore              
8015ba30  UARTTxDMAThresholdControl            
8015ba74  UARTTxDMAThresholdValConfig          
8015b79c  UARTTxEmptyIntControl                
8015b884  UARTTxFIFOFullStatusGet              
8015b8a0  UARTTxFIFOLevelGet                   
8015b3a4  UARTWakeUpControl                    
8015b6c4  UARTWakeUpEventsDisable              
8015b694  UARTWakeUpEventsEnable               
8015b47c  UARTXON1XOFF1ValProgram              
8015b4ac  UARTXON2XOFF2ValProgram              
8015b4dc  UARTXONAnyFeatureControl             
801690fc  UART_0_ISR                           
8016a840  UART_AddToRXBuffer                   
8016a970  UART_AddToTXBuffer                   
8016a74c  UART_BaudRateSet                     
8016a7c8  UART_Configure                       
8016a728  UART_FIFOConfigure                   
8016aa1c  UART_GetTXInterruptStatus            
8016a814  UART_InterruptConfigure0             
8016a784  UART_LineCharacSet                   
8016a648  UART_Module0ClkConfig                
8016a6a4  UART_PrintBuffer                     
8016a690  UART_PrintChar                       
8016a6f0  UART_PrintString                     
80108830  UART_RX_buffer                       
80174334  UART_RX_place                        
80174338  UART_TX_add                          
80109000  UART_TX_buffer                       
8017433c  UART_TX_remove                       
80154ff4  USB0ModuleClkConfig                  
80155070  USBClearInt                          
80154fd8  USBClearOtgIntr                      
8016991c  USBDCDConfigDescGet                  
80169890  USBDCDConfigDescGetNum               
80169828  USBDCDConfigDescGetSize              
80169ab8  USBDCDConfigGetInterface             
80169b10  USBDCDConfigGetInterfaceEndpoint     
80169a1c  USBDCDConfigGetNumAlternateInterfaces
80157b40  USBDCDInit                           
8015808c  USBDCDPowerStatusSet                 
801580f4  USBDCDRemoteWakeupRequest            
80157f40  USBDCDRequestDataEP0                 
80157fb8  USBDCDSendDataEP0                    
8015801c  USBDCDSetDefaultConfiguration        
80158048  USBDCDStallEP0                       
80157e24  USBDCDTerm                           
8015200c  USBDMSCCompositeInit                 
80151fd8  USBDMSCInit                          
801519b4  USBDMSCMediaChange                   
8016ee18  USBDMSCStorageClose                  
8016eea4  USBDMSCStorageNumBlocks              
8016edf8  USBDMSCStorageOpen                   
8016ee34  USBDMSCStorageRead                   
8016ee6c  USBDMSCStorageWrite                  
8015231c  USBDMSCTerm                          
80152fb8  USBDSCSICommand                      
8016bfa4  USBDescGet                           
8016c1c8  USBDescGetInterface                  
8016c214  USBDescGetInterfaceEndpoint          
8016bef8  USBDescGetNum                        
8016c06c  USBDescGetNumAlternateInterfaces     
80153be8  USBDevAddrGet                        
80153bc8  USBDevAddrSet                        
80153b80  USBDevConnect                        
80153ba4  USBDevDisconnect                     
80153fe8  USBDevEndpointConfigGet              
80153e68  USBDevEndpointConfigSet              
80154550  USBDevEndpointDataAck                
80153a20  USBDevEndpointStall                  
80153ab0  USBDevEndpointStallClear             
801537b8  USBDevEndpointStatusClear            
80167c10  USBDeviceConfig                      
801680b0  USBDeviceConfigAlternate             
801583b4  USBDeviceEnumHandler                 
8015862c  USBDeviceEnumResetHandler            
80159aec  USBDeviceIntHandlerInternal          
80158190  USBDeviceResumeTickHandler           
80154a4c  USBDmaTxChDisable                    
80154aa4  USBDmaTxChTeardown                   
8015503c  USBEnableInt                         
80154f5c  USBEnableOtgIntr                     
80154ef4  USBEndpointDMAChannel                
80154370  USBEndpointDMADisable                
80154308  USBEndpointDMAEnable                 
801543d8  USBEndpointDataAvail                 
80154444  USBEndpointDataGet                   
80154618  USBEndpointDataPut                   
801546c8  USBEndpointDataSend                  
801539b8  USBEndpointDataToggleClear           
801536dc  USBEndpointStatus                    
80154eb4  USBFIFOAddrGet                       
80154250  USBFIFOConfigGet                     
80154198  USBFIFOConfigSet                     
80154740  USBFIFOFlush                         
80154e50  USBFrameNumberGet                    
80154c90  USBHostAddrGet                       
80154c3c  USBHostAddrSet                       
801548f8  USBHostAutoReqClear                  
801548a4  USBHostAutoReqSet                    
80153c00  USBHostEndpointConfig                
801545bc  USBHostEndpointDataAck               
8015389c  USBHostEndpointDataToggle            
8015372c  USBHostEndpointStatusClear           
80154d2c  USBHostHubAddrGet                    
80154cd8  USBHostHubAddrSet                    
80154d74  USBHostPwrConfig                     
80154e2c  USBHostPwrDisable                    
80154e08  USBHostPwrEnable                     
80154de4  USBHostPwrFaultDisable               
80154dc0  USBHostPwrFaultEnable                
80154804  USBHostRequestIN                     
80154850  USBHostRequestINClear                
80154c20  USBHostRequestStatus                 
80153364  USBHostReset                         
801533bc  USBHostResume                        
80153418  USBHostSpeedGet                      
8015333c  USBHostSuspend                       
80154b3c  USBHostTxFifoFlush                   
80153474  USBIntDisableControl                 
801535cc  USBIntDisableEndpoint                
801534e0  USBIntEnableControl                  
80153628  USBIntEnableEndpoint                 
801536a8  USBIntRegister                       
80153548  USBIntStatusControl                  
80153674  USBIntStatusEndpoint                 
801536cc  USBIntUnregister                     
80154ed8  USBModeGet                           
80155094  USBModuleClkDisable                  
80155080  USBModuleClkEnable                   
80154e68  USBOTGSessionRequest                 
80154f94  USBReset                             
8015494c  USBRxChAbort                         
80154fec  USBVersionGet                        
801695c4  USB_0_ISR                            
8016e2f0  USB_ClearUSBStatusFlag0              
8016e20c  USB_DMSCEventCallback0               
8016e29c  USB_GetMSCState0                     
8016e2d4  USB_GetUSBStatus0                    
8016e300  USB_GetUSBStatusFlag0                
8016e1e0  USB_InterruptConfigure0              
8016e280  USB_SetMSCState0                     
8016e2a8  USB_SetUSBStatus0                    
8016e2e0  USB_SetUSBStatusFlag0                
8016ede0  UndefInstHandler                     
8016f204  UsbPhyOff                            
8016f19c  UsbPhyOn                             
8010a670  Voltage                              
8016c5ec  WAV_CalculateHeader                  
801741c0  WAV_Files                            
8016fcd0  WAV_PostComplete                     
8016fb54  _Dclass                              
80174140  _Denorm                              
8016e490  _Dnorm                               
8016db78  _Dscale                              
8016f264  _Dunscale                            
80174150  _Eps                                 
8017413c  _Errno                               
80174354  _Fenv                                
8016fa90  _Feraise                             
80174160  _Hugeval                             
80174170  _Inf                                 
80174180  _Nan                                 
801741a0  _Rteps                               
80174190  _Snan                                
80174358  _Tls_setup__Fenv                     
801741b0  _Xbig                                
801741b8  _Zero                                
87fffff8  __STACK_END                          
00000008  __STACK_SIZE                         
UNDEFED   __TI_CINIT_Base                      
UNDEFED   __TI_CINIT_Limit                     
UNDEFED   __TI_Handler_Table_Base              
UNDEFED   __TI_Handler_Table_Limit             
8016f5cc  __TI_auto_init                       
8015d02c  __TI_printfi                         
80000000  __TI_static_base__                   
8016efdc  __aeabi_cdcmpeq                      
8016efdc  __aeabi_cdcmple                      
8016f0bc  __aeabi_cdrcmple                     
8016f934  __aeabi_d2iz                         
8016f990  __aeabi_d2uiz                        
8016d594  __aeabi_dadd                         
8016dd20  __aeabi_ddiv                         
8016e9a0  __aeabi_dmul                         
8016d588  __aeabi_dsub                         
8016fb18  __aeabi_i2d                          
8016eac8  __aeabi_idiv                         
8016fccc  __aeabi_idiv0                        
8016eac8  __aeabi_idivmod                      
8016fc68  __aeabi_llsr                         
8016f3cc  __aeabi_memclr                       
8016f3cc  __aeabi_memclr4                      
8016f3cc  __aeabi_memclr8                      
8016deb0  __aeabi_memcpy                       
8016deb0  __aeabi_memcpy4                      
8016deb0  __aeabi_memcpy8                      
8016f3d0  __aeabi_memset                       
8016f3d0  __aeabi_memset4                      
8016f3d0  __aeabi_memset8                      
8016fb8c  __aeabi_ui2d                         
8016eeec  __aeabi_uidiv                        
8016eeec  __aeabi_uidivmod                     
8016cb3c  __aeabi_uldivmod                     
ffffffff  __binit__                            
ffffffff  __c_args__                           
87fffff0  __stack                              
8014cfc4  _ctypes_                             
8017434c  _lock                                
8016fc5c  _nop                                 
8016fc50  _register_lock                       
8016fc44  _register_unlock                     
80174350  _unlock                              
8016f670  atoi                                 
ffffffff  binit                                
8010a801  bss_end                              
80004000  bss_start                            
80163b68  callback                             
801742a4  callbackOccured                      
801742b0  cmdCompFlag                          
801742b4  cmdTimeout                           
8016f6f4  copy_in                              
8010a5d0  ctrlInfo                             
801742ac  dataTimeout                          
801635cc  disk_initialize                      
80163774  disk_ioctl                           
80163694  disk_read                            
8016421c  disk_status                          
80163704  disk_write                           
80109bbc  dummy                                
801742b8  errFlag                              
80150810  f_close                              
80150d98  f_closedir                           
80150f28  f_getfree                            
80150864  f_lseek                              
801514c0  f_mkdir                              
8014fa48  f_mount                              
8014fb14  f_open                               
80150c6c  f_opendir                            
8014fe18  f_read                               
80150dd0  f_readdir                            
801517a4  f_rename                             
80150e94  f_stat                               
801506c4  f_sync                               
80151164  f_truncate                           
80151338  f_unlink                             
80150218  f_write                              
8010a7b0  fat_devices                          
8016f9ec  feraiseexcept                        
8010a028  fnRAMVectors                         
8016fbc0  frexp                                
8017428a  gDMAflag                             
8010a780  g_USBInstance                        
80174340  g_bUSBTimerInitialized               
80174274  g_bytesRead                          
80174278  g_bytesWritten                       
8014d3d4  g_pConfigString                      
8014d42d  g_pDataInterfaceString               
8014d4b8  g_pLangDescriptor                    
8014d498  g_pMSCConfigDescriptors              
8014d416  g_pMSCInterface                      
8014d36c  g_pManufacturerString                
8014d455  g_pProductString                     
8014d4bc  g_pSerialNumberString                
8014d4a0  g_pStringDescriptors                 
8010a7c8  g_pfTickHandlers                     
80174298  g_psMSCSections                      
8010a528  g_psUSBDevice                        
8010a700  g_pucCommand                         
8010a7d4  g_pvTickInstance                     
801742c0  g_sCState                            
8010a6bc  g_sDriveInformation                  
8014d490  g_sMSCConfigHeader                   
8014d480  g_sMSCConfigSection                  
8014d2ec  g_sMSCDevice                         
80174224  g_sMSCDeviceInfo                     
80108000  g_sMSCInstance                       
8014d488  g_sMSCInterfaceSection               
801742bc  g_sPState                            
8014d1c6  g_sUSBDefaultFIFOConfig              
80174344  g_ulCurrentUSBTick                   
80174348  g_ulUSBSOFCount                      
80163790  get_fattime                          
80165b3c  gpioContextRestore                   
80165af8  gpioContextSave                      
80174270  intStatus                            
8016f7f8  ldexp                                
8016f778  ltoa                                 
8016b79c  main                                 
8016fbf0  memccpy                              
8016deb0  memcpy                               
8016f3dc  memset                               
8010a7ec  p_CurrentScreen                      
8010a7f0  p_CurrentWAVFile                     
8010a7f4  p_PreviousScreen                     
8016fa44  raise                                
80004000  ram_disk                             
8010a7f8  regionId                             
801742a0  sdBlkSize                            
8010a620  sdCard                               
8016f870  signal                               
8016f524  sprintf                              
8016fb00  start_boot                           
8016fc1c  strchr                               
8016fca8  strcpy                               
8016fc8c  strlen                               
801742a8  xferCompFlag                         


GLOBAL SYMBOLS: SORTED BY Symbol Address 

address   name                                 
-------   ----                                 
00000008  __STACK_SIZE                         
80000000  Entry                                
80000000  __TI_static_base__                   
80004000  bss_start                            
80004000  ram_disk                             
80108000  g_sMSCInstance                       
80108830  UART_RX_buffer                       
80109000  UART_TX_buffer                       
801097d0  MISC_Buffer                          
80109bbc  dummy                                
80109df0  I2C_0_Buffers                        
8010a028  fnRAMVectors                         
8010a528  g_psUSBDevice                        
8010a5d0  ctrlInfo                             
8010a620  sdCard                               
8010a670  Voltage                              
8010a6b0  Command_String                       
8010a6bc  g_sDriveInformation                  
8010a700  g_pucCommand                         
8010a780  g_USBInstance                        
8010a7b0  fat_devices                          
8010a7c8  g_pfTickHandlers                     
8010a7d4  g_pvTickInstance                     
8010a7e0  CurrentTimeDate                      
8010a7ec  p_CurrentScreen                      
8010a7f0  p_CurrentWAVFile                     
8010a7f4  p_PreviousScreen                     
8010a7f8  regionId                             
8010a7fc  CurrentScreen                        
8010a7fd  PreviousPreviousScreen               
8010a7fe  PreviousScreen                       
8010a801  bss_end                              
8010a804  BITMAP_CharlieBeach                  
8014a404  BITMAP_TVRemote                      
8014cfc4  _ctypes_                             
8014d1c6  g_sUSBDefaultFIFOConfig              
8014d23e  BITMAP_USB_Symbol                    
8014d2ec  g_sMSCDevice                         
8014d36c  g_pManufacturerString                
8014d3d4  g_pConfigString                      
8014d416  g_pMSCInterface                      
8014d42d  g_pDataInterfaceString               
8014d455  g_pProductString                     
8014d480  g_sMSCConfigSection                  
8014d488  g_sMSCInterfaceSection               
8014d490  g_sMSCConfigHeader                   
8014d498  g_pMSCConfigDescriptors              
8014d4a0  g_pStringDescriptors                 
8014d4b8  g_pLangDescriptor                    
8014d4bc  g_pSerialNumberString                
8014d4d0  Commands                             
8014d4e0  HEADER_CharlieBeach                  
8014d4ec  HEADER_TVRemote                      
8014d4f8  HEADER_USB_Symbol                    
8014fa48  f_mount                              
8014fb14  f_open                               
8014fe18  f_read                               
80150218  f_write                              
801506c4  f_sync                               
80150810  f_close                              
80150864  f_lseek                              
80150c6c  f_opendir                            
80150d98  f_closedir                           
80150dd0  f_readdir                            
80150e94  f_stat                               
80150f28  f_getfree                            
80151164  f_truncate                           
80151338  f_unlink                             
801514c0  f_mkdir                              
801517a4  f_rename                             
801519b4  USBDMSCMediaChange                   
80151fd8  USBDMSCInit                          
8015200c  USBDMSCCompositeInit                 
8015231c  USBDMSCTerm                          
80152fb8  USBDSCSICommand                      
8015333c  USBHostSuspend                       
80153364  USBHostReset                         
801533bc  USBHostResume                        
80153418  USBHostSpeedGet                      
80153474  USBIntDisableControl                 
801534e0  USBIntEnableControl                  
80153548  USBIntStatusControl                  
801535cc  USBIntDisableEndpoint                
80153628  USBIntEnableEndpoint                 
80153674  USBIntStatusEndpoint                 
801536a8  USBIntRegister                       
801536cc  USBIntUnregister                     
801536dc  USBEndpointStatus                    
8015372c  USBHostEndpointStatusClear           
801537b8  USBDevEndpointStatusClear            
8015389c  USBHostEndpointDataToggle            
801539b8  USBEndpointDataToggleClear           
80153a20  USBDevEndpointStall                  
80153ab0  USBDevEndpointStallClear             
80153b80  USBDevConnect                        
80153ba4  USBDevDisconnect                     
80153bc8  USBDevAddrSet                        
80153be8  USBDevAddrGet                        
80153c00  USBHostEndpointConfig                
80153e68  USBDevEndpointConfigSet              
80153fe8  USBDevEndpointConfigGet              
80154198  USBFIFOConfigSet                     
80154250  USBFIFOConfigGet                     
80154308  USBEndpointDMAEnable                 
80154370  USBEndpointDMADisable                
801543d8  USBEndpointDataAvail                 
80154444  USBEndpointDataGet                   
80154550  USBDevEndpointDataAck                
801545bc  USBHostEndpointDataAck               
80154618  USBEndpointDataPut                   
801546c8  USBEndpointDataSend                  
80154740  USBFIFOFlush                         
80154804  USBHostRequestIN                     
80154850  USBHostRequestINClear                
801548a4  USBHostAutoReqSet                    
801548f8  USBHostAutoReqClear                  
8015494c  USBRxChAbort                         
80154a4c  USBDmaTxChDisable                    
80154aa4  USBDmaTxChTeardown                   
80154b3c  USBHostTxFifoFlush                   
80154c20  USBHostRequestStatus                 
80154c3c  USBHostAddrSet                       
80154c90  USBHostAddrGet                       
80154cd8  USBHostHubAddrSet                    
80154d2c  USBHostHubAddrGet                    
80154d74  USBHostPwrConfig                     
80154dc0  USBHostPwrFaultEnable                
80154de4  USBHostPwrFaultDisable               
80154e08  USBHostPwrEnable                     
80154e2c  USBHostPwrDisable                    
80154e50  USBFrameNumberGet                    
80154e68  USBOTGSessionRequest                 
80154eb4  USBFIFOAddrGet                       
80154ed8  USBModeGet                           
80154ef4  USBEndpointDMAChannel                
80154f5c  USBEnableOtgIntr                     
80154f94  USBReset                             
80154fd8  USBClearOtgIntr                      
80154fec  USBVersionGet                        
80154ff4  USB0ModuleClkConfig                  
8015503c  USBEnableInt                         
80155070  USBClearInt                          
80155080  USBModuleClkEnable                   
80155094  USBModuleClkDisable                  
801550d8  Init_LCD                             
8015536c  LCD_InterruptConfigure               
801553b8  LCD_InteruptEnable                   
801553ec  LCD_InteruptDisable                  
80155420  LCD_Reset                            
8015545c  LCD_Interrupt                        
80155498  LCD_ft810memRead8                    
801554ec  LCD_ft810memRead16                   
8015555c  LCD_ft810memRead32                   
801555fc  LCD_ft810memWrite8                   
8015563c  LCD_ft810memWrite16                  
801556a8  LCD_ft810memWrite32                  
8015574c  LCD_ft810memWriteBuffer              
80155840  LCD_wr8                              
8015585c  LCD_wr16                             
80155878  LCD_wr32                             
80155894  LCD_wr8s                             
80155908  LCD_rd8                              
8015591c  LCD_rd16                             
80155934  LCD_rd32                             
80155948  LCD_wr_buffer                        
80155af8  LCD_rd_buffer                        
80155c34  LCD_cmd                              
80155c5c  LCD_host_command                     
80155cb8  LCD_IncrementWriteOffset             
80155cf8  LCD_WriteCommandParameters           
80155d34  LCD_SendRAMAddress                   
80155db0  LCD_WaitCoprocessorDone              
80155dd4  LCD_cmd_text                         
80155f2c  LCD_cmd_button                       
801560a0  LCD_cmd_clock                        
80156158  LCD_cmd_bgcolor                      
801561fc  LCD_cmd_fgcolor                      
80156298  LCD_cmd_gradcolor                    
80156308  LCD_cmd_gauge                        
801563bc  LCD_cmd_gradient                     
80156460  LCD_cmd_keys                         
801565d0  LCD_cmd_progress                     
8015667c  LCD_cmd_scrollbar                    
80156734  LCD_cmd_slider                       
801567e0  LCD_cmd_dial                         
80156874  LCD_cmd_toggle                       
801569e4  LCD_cmd_setbase                      
80156a3c  LCD_cmd_number                       
80156ad0  LCD_cmd_memcrc                       
80156b50  LCD_cmd_memzero                      
80156bbc  LCD_cmd_memset                       
80156c40  LCD_cmd_memwrite                     
80156cf4  LCD_cmd_memcpy                       
80156d7c  LCD_cmd_append                       
80156de8  LCD_cmd_inflate                      
80156e8c  LCD_cmd_loadimage                    
80156ef8  LCD_cmd_loadidentity                 
80156f3c  LCD_cmd_translate                    
80156fa8  LCD_cmd_scale                        
80157014  LCD_cmd_rotate                       
8015706c  LCD_cmd_setmatrix                    
[...]
801674ac  MSC_EndianShortArray                 
801674f0  MSC_EndianLong                       
8016755c  MSC_EndianLongArray                  
801675ec  MSC_ReverseByte                      
801676b0  MISC_CRC_CRC16                       
801678d4  MISC_Calculate_CRC16                 
80167c10  USBDeviceConfig                      
801680b0  USBDeviceConfigAlternate             
80168274  DMTimerEnable                        
801682b4  DMTimerDisable                       
801682f4  DMTimerModeConfigure                 
80168374  DMTimerPreScalerClkEnable            
801683f4  DMTimerPreScalerClkDisable           
80168434  DMTimerCounterSet                    
80168470  DMTimerCounterGet                    
801684a4  DMTimerReloadSet                     
801684e0  DMTimerReloadGet                     
801684f8  DMTimerGPOConfigure                  
80168578  DMTimerCompareSet                    
801685b4  DMTimerCompareGet                    
801685cc  DMTimerIntRawStatusSet               
801685f0  DMTimerIntRawStatusGet               
80168608  DMTimerIntStatusGet                  
80168620  DMTimerIntStatusClear                
80168644  DMTimerIntEnable                     
80168668  DMTimerIntDisable                    
8016868c  DMTimerTriggerSet                    
801686c4  DMTimerIntEnableGet                  
801686dc  DMTimerResetConfigure                
80168720  DMTimerReset                         
80168754  DMTimerContextSave                   
801687d4  DMTimerContextRestore                
801688b4  DMTimerPostedModeConfig              
801688f8  DMTimerWritePostedStatusGet          
80168910  DMTimer2ModuleClkConfig              
8016897c  DMTimer3ModuleClkConfig              
801689fc  Init_FRAM                            
80168afc  FRAM_LoadSettings                    
80168b18  FRAM_SaveSettings                    
80168b44  FRAM_WriteEnable                     
80168b80  FRAM_WriteDisable                    
80168bbc  FRAM_WriteStatusRegister             
80168c00  FRAM_ReadStatusRegister              
80168c40  FRAM_WriteMemory                     
80168d2c  FRAM_ReadMemory                      
80168e18  FRAM_WriteRead                       
80168f0c  FRAM_WriteProtect                    
80168f48  FRAM_Hold                            
80168f84  FRAM_CalculateCRC                    
80168f9c  FRAM_LoadDefaultSettings             
80169018  FRAM_Test                            
801690c0  GPIO_3A_ISR                          
801690fc  UART_0_ISR                           
8016929c  TMR_2_ISR                            
80169380  TMR_3_ISR                            
801693b8  RTC_ISR                              
801693cc  I2C_0_ISR                            
80169540  ADC_0_ISR                            
801695c0  SPI_1_ISR                            
801695c4  USB_0_ISR                            
80169828  USBDCDConfigDescGetSize              
80169890  USBDCDConfigDescGetNum               
8016991c  USBDCDConfigDescGet                  
80169a1c  USBDCDConfigGetNumAlternateInterfaces
80169ab8  USBDCDConfigGetInterface             
80169b10  USBDCDConfigGetInterfaceEndpoint     
80169be4  Init_SPI                             
80169bf4  Init_SPI_Module1                     
80169da0  Init_SPI_Module0                     
80169eb0  SPI_INTCConfigure1                   
80169edc  SPI_WriteByte0                       
80169f38  SPI_WriteByte1                       
80169f94  SPI_ReadWriteByte0                   
80169ff0  SPI_ReadWriteByte1                   
8016a04c  SPI_WriteByteNoRx0                   
8016a080  SPI_WriteByteNoRx1                   
8016a0f4  Init_Audio                           
8016a0f8  AUD_PlayWAV                          
8016a1c0  AUD_StopWAV                          
8016a1ec  AUD_SetPlayingFlag                   
8016a1fc  AUD_ClearPlayingFlag                 
8016a20c  AUD_GetPlayingFlag                   
8016a218  AUD_TransferWAVToRAMG                
8016a47c  AUD_SetPlaybackFinishedFlag          
8016a48c  AUD_ClearPlaybackFinishedFlag        
8016a4a8  AUD_GetPlaybackFinishedFlag          
8016a4b4  AUD_SetTimoutFlag                    
8016a4c4  AUD_ClearTimoutFlag                  
8016a4d4  AUD_GetTimoutFlag                    
8016a4e0  AUD_IsWAVPlaying                     
8016a4f8  AUD_TestAudio                        
8016a554  AUD_AmpShutdown                      
8016a5f8  Init_UART                            
8016a648  UART_Module0ClkConfig                
8016a690  UART_PrintChar                       
8016a6a4  UART_PrintBuffer                     
8016a6f0  UART_PrintString                     
8016a728  UART_FIFOConfigure                   
8016a74c  UART_BaudRateSet                     
8016a784  UART_LineCharacSet                   
8016a7c8  UART_Configure                       
8016a814  UART_InterruptConfigure0             
8016a840  UART_AddToRXBuffer                   
8016a970  UART_AddToTXBuffer                   
8016aa1c  UART_GetTXInterruptStatus            
8016aa98  Init_GPIO                            
8016ad28  GPIO_Module0ClkConfig                
8016ad90  GPIO_Module1ClkConfig                
8016adf8  GPIO_Module2ClkConfig                
8016ae60  GPIO_Module3ClkConfig                
8016af30  CP15ICacheDisable                    
8016af4c  CP15DCacheDisable                    
8016af68  CP15ICacheEnable                     
8016af78  CP15DCacheEnable                     
8016af88  CP15DCacheFlush                      
8016b01c  CP15DCacheClean                      
8016b0b0  CP15DCacheCleanFlush                 
8016b144  CP15ICacheFlush                      
8016b154  CP15DCacheCleanBuff                  
8016b1a8  CP15DCacheCleanFlushBuff             
8016b1fc  CP15DCacheFlushBuff                  
8016b260  CP15ICacheFlushBuff                  
8016b2b4  CP15Ttb0Set                          
8016b2c0  CP15TlbInvalidate                    
8016b2cc  CP15MMUDisable                       
8016b2e4  CP15MMUEnable                        
8016b2f8  CP15VectorBaseAddrSet                
8016b304  CP15BranchPredictorInvalidate        
8016b310  CP15BranchPredictionEnable           
8016b320  CP15BranchPredictionDisable          
8016b330  CP15DomainAccessClientSet            
8016b340  CP15ControlFeatureDisable            
8016b354  CP15ControlFeatureEnable             
8016b368  CP15TtbCtlTtb0Config                 
8016b378  CP15AuxControlFeatureEnable          
8016b38c  CP15AuxControlFeatureDisable         
8016b3a0  CP15MainIdPrimPartNumGet             
8016b3bc  IntRegister                          
8016b3e0  IntUnRegister                        
8016b400  IntAINTCInit                         
8016b470  IntPrioritySet                       
8016b4a8  IntSystemEnable                      
8016b4dc  IntSystemDisable                     
8016b510  IntIfClkFreeRunSet                   
8016b524  IntIfClkAutoGateSet                  
8016b538  IntActiveIrqNumGet                   
8016b548  IntSpurIrqFlagGet                    
8016b55c  IntProtectionEnable                  
8016b56c  IntProtectionDisable                 
8016b580  IntSyncClkFreeRunSet                 
8016b594  IntSyncClkAutoGateSet                
8016b5a8  IntFuncClkFreeRunSet                 
8016b5bc  IntFuncClkAutoGateSet                
8016b5d0  IntCurrIrqPriorityGet                
8016b5e0  IntPriorityThresholdGet              
8016b5f0  IntPriorityThresholdSet              
8016b610  IntRawStatusGet                      
8016b650  IntSoftwareIntSet                    
8016b680  IntSoftwareIntClear                  
8016b6b0  IntPendingIrqMaskedStatusGet         
8016b6ec  IntMasterIRQEnable                   
8016b6f8  IntMasterIRQDisable                  
8016b704  IntMasterFIQEnable                   
8016b710  IntMasterFIQDisable                  
8016b71c  IntMasterStatusGet                   
8016b728  IntDisable                           
8016b740  IntEnable                            
8016b79c  main                                 
8016bb80  HSMMCSDCardPresent                   
8016bb98  HSMMCSDIntEnable                     
8016bbb8  HSMMCSDControllerInit                
8016bc90  HSMMCSDCmdSend                       
8016be8c  HSMMCSDBusWidthConfig                
8016becc  HSMMCSDBusFreqConfig                 
8016bef8  USBDescGetNum                        
8016bfa4  USBDescGet                           
8016c06c  USBDescGetNumAlternateInterfaces     
8016c1c8  USBDescGetInterface                  
8016c214  USBDescGetInterfaceEndpoint          
8016c258  Init_RTC                             
8016c2c8  RTC_InterruptConfigure               
8016c2f4  RTC_SetFlag                          
8016c304  RTC_ClearFlag                        
8016c314  RTC_GetFlag                          
8016c320  RTC_SetTimeDate                      
8016c404  RTC_GetTimeDate                      
8016c4e0  RTC_ModuleClkConfig                  
8016c594  Init_WAV                             
8016c5ec  WAV_CalculateHeader                  
8016c87c  Init_LED                             
8016c880  LED_Show                             
8016cb3c  __aeabi_uldivmod                     
8016cdf4  Init_ADC                             
8016cfa8  ADC_ConfigureInterrupt               
8016cfd4  ADC_ReadChannels                     
8016d050  ADC_SetFinishedFlag                  
8016d060  ADC_ClearFinishedFlag                
8016d070  ADC_GetFinishedFlag                  
8016d090  Init_I2C                             
8016d09c  Init_I2C_Module0                     
8016d0e4  I2C_InterruptConfigure0              
8016d110  I2C_SendReceiveData0                 
8016d2c4  I2C_SetFailFlag0                     
8016d2d4  I2C_ClearFailFlag0                   
8016d2e4  I2C_GetFailFlag0                     
8016d320  Init_Timers                          
8016d330  Init_Timer2                          
8016d3a8  Init_Timer3                          
8016d414  TMR_CalculateReload                  
8016d460  TMR_InterruptConfigure2              
8016d48c  TMR_InterruptConfigure3              
8016d4b8  TMR_GetNewScreenTagTimerEnabled      
8016d4c4  TMR_SetNewScreenTagTimerEnabled      
8016d4fc  TMR_ResetNewScreenTagTimer           
8016d50c  TMR_ResetAudioPlaybackTimer          
8016d51c  TMR_ResetBacklightTimer              
8016d52c  TMR_SetMISCTimerFlag                 
8016d53c  TMR_ClearMISCTimerFlag               
8016d54c  TMR_GetMISCTimerFlag                 
8016d588  __aeabi_dsub                         
8016d594  __aeabi_dadd                         
8016d79c  Init_Test                            
8016d7ec  TEST_Setpoint1                       
8016d828  TEST_Setpoint2                       
8016d864  TEST_Setpoint3                       
8016d8a0  TEST_Togglepoint1                    
8016d8f0  TEST_Togglepoint2                    
8016d940  TEST_Togglepoint3                    
8016d9a0  InitCMD                              
8016d9b0  CMD_CheckMatch                       
8016db1c  CMD_Help                             
8016db2c  CMD_SetNewCommand                    
8016db3c  CMD_ClearNewCommand                  
8016db4c  CMD_GetNewCommand                    
8016db78  _Dscale                              
8016dd20  __aeabi_ddiv                         
8016deb0  __aeabi_memcpy                       
8016deb0  __aeabi_memcpy4                      
8016deb0  __aeabi_memcpy8                      
8016deb0  memcpy                               
8016e030  Init_Power                           
8016e03c  PWR_ReadVoltages                     
8016e1a8  Init_USB                             
8016e1b4  Init_USB0                            
8016e1e0  USB_InterruptConfigure0              
8016e20c  USB_DMSCEventCallback0               
8016e280  USB_SetMSCState0                     
8016e29c  USB_GetMSCState0                     
8016e2a8  USB_SetUSBStatus0                    
8016e2d4  USB_GetUSBStatus0                    
8016e2e0  USB_SetUSBStatusFlag0                
8016e2f0  USB_ClearUSBStatusFlag0              
8016e300  USB_GetUSBStatusFlag0                
8016e320  MMUInit                              
8016e380  MMUMemRegionMap                      
8016e474  MMUEnable                            
8016e490  _Dnorm                               
8016e5f0  InternalUSBTickInit                  
8016e664  InternalUSBRegisterTickHandler       
8016e69c  InternalUSBStartOfFrameTick          
8016e734  RAM_disk_initialize                  
8016e74c  RAM_disk_read                        
8016e7ac  RAM_disk_write                       
8016e80c  RAM_disk_ioctl                       
8016e870  CacheDisable                         
8016e8b4  CacheEnable                          
8016e900  CacheInstInvalidateAll               
8016e90c  CacheInstInvalidateBuff              
8016e928  CacheDataCleanInvalidateAll          
8016e934  CacheDataCleanAll                    
8016e940  CacheDataInvalidateAll               
8016e94c  CacheDataCleanBuff                   
8016e968  CacheDataInvalidateBuff              
8016e984  CacheDataCleanInvalidateBuff         
8016e9a0  __aeabi_dmul                         
8016eac8  __aeabi_idiv                         
8016eac8  __aeabi_idivmod                      
8016ebdc  Init_Modules                         
8016ed08  SVC_Handler                          
8016ed30  IRQHandler                           
8016eddc  FIQHandler                           
8016ede0  AbortHandler                         
8016ede0  UndefInstHandler                     
8016edf8  USBDMSCStorageOpen                   
8016ee18  USBDMSCStorageClose                  
8016ee34  USBDMSCStorageRead                   
8016ee6c  USBDMSCStorageWrite                  
8016eea4  USBDMSCStorageNumBlocks              
8016eeec  __aeabi_uidiv                        
8016eeec  __aeabi_uidivmod                     
8016efdc  __aeabi_cdcmpeq                      
8016efdc  __aeabi_cdcmple                      
8016f0bc  __aeabi_cdrcmple                     
8016f19c  UsbPhyOn                             
8016f204  UsbPhyOff                            
8016f264  _Dunscale                            
8016f31c  Init_PMIC                            
8016f33c  PMIC_ReadRegister                    
8016f37c  PMIC_WriteRegister                   
8016f3cc  __aeabi_memclr                       
8016f3cc  __aeabi_memclr4                      
8016f3cc  __aeabi_memclr8                      
8016f3d0  __aeabi_memset                       
8016f3d0  __aeabi_memset4                      
8016f3d0  __aeabi_memset8                      
8016f3dc  memset                               
8016f47c  MMU_ConfigAndEnable                  
8016f524  sprintf                              
8016f5cc  __TI_auto_init                       
8016f670  atoi                                 
8016f6f4  copy_in                              
8016f778  ltoa                                 
8016f7f8  ldexp                                
8016f870  signal                               
8016f8d4  CPUirqe                              
8016f8e4  CPUirqd                              
8016f8f4  CPUfiqe                              
8016f904  CPUfiqd                              
8016f914  CPUSwitchToUserMode                  
8016f928  CPUSwitchToPrivilegedMode            
8016f930  CPUAbortHandler                      
8016f934  __aeabi_d2iz                         
8016f990  __aeabi_d2uiz                        
8016f9ec  feraiseexcept                        
8016fa44  raise                                
8016fa90  _Feraise                             
8016fb00  start_boot                           
8016fb18  __aeabi_i2d                          
8016fb54  _Dclass                              
8016fb8c  __aeabi_ui2d                         
8016fbc0  frexp                                
8016fbf0  memccpy                              
8016fc1c  strchr                               
8016fc44  _register_unlock                     
8016fc50  _register_lock                       
8016fc5c  _nop                                 
8016fc68  __aeabi_llsr                         
8016fc8c  strlen                               
8016fca8  strcpy                               
8016fcc0  CPUIntStatus                         
8016fccc  __aeabi_idiv0                        
8016fcd0  WAV_PostComplete                     
8017398c  Screens                              
8017413c  _Errno                               
80174140  _Denorm                              
80174150  _Eps                                 
80174160  _Hugeval                             
80174170  _Inf                                 
80174180  _Nan                                 
80174190  _Snan                                
801741a0  _Rteps                               
801741b0  _Xbig                                
801741b8  _Zero                                
801741c0  WAV_Files                            
80174223  NumCommand                           
80174224  g_sMSCDeviceInfo                     
80174270  intStatus                            
80174274  g_bytesRead                          
80174278  g_bytesWritten                       
8017428a  gDMAflag                             
80174298  g_psMSCSections                      
801742a0  sdBlkSize                            
801742a4  callbackOccured                      
801742a8  xferCompFlag                         
801742ac  dataTimeout                          
801742b0  cmdCompFlag                          
801742b4  cmdTimeout                           
801742b8  errFlag                              
801742bc  g_sPState                            
801742c0  g_sCState                            
801742c6  RAM_CMD_Offset                       
801742c8  FT_DispWidth                         
801742ca  FT_DispHeight                        
801742cc  FT_DispHCycle                        
801742ce  FT_DispHOffset                       
801742d0  FT_DispHSync0                        
801742d2  FT_DispHSync1                        
801742d4  FT_DispVCycle                        
801742d6  FT_DispVOffset                       
801742d8  FT_DispVSync0                        
801742da  FT_DispVSync1                        
801742dc  FT_DispPCLK                          
801742de  FT_DispSwizzle                       
801742e0  FT_DispPCLKPol                       
801742e2  FT_DispCSpread                       
801742e4  FT_DispDither                        
801742e6  BackLightSetting                     
801742e7  CurrentSystemSettings                
8017430c  AudioBytesTransferred                
80174310  AUD_AudioTimeoutCount                
80174314  LastWritePointerAddress              
8017431c  TMR_NewScreenTagTimer                
80174320  TMR_AudioPlaybackTimer               
80174324  TMR_BacklightTimer                   
8017432a  DefaultTimeDate                      
80174334  UART_RX_place                        
80174338  UART_TX_add                          
8017433c  UART_TX_remove                       
80174340  g_bUSBTimerInitialized               
80174344  g_ulCurrentUSBTick                   
80174348  g_ulUSBSOFCount                      
8017434c  _lock                                
80174350  _unlock                              
80174354  _Fenv                                
80174358  _Tls_setup__Fenv                     
87fffff0  __stack                              
87fffff8  __STACK_END                          
ffffffff  __binit__                            
ffffffff  __c_args__                           
ffffffff  binit                                
UNDEFED   SHT$$INIT_ARRAY$$Base                
UNDEFED   SHT$$INIT_ARRAY$$Limit               
UNDEFED   __TI_CINIT_Base                      
UNDEFED   __TI_CINIT_Limit                     
UNDEFED   __TI_Handler_Table_Base              
UNDEFED   __TI_Handler_Table_Limit             

[1130 symbols]
