******************************************************************************
                  TI ARM Linker PC v5.2.6                      
******************************************************************************
>> Linked Thu May 05 17:42:43 2016

OUTPUT FILE NAME:   <BeagleBone_Smart_Controler.out>
ENTRY POINT SYMBOL: "Entry"  address: 80000000


MEMORY CONFIGURATION

         name            origin    length      used     unused   attr    fill
----------------------  --------  ---------  --------  --------  ----  --------
  DDR_MEM               80000000   07ffffff  01066f0f  06f990f0  RWIX


SEGMENT ALLOCATION MAP

run origin  load origin   length   init length attrs members
----------  ----------- ---------- ----------- ----- -------
80000000    80000000    000000d0   000000d0    r-x
  80000000    80000000    000000d0   000000d0    r-x .text:Entry
80004000    80004000    01005fa7   00000000    rw-
  80004000    80004000    01005fa7   00000000    rw- .bss
81009fa8    81009fa8    0005ca1c   0005ca1c    r-x
  81009fa8    81009fa8    00042c00   00042c00    r-- .const
  8104cba8    8104cba8    00019e1c   00019e1c    r-x .text
810669c8    810669c8    00004474   00004474    rw-
  810669c8    810669c8    00004474   00004474    rw- .data
87fffff0    87fffff0    00000008   00000000    rw-
  87fffff0    87fffff0    00000008   00000000    rw- .stack


SECTION ALLOCATION MAP

 output                                  attributes/
section   page    origin      length       input sections
--------  ----  ----------  ----------   ----------------
.text:Entry 
*          0    80000000    000000d0     
                  80000000    000000c8     system.lib : init.obj (.text:Entry)
                  800000c8    00000008     rtsv7A8_A_le_n_eabi.lib : autoinit.obj (.tramp.__TI_auto_init.1)

.bss       0    80004000    01005fa7     UNINITIALIZED
                  80004000    01000000     ramdisk.obj (.bss:ram_disk)
                  81004000    00004000     MEMORY.obj (.bss:pageTable)
                  81008000    00000830     usb_msc_structs.obj (.bss:g_sMSCInstance)
                  81008830    000007d0     UART.obj (.bss:UART_RX_buffer)
                  81009000    000007d0     UART.obj (.bss:UART_TX_buffer)
                  810097d0    000003e8     MISC.obj (.bss:MISC_Buffer)
                  81009bb8    00000200     interrupt.obj (.bss:fnRAMVectors)
                  81009db8    000000a8     usbdenum.obj (.bss:g_psUSBDevice)
                  81009e60    00000040     POWER.obj (.bss:Voltage)
                  81009ea0    00000040     usbdmsc.obj (.bss:g_pucCommand)
                  81009ee0    00000040     usbdenum.obj (.bss:g_pucDataBufferIn)
                  81009f20    00000030     usbdata.obj (.bss:g_USBInstance)
                  81009f50    00000010     (.common:I2C_0_Buffers)
                  81009f60    0000000c     (.common:Command_String)
                  81009f6c    0000000c     (.common:g_pfTickHandlers)
                  81009f78    0000000c     (.common:g_pvTickInstance)
                  81009f84    0000000a     (.common:CurrentTimeDate)
                  81009f8e    00000001     (.common:CurrentScreen)
                  81009f8f    00000001     (.common:PreviousPreviousScreen)
                  81009f90    00000004     (.common:dummy)
                  81009f94    00000004     (.common:g_sDriveInformation)
                  81009f98    00000004     (.common:p_CurrentScreen)
                  81009f9c    00000004     (.common:p_CurrentWAVFile)
                  81009fa0    00000004     (.common:p_PreviousScreen)
                  81009fa4    00000001     (.common:PreviousScreen)
                  81009fa5    00000001     (.common:USB0_MSCState)
                  81009fa6    00000001     (.common:USB0_Status)

.TI.noinit 
*          0    80004000    00000000     UNINITIALIZED

.const     0    81009fa8    00042c00     
                  81009fa8    0003fc00     BITMAP_CHARLIE_BEACH.obj (.const:.string:BITMAP_CharlieBeach)
                  81049ba8    00002bc0     BITMAP_TV_REMOTE.obj (.const:.string:BITMAP_TVRemote)
                  8104c768    00000101     rtsv7A8_A_le_n_eabi.lib : ctype.obj (.const:.string:_ctypes_)
                  8104c869    00000001     --HOLE-- [fill = 0]
                  8104c86a    00000078     usbdenum.obj (.const:g_sUSBDefaultFIFOConfig)
                  8104c8e2    00000058     BITMAP_USB_SYMBOL.obj (.const:.string:BITMAP_USB_Symbol)
                  8104c93a    00000002     --HOLE-- [fill = 0]
                  8104c93c    00000054     MEMORY.obj (.const)
                  8104c990    00000048     usb_msc_structs.obj (.const:g_sMSCDevice)
                  8104c9d8    00000038     system.lib : startup.obj (.const:vecTbl)
                  8104ca10    00000034     usb_msc_structs.obj (.const:.string:g_pManufacturerString)
                  8104ca44    00000034     usbdenum.obj (.const:g_psUSBDStdRequests)
                  8104ca78    00000030     usb_msc_structs.obj (.const:.string:g_pConfigString)
                  8104caa8    00000029     usbdmsc.obj (.const:.string)
                  8104cad1    00000028     usb_msc_structs.obj (.const:.string:g_pDataInterfaceString)
                  8104caf9    00000028     usb_msc_structs.obj (.const:.string:g_pProductString)
                  8104cb21    00000003     --HOLE-- [fill = 0]
                  8104cb24    0000001d     usbdmsc.obj (.const)
                  8104cb41    00000003     --HOLE-- [fill = 0]
                  8104cb44    00000018     usb_msc_structs.obj (.const)
                  8104cb5c    00000016     usb_msc_structs.obj (.const:.string)
                  8104cb72    00000002     --HOLE-- [fill = 0]
                  8104cb74    00000010     CMD.obj (.const)
                  8104cb84    0000000c     BITMAP_CHARLIE_BEACH.obj (.const)
                  8104cb90    0000000c     BITMAP_TV_REMOTE.obj (.const)
                  8104cb9c    0000000c     BITMAP_USB_SYMBOL.obj (.const)

.text      0    8104cba8    00019e1c     
                  8104cba8    00003724     usbdmsc.obj (.text)
                  810502cc    00002a68     LCD.obj (.text)
                  81052d34    00002268     usbdenum.obj (.text)
                  81054f9c    00001d10     uart_irda_cir.obj (.text)
                  81056cac    00001a70     rtsv7A8_A_le_n_eabi.lib : _printfi.obj (.text)
                  8105871c    00001588     rtc.obj (.text)
                  81059ca4    0000140c     tsc_adc.obj (.text)
                  8105b0b0    00000ec4     mcspi.obj (.text)
                  8105bf74    00000cf8     GUI.obj (.text)
                  8105cc6c    00000b98     gpio_v2.obj (.text)
                  8105d804    00000b34     hsi2c.obj (.text)
                  8105e338    000008d8     MISC.obj (.text)
                  8105ec10    00000830     usbdconfig.obj (.text)
                  8105f440    00000788     dmtimer.obj (.text)
                  8105fbc8    000006c4     FRAM.obj (.text)
                  8106028c    000005e0     INTERRUPTS.obj (.text)
                  8106086c    00000544     usbdcdesc.obj (.text)
                  81060db0    00000518     AUDIO.obj (.text)
                  810612c8    00000510     SPI.obj (.text)
                  810617d8    000004a0     UART.obj (.text)
                  81061c78    00000498     GPIO.obj (.text)
                  81062110    00000488     system.lib : cp15.obj (.text)
                  81062598    000003e4     interrupt.obj (.text)
                  8106297c    00000360     usbdesc.obj (.text)
                  81062cdc    0000033c     RTCC.obj (.text)
                  81063018    000002e8     WAV.obj (.text)
                  81063300    000002c0     LEDS.obj (.text)
                  810635c0    000002b8     rtsv7A8_A_le_n_eabi.lib : ull_div32.obj (.text)
                  81063878    000002a4     main.obj (.text)
                  81063b1c    0000029c     ADC.obj (.text)
                  81063db8    00000290     I2C.obj (.text)
                  81064048    00000268     TIMERS.obj (.text)
                  810642b0    00000214     rtsv7A8_A_le_n_eabi.lib : fd_add32.obj (.text)
                  810644c4    00000204     TEST.obj (.text)
                  810646c8    000001d8     CMD.obj (.text)
                  810648a0    000001a8     rtsv7A8_A_le_n_eabi.lib : xdscale.obj (.text)
                  81064a48    00000190                             : fd_div32.obj (.text)
                  81064bd8    00000180                             : memcpy32.obj (.text)
                  81064d58    00000178     POWER.obj (.text)
                  81064ed0    00000178     USB.obj (.text)
                  81065048    00000170     mmu.obj (.text)
                  810651b8    00000160     rtsv7A8_A_le_n_eabi.lib : xdnorm.obj (.text)
                  81065318    00000144     usbtick.obj (.text)
                  8106545c    0000013c     ramdisk.obj (.text)
                  81065598    00000130     cache.obj (.text)
                  810656c8    00000128     rtsv7A8_A_le_n_eabi.lib : fd_mul32.obj (.text)
                  810657f0    00000114                             : i_div32.obj (.text)
                  81065904    00000110     SYSTEM.obj (.text)
                  81065a14    0000010c     system.lib : exceptionhandler.obj (.text)
                  81065b20    000000f0     rtsv7A8_A_le_n_eabi.lib : u_div32.obj (.text)
                  81065c10    000000e0                             : fd_cmp32.obj (.text:__aeabi_cdcmple)
                  81065cf0    000000e0                             : fd_cmp32.obj (.text:__aeabi_cdrcmple)
                  81065dd0    000000d8     usbdmscglue.obj (.text)
                  81065ea8    000000c8     usbphyGS70.obj (.text)
                  81065f70    000000b8     rtsv7A8_A_le_n_eabi.lib : xdunscal.obj (.text)
                  81066028    000000b0     PMIC.obj (.text)
                  810660d8    000000b0     rtsv7A8_A_le_n_eabi.lib : memset32.obj (.text)
                  81066188    000000a8     MEMORY.obj (.text)
                  81066230    000000a8     rtsv7A8_A_le_n_eabi.lib : sprintf.obj (.text)
                  810662d8    000000a4                             : autoinit.obj (.text)
                  8106637c    00000084                             : atoi.obj (.text)
                  81066400    00000084                             : cpy_tbl.obj (.text)
                  81066484    00000080                             : ltoa.obj (.text)
                  81066504    00000078                             : ldexp.obj (.text)
                  8106657c    00000064                             : signal.obj (.text)
                  810665e0    00000060     system.lib : cpu.obj (.text)
                  81066640    0000005c     rtsv7A8_A_le_n_eabi.lib : fd_toi32.obj (.text)
                  8106669c    0000005c                             : fd_tou32.obj (.text)
                  810666f8    00000058                             : feraiseexcept.obj (.text)
                  81066750    0000004c                             : raise.obj (.text)
                  8106679c    00000044                             : xferaise.obj (.text)
                  810667e0    00000044     system.lib : startup.obj (.text)
                  81066824    0000003c     rtsv7A8_A_le_n_eabi.lib : i_tofd32.obj (.text)
                  81066860    00000038                             : xdclass.obj (.text)
                  81066898    00000034                             : u_tofd32.obj (.text)
                  810668cc    00000030                             : frexp.obj (.text)
                  810668fc    0000002c                             : memccpy.obj (.text)
                  81066928    00000028                             : strchr.obj (.text)
                  81066950    00000024                             : _lock.obj (.text)
                  81066974    00000024                             : ll_lsr32.obj (.text)
                  81066998    0000001c                             : strlen.obj (.text)
                  810669b4    0000000c     system.lib : cpu.obj (.text:CPUIntStatus)
                  810669c0    00000004     rtsv7A8_A_le_n_eabi.lib : i_div0.obj (.text)

.data      0    810669c8    00004474     
                  810669c8    00003cbc     WAV_POST_COMPLETE.obj (.data:WAV_PostComplete)
                  8106a684    00000500     GUI.obj (.data:Screens)
                  8106ab84    000000b0     rtsv7A8_A_le_n_eabi.lib : signal.obj (.data:sigtable)
                  8106ac34    00000004                             : errno.obj (.data)
                  8106ac38    00000080                             : xvalues.obj (.data)
                  8106acb8    00000062     WAV.obj (.data:WAV_Files)
                  8106ad1a    00000002     CMD.obj (.data)
                  8106ad1c    0000004c     usbdmsc.obj (.data:g_sMSCDeviceInfo)
                  8106ad68    00000030     usbdmsc.obj (.data)
                  8106ad98    00000023     LCD.obj (.data)
                  8106adbb    0000001f     FRAM.obj (.data)
                  8106adda    00000001     ADC.obj (.data)
                  8106addb    00000001     I2C.obj (.data)
                  8106addc    00000010     AUDIO.obj (.data)
                  8106adec    00000010     TIMERS.obj (.data)
                  8106adfc    0000000c     RTCC.obj (.data)
                  8106ae08    0000000c     UART.obj (.data)
                  8106ae14    0000000c     usbtick.obj (.data)
                  8106ae20    00000008     rtsv7A8_A_le_n_eabi.lib : _lock.obj (.data)
                  8106ae28    00000008                             : feraiseexcept.obj (.data)
                  8106ae30    00000008     usbdenum.obj (.data)
                  8106ae38    00000003     GUI.obj (.data)
                  8106ae3b    00000001     USB.obj (.data)

.TI.persistent 
*          0    810669c8    00000000     UNINITIALIZED

.stack     0    87fffff0    00000008     UNINITIALIZED
                  87fffff0    00000008     --HOLE--


FAR CALL TRAMPOLINES

callee name               trampoline name
   callee addr  tramp addr   call addr  call info
--------------  -----------  ---------  ----------------
__TI_auto_init            $Tramp$AA$S$$__TI_auto_init
   810662d8     800000c8     800000a0   system.lib : init.obj (.text:Entry)

[1 trampolines]
[1 trampoline calls]


GLOBAL SYMBOLS: SORTED ALPHABETICALLY BY Name 

address   name                                 
-------   ----                                 
8106070c  ADC_0_ISR                            
81063d88  ADC_ClearFinishedFlag                
81063cd0  ADC_ConfigureInterrupt               
81063d98  ADC_GetFinishedFlag                  
81063cfc  ADC_ReadChannels                     
81063d78  ADC_SetFinishedFlag                  
81061220  AUD_AmpShutdown                      
8106ade4  AUD_AudioTimeoutCount                
81061158  AUD_ClearPlaybackFinishedFlag        
81060ec8  AUD_ClearPlayingFlag                 
81061190  AUD_ClearTimoutFlag                  
81061174  AUD_GetPlaybackFinishedFlag          
81060ed8  AUD_GetPlayingFlag                   
810611a0  AUD_GetTimoutFlag                    
810611ac  AUD_IsWAVPlaying                     
81060dc4  AUD_PlayWAV                          
81061148  AUD_SetPlaybackFinishedFlag          
81060eb8  AUD_SetPlayingFlag                   
81061180  AUD_SetTimoutFlag                    
81060e8c  AUD_StopWAV                          
810611c4  AUD_TestAudio                        
81060ee4  AUD_TransferWAVToRAMG                
81065b08  AbortHandler                         
8106ade0  AudioBytesTransferred                
81009fa8  BITMAP_CharlieBeach                  
81049ba8  BITMAP_TVRemote                      
8104c8e2  BITMAP_USB_Symbol                    
8106adba  BackLightSetting                     
810646d8  CMD_CheckMatch                       
81064864  CMD_ClearNewCommand                  
81064874  CMD_GetNewCommand                    
81064844  CMD_Help                             
81064854  CMD_SetNewCommand                    
8106256c  CP15AuxControlFeatureDisable         
81062558  CP15AuxControlFeatureEnable          
81062500  CP15BranchPredictionDisable          
810624f0  CP15BranchPredictionEnable           
810624e4  CP15BranchPredictorInvalidate        
81062520  CP15ControlFeatureDisable            
81062534  CP15ControlFeatureEnable             
810621fc  CP15DCacheClean                      
81062334  CP15DCacheCleanBuff                  
81062290  CP15DCacheCleanFlush                 
81062388  CP15DCacheCleanFlushBuff             
8106212c  CP15DCacheDisable                    
81062158  CP15DCacheEnable                     
81062168  CP15DCacheFlush                      
810623dc  CP15DCacheFlushBuff                  
81062510  CP15DomainAccessClientSet            
81062110  CP15ICacheDisable                    
81062148  CP15ICacheEnable                     
81062324  CP15ICacheFlush                      
81062440  CP15ICacheFlushBuff                  
810624ac  CP15MMUDisable                       
810624c4  CP15MMUEnable                        
81062580  CP15MainIdPrimPartNumGet             
810624a0  CP15TlbInvalidate                    
81062494  CP15Ttb0Set                          
81062548  CP15TtbCtlTtb0Config                 
810624d8  CP15VectorBaseAddrSet                
8106663c  CPUAbortHandler                      
810669b4  CPUIntStatus                         
81066634  CPUSwitchToPrivilegedMode            
81066620  CPUSwitchToUserMode                  
81066610  CPUfiqd                              
81066600  CPUfiqe                              
810665f0  CPUirqd                              
810665e0  CPUirqe                              
8106565c  CacheDataCleanAll                    
81065674  CacheDataCleanBuff                   
81065650  CacheDataCleanInvalidateAll          
810656ac  CacheDataCleanInvalidateBuff         
81065668  CacheDataInvalidateAll               
81065690  CacheDataInvalidateBuff              
81065598  CacheDisable                         
810655dc  CacheEnable                          
81065628  CacheInstInvalidateAll               
81065634  CacheInstInvalidateBuff              
81009f60  Command_String                       
8104cb74  Commands                             
81009f8e  CurrentScreen                        
8106adbb  CurrentSystemSettings                
81009f84  CurrentTimeDate                      
8105fadc  DMTimer2ModuleClkConfig              
8105fb48  DMTimer3ModuleClkConfig              
8105f780  DMTimerCompareGet                    
8105f744  DMTimerCompareSet                    
8105f9a0  DMTimerContextRestore                
8105f920  DMTimerContextSave                   
8105f63c  DMTimerCounterGet                    
8105f600  DMTimerCounterSet                    
8105f480  DMTimerDisable                       
8105f440  DMTimerEnable                        
8105f6c4  DMTimerGPOConfigure                  
8105f834  DMTimerIntDisable                    
8105f810  DMTimerIntEnable                     
8105f890  DMTimerIntEnableGet                  
8105f7bc  DMTimerIntRawStatusGet               
8105f798  DMTimerIntRawStatusSet               
8105f7ec  DMTimerIntStatusClear                
8105f7d4  DMTimerIntStatusGet                  
8105f4c0  DMTimerModeConfigure                 
8105fa80  DMTimerPostedModeConfig              
8105f5c0  DMTimerPreScalerClkDisable           
8105f540  DMTimerPreScalerClkEnable            
8105f6ac  DMTimerReloadGet                     
8105f670  DMTimerReloadSet                     
8105f8ec  DMTimerReset                         
8105f8a8  DMTimerResetConfigure                
8105f858  DMTimerTriggerSet                    
8105fac4  DMTimerWritePostedStatusGet          
8106adfe  DefaultTimeDate                      
80000000  Entry                                
81065b04  FIQHandler                           
81060150  FRAM_CalculateCRC                    
81060114  FRAM_Hold                            
81060168  FRAM_LoadDefaultSettings             
8105fcc8  FRAM_LoadSettings                    
8105fef8  FRAM_ReadMemory                      
8105fdcc  FRAM_ReadStatusRegister              
8105fce4  FRAM_SaveSettings                    
810601e4  FRAM_Test                            
8105fd4c  FRAM_WriteDisable                    
8105fd10  FRAM_WriteEnable                     
8105fe0c  FRAM_WriteMemory                     
810600d8  FRAM_WriteProtect                    
8105ffe4  FRAM_WriteRead                       
8105fd88  FRAM_WriteStatusRegister             
8106adb6  FT_DispCSpread                       
8106adb8  FT_DispDither                        
8106ada0  FT_DispHCycle                        
8106ada2  FT_DispHOffset                       
8106ada4  FT_DispHSync0                        
8106ada6  FT_DispHSync1                        
8106ad9e  FT_DispHeight                        
8106adb0  FT_DispPCLK                          
8106adb4  FT_DispPCLKPol                       
8106adb2  FT_DispSwizzle                       
8106ada8  FT_DispVCycle                        
8106adaa  FT_DispVOffset                       
8106adac  FT_DispVSync0                        
8106adae  FT_DispVSync1                        
8106ad9c  FT_DispWidth                         
8105d5fc  GPIOAutoIdleModeControl              
8105d6c8  GPIODebounceFuncControl              
8105d718  GPIODebounceTimeConfig               
8105cd48  GPIODirModeGet                       
8105cce8  GPIODirModeSet                       
8105d684  GPIOGatingRatioConfigure             
8105d640  GPIOIdleModeConfigure                
8105d2b4  GPIOIntTypeGet                       
8105cf14  GPIOIntTypeSet                       
8105ccc4  GPIOModuleDisable                    
8105cca0  GPIOModuleEnable                     
8105cc6c  GPIOModuleReset                      
8105ce50  GPIOMultiplePinsRead                 
8105ce20  GPIOMultiplePinsWrite                
8105d3f8  GPIOPinIntClear                      
8105cec4  GPIOPinIntDisable                    
8105ce74  GPIOPinIntEnable                     
8105d394  GPIOPinIntStatus                     
8105d59c  GPIOPinIntWakeUpDisable              
8105d53c  GPIOPinIntWakeUpEnable               
8105cdd8  GPIOPinRead                          
8105cd88  GPIOPinWrite                         
8105d448  GPIORawIntStatus                     
8105d73c  GPIORevisionInfoGet                  
8105d4a4  GPIOTriggerPinInt                    
8105d518  GPIOWakeupGlobalDisable              
8105d4f4  GPIOWakeupGlobalEnable               
8106028c  GPIO_3A_ISR                          
81061f08  GPIO_Module0ClkConfig                
81061f70  GPIO_Module1ClkConfig                
81061fd8  GPIO_Module2ClkConfig                
81062040  GPIO_Module3ClkConfig                
8105caa0  GUI_Backlight                        
8105cae8  GUI_ClearBacklightTimeout            
8105c9d4  GUI_ClearTagTimoutFlag               
8105c890  GUI_CreateTouchCalibration           
8105c160  GUI_DrawHomeScreen                   
8105bfbc  GUI_DrawInitialScreen                
8105c044  GUI_DrawInitialScreenProgress        
8105c68c  GUI_DrawNextScreen                   
8105c7c8  GUI_DrawPreviousScreen               
8105c4b4  GUI_DrawTVRemoteScreen               
8105ca04  GUI_DrawTime                         
8105caf8  GUI_GetBacklightTimeout              
8105cb20  GUI_GetCurrentTag                    
8105c9e4  GUI_GetTagTimoutFlag                 
8105c540  GUI_LoadItemToRAMG                   
8105c814  GUI_LoadTouchCalibration             
8105c9f0  GUI_ScreenRefresh                    
8105cad8  GUI_SetBacklightTimeout              
8105cb04  GUI_SetCurrentTag                    
8105c9c4  GUI_SetTagTimoutFlag                 
8105c9a8  GUI_StartNewScreenTagTimer           
8105c600  GUI_TouchConfig                      
8105d7dc  GpioPinMuxSetup                      
8104cb84  HEADER_CharlieBeach                  
8104cb90  HEADER_TVRemote                      
8104cb9c  HEADER_USB_Symbol                    
8105e2d4  I2C0ModuleClkConfig                  
8105dd3c  I2CActiveOwnAddressGet               
8105df4c  I2CAutoIdleDisable                   
8105df28  I2CAutoIdleEnable                    
8105dcb8  I2CBufferStatus                      
8105dff8  I2CClockActivitySelect               
8105ddc0  I2CClockBlockingControl              
8105e200  I2CContextRestore                    
8105e1ac  I2CContextSave                       
8105dc88  I2CDMARxEventDisable                 
8105dc28  I2CDMARxEventEnable                  
8105dc58  I2CDMATxEventDisable                 
8105dbf8  I2CDMATxEventEnable                  
8105db14  I2CDataCountGet                      
8105dbac  I2CFIFOClear                         
8105db2c  I2CFIFOThresholdConfig               
8105df94  I2CGlobalWakeUpDisable               
8105df70  I2CGlobalWakeUpEnable                
8105dfb8  I2CIdleModeSelect                    
8105d8c8  I2CMasterBusBusy                     
8105d900  I2CMasterBusy                        
8105d944  I2CMasterControl                     
8105e18c  I2CMasterDataGet                     
8105e16c  I2CMasterDataPut                     
8105d8a4  I2CMasterDisable                     
8105d880  I2CMasterEnable                      
8105d91c  I2CMasterErr                         
8105d804  I2CMasterInitExpClk                  
8105da74  I2CMasterIntClearEx                  
8105d9dc  I2CMasterIntDisableEx                
8105d9b0  I2CMasterIntEnableEx                 
8105da38  I2CMasterIntRawStatus                
8105da94  I2CMasterIntRawStatusClearEx         
8105da50  I2CMasterIntRawStatusEx              
8105d9fc  I2CMasterIntStatus                   
8105da14  I2CMasterIntStatusEx                 
8105dad4  I2CMasterSlaveAddrGet                
8105dab4  I2CMasterSlaveAddrSet                
8105d968  I2CMasterStart                       
8105d98c  I2CMasterStop                        
8105de8c  I2COwnAddressSet                     
8105daf4  I2CSetDataCount                      
8105df04  I2CSoftReset                         
8105e150  I2CSystemStatusGet                   
8105e0c4  I2CWakeUpDisable                     
8105e038  I2CWakeUpEnable                      
81009f50  I2C_0_Buffers                        
81060598  I2C_0_ISR                            
81063ffc  I2C_ClearFailFlag0                   
8106400c  I2C_GetFailFlag0                     
81063e0c  I2C_InterruptConfigure0              
81063e38  I2C_SendReceiveData0                 
81063fec  I2C_SetFailFlag0                     
81065a58  IRQHandler                           
810646c8  InitCMD                              
81063b1c  Init_ADC                             
81060db0  Init_Audio                           
8105fbc8  Init_FRAM                            
81061c78  Init_GPIO                            
8105bf74  Init_GUI                             
81063db8  Init_I2C                             
81063dc4  Init_I2C_Module0                     
810502cc  Init_LCD                             
81063300  Init_LED                             
81065904  Init_Modules                         
81066028  Init_PMIC                            
81064d58  Init_Power                           
81062cdc  Init_RTC                             
810612c8  Init_SPI                             
81061484  Init_SPI_Module0                     
810612d8  Init_SPI_Module1                     
810644c4  Init_Test                            
81064058  Init_Timer2                          
810640d0  Init_Timer3                          
81064048  Init_Timers                          
810617d8  Init_UART                            
81064ed0  Init_USB                             
81064edc  Init_USB0                            
81063018  Init_WAV                             
810625e0  IntAINTCInit                         
81062718  IntActiveIrqNumGet                   
810627b0  IntCurrIrqPriorityGet                
81062908  IntDisable                           
81062920  IntEnable                            
8106279c  IntFuncClkAutoGateSet                
81062788  IntFuncClkFreeRunSet                 
81062704  IntIfClkAutoGateSet                  
810626f0  IntIfClkFreeRunSet                   
810628f0  IntMasterFIQDisable                  
810628e4  IntMasterFIQEnable                   
810628d8  IntMasterIRQDisable                  
810628cc  IntMasterIRQEnable                   
810628fc  IntMasterStatusGet                   
81062890  IntPendingIrqMaskedStatusGet         
81062650  IntPrioritySet                       
810627c0  IntPriorityThresholdGet              
810627d0  IntPriorityThresholdSet              
8106274c  IntProtectionDisable                 
8106273c  IntProtectionEnable                  
810627f0  IntRawStatusGet                      
8106259c  IntRegister                          
81062860  IntSoftwareIntClear                  
81062830  IntSoftwareIntSet                    
81062728  IntSpurIrqFlagGet                    
81062774  IntSyncClkAutoGateSet                
81062760  IntSyncClkFreeRunSet                 
810626bc  IntSystemDisable                     
81062688  IntSystemEnable                      
810625c0  IntUnRegister                        
8106538c  InternalUSBRegisterTickHandler       
810653c4  InternalUSBStartOfFrameTick          
81065318  InternalUSBTickInit                  
81052d10  LCD_ClearInterruptFlag               
81052d20  LCD_GetInterruptFlag                 
81050eac  LCD_IncrementWriteOffset             
81050650  LCD_Interrupt                        
81050560  LCD_InterruptConfigure               
810505e0  LCD_InteruptDisable                  
810505ac  LCD_InteruptEnable                   
81050614  LCD_Reset                            
81050f28  LCD_SendRAMAddress                   
81052d00  LCD_SetInterruptFlag                 
81050fa4  LCD_WaitCoprocessorDone              
81050eec  LCD_WriteCommandParameters           
81050e28  LCD_cmd                              
81051f70  LCD_cmd_append                       
8105134c  LCD_cmd_bgcolor                      
81051120  LCD_cmd_button                       
81052724  LCD_cmd_calibrate                    
81051294  LCD_cmd_clock                        
81052650  LCD_cmd_coldstart                    
810519d4  LCD_cmd_dial                         
810513f0  LCD_cmd_fgcolor                      
810514fc  LCD_cmd_gauge                        
810522a4  LCD_cmd_getmatrix                    
810523b8  LCD_cmd_getprops                     
81052360  LCD_cmd_getptr                       
8105148c  LCD_cmd_gradcolor                    
810515b0  LCD_cmd_gradient                     
81051fdc  LCD_cmd_inflate                      
81052660  LCD_cmd_interrupt                    
81051654  LCD_cmd_keys                         
810520ec  LCD_cmd_loadidentity                 
81052080  LCD_cmd_loadimage                    
81052cbc  LCD_cmd_logo                         
81052448  LCD_cmd_mediafifo                    
81051ee8  LCD_cmd_memcpy                       
81051cc4  LCD_cmd_memcrc                       
81051db0  LCD_cmd_memset                       
81051e34  LCD_cmd_memwrite                     
81051d44  LCD_cmd_memzero                      
81051c30  LCD_cmd_number                       
810524b4  LCD_cmd_playvideo                    
810517c4  LCD_cmd_progress                     
810526b8  LCD_cmd_regread                      
8105277c  LCD_cmd_romfont                      
81052208  LCD_cmd_rotate                       
8105219c  LCD_cmd_scale                        
81052ad8  LCD_cmd_screensaver                  
81051870  LCD_cmd_scrollbar                    
81051bd8  LCD_cmd_setbase                      
81052984  LCD_cmd_setbitmap                    
810527e8  LCD_cmd_setfont                      
81052854  LCD_cmd_setfont2                     
81052260  LCD_cmd_setmatrix                    
8105292c  LCD_cmd_setrotate                    
810528d4  LCD_cmd_setscratch                   
81052b1c  LCD_cmd_sketch                       
81051928  LCD_cmd_slider                       
81052bc0  LCD_cmd_snapshot                     
81052c18  LCD_cmd_snapshot2                    
81052a10  LCD_cmd_spinner                      
81052a94  LCD_cmd_stop                         
81050fc8  LCD_cmd_text                         
81051a68  LCD_cmd_toggle                       
810525bc  LCD_cmd_track                        
81052130  LCD_cmd_translate                    
81052550  LCD_cmd_videoframe                   
8105250c  LCD_cmd_videostart                   
810506e0  LCD_ft810memRead16                   
81050750  LCD_ft810memRead32                   
8105068c  LCD_ft810memRead8                    
81050830  LCD_ft810memWrite16                  
8105089c  LCD_ft810memWrite32                  
810507f0  LCD_ft810memWrite8                   
81050940  LCD_ft810memWriteBuffer              
81050e50  LCD_host_command                     
81050b10  LCD_rd16                             
81050b28  LCD_rd32                             
81050afc  LCD_rd8                              
81050cec  LCD_rd_buffer                        
81050a50  LCD_wr16                             
81050a6c  LCD_wr32                             
81050a34  LCD_wr8                              
81050a88  LCD_wr8s                             
81050b3c  LCD_wr_buffer                        
81063304  LED_Show                             
8106ade8  LastWritePointerAddress              
810097d0  MISC_Buffer                          
8105e87c  MISC_CRC_CRC16                       
8105eaa0  MISC_Calculate_CRC16                 
8106519c  MMUEnable                            
81065048  MMUInit                              
810650a8  MMUMemRegionMap                      
81066188  MMU_ConfigAndEnable                  
8105e598  MSC_BCDtoHEX                         
8105e338  MSC_BufferCopy                       
8105e478  MSC_DelayNOP                         
8105e3ec  MSC_DelayUS                          
8105e6bc  MSC_EndianLong                       
8105e728  MSC_EndianLongArray                  
8105e63c  MSC_EndianShort                      
8105e678  MSC_EndianShortArray                 
8105e4e4  MSC_HEXtoBCD                         
8105e3b0  MSC_LowercaseChar                    
8105e7b8  MSC_ReverseByte                      
8105e4b0  MSC_Round                            
8105bdf0  McSPI0ModuleClkConfig                
8105bc94  McSPI1ModuleClkConfig                
8105b414  McSPICSAssert                        
8105b44c  McSPICSDeAssert                      
8105b31c  McSPICSDisable                       
8105b2f8  McSPICSEnable                        
8105b340  McSPICSPolarityConfig                
8105b3a8  McSPICSTimeControlSet                
8105b724  McSPIChannelDisable                  
8105b6ec  McSPIChannelEnable                   
8105bbe0  McSPIChannelStatusGet                
8105b0b0  McSPIClkConfig                       
8105ba54  McSPIDMADisable                      
8105ba10  McSPIDMAEnable                       
8105bc50  McSPIFIFODatManagementConfig         
8105b8d0  McSPIFIFOTrigLvlSet                  
8105baf0  McSPIInitDelayConfig                 
8105bac4  McSPIIntDisable                      
8105ba98  McSPIIntEnable                       
8105bbac  McSPIIntStatusClear                  
8105bb94  McSPIIntStatusGet                    
8105b580  McSPIMasterModeConfig                
8105b55c  McSPIMasterModeEnable                
8105bc0c  McSPIMultipleWordAccessConfig        
8105bb68  McSPIReceiveData                     
8105b75c  McSPIReset                           
8105b868  McSPIRxFIFOConfig                    
8105b524  McSPIStartBitDisable                 
8105b484  McSPIStartBitEnable                  
8105b4bc  McSPIStartBitPolarityConfig          
8105bb34  McSPITransmitData                    
8105b7c8  McSPITurboModeDisable                
8105b790  McSPITurboModeEnable                 
8105b800  McSPITxFIFOConfig                    
8105b9d0  McSPIWordCountSet                    
8105b290  McSPIWordLengthSet                   
8106ad1b  NumCommand                           
81066048  PMIC_ReadRegister                    
81066088  PMIC_WriteRegister                   
81064d64  PWR_ReadVoltages                     
81009f8f  PreviousPreviousScreen               
81009fa4  PreviousScreen                       
8106ad9a  RAM_CMD_Offset                       
810598fc  RTC32KClkClockControl                
81059898  RTC32KClkSourceSelect                
81059c3c  RTCAlarm2CalendarSet                 
81059bb0  RTCAlarm2IntStatusClear              
81059b94  RTCAlarm2IntStatusGet                
81059bd4  RTCAlarm2TimeSet                     
810595e4  RTCAlarmCalendarGet                  
81059584  RTCAlarmCalendarSet                  
810594c8  RTCAlarmDayOfMonthGet                
81059494  RTCAlarmDayOfMonthSet                
810592f4  RTCAlarmHourGet                      
81059350  RTCAlarmHourMeridiemGet              
81059310  RTCAlarmHourMeridiemSet              
810592c0  RTCAlarmHourSet                      
81058958  RTCAlarmIntStatusClear               
8105893c  RTCAlarmIntStatusGet                 
810592a4  RTCAlarmMinuteGet                    
81059270  RTCAlarmMinuteSet                    
81059518  RTCAlarmMonthGet                     
810594e4  RTCAlarmMonthSet                     
81059254  RTCAlarmSecondGet                    
81059220  RTCAlarmSecondSet                    
810593d4  RTCAlarmTimeGet                      
8105936c  RTCAlarmTimeSet                      
81059568  RTCAlarmYearGet                      
81059534  RTCAlarmYearSet                      
81058a74  RTCAutoCompDisable                   
81058a30  RTCAutoCompEnable                    
81058904  RTCBusyStatusGet                     
810591a8  RTCCalendarGet                       
81059138  RTCCalendarSet                       
81059688  RTCCompensationGet                   
81059644  RTCCompensationSet                   
81059a6c  RTCConfigPmicExtWake                 
81059ac4  RTCConfigPmicExtWakeDebounce         
81059a0c  RTCConfigPmicExtWakePolarity         
810599c8  RTCConfigPmicPowerEnable             
81058ee0  RTCDayOfMonthGet                     
81058eac  RTCDayOfMonthSet                     
81058fd0  RTCDayOfTheWeekGet                   
81058f9c  RTCDayOfTheWeekSet                   
81058c50  RTCDisable                           
81058c94  RTCEnable                            
81058cfc  RTCEnableStatus                      
8105897c  RTCEventUpdateGet                    
81059984  RTCFeedbackResistanceSelect          
81058e34  RTCHourGet                           
81058b4c  RTCHourModeGet                       
81058ac8  RTCHourModeSet                       
81058e00  RTCHourSet                           
81059780  RTCIdleModeConfigure                 
81059b60  RTCIntAlarm2Enable                   
81058848  RTCIntAlarmDisable                   
81058814  RTCIntAlarmEnable                    
810588d0  RTCIntTimerDisable                   
8105887c  RTCIntTimerEnable                    
81058e90  RTCMeridiemGet                       
81058e50  RTCMeridiemSet                       
810589dc  RTCMinRoundingDisable                
81058998  RTCMinRoundingEnable                 
81058de4  RTCMinuteGet                         
81058db0  RTCMinuteSet                         
81058f30  RTCMonthGet                          
81058efc  RTCMonthSet                          
81059940  RTCOscillatorStateControl            
81059b24  RTCPmicExtWakeStatusClear            
81059768  RTCRevisionIDGet                     
8105871c  RTCRun                               
81058920  RTCRunStatusGet                      
8105970c  RTCScratchPadGet                     
810596cc  RTCScratchPadSet                     
81058d94  RTCSecondGet                         
81058d60  RTCSecondSet                         
81058bd4  RTCSet32CounterDisable               
81058b68  RTCSet32CounterEnable                
81059744  RTCSoftwareReset                     
81058d3c  RTCSplitPwrDisable                   
81058d18  RTCSplitPwrEnable                    
81058760  RTCStop                              
81059854  RTCTestModeControl                   
81059088  RTCTimeGet                           
81058fec  RTCTimeSet                           
810597cc  RTCWakeUpAlarmEventControl           
81059810  RTCWakeUpTimerEventControl           
810587ec  RTCWriteProtectDisable               
810587c4  RTCWriteProtectEnable                
81058f80  RTCYearGet                           
81058f4c  RTCYearSet                           
81062d88  RTC_ClearFlag                        
81062d98  RTC_GetFlag                          
81062e88  RTC_GetTimeDate                      
81060584  RTC_ISR                              
81062d4c  RTC_InterruptConfigure               
81062f64  RTC_ModuleClkConfig                  
81062d78  RTC_SetFlag                          
81062da4  RTC_SetTimeDate                      
81059c9c  RtcVersionGet                        
UNDEFED   SHT$$INIT_ARRAY$$Base                
UNDEFED   SHT$$INIT_ARRAY$$Limit               
8106078c  SPI_1_ISR                            
81061594  SPI_INTCConfigure1                   
81061678  SPI_ReadWriteByte0                   
810616d4  SPI_ReadWriteByte1                   
810615c0  SPI_WriteByte0                       
8106161c  SPI_WriteByte1                       
81061730  SPI_WriteByteNoRx0                   
81061764  SPI_WriteByteNoRx1                   
81065a30  SVC_Handler                          
8106a684  Screens                              
81064514  TEST_Setpoint1                       
81064550  TEST_Setpoint2                       
8106458c  TEST_Setpoint3                       
810645c8  TEST_Togglepoint1                    
81064618  TEST_Togglepoint2                    
81064668  TEST_Togglepoint3                    
81060468  TMR_2_ISR                            
8106054c  TMR_3_ISR                            
8106adf4  TMR_AudioPlaybackTimer               
8106adf8  TMR_BacklightTimer                   
8106413c  TMR_CalculateReload                  
81064264  TMR_ClearMISCTimerFlag               
81064274  TMR_GetMISCTimerFlag                 
810641e0  TMR_GetNewScreenTagTimerEnabled      
81064188  TMR_InterruptConfigure2              
810641b4  TMR_InterruptConfigure3              
8106adf0  TMR_NewScreenTagTimer                
81064234  TMR_ResetAudioPlaybackTimer          
81064244  TMR_ResetBacklightTimer              
81064224  TMR_ResetNewScreenTagTimer           
81064254  TMR_SetMISCTimerFlag                 
810641ec  TMR_SetNewScreenTagTimerEnabled      
8105a010  TSCADCBiasConfig                     
8105a754  TSCADCChargeStepAnalogGroundConfig   
8105a6b4  TSCADCChargeStepAnalogSupplyConfig   
8105a5e8  TSCADCChargeStepConfig               
8105a59c  TSCADCChargeStepOperationModeControl 
81059eb4  TSCADCConfigHWEventPrempt            
8105a208  TSCADCConfigureAFEClock              
8105a258  TSCADCConfigureMisc                  
8105a2c8  TSCADCConfigureStepEnable            
81059e5c  TSCADCDMAFIFODisable                 
81059e2c  TSCADCDMAFIFOEnable                  
81059dec  TSCADCEventInterruptDisable          
81059dc0  TSCADCEventInterruptEnable           
8105adb8  TSCADCFIFOADCDataRead                
8105ad8c  TSCADCFIFOChannelIDRead              
8105ae44  TSCADCFIFODMAThresholdLevelConfig    
8105ae0c  TSCADCFIFOIRQThresholdLevelConfig    
8105ade0  TSCADCFIFOWordCountRead              
81059ca4  TSCADCGetRevision                    
81059ef4  TSCADCHWEventMapSet                  
81059cbc  TSCADCIdleModeSet                    
8105a4d0  TSCADCIdleStepAnalogGroundConfig     
8105a430  TSCADCIdleStepAnalogSupplyConfig     
8105a364  TSCADCIdleStepConfig                 
8105a318  TSCADCIdleStepOperationModeControl   
81059da8  TSCADCIntStatus                      
81059d64  TSCADCIntStatusClear                 
81059d84  TSCADCIntStatusRead                  
81059e8c  TSCADCIsDMAFIFOEnabled               
8105ae7c  TSCADCModuleClkConfig                
8105a0d8  TSCADCModuleStateSet                 
8105a198  TSCADCOutputRangeConfig              
81059d4c  TSCADCRawIntStatus                   
81059d28  TSCADCRawIntStatusRead               
81059cfc  TSCADCRawIntStatusSet                
8105a17c  TSCADCSequencerCurrentStepID         
8105a15c  TSCADCSequencerFSMBusyStatus         
8105a118  TSCADCSequencerPenIrqStatusRead      
81059fb4  TSCADCSetADCPowerDown                
81059fec  TSCADCSetADCPowerUp                  
8105a074  TSCADCStepConfigProtectionDisable    
8105a050  TSCADCStepConfigProtectionEnable     
8105a098  TSCADCStepIDTagConfig                
8105a820  TSCADCTSChargeStepOpenDelayConfig    
81059f74  TSCADCTSModeConfig                   
8105aa7c  TSCADCTSStepAnalogGroundConfig       
8105a9ac  TSCADCTSStepAnalogSupplyConfig       
8105ac3c  TSCADCTSStepAverageConfig            
8105a8a0  TSCADCTSStepConfig                   
8105abe8  TSCADCTSStepFIFOSelConfig            
8105ac90  TSCADCTSStepModeConfig               
8105ad38  TSCADCTSStepOpenDelayConfig          
8105a840  TSCADCTSStepOperationModeControl     
8105abb8  TSCADCTSStepOutOfRangeCheckDisable   
8105ab88  TSCADCTSStepOutOfRangeCheckEnable    
8105ace4  TSCADCTSStepSampleDelayConfig        
81059f34  TSCADCTSTransistorConfig             
81059e0c  TSCADCWakeUpPenEventConfig           
810565dc  UARTAutoIdleModeControl              
81056388  UARTAutoRTSAutoCTSControl            
81056ac4  UARTAutobaudParityGet                
81056b5c  UARTAutobaudSpeedGet                 
81056b10  UARTAutobaudWordLenGet               
81055324  UARTBreakCtl                         
81056064  UARTCharGet                          
8105600c  UARTCharGetNonBlocking               
810560bc  UARTCharGetTimeout                   
8105614c  UARTCharPut                          
81055fa0  UARTCharPutNonBlocking               
81055f4c  UARTCharsAvail                       
81056a34  UARTDMACounterResetControl           
81055860  UARTDMADisable                       
81055804  UARTDMAEnable                        
8105694c  UARTDSRInterruptControl              
81055268  UARTDivisorLatchDisable              
81055244  UARTDivisorLatchEnable               
810550c0  UARTDivisorLatchWrite                
81054ffc  UARTDivisorValCompute                
81055984  UARTEnhanFuncBitValRestore           
81055924  UARTEnhanFuncEnable                  
810561c0  UARTFIFOCharGet                      
810561a0  UARTFIFOCharPut                      
81055440  UARTFIFOConfig                       
81056334  UARTFIFOEnableStatusGet              
81055898  UARTFIFORegisterWrite                
810568e8  UARTFIFOTrigLvlGranControl           
810561dc  UARTFIFOWrite                        
81056620  UARTFlowCtrlTrigLvlConfig            
81056554  UARTIdleModeConfigure                
81055e30  UARTIntDisable                       
81055d4c  UARTIntEnable                        
81056294  UARTIntIdentityGet                   
810562e0  UARTIntPendingStatusGet              
81055368  UARTLineCharacConfig                 
81056794  UARTLoopbackModeControl              
81056808  UARTModemControlClear                
810567d8  UARTModemControlSet                  
81056854  UARTModemStatusChangeCheck           
81056838  UARTModemStatusGet                   
81056520  UARTModuleReset                      
81056c08  UARTModuleVersionNumberGet           
81054f9c  UARTOperatingModeSelect              
81055424  UARTParityModeGet                    
810553e0  UARTParityModeSet                    
810564dc  UARTPulseShapingControl              
81056a18  UARTRXCTSDSRTransitionStatusGet      
810569d4  UARTRXCTSDSRWakeUpConfigure          
81055304  UARTRegConfModeRestore               
8105528c  UARTRegConfigModeEnable              
81056870  UARTResumeOperation                  
81056248  UARTRxErrorGet                       
81056aac  UARTRxFIFOLevelGet                   
81056bec  UARTScratchPadRegRead                
81056ba8  UARTScratchPadRegWrite               
81056478  UARTSoftwareFlowCtrlOptSet           
81055ef8  UARTSpaceAvail                       
81056414  UARTSpecialCharDetectControl         
810559e8  UARTSubConfigMSRSPRModeEn            
81055ac0  UARTSubConfigTCRTLRModeEn            
81055b98  UARTSubConfigXOFFModeEn              
81055c70  UARTTCRTLRBitValRestore              
81056c24  UARTTxDMAThresholdControl            
81056c68  UARTTxDMAThresholdValConfig          
81056990  UARTTxEmptyIntControl                
81056a78  UARTTxFIFOFullStatusGet              
81056a94  UARTTxFIFOLevelGet                   
81056598  UARTWakeUpControl                    
810568b8  UARTWakeUpEventsDisable              
81056888  UARTWakeUpEventsEnable               
81056670  UARTXON1XOFF1ValProgram              
810566a0  UARTXON2XOFF2ValProgram              
810566d0  UARTXONAnyFeatureControl             
810602c8  UART_0_ISR                           
81061a20  UART_AddToRXBuffer                   
81061b50  UART_AddToTXBuffer                   
8106192c  UART_BaudRateSet                     
810619a8  UART_Configure                       
81061908  UART_FIFOConfigure                   
81061bfc  UART_GetTXInterruptStatus            
810619f4  UART_InterruptConfigure0             
81061964  UART_LineCharacSet                   
81061828  UART_Module0ClkConfig                
81061884  UART_PrintBuffer                     
81061870  UART_PrintChar                       
810618d0  UART_PrintString                     
81008830  UART_RX_buffer                       
8106ae08  UART_RX_place                        
8106ae0c  UART_TX_add                          
81009000  UART_TX_buffer                       
8106ae10  UART_TX_remove                       
810501e8  USB0ModuleClkConfig                  
81050264  USBClearInt                          
810501cc  USBClearOtgIntr                      
81060ae8  USBDCDConfigDescGet                  
81060a5c  USBDCDConfigDescGetNum               
810609f4  USBDCDConfigDescGetSize              
81060c84  USBDCDConfigGetInterface             
81060cdc  USBDCDConfigGetInterfaceEndpoint     
81060be8  USBDCDConfigGetNumAlternateInterfaces
81052d34  USBDCDInit                           
81053280  USBDCDPowerStatusSet                 
810532e8  USBDCDRemoteWakeupRequest            
81053134  USBDCDRequestDataEP0                 
810531ac  USBDCDSendDataEP0                    
81053210  USBDCDSetDefaultConfiguration        
8105323c  USBDCDStallEP0                       
81053018  USBDCDTerm                           
8104d200  USBDMSCCompositeInit                 
8104d1cc  USBDMSCInit                          
8104cba8  USBDMSCMediaChange                   
81065df0  USBDMSCStorageClose                  
81065e7c  USBDMSCStorageNumBlocks              
81065dd0  USBDMSCStorageOpen                   
81065e0c  USBDMSCStorageRead                   
81065e44  USBDMSCStorageWrite                  
8104d510  USBDMSCTerm                          
8104e1ac  USBDSCSICommand                      
81062a28  USBDescGet                           
81062c4c  USBDescGetInterface                  
81062c98  USBDescGetInterfaceEndpoint          
8106297c  USBDescGetNum                        
81062af0  USBDescGetNumAlternateInterfaces     
8104eddc  USBDevAddrGet                        
8104edbc  USBDevAddrSet                        
8104ed74  USBDevConnect                        
8104ed98  USBDevDisconnect                     
8104f1dc  USBDevEndpointConfigGet              
8104f05c  USBDevEndpointConfigSet              
8104f744  USBDevEndpointDataAck                
8104ec14  USBDevEndpointStall                  
8104eca4  USBDevEndpointStallClear             
8104e9ac  USBDevEndpointStatusClear            
8105eddc  USBDeviceConfig                      
8105f27c  USBDeviceConfigAlternate             
810535a8  USBDeviceEnumHandler                 
81053820  USBDeviceEnumResetHandler            
81054ce0  USBDeviceIntHandlerInternal          
81053384  USBDeviceResumeTickHandler           
8104fc40  USBDmaTxChDisable                    
8104fc98  USBDmaTxChTeardown                   
81050230  USBEnableInt                         
81050150  USBEnableOtgIntr                     
810500e8  USBEndpointDMAChannel                
8104f564  USBEndpointDMADisable                
8104f4fc  USBEndpointDMAEnable                 
8104f5cc  USBEndpointDataAvail                 
8104f638  USBEndpointDataGet                   
8104f80c  USBEndpointDataPut                   
8104f8bc  USBEndpointDataSend                  
8104ebac  USBEndpointDataToggleClear           
8104e8d0  USBEndpointStatus                    
810500a8  USBFIFOAddrGet                       
8104f444  USBFIFOConfigGet                     
8104f38c  USBFIFOConfigSet                     
8104f934  USBFIFOFlush                         
81050044  USBFrameNumberGet                    
8104fe84  USBHostAddrGet                       
8104fe30  USBHostAddrSet                       
8104faec  USBHostAutoReqClear                  
8104fa98  USBHostAutoReqSet                    
8104edf4  USBHostEndpointConfig                
8104f7b0  USBHostEndpointDataAck               
8104ea90  USBHostEndpointDataToggle            
8104e920  USBHostEndpointStatusClear           
8104ff20  USBHostHubAddrGet                    
8104fecc  USBHostHubAddrSet                    
8104ff68  USBHostPwrConfig                     
81050020  USBHostPwrDisable                    
8104fffc  USBHostPwrEnable                     
8104ffd8  USBHostPwrFaultDisable               
8104ffb4  USBHostPwrFaultEnable                
8104f9f8  USBHostRequestIN                     
8104fa44  USBHostRequestINClear                
8104fe14  USBHostRequestStatus                 
8104e558  USBHostReset                         
8104e5b0  USBHostResume                        
8104e60c  USBHostSpeedGet                      
8104e530  USBHostSuspend                       
8104fd30  USBHostTxFifoFlush                   
8104e668  USBIntDisableControl                 
8104e7c0  USBIntDisableEndpoint                
8104e6d4  USBIntEnableControl                  
8104e81c  USBIntEnableEndpoint                 
8104e89c  USBIntRegister                       
8104e73c  USBIntStatusControl                  
8104e868  USBIntStatusEndpoint                 
8104e8c0  USBIntUnregister                     
810500cc  USBModeGet                           
81050288  USBModuleClkDisable                  
81050274  USBModuleClkEnable                   
8105005c  USBOTGSessionRequest                 
81050188  USBReset                             
8104fb40  USBRxChAbort                         
810501e0  USBVersionGet                        
81060790  USB_0_ISR                            
81065018  USB_ClearUSBStatusFlag0              
81064f34  USB_DMSCEventCallback0               
81064fc4  USB_GetMSCState0                     
81064ffc  USB_GetUSBStatus0                    
81065028  USB_GetUSBStatusFlag0                
81064f08  USB_InterruptConfigure0              
81064fa8  USB_SetMSCState0                     
81064fd0  USB_SetUSBStatus0                    
81065008  USB_SetUSBStatusFlag0                
81065b08  UndefInstHandler                     
81065f10  UsbPhyOff                            
81065ea8  UsbPhyOn                             
81009e60  Voltage                              
81063070  WAV_CalculateHeader                  
8106acb8  WAV_Files                            
810669c8  WAV_PostComplete                     
81066860  _Dclass                              
8106ac38  _Denorm                              
810651b8  _Dnorm                               
810648a0  _Dscale                              
81065f70  _Dunscale                            
8106ac48  _Eps                                 
8106ac34  _Errno                               
8106ae28  _Fenv                                
8106679c  _Feraise                             
8106ac58  _Hugeval                             
8106ac68  _Inf                                 
8106ac78  _Nan                                 
8106ac98  _Rteps                               
8106ac88  _Snan                                
8106ae2c  _Tls_setup__Fenv                     
8106aca8  _Xbig                                
8106acb0  _Zero                                
87fffff8  __STACK_END                          
00000008  __STACK_SIZE                         
UNDEFED   __TI_CINIT_Base                      
UNDEFED   __TI_CINIT_Limit                     
UNDEFED   __TI_Handler_Table_Base              
UNDEFED   __TI_Handler_Table_Limit             
810662d8  __TI_auto_init                       
81058220  __TI_printfi                         
80000000  __TI_static_base__                   
81065c10  __aeabi_cdcmpeq                      
81065c10  __aeabi_cdcmple                      
81065cf0  __aeabi_cdrcmple                     
81066640  __aeabi_d2iz                         
8106669c  __aeabi_d2uiz                        
810642bc  __aeabi_dadd                         
81064a48  __aeabi_ddiv                         
810656c8  __aeabi_dmul                         
810642b0  __aeabi_dsub                         
81066824  __aeabi_i2d                          
810657f0  __aeabi_idiv                         
810669c0  __aeabi_idiv0                        
810657f0  __aeabi_idivmod                      
81066974  __aeabi_llsr                         
810660d8  __aeabi_memclr                       
810660d8  __aeabi_memclr4                      
810660d8  __aeabi_memclr8                      
81064bd8  __aeabi_memcpy                       
81064bd8  __aeabi_memcpy4                      
81064bd8  __aeabi_memcpy8                      
810660dc  __aeabi_memset                       
810660dc  __aeabi_memset4                      
810660dc  __aeabi_memset8                      
81066898  __aeabi_ui2d                         
81065b20  __aeabi_uidiv                        
81065b20  __aeabi_uidivmod                     
810635c0  __aeabi_uldivmod                     
ffffffff  __binit__                            
ffffffff  __c_args__                           
87fffff0  __stack                              
8104c768  _ctypes_                             
8106ae20  _lock                                
81066968  _nop                                 
8106695c  _register_lock                       
81066950  _register_unlock                     
8106ae24  _unlock                              
8106637c  atoi                                 
ffffffff  binit                                
81009fa7  bss_end                              
80004000  bss_start                            
81066400  copy_in                              
8106545c  disk_initialize                      
81065534  disk_ioctl                           
81065474  disk_read                            
810654d4  disk_write                           
81009f90  dummy                                
810666f8  feraiseexcept                        
81009bb8  fnRAMVectors                         
810668cc  frexp                                
8106ad82  gDMAflag                             
81009f20  g_USBInstance                        
8106ae14  g_bUSBTimerInitialized               
8106ad6c  g_bytesRead                          
8106ad70  g_bytesWritten                       
8104ca78  g_pConfigString                      
8104cad1  g_pDataInterfaceString               
8104cb5c  g_pLangDescriptor                    
8104cb3c  g_pMSCConfigDescriptors              
8104caba  g_pMSCInterface                      
8104ca10  g_pManufacturerString                
8104caf9  g_pProductString                     
8104cb60  g_pSerialNumberString                
8104cb44  g_pStringDescriptors                 
81009f6c  g_pfTickHandlers                     
8106ad90  g_psMSCSections                      
81009db8  g_psUSBDevice                        
81009ea0  g_pucCommand                         
81009f78  g_pvTickInstance                     
81009f94  g_sDriveInformation                  
8104cb34  g_sMSCConfigHeader                   
8104cb24  g_sMSCConfigSection                  
8104c990  g_sMSCDevice                         
8106ad1c  g_sMSCDeviceInfo                     
81008000  g_sMSCInstance                       
8104cb2c  g_sMSCInterfaceSection               
8104c86a  g_sUSBDefaultFIFOConfig              
8106ae18  g_ulCurrentUSBTick                   
8106ae1c  g_ulUSBSOFCount                      
8105d798  gpioContextRestore                   
8105d754  gpioContextSave                      
8106ad68  intStatus                            
81066504  ldexp                                
81066484  ltoa                                 
81063878  main                                 
810668fc  memccpy                              
81064bd8  memcpy                               
810660e8  memset                               
81009f98  p_CurrentScreen                      
81009f9c  p_CurrentWAVFile                     
81009fa0  p_PreviousScreen                     
81066750  raise                                
80004000  ram_disk                             
8106657c  signal                               
81066230  sprintf                              
8106680c  start_boot                           
81066928  strchr                               
81066998  strlen                               


GLOBAL SYMBOLS: SORTED BY Symbol Address 

address   name                                 
-------   ----                                 
00000008  __STACK_SIZE                         
80000000  Entry                                
80000000  __TI_static_base__                   
80004000  bss_start                            
80004000  ram_disk                             
81008000  g_sMSCInstance                       
81008830  UART_RX_buffer                       
81009000  UART_TX_buffer                       
810097d0  MISC_Buffer                          
81009bb8  fnRAMVectors                         
81009db8  g_psUSBDevice                        
81009e60  Voltage                              
81009ea0  g_pucCommand                         
81009f20  g_USBInstance                        
81009f50  I2C_0_Buffers                        
81009f60  Command_String                       
81009f6c  g_pfTickHandlers                     
81009f78  g_pvTickInstance                     
81009f84  CurrentTimeDate                      
81009f8e  CurrentScreen                        
81009f8f  PreviousPreviousScreen               
81009f90  dummy                                
81009f94  g_sDriveInformation                  
81009f98  p_CurrentScreen                      
81009f9c  p_CurrentWAVFile                     
81009fa0  p_PreviousScreen                     
81009fa4  PreviousScreen                       
81009fa7  bss_end                              
81009fa8  BITMAP_CharlieBeach                  
81049ba8  BITMAP_TVRemote                      
8104c768  _ctypes_                             
8104c86a  g_sUSBDefaultFIFOConfig              
8104c8e2  BITMAP_USB_Symbol                    
8104c990  g_sMSCDevice                         
8104ca10  g_pManufacturerString                
8104ca78  g_pConfigString                      
8104caba  g_pMSCInterface                      
8104cad1  g_pDataInterfaceString               
8104caf9  g_pProductString                     
8104cb24  g_sMSCConfigSection                  
8104cb2c  g_sMSCInterfaceSection               
8104cb34  g_sMSCConfigHeader                   
8104cb3c  g_pMSCConfigDescriptors              
8104cb44  g_pStringDescriptors                 
8104cb5c  g_pLangDescriptor                    
8104cb60  g_pSerialNumberString                
8104cb74  Commands                             
8104cb84  HEADER_CharlieBeach                  
8104cb90  HEADER_TVRemote                      
8104cb9c  HEADER_USB_Symbol                    
8104cba8  USBDMSCMediaChange                   
8104d1cc  USBDMSCInit                          
8104d200  USBDMSCCompositeInit                 
8104d510  USBDMSCTerm                          
8104e1ac  USBDSCSICommand                      
8104e530  USBHostSuspend                       
8104e558  USBHostReset                         
8104e5b0  USBHostResume                        
8104e60c  USBHostSpeedGet                      
8104e668  USBIntDisableControl                 
8104e6d4  USBIntEnableControl                  
8104e73c  USBIntStatusControl                  
8104e7c0  USBIntDisableEndpoint                
8104e81c  USBIntEnableEndpoint                 
8104e868  USBIntStatusEndpoint                 
8104e89c  USBIntRegister                       
8104e8c0  USBIntUnregister                     
8104e8d0  USBEndpointStatus                    
8104e920  USBHostEndpointStatusClear           
8104e9ac  USBDevEndpointStatusClear            
8104ea90  USBHostEndpointDataToggle            
8104ebac  USBEndpointDataToggleClear           
8104ec14  USBDevEndpointStall                  
8104eca4  USBDevEndpointStallClear             
8104ed74  USBDevConnect                        
8104ed98  USBDevDisconnect                     
8104edbc  USBDevAddrSet                        
8104eddc  USBDevAddrGet                        
8104edf4  USBHostEndpointConfig                
8104f05c  USBDevEndpointConfigSet              
8104f1dc  USBDevEndpointConfigGet              
8104f38c  USBFIFOConfigSet                     
8104f444  USBFIFOConfigGet                     
8104f4fc  USBEndpointDMAEnable                 
8104f564  USBEndpointDMADisable                
8104f5cc  USBEndpointDataAvail                 
8104f638  USBEndpointDataGet                   
8104f744  USBDevEndpointDataAck                
8104f7b0  USBHostEndpointDataAck               
8104f80c  USBEndpointDataPut                   
8104f8bc  USBEndpointDataSend                  
8104f934  USBFIFOFlush                         
8104f9f8  USBHostRequestIN                     
8104fa44  USBHostRequestINClear                
8104fa98  USBHostAutoReqSet                    
8104faec  USBHostAutoReqClear                  
8104fb40  USBRxChAbort                         
8104fc40  USBDmaTxChDisable                    
8104fc98  USBDmaTxChTeardown                   
8104fd30  USBHostTxFifoFlush                   
8104fe14  USBHostRequestStatus                 
8104fe30  USBHostAddrSet                       
8104fe84  USBHostAddrGet                       
8104fecc  USBHostHubAddrSet                    
8104ff20  USBHostHubAddrGet                    
8104ff68  USBHostPwrConfig                     
8104ffb4  USBHostPwrFaultEnable                
8104ffd8  USBHostPwrFaultDisable               
8104fffc  USBHostPwrEnable                     
81050020  USBHostPwrDisable                    
81050044  USBFrameNumberGet                    
8105005c  USBOTGSessionRequest                 
810500a8  USBFIFOAddrGet                       
810500cc  USBModeGet                           
810500e8  USBEndpointDMAChannel                
81050150  USBEnableOtgIntr                     
81050188  USBReset                             
810501cc  USBClearOtgIntr                      
810501e0  USBVersionGet                        
810501e8  USB0ModuleClkConfig                  
81050230  USBEnableInt                         
81050264  USBClearInt                          
81050274  USBModuleClkEnable                   
81050288  USBModuleClkDisable                  
810502cc  Init_LCD                             
81050560  LCD_InterruptConfigure               
810505ac  LCD_InteruptEnable                   
810505e0  LCD_InteruptDisable                  
81050614  LCD_Reset                            
81050650  LCD_Interrupt                        
8105068c  LCD_ft810memRead8                    
810506e0  LCD_ft810memRead16                   
81050750  LCD_ft810memRead32                   
810507f0  LCD_ft810memWrite8                   
81050830  LCD_ft810memWrite16                  
8105089c  LCD_ft810memWrite32                  
81050940  LCD_ft810memWriteBuffer              
81050a34  LCD_wr8                              
81050a50  LCD_wr16                             
81050a6c  LCD_wr32                             
81050a88  LCD_wr8s                             
81050afc  LCD_rd8                              
81050b10  LCD_rd16                             
81050b28  LCD_rd32                             
81050b3c  LCD_wr_buffer                        
81050cec  LCD_rd_buffer                        
81050e28  LCD_cmd                              
81050e50  LCD_host_command                     
81050eac  LCD_IncrementWriteOffset             
81050eec  LCD_WriteCommandParameters           
81050f28  LCD_SendRAMAddress                   
81050fa4  LCD_WaitCoprocessorDone              
81050fc8  LCD_cmd_text                         
81051120  LCD_cmd_button                       
81051294  LCD_cmd_clock                        
8105134c  LCD_cmd_bgcolor                      
810513f0  LCD_cmd_fgcolor                      
8105148c  LCD_cmd_gradcolor                    
810514fc  LCD_cmd_gauge                        
810515b0  LCD_cmd_gradient                     
81051654  LCD_cmd_keys                         
810517c4  LCD_cmd_progress                     
81051870  LCD_cmd_scrollbar                    
81051928  LCD_cmd_slider                       
810519d4  LCD_cmd_dial                         
81051a68  LCD_cmd_toggle                       
81051bd8  LCD_cmd_setbase                      
81051c30  LCD_cmd_number                       
81051cc4  LCD_cmd_memcrc                       
81051d44  LCD_cmd_memzero                      
81051db0  LCD_cmd_memset                       
81051e34  LCD_cmd_memwrite                     
81051ee8  LCD_cmd_memcpy                       
81051f70  LCD_cmd_append                       
81051fdc  LCD_cmd_inflate                      
81052080  LCD_cmd_loadimage                    
810520ec  LCD_cmd_loadidentity                 
81052130  LCD_cmd_translate                    
8105219c  LCD_cmd_scale                        
81052208  LCD_cmd_rotate                       
81052260  LCD_cmd_setmatrix                    
810522a4  LCD_cmd_getmatrix                    
81052360  LCD_cmd_getptr                       
810523b8  LCD_cmd_getprops                     
81052448  LCD_cmd_mediafifo                    
810524b4  LCD_cmd_playvideo                    
8105250c  LCD_cmd_videostart                   
81052550  LCD_cmd_videoframe                   
810525bc  LCD_cmd_track                        
81052650  LCD_cmd_coldstart                    
81052660  LCD_cmd_interrupt                    
810526b8  LCD_cmd_regread                      
81052724  LCD_cmd_calibrate                    
8105277c  LCD_cmd_romfont                      
810527e8  LCD_cmd_setfont                      
81052854  LCD_cmd_setfont2                     
810528d4  LCD_cmd_setscratch                   
8105292c  LCD_cmd_setrotate                    
81052984  LCD_cmd_setbitmap                    
81052a10  LCD_cmd_spinner                      
81052a94  LCD_cmd_stop                         
81052ad8  LCD_cmd_screensaver                  
81052b1c  LCD_cmd_sketch                       
81052bc0  LCD_cmd_snapshot                     
81052c18  LCD_cmd_snapshot2                    
81052cbc  LCD_cmd_logo                         
81052d00  LCD_SetInterruptFlag                 
81052d10  LCD_ClearInterruptFlag               
81052d20  LCD_GetInterruptFlag                 
81052d34  USBDCDInit                           
81053018  USBDCDTerm                           
81053134  USBDCDRequestDataEP0                 
810531ac  USBDCDSendDataEP0                    
81053210  USBDCDSetDefaultConfiguration        
8105323c  USBDCDStallEP0                       
81053280  USBDCDPowerStatusSet                 
810532e8  USBDCDRemoteWakeupRequest            
81053384  USBDeviceResumeTickHandler           
810535a8  USBDeviceEnumHandler                 
81053820  USBDeviceEnumResetHandler            
81054ce0  USBDeviceIntHandlerInternal          
81054f9c  UARTOperatingModeSelect              
81054ffc  UARTDivisorValCompute                
810550c0  UARTDivisorLatchWrite                
81055244  UARTDivisorLatchEnable               
81055268  UARTDivisorLatchDisable              
8105528c  UARTRegConfigModeEnable              
81055304  UARTRegConfModeRestore               
81055324  UARTBreakCtl                         
81055368  UARTLineCharacConfig                 
810553e0  UARTParityModeSet                    
81055424  UARTParityModeGet                    
81055440  UARTFIFOConfig                       
81055804  UARTDMAEnable                        
81055860  UARTDMADisable                       
81055898  UARTFIFORegisterWrite                
81055924  UARTEnhanFuncEnable                  
81055984  UARTEnhanFuncBitValRestore           
810559e8  UARTSubConfigMSRSPRModeEn            
81055ac0  UARTSubConfigTCRTLRModeEn            
81055b98  UARTSubConfigXOFFModeEn              
81055c70  UARTTCRTLRBitValRestore              
81055d4c  UARTIntEnable                        
81055e30  UARTIntDisable                       
81055ef8  UARTSpaceAvail                       
81055f4c  UARTCharsAvail                       
81055fa0  UARTCharPutNonBlocking               
8105600c  UARTCharGetNonBlocking               
81056064  UARTCharGet                          
810560bc  UARTCharGetTimeout                   
8105614c  UARTCharPut                          
810561a0  UARTFIFOCharPut                      
810561c0  UARTFIFOCharGet                      
810561dc  UARTFIFOWrite                        
81056248  UARTRxErrorGet                       
81056294  UARTIntIdentityGet                   
810562e0  UARTIntPendingStatusGet              
81056334  UARTFIFOEnableStatusGet              
81056388  UARTAutoRTSAutoCTSControl            
81056414  UARTSpecialCharDetectControl         
81056478  UARTSoftwareFlowCtrlOptSet           
810564dc  UARTPulseShapingControl              
81056520  UARTModuleReset                      
81056554  UARTIdleModeConfigure                
81056598  UARTWakeUpControl                    
810565dc  UARTAutoIdleModeControl              
81056620  UARTFlowCtrlTrigLvlConfig            
81056670  UARTXON1XOFF1ValProgram              
810566a0  UARTXON2XOFF2ValProgram              
810566d0  UARTXONAnyFeatureControl             
81056794  UARTLoopbackModeControl              
810567d8  UARTModemControlSet                  
81056808  UARTModemControlClear                
81056838  UARTModemStatusGet                   
81056854  UARTModemStatusChangeCheck           
81056870  UARTResumeOperation                  
81056888  UARTWakeUpEventsEnable               
810568b8  UARTWakeUpEventsDisable              
810568e8  UARTFIFOTrigLvlGranControl           
8105694c  UARTDSRInterruptControl              
81056990  UARTTxEmptyIntControl                
810569d4  UARTRXCTSDSRWakeUpConfigure          
81056a18  UARTRXCTSDSRTransitionStatusGet      
81056a34  UARTDMACounterResetControl           
81056a78  UARTTxFIFOFullStatusGet              
81056a94  UARTTxFIFOLevelGet                   
81056aac  UARTRxFIFOLevelGet                   
81056ac4  UARTAutobaudParityGet                
81056b10  UARTAutobaudWordLenGet               
81056b5c  UARTAutobaudSpeedGet                 
81056ba8  UARTScratchPadRegWrite               
81056bec  UARTScratchPadRegRead                
81056c08  UARTModuleVersionNumberGet           
81056c24  UARTTxDMAThresholdControl            
81056c68  UARTTxDMAThresholdValConfig          
81058220  __TI_printfi                         
8105871c  RTCRun                               
81058760  RTCStop                              
810587c4  RTCWriteProtectEnable                
810587ec  RTCWriteProtectDisable               
81058814  RTCIntAlarmEnable                    
81058848  RTCIntAlarmDisable                   
8105887c  RTCIntTimerEnable                    
810588d0  RTCIntTimerDisable                   
81058904  RTCBusyStatusGet                     
81058920  RTCRunStatusGet                      
8105893c  RTCAlarmIntStatusGet                 
81058958  RTCAlarmIntStatusClear               
8105897c  RTCEventUpdateGet                    
81058998  RTCMinRoundingEnable                 
810589dc  RTCMinRoundingDisable                
81058a30  RTCAutoCompEnable                    
81058a74  RTCAutoCompDisable                   
81058ac8  RTCHourModeSet                       
81058b4c  RTCHourModeGet                       
81058b68  RTCSet32CounterEnable                
81058bd4  RTCSet32CounterDisable               
81058c50  RTCDisable                           
81058c94  RTCEnable                            
81058cfc  RTCEnableStatus                      
81058d18  RTCSplitPwrEnable                    
81058d3c  RTCSplitPwrDisable                   
81058d60  RTCSecondSet                         
81058d94  RTCSecondGet                         
81058db0  RTCMinuteSet                         
81058de4  RTCMinuteGet                         
81058e00  RTCHourSet                           
81058e34  RTCHourGet                           
81058e50  RTCMeridiemSet                       
81058e90  RTCMeridiemGet                       
81058eac  RTCDayOfMonthSet                     
81058ee0  RTCDayOfMonthGet                     
81058efc  RTCMonthSet                          
81058f30  RTCMonthGet                          
81058f4c  RTCYearSet                           
81058f80  RTCYearGet                           
81058f9c  RTCDayOfTheWeekSet                   
81058fd0  RTCDayOfTheWeekGet                   
81058fec  RTCTimeSet                           
81059088  RTCTimeGet                           
81059138  RTCCalendarSet                       
810591a8  RTCCalendarGet                       
81059220  RTCAlarmSecondSet                    
81059254  RTCAlarmSecondGet                    
81059270  RTCAlarmMinuteSet                    
810592a4  RTCAlarmMinuteGet                    
810592c0  RTCAlarmHourSet                      
810592f4  RTCAlarmHourGet                      
81059310  RTCAlarmHourMeridiemSet              
81059350  RTCAlarmHourMeridiemGet              
8105936c  RTCAlarmTimeSet                      
810593d4  RTCAlarmTimeGet                      
81059494  RTCAlarmDayOfMonthSet                
810594c8  RTCAlarmDayOfMonthGet                
810594e4  RTCAlarmMonthSet                     
81059518  RTCAlarmMonthGet                     
81059534  RTCAlarmYearSet                      
81059568  RTCAlarmYearGet                      
81059584  RTCAlarmCalendarSet                  
810595e4  RTCAlarmCalendarGet                  
81059644  RTCCompensationSet                   
81059688  RTCCompensationGet                   
810596cc  RTCScratchPadSet                     
8105970c  RTCScratchPadGet                     
81059744  RTCSoftwareReset                     
81059768  RTCRevisionIDGet                     
81059780  RTCIdleModeConfigure                 
810597cc  RTCWakeUpAlarmEventControl           
81059810  RTCWakeUpTimerEventControl           
81059854  RTCTestModeControl                   
81059898  RTC32KClkSourceSelect                
810598fc  RTC32KClkClockControl                
81059940  RTCOscillatorStateControl            
[...]
8105e038  I2CWakeUpEnable                      
8105e0c4  I2CWakeUpDisable                     
8105e150  I2CSystemStatusGet                   
8105e16c  I2CMasterDataPut                     
8105e18c  I2CMasterDataGet                     
8105e1ac  I2CContextSave                       
8105e200  I2CContextRestore                    
8105e2d4  I2C0ModuleClkConfig                  
8105e338  MSC_BufferCopy                       
8105e3b0  MSC_LowercaseChar                    
8105e3ec  MSC_DelayUS                          
8105e478  MSC_DelayNOP                         
8105e4b0  MSC_Round                            
8105e4e4  MSC_HEXtoBCD                         
8105e598  MSC_BCDtoHEX                         
8105e63c  MSC_EndianShort                      
8105e678  MSC_EndianShortArray                 
8105e6bc  MSC_EndianLong                       
8105e728  MSC_EndianLongArray                  
8105e7b8  MSC_ReverseByte                      
8105e87c  MISC_CRC_CRC16                       
8105eaa0  MISC_Calculate_CRC16                 
8105eddc  USBDeviceConfig                      
8105f27c  USBDeviceConfigAlternate             
8105f440  DMTimerEnable                        
8105f480  DMTimerDisable                       
8105f4c0  DMTimerModeConfigure                 
8105f540  DMTimerPreScalerClkEnable            
8105f5c0  DMTimerPreScalerClkDisable           
8105f600  DMTimerCounterSet                    
8105f63c  DMTimerCounterGet                    
8105f670  DMTimerReloadSet                     
8105f6ac  DMTimerReloadGet                     
8105f6c4  DMTimerGPOConfigure                  
8105f744  DMTimerCompareSet                    
8105f780  DMTimerCompareGet                    
8105f798  DMTimerIntRawStatusSet               
8105f7bc  DMTimerIntRawStatusGet               
8105f7d4  DMTimerIntStatusGet                  
8105f7ec  DMTimerIntStatusClear                
8105f810  DMTimerIntEnable                     
8105f834  DMTimerIntDisable                    
8105f858  DMTimerTriggerSet                    
8105f890  DMTimerIntEnableGet                  
8105f8a8  DMTimerResetConfigure                
8105f8ec  DMTimerReset                         
8105f920  DMTimerContextSave                   
8105f9a0  DMTimerContextRestore                
8105fa80  DMTimerPostedModeConfig              
8105fac4  DMTimerWritePostedStatusGet          
8105fadc  DMTimer2ModuleClkConfig              
8105fb48  DMTimer3ModuleClkConfig              
8105fbc8  Init_FRAM                            
8105fcc8  FRAM_LoadSettings                    
8105fce4  FRAM_SaveSettings                    
8105fd10  FRAM_WriteEnable                     
8105fd4c  FRAM_WriteDisable                    
8105fd88  FRAM_WriteStatusRegister             
8105fdcc  FRAM_ReadStatusRegister              
8105fe0c  FRAM_WriteMemory                     
8105fef8  FRAM_ReadMemory                      
8105ffe4  FRAM_WriteRead                       
810600d8  FRAM_WriteProtect                    
81060114  FRAM_Hold                            
81060150  FRAM_CalculateCRC                    
81060168  FRAM_LoadDefaultSettings             
810601e4  FRAM_Test                            
8106028c  GPIO_3A_ISR                          
810602c8  UART_0_ISR                           
81060468  TMR_2_ISR                            
8106054c  TMR_3_ISR                            
81060584  RTC_ISR                              
81060598  I2C_0_ISR                            
8106070c  ADC_0_ISR                            
8106078c  SPI_1_ISR                            
81060790  USB_0_ISR                            
810609f4  USBDCDConfigDescGetSize              
81060a5c  USBDCDConfigDescGetNum               
81060ae8  USBDCDConfigDescGet                  
81060be8  USBDCDConfigGetNumAlternateInterfaces
81060c84  USBDCDConfigGetInterface             
81060cdc  USBDCDConfigGetInterfaceEndpoint     
81060db0  Init_Audio                           
81060dc4  AUD_PlayWAV                          
81060e8c  AUD_StopWAV                          
81060eb8  AUD_SetPlayingFlag                   
81060ec8  AUD_ClearPlayingFlag                 
81060ed8  AUD_GetPlayingFlag                   
81060ee4  AUD_TransferWAVToRAMG                
81061148  AUD_SetPlaybackFinishedFlag          
81061158  AUD_ClearPlaybackFinishedFlag        
81061174  AUD_GetPlaybackFinishedFlag          
81061180  AUD_SetTimoutFlag                    
81061190  AUD_ClearTimoutFlag                  
810611a0  AUD_GetTimoutFlag                    
810611ac  AUD_IsWAVPlaying                     
810611c4  AUD_TestAudio                        
81061220  AUD_AmpShutdown                      
810612c8  Init_SPI                             
810612d8  Init_SPI_Module1                     
81061484  Init_SPI_Module0                     
81061594  SPI_INTCConfigure1                   
810615c0  SPI_WriteByte0                       
8106161c  SPI_WriteByte1                       
81061678  SPI_ReadWriteByte0                   
810616d4  SPI_ReadWriteByte1                   
81061730  SPI_WriteByteNoRx0                   
81061764  SPI_WriteByteNoRx1                   
810617d8  Init_UART                            
81061828  UART_Module0ClkConfig                
81061870  UART_PrintChar                       
81061884  UART_PrintBuffer                     
810618d0  UART_PrintString                     
81061908  UART_FIFOConfigure                   
8106192c  UART_BaudRateSet                     
81061964  UART_LineCharacSet                   
810619a8  UART_Configure                       
810619f4  UART_InterruptConfigure0             
81061a20  UART_AddToRXBuffer                   
81061b50  UART_AddToTXBuffer                   
81061bfc  UART_GetTXInterruptStatus            
81061c78  Init_GPIO                            
81061f08  GPIO_Module0ClkConfig                
81061f70  GPIO_Module1ClkConfig                
81061fd8  GPIO_Module2ClkConfig                
81062040  GPIO_Module3ClkConfig                
81062110  CP15ICacheDisable                    
8106212c  CP15DCacheDisable                    
81062148  CP15ICacheEnable                     
81062158  CP15DCacheEnable                     
81062168  CP15DCacheFlush                      
810621fc  CP15DCacheClean                      
81062290  CP15DCacheCleanFlush                 
81062324  CP15ICacheFlush                      
81062334  CP15DCacheCleanBuff                  
81062388  CP15DCacheCleanFlushBuff             
810623dc  CP15DCacheFlushBuff                  
81062440  CP15ICacheFlushBuff                  
81062494  CP15Ttb0Set                          
810624a0  CP15TlbInvalidate                    
810624ac  CP15MMUDisable                       
810624c4  CP15MMUEnable                        
810624d8  CP15VectorBaseAddrSet                
810624e4  CP15BranchPredictorInvalidate        
810624f0  CP15BranchPredictionEnable           
81062500  CP15BranchPredictionDisable          
81062510  CP15DomainAccessClientSet            
81062520  CP15ControlFeatureDisable            
81062534  CP15ControlFeatureEnable             
81062548  CP15TtbCtlTtb0Config                 
81062558  CP15AuxControlFeatureEnable          
8106256c  CP15AuxControlFeatureDisable         
81062580  CP15MainIdPrimPartNumGet             
8106259c  IntRegister                          
810625c0  IntUnRegister                        
810625e0  IntAINTCInit                         
81062650  IntPrioritySet                       
81062688  IntSystemEnable                      
810626bc  IntSystemDisable                     
810626f0  IntIfClkFreeRunSet                   
81062704  IntIfClkAutoGateSet                  
81062718  IntActiveIrqNumGet                   
81062728  IntSpurIrqFlagGet                    
8106273c  IntProtectionEnable                  
8106274c  IntProtectionDisable                 
81062760  IntSyncClkFreeRunSet                 
81062774  IntSyncClkAutoGateSet                
81062788  IntFuncClkFreeRunSet                 
8106279c  IntFuncClkAutoGateSet                
810627b0  IntCurrIrqPriorityGet                
810627c0  IntPriorityThresholdGet              
810627d0  IntPriorityThresholdSet              
810627f0  IntRawStatusGet                      
81062830  IntSoftwareIntSet                    
81062860  IntSoftwareIntClear                  
81062890  IntPendingIrqMaskedStatusGet         
810628cc  IntMasterIRQEnable                   
810628d8  IntMasterIRQDisable                  
810628e4  IntMasterFIQEnable                   
810628f0  IntMasterFIQDisable                  
810628fc  IntMasterStatusGet                   
81062908  IntDisable                           
81062920  IntEnable                            
8106297c  USBDescGetNum                        
81062a28  USBDescGet                           
81062af0  USBDescGetNumAlternateInterfaces     
81062c4c  USBDescGetInterface                  
81062c98  USBDescGetInterfaceEndpoint          
81062cdc  Init_RTC                             
81062d4c  RTC_InterruptConfigure               
81062d78  RTC_SetFlag                          
81062d88  RTC_ClearFlag                        
81062d98  RTC_GetFlag                          
81062da4  RTC_SetTimeDate                      
81062e88  RTC_GetTimeDate                      
81062f64  RTC_ModuleClkConfig                  
81063018  Init_WAV                             
81063070  WAV_CalculateHeader                  
81063300  Init_LED                             
81063304  LED_Show                             
810635c0  __aeabi_uldivmod                     
81063878  main                                 
81063b1c  Init_ADC                             
81063cd0  ADC_ConfigureInterrupt               
81063cfc  ADC_ReadChannels                     
81063d78  ADC_SetFinishedFlag                  
81063d88  ADC_ClearFinishedFlag                
81063d98  ADC_GetFinishedFlag                  
81063db8  Init_I2C                             
81063dc4  Init_I2C_Module0                     
81063e0c  I2C_InterruptConfigure0              
81063e38  I2C_SendReceiveData0                 
81063fec  I2C_SetFailFlag0                     
81063ffc  I2C_ClearFailFlag0                   
8106400c  I2C_GetFailFlag0                     
81064048  Init_Timers                          
81064058  Init_Timer2                          
810640d0  Init_Timer3                          
8106413c  TMR_CalculateReload                  
81064188  TMR_InterruptConfigure2              
810641b4  TMR_InterruptConfigure3              
810641e0  TMR_GetNewScreenTagTimerEnabled      
810641ec  TMR_SetNewScreenTagTimerEnabled      
81064224  TMR_ResetNewScreenTagTimer           
81064234  TMR_ResetAudioPlaybackTimer          
81064244  TMR_ResetBacklightTimer              
81064254  TMR_SetMISCTimerFlag                 
81064264  TMR_ClearMISCTimerFlag               
81064274  TMR_GetMISCTimerFlag                 
810642b0  __aeabi_dsub                         
810642bc  __aeabi_dadd                         
810644c4  Init_Test                            
81064514  TEST_Setpoint1                       
81064550  TEST_Setpoint2                       
8106458c  TEST_Setpoint3                       
810645c8  TEST_Togglepoint1                    
81064618  TEST_Togglepoint2                    
81064668  TEST_Togglepoint3                    
810646c8  InitCMD                              
810646d8  CMD_CheckMatch                       
81064844  CMD_Help                             
81064854  CMD_SetNewCommand                    
81064864  CMD_ClearNewCommand                  
81064874  CMD_GetNewCommand                    
810648a0  _Dscale                              
81064a48  __aeabi_ddiv                         
81064bd8  __aeabi_memcpy                       
81064bd8  __aeabi_memcpy4                      
81064bd8  __aeabi_memcpy8                      
81064bd8  memcpy                               
81064d58  Init_Power                           
81064d64  PWR_ReadVoltages                     
81064ed0  Init_USB                             
81064edc  Init_USB0                            
81064f08  USB_InterruptConfigure0              
81064f34  USB_DMSCEventCallback0               
81064fa8  USB_SetMSCState0                     
81064fc4  USB_GetMSCState0                     
81064fd0  USB_SetUSBStatus0                    
81064ffc  USB_GetUSBStatus0                    
81065008  USB_SetUSBStatusFlag0                
81065018  USB_ClearUSBStatusFlag0              
81065028  USB_GetUSBStatusFlag0                
81065048  MMUInit                              
810650a8  MMUMemRegionMap                      
8106519c  MMUEnable                            
810651b8  _Dnorm                               
81065318  InternalUSBTickInit                  
8106538c  InternalUSBRegisterTickHandler       
810653c4  InternalUSBStartOfFrameTick          
8106545c  disk_initialize                      
81065474  disk_read                            
810654d4  disk_write                           
81065534  disk_ioctl                           
81065598  CacheDisable                         
810655dc  CacheEnable                          
81065628  CacheInstInvalidateAll               
81065634  CacheInstInvalidateBuff              
81065650  CacheDataCleanInvalidateAll          
8106565c  CacheDataCleanAll                    
81065668  CacheDataInvalidateAll               
81065674  CacheDataCleanBuff                   
81065690  CacheDataInvalidateBuff              
810656ac  CacheDataCleanInvalidateBuff         
810656c8  __aeabi_dmul                         
810657f0  __aeabi_idiv                         
810657f0  __aeabi_idivmod                      
81065904  Init_Modules                         
81065a30  SVC_Handler                          
81065a58  IRQHandler                           
81065b04  FIQHandler                           
81065b08  AbortHandler                         
81065b08  UndefInstHandler                     
81065b20  __aeabi_uidiv                        
81065b20  __aeabi_uidivmod                     
81065c10  __aeabi_cdcmpeq                      
81065c10  __aeabi_cdcmple                      
81065cf0  __aeabi_cdrcmple                     
81065dd0  USBDMSCStorageOpen                   
81065df0  USBDMSCStorageClose                  
81065e0c  USBDMSCStorageRead                   
81065e44  USBDMSCStorageWrite                  
81065e7c  USBDMSCStorageNumBlocks              
81065ea8  UsbPhyOn                             
81065f10  UsbPhyOff                            
81065f70  _Dunscale                            
81066028  Init_PMIC                            
81066048  PMIC_ReadRegister                    
81066088  PMIC_WriteRegister                   
810660d8  __aeabi_memclr                       
810660d8  __aeabi_memclr4                      
810660d8  __aeabi_memclr8                      
810660dc  __aeabi_memset                       
810660dc  __aeabi_memset4                      
810660dc  __aeabi_memset8                      
810660e8  memset                               
81066188  MMU_ConfigAndEnable                  
81066230  sprintf                              
810662d8  __TI_auto_init                       
8106637c  atoi                                 
81066400  copy_in                              
81066484  ltoa                                 
81066504  ldexp                                
8106657c  signal                               
810665e0  CPUirqe                              
810665f0  CPUirqd                              
81066600  CPUfiqe                              
81066610  CPUfiqd                              
81066620  CPUSwitchToUserMode                  
81066634  CPUSwitchToPrivilegedMode            
8106663c  CPUAbortHandler                      
81066640  __aeabi_d2iz                         
8106669c  __aeabi_d2uiz                        
810666f8  feraiseexcept                        
81066750  raise                                
8106679c  _Feraise                             
8106680c  start_boot                           
81066824  __aeabi_i2d                          
81066860  _Dclass                              
81066898  __aeabi_ui2d                         
810668cc  frexp                                
810668fc  memccpy                              
81066928  strchr                               
81066950  _register_unlock                     
8106695c  _register_lock                       
81066968  _nop                                 
81066974  __aeabi_llsr                         
81066998  strlen                               
810669b4  CPUIntStatus                         
810669c0  __aeabi_idiv0                        
810669c8  WAV_PostComplete                     
8106a684  Screens                              
8106ac34  _Errno                               
8106ac38  _Denorm                              
8106ac48  _Eps                                 
8106ac58  _Hugeval                             
8106ac68  _Inf                                 
8106ac78  _Nan                                 
8106ac88  _Snan                                
8106ac98  _Rteps                               
8106aca8  _Xbig                                
8106acb0  _Zero                                
8106acb8  WAV_Files                            
8106ad1b  NumCommand                           
8106ad1c  g_sMSCDeviceInfo                     
8106ad68  intStatus                            
8106ad6c  g_bytesRead                          
8106ad70  g_bytesWritten                       
8106ad82  gDMAflag                             
8106ad90  g_psMSCSections                      
8106ad9a  RAM_CMD_Offset                       
8106ad9c  FT_DispWidth                         
8106ad9e  FT_DispHeight                        
8106ada0  FT_DispHCycle                        
8106ada2  FT_DispHOffset                       
8106ada4  FT_DispHSync0                        
8106ada6  FT_DispHSync1                        
8106ada8  FT_DispVCycle                        
8106adaa  FT_DispVOffset                       
8106adac  FT_DispVSync0                        
8106adae  FT_DispVSync1                        
8106adb0  FT_DispPCLK                          
8106adb2  FT_DispSwizzle                       
8106adb4  FT_DispPCLKPol                       
8106adb6  FT_DispCSpread                       
8106adb8  FT_DispDither                        
8106adba  BackLightSetting                     
8106adbb  CurrentSystemSettings                
8106ade0  AudioBytesTransferred                
8106ade4  AUD_AudioTimeoutCount                
8106ade8  LastWritePointerAddress              
8106adf0  TMR_NewScreenTagTimer                
8106adf4  TMR_AudioPlaybackTimer               
8106adf8  TMR_BacklightTimer                   
8106adfe  DefaultTimeDate                      
8106ae08  UART_RX_place                        
8106ae0c  UART_TX_add                          
8106ae10  UART_TX_remove                       
8106ae14  g_bUSBTimerInitialized               
8106ae18  g_ulCurrentUSBTick                   
8106ae1c  g_ulUSBSOFCount                      
8106ae20  _lock                                
8106ae24  _unlock                              
8106ae28  _Fenv                                
8106ae2c  _Tls_setup__Fenv                     
87fffff0  __stack                              
87fffff8  __STACK_END                          
ffffffff  __binit__                            
ffffffff  __c_args__                           
ffffffff  binit                                
UNDEFED   SHT$$INIT_ARRAY$$Base                
UNDEFED   SHT$$INIT_ARRAY$$Limit               
UNDEFED   __TI_CINIT_Base                      
UNDEFED   __TI_CINIT_Limit                     
UNDEFED   __TI_Handler_Table_Base              
UNDEFED   __TI_Handler_Table_Limit             

[986 symbols]
